[2026-07-18T17:02:01.363+0000][info][gc,init] CardTable entry size: 512
[2026-07-18T17:02:01.364+0000][info][gc     ] Using G1
[2026-07-18T17:02:01.370+0000][info][gc,init] Version: 21.0.11+10-LTS (release)
[2026-07-18T17:02:01.370+0000][info][gc,init] CPUs: 10 total, 4 available
[2026-07-18T17:02:01.370+0000][info][gc,init] Memory: 3072M
[2026-07-18T17:02:01.370+0000][info][gc,init] Large Page Support: Disabled
[2026-07-18T17:02:01.370+0000][info][gc,init] NUMA Support: Disabled
[2026-07-18T17:02:01.370+0000][info][gc,init] Compressed Oops: Enabled (32-bit)
[2026-07-18T17:02:01.370+0000][info][gc,init] Heap Region Size: 1M
[2026-07-18T17:02:01.370+0000][info][gc,init] Heap Min Capacity: 1500M
[2026-07-18T17:02:01.370+0000][info][gc,init] Heap Initial Capacity: 1500M
[2026-07-18T17:02:01.370+0000][info][gc,init] Heap Max Capacity: 1500M
[2026-07-18T17:02:01.370+0000][info][gc,init] Pre-touch: Disabled
[2026-07-18T17:02:01.370+0000][info][gc,init] Parallel Workers: 4
[2026-07-18T17:02:01.370+0000][info][gc,init] Concurrent Workers: 1
[2026-07-18T17:02:01.370+0000][info][gc,init] Concurrent Refinement Workers: 4
[2026-07-18T17:02:01.371+0000][info][gc,init] Periodic GC: Disabled
[2026-07-18T17:02:01.376+0000][info][gc,metaspace] CDS archive(s) mapped at: [0x0000009000000000-0x0000009000cb0000-0x0000009000cb0000), size 13303808, SharedBaseAddress: 0x0000009000000000, ArchiveRelocationMode: 1.
[2026-07-18T17:02:01.376+0000][info][gc,metaspace] Compressed class space mapped at: 0x0000009001000000-0x0000009041000000, reserved size: 1073741824
[2026-07-18T17:02:01.376+0000][info][gc,metaspace] Narrow klass base: 0x0000009000000000, Narrow klass shift: 0, Narrow klass range: 0x100000000
[2026-07-18T17:02:01.428+0000][info][gc,start    ] GC(0) Pause Young (Normal) (G1 Evacuation Pause)
[2026-07-18T17:02:01.429+0000][info][gc,task     ] GC(0) Using 4 workers of 4 for evacuation
[2026-07-18T17:02:01.435+0000][info][gc,phases   ] GC(0)   Pre Evacuate Collection Set: 0.17ms
[2026-07-18T17:02:01.435+0000][info][gc,phases   ] GC(0)   Merge Heap Roots: 0.04ms
[2026-07-18T17:02:01.435+0000][info][gc,phases   ] GC(0)   Evacuate Collection Set: 5.50ms
[2026-07-18T17:02:01.435+0000][info][gc,phases   ] GC(0)   Post Evacuate Collection Set: 0.23ms
[2026-07-18T17:02:01.435+0000][info][gc,phases   ] GC(0)   Other: 0.50ms
[2026-07-18T17:02:01.435+0000][info][gc,heap     ] GC(0) Eden regions: 75->0(65)
[2026-07-18T17:02:01.435+0000][info][gc,heap     ] GC(0) Survivor regions: 0->10(10)
[2026-07-18T17:02:01.435+0000][info][gc,heap     ] GC(0) Old regions: 2->66
[2026-07-18T17:02:01.435+0000][info][gc,heap     ] GC(0) Humongous regions: 18->18
[2026-07-18T17:02:01.435+0000][info][gc,metaspace] GC(0) Metaspace: 403K(576K)->403K(576K) NonClass: 373K(448K)->373K(448K) Class: 29K(128K)->29K(128K)
[2026-07-18T17:02:01.435+0000][info][gc          ] GC(0) Pause Young (Normal) (G1 Evacuation Pause) 94M->92M(1500M) 6.966ms
[2026-07-18T17:02:01.435+0000][info][gc,cpu      ] GC(0) User=0.01s Sys=0.01s Real=0.01s
[2026-07-18T17:02:01.452+0000][info][gc,start    ] GC(1) Pause Young (Normal) (G1 Evacuation Pause)
[2026-07-18T17:02:01.452+0000][info][gc,task     ] GC(1) Using 4 workers of 4 for evacuation
[2026-07-18T17:02:01.457+0000][info][gc,phases   ] GC(1)   Pre Evacuate Collection Set: 0.21ms
[2026-07-18T17:02:01.457+0000][info][gc,phases   ] GC(1)   Merge Heap Roots: 0.06ms
[2026-07-18T17:02:01.457+0000][info][gc,phases   ] GC(1)   Evacuate Collection Set: 4.68ms
[2026-07-18T17:02:01.457+0000][info][gc,phases   ] GC(1)   Post Evacuate Collection Set: 0.35ms
[2026-07-18T17:02:01.457+0000][info][gc,phases   ] GC(1)   Other: 0.09ms
[2026-07-18T17:02:01.457+0000][info][gc,heap     ] GC(1) Eden regions: 65->0(65)
[2026-07-18T17:02:01.457+0000][info][gc,heap     ] GC(1) Survivor regions: 10->10(10)
[2026-07-18T17:02:01.458+0000][info][gc,heap     ] GC(1) Old regions: 66->132
[2026-07-18T17:02:01.458+0000][info][gc,heap     ] GC(1) Humongous regions: 18->18
[2026-07-18T17:02:01.458+0000][info][gc,metaspace] GC(1) Metaspace: 403K(576K)->403K(576K) NonClass: 373K(448K)->373K(448K) Class: 29K(128K)->29K(128K)
[2026-07-18T17:02:01.458+0000][info][gc          ] GC(1) Pause Young (Normal) (G1 Evacuation Pause) 157M->158M(1500M) 5.949ms
[2026-07-18T17:02:01.458+0000][info][gc,cpu      ] GC(1) User=0.02s Sys=0.00s Real=0.01s
[2026-07-18T17:02:01.473+0000][info][gc,start    ] GC(2) Pause Young (Normal) (G1 Evacuation Pause)
[2026-07-18T17:02:01.473+0000][info][gc,task     ] GC(2) Using 4 workers of 4 for evacuation
[2026-07-18T17:02:01.479+0000][info][gc,phases   ] GC(2)   Pre Evacuate Collection Set: 0.68ms
[2026-07-18T17:02:01.479+0000][info][gc,phases   ] GC(2)   Merge Heap Roots: 0.10ms
[2026-07-18T17:02:01.479+0000][info][gc,phases   ] GC(2)   Evacuate Collection Set: 4.44ms
[2026-07-18T17:02:01.479+0000][info][gc,phases   ] GC(2)   Post Evacuate Collection Set: 0.18ms
[2026-07-18T17:02:01.479+0000][info][gc,phases   ] GC(2)   Other: 0.08ms
[2026-07-18T17:02:01.479+0000][info][gc,heap     ] GC(2) Eden regions: 65->0(65)
[2026-07-18T17:02:01.479+0000][info][gc,heap     ] GC(2) Survivor regions: 10->10(10)
[2026-07-18T17:02:01.479+0000][info][gc,heap     ] GC(2) Old regions: 132->198
[2026-07-18T17:02:01.479+0000][info][gc,heap     ] GC(2) Humongous regions: 18->18
[2026-07-18T17:02:01.479+0000][info][gc,metaspace] GC(2) Metaspace: 403K(576K)->403K(576K) NonClass: 373K(448K)->373K(448K) Class: 29K(128K)->29K(128K)
[2026-07-18T17:02:01.479+0000][info][gc          ] GC(2) Pause Young (Normal) (G1 Evacuation Pause) 223M->225M(1500M) 5.965ms
[2026-07-18T17:02:01.479+0000][info][gc,cpu      ] GC(2) User=0.02s Sys=0.00s Real=0.00s
[2026-07-18T17:02:01.494+0000][info][gc,start    ] GC(3) Pause Young (Normal) (G1 Evacuation Pause)
[2026-07-18T17:02:01.494+0000][info][gc,task     ] GC(3) Using 4 workers of 4 for evacuation
[2026-07-18T17:02:01.499+0000][info][gc,phases   ] GC(3)   Pre Evacuate Collection Set: 0.17ms
[2026-07-18T17:02:01.499+0000][info][gc,phases   ] GC(3)   Merge Heap Roots: 0.05ms
[2026-07-18T17:02:01.499+0000][info][gc,phases   ] GC(3)   Evacuate Collection Set: 4.79ms
[2026-07-18T17:02:01.499+0000][info][gc,phases   ] GC(3)   Post Evacuate Collection Set: 0.20ms
[2026-07-18T17:02:01.499+0000][info][gc,phases   ] GC(3)   Other: 0.07ms
[2026-07-18T17:02:01.499+0000][info][gc,heap     ] GC(3) Eden regions: 65->0(65)
[2026-07-18T17:02:01.499+0000][info][gc,heap     ] GC(3) Survivor regions: 10->10(10)
[2026-07-18T17:02:01.499+0000][info][gc,heap     ] GC(3) Old regions: 198->264
[2026-07-18T17:02:01.499+0000][info][gc,heap     ] GC(3) Humongous regions: 18->18
[2026-07-18T17:02:01.499+0000][info][gc,metaspace] GC(3) Metaspace: 403K(576K)->403K(576K) NonClass: 373K(448K)->373K(448K) Class: 29K(128K)->29K(128K)
[2026-07-18T17:02:01.499+0000][info][gc          ] GC(3) Pause Young (Normal) (G1 Evacuation Pause) 290M->291M(1500M) 5.956ms
[2026-07-18T17:02:01.500+0000][info][gc,cpu      ] GC(3) User=0.01s Sys=0.01s Real=0.00s
[2026-07-18T17:02:01.514+0000][info][gc,start    ] GC(4) Pause Young (Normal) (G1 Evacuation Pause)
[2026-07-18T17:02:01.514+0000][info][gc,task     ] GC(4) Using 4 workers of 4 for evacuation
[2026-07-18T17:02:01.520+0000][info][gc,phases   ] GC(4)   Pre Evacuate Collection Set: 0.16ms
[2026-07-18T17:02:01.520+0000][info][gc,phases   ] GC(4)   Merge Heap Roots: 0.05ms
[2026-07-18T17:02:01.520+0000][info][gc,phases   ] GC(4)   Evacuate Collection Set: 4.94ms
[2026-07-18T17:02:01.520+0000][info][gc,phases   ] GC(4)   Post Evacuate Collection Set: 0.23ms
[2026-07-18T17:02:01.520+0000][info][gc,phases   ] GC(4)   Other: 0.06ms
[2026-07-18T17:02:01.520+0000][info][gc,heap     ] GC(4) Eden regions: 65->0(65)
[2026-07-18T17:02:01.520+0000][info][gc,heap     ] GC(4) Survivor regions: 10->10(10)
[2026-07-18T17:02:01.520+0000][info][gc,heap     ] GC(4) Old regions: 264->330
[2026-07-18T17:02:01.520+0000][info][gc,heap     ] GC(4) Humongous regions: 18->18
[2026-07-18T17:02:01.520+0000][info][gc,metaspace] GC(4) Metaspace: 403K(576K)->403K(576K) NonClass: 373K(448K)->373K(448K) Class: 29K(128K)->29K(128K)
[2026-07-18T17:02:01.520+0000][info][gc          ] GC(4) Pause Young (Normal) (G1 Evacuation Pause) 356M->356M(1500M) 5.721ms
[2026-07-18T17:02:01.520+0000][info][gc,cpu      ] GC(4) User=0.02s Sys=0.00s Real=0.00s
[2026-07-18T17:02:01.534+0000][info][gc,start    ] GC(5) Pause Young (Normal) (G1 Evacuation Pause)
[2026-07-18T17:02:01.535+0000][info][gc,task     ] GC(5) Using 4 workers of 4 for evacuation
[2026-07-18T17:02:01.540+0000][info][gc,phases   ] GC(5)   Pre Evacuate Collection Set: 0.16ms
[2026-07-18T17:02:01.540+0000][info][gc,phases   ] GC(5)   Merge Heap Roots: 0.05ms
[2026-07-18T17:02:01.540+0000][info][gc,phases   ] GC(5)   Evacuate Collection Set: 4.63ms
[2026-07-18T17:02:01.540+0000][info][gc,phases   ] GC(5)   Post Evacuate Collection Set: 0.18ms
[2026-07-18T17:02:01.540+0000][info][gc,phases   ] GC(5)   Other: 0.07ms
[2026-07-18T17:02:01.540+0000][info][gc,heap     ] GC(5) Eden regions: 65->0(65)
[2026-07-18T17:02:01.540+0000][info][gc,heap     ] GC(5) Survivor regions: 10->10(10)
[2026-07-18T17:02:01.540+0000][info][gc,heap     ] GC(5) Old regions: 330->396
[2026-07-18T17:02:01.540+0000][info][gc,heap     ] GC(5) Humongous regions: 18->18
[2026-07-18T17:02:01.540+0000][info][gc,metaspace] GC(5) Metaspace: 403K(576K)->403K(576K) NonClass: 373K(448K)->373K(448K) Class: 29K(128K)->29K(128K)
[2026-07-18T17:02:01.540+0000][info][gc          ] GC(5) Pause Young (Normal) (G1 Evacuation Pause) 421M->423M(1500M) 5.527ms
[2026-07-18T17:02:01.540+0000][info][gc,cpu      ] GC(5) User=0.02s Sys=0.01s Real=0.00s
[2026-07-18T17:02:01.556+0000][info][gc,start    ] GC(6) Pause Young (Normal) (G1 Evacuation Pause)
[2026-07-18T17:02:01.556+0000][info][gc,task     ] GC(6) Using 4 workers of 4 for evacuation
[2026-07-18T17:02:01.561+0000][info][gc,phases   ] GC(6)   Pre Evacuate Collection Set: 0.15ms
[2026-07-18T17:02:01.561+0000][info][gc,phases   ] GC(6)   Merge Heap Roots: 0.05ms
[2026-07-18T17:02:01.561+0000][info][gc,phases   ] GC(6)   Evacuate Collection Set: 4.70ms
[2026-07-18T17:02:01.561+0000][info][gc,phases   ] GC(6)   Post Evacuate Collection Set: 0.17ms
[2026-07-18T17:02:01.561+0000][info][gc,phases   ] GC(6)   Other: 0.06ms
[2026-07-18T17:02:01.561+0000][info][gc,heap     ] GC(6) Eden regions: 65->0(65)
[2026-07-18T17:02:01.561+0000][info][gc,heap     ] GC(6) Survivor regions: 10->10(10)
[2026-07-18T17:02:01.561+0000][info][gc,heap     ] GC(6) Old regions: 396->462
[2026-07-18T17:02:01.561+0000][info][gc,heap     ] GC(6) Humongous regions: 18->18
[2026-07-18T17:02:01.561+0000][info][gc,metaspace] GC(6) Metaspace: 403K(576K)->403K(576K) NonClass: 373K(448K)->373K(448K) Class: 29K(128K)->29K(128K)
[2026-07-18T17:02:01.561+0000][info][gc          ] GC(6) Pause Young (Normal) (G1 Evacuation Pause) 488M->489M(1500M) 5.491ms
[2026-07-18T17:02:01.561+0000][info][gc,cpu      ] GC(6) User=0.02s Sys=0.00s Real=0.00s
[2026-07-18T17:02:01.575+0000][info][gc,start    ] GC(7) Pause Young (Normal) (G1 Evacuation Pause)
[2026-07-18T17:02:01.575+0000][info][gc,task     ] GC(7) Using 4 workers of 4 for evacuation
[2026-07-18T17:02:01.582+0000][info][gc,phases   ] GC(7)   Pre Evacuate Collection Set: 0.16ms
[2026-07-18T17:02:01.582+0000][info][gc,phases   ] GC(7)   Merge Heap Roots: 0.03ms
[2026-07-18T17:02:01.582+0000][info][gc,phases   ] GC(7)   Evacuate Collection Set: 6.75ms
[2026-07-18T17:02:01.582+0000][info][gc,phases   ] GC(7)   Post Evacuate Collection Set: 0.19ms
[2026-07-18T17:02:01.582+0000][info][gc,phases   ] GC(7)   Other: 0.06ms
[2026-07-18T17:02:01.582+0000][info][gc,heap     ] GC(7) Eden regions: 65->0(65)
[2026-07-18T17:02:01.582+0000][info][gc,heap     ] GC(7) Survivor regions: 10->10(10)
[2026-07-18T17:02:01.582+0000][info][gc,heap     ] GC(7) Old regions: 462->529
[2026-07-18T17:02:01.583+0000][info][gc,heap     ] GC(7) Humongous regions: 18->18
[2026-07-18T17:02:01.583+0000][info][gc,metaspace] GC(7) Metaspace: 403K(576K)->403K(576K) NonClass: 373K(448K)->373K(448K) Class: 29K(128K)->29K(128K)
[2026-07-18T17:02:01.583+0000][info][gc          ] GC(7) Pause Young (Normal) (G1 Evacuation Pause) 554M->555M(1500M) 7.602ms
[2026-07-18T17:02:01.583+0000][info][gc,cpu      ] GC(7) User=0.02s Sys=0.01s Real=0.01s
[2026-07-18T17:02:01.596+0000][info][gc,start    ] GC(8) Pause Young (Normal) (G1 Evacuation Pause)
[2026-07-18T17:02:01.597+0000][info][gc,task     ] GC(8) Using 4 workers of 4 for evacuation
[2026-07-18T17:02:01.605+0000][info][gc,phases   ] GC(8)   Pre Evacuate Collection Set: 0.21ms
[2026-07-18T17:02:01.605+0000][info][gc,phases   ] GC(8)   Merge Heap Roots: 0.04ms
[2026-07-18T17:02:01.605+0000][info][gc,phases   ] GC(8)   Evacuate Collection Set: 8.12ms
[2026-07-18T17:02:01.605+0000][info][gc,phases   ] GC(8)   Post Evacuate Collection Set: 0.16ms
[2026-07-18T17:02:01.605+0000][info][gc,phases   ] GC(8)   Other: 0.07ms
[2026-07-18T17:02:01.605+0000][info][gc,heap     ] GC(8) Eden regions: 65->0(75)
[2026-07-18T17:02:01.605+0000][info][gc,heap     ] GC(8) Survivor regions: 10->10(10)
[2026-07-18T17:02:01.605+0000][info][gc,heap     ] GC(8) Old regions: 529->595
[2026-07-18T17:02:01.605+0000][info][gc,heap     ] GC(8) Humongous regions: 18->18
[2026-07-18T17:02:01.605+0000][info][gc,metaspace] GC(8) Metaspace: 403K(576K)->403K(576K) NonClass: 373K(448K)->373K(448K) Class: 29K(128K)->29K(128K)
[2026-07-18T17:02:01.605+0000][info][gc          ] GC(8) Pause Young (Normal) (G1 Evacuation Pause) 620M->622M(1500M) 8.999ms
[2026-07-18T17:02:01.606+0000][info][gc,cpu      ] GC(8) User=0.01s Sys=0.02s Real=0.01s
[2026-07-18T17:02:01.622+0000][info][gc,start    ] GC(9) Pause Young (Normal) (G1 Evacuation Pause)
[2026-07-18T17:02:01.622+0000][info][gc,task     ] GC(9) Using 4 workers of 4 for evacuation
[2026-07-18T17:02:01.633+0000][info][gc,phases   ] GC(9)   Pre Evacuate Collection Set: 0.13ms
[2026-07-18T17:02:01.633+0000][info][gc,phases   ] GC(9)   Merge Heap Roots: 0.04ms
[2026-07-18T17:02:01.633+0000][info][gc,phases   ] GC(9)   Evacuate Collection Set: 11.13ms
[2026-07-18T17:02:01.634+0000][info][gc,phases   ] GC(9)   Post Evacuate Collection Set: 0.18ms
[2026-07-18T17:02:01.634+0000][info][gc,phases   ] GC(9)   Other: 0.06ms
[2026-07-18T17:02:01.634+0000][info][gc,heap     ] GC(9) Eden regions: 76->0(95)
[2026-07-18T17:02:01.634+0000][info][gc,heap     ] GC(9) Survivor regions: 10->11(11)
[2026-07-18T17:02:01.634+0000][info][gc,heap     ] GC(9) Old regions: 595->672
[2026-07-18T17:02:01.634+0000][info][gc,heap     ] GC(9) Humongous regions: 18->18
[2026-07-18T17:02:01.634+0000][info][gc,metaspace] GC(9) Metaspace: 403K(576K)->403K(576K) NonClass: 373K(448K)->373K(448K) Class: 29K(128K)->29K(128K)
[2026-07-18T17:02:01.634+0000][info][gc          ] GC(9) Pause Young (Normal) (G1 Evacuation Pause) 698M->699M(1500M) 11.919ms
[2026-07-18T17:02:01.634+0000][info][gc,cpu      ] GC(9) User=0.01s Sys=0.03s Real=0.02s
[2026-07-18T17:02:01.659+0000][info][gc,start    ] GC(10) Pause Young (Concurrent Start) (G1 Evacuation Pause)
[2026-07-18T17:02:01.659+0000][info][gc,task     ] GC(10) Using 4 workers of 4 for evacuation
[2026-07-18T17:02:01.674+0000][info][gc,phases   ] GC(10)   Pre Evacuate Collection Set: 0.15ms
[2026-07-18T17:02:01.674+0000][info][gc,phases   ] GC(10)   Merge Heap Roots: 0.04ms
[2026-07-18T17:02:01.674+0000][info][gc,phases   ] GC(10)   Evacuate Collection Set: 14.40ms
[2026-07-18T17:02:01.674+0000][info][gc,phases   ] GC(10)   Post Evacuate Collection Set: 0.18ms
[2026-07-18T17:02:01.674+0000][info][gc,phases   ] GC(10)   Other: 0.09ms
[2026-07-18T17:02:01.674+0000][info][gc,heap     ] GC(10) Eden regions: 97->0(118)
[2026-07-18T17:02:01.674+0000][info][gc,heap     ] GC(10) Survivor regions: 11->14(14)
[2026-07-18T17:02:01.674+0000][info][gc,heap     ] GC(10) Old regions: 672->767
[2026-07-18T17:02:01.674+0000][info][gc,heap     ] GC(10) Humongous regions: 18->18
[2026-07-18T17:02:01.674+0000][info][gc,metaspace] GC(10) Metaspace: 403K(576K)->403K(576K) NonClass: 373K(448K)->373K(448K) Class: 29K(128K)->29K(128K)
[2026-07-18T17:02:01.674+0000][info][gc          ] GC(10) Pause Young (Concurrent Start) (G1 Evacuation Pause) 796M->798M(1500M) 15.211ms
[2026-07-18T17:02:01.675+0000][info][gc,cpu      ] GC(10) User=0.02s Sys=0.05s Real=0.02s
[2026-07-18T17:02:01.675+0000][info][gc          ] GC(11) Concurrent Mark Cycle
[2026-07-18T17:02:01.678+0000][info][gc,marking  ] GC(11) Concurrent Scan Root Regions
[2026-07-18T17:02:01.682+0000][info][gc,marking  ] GC(11) Concurrent Scan Root Regions 4.126ms
[2026-07-18T17:02:01.682+0000][info][gc,marking  ] GC(11) Concurrent Mark
[2026-07-18T17:02:01.682+0000][info][gc,marking  ] GC(11) Concurrent Mark From Roots
[2026-07-18T17:02:01.683+0000][info][gc,task     ] GC(11) Using 1 workers of 1 for marking
[2026-07-18T17:02:01.704+0000][info][gc,start    ] GC(12) Pause Young (Normal) (G1 Evacuation Pause)
[2026-07-18T17:02:01.704+0000][info][gc,task     ] GC(12) Using 4 workers of 4 for evacuation
[2026-07-18T17:02:01.718+0000][info][gc,phases   ] GC(12)   Pre Evacuate Collection Set: 0.12ms
[2026-07-18T17:02:01.718+0000][info][gc,phases   ] GC(12)   Merge Heap Roots: 0.04ms
[2026-07-18T17:02:01.718+0000][info][gc,phases   ] GC(12)   Evacuate Collection Set: 13.70ms
[2026-07-18T17:02:01.718+0000][info][gc,phases   ] GC(12)   Post Evacuate Collection Set: 0.18ms
[2026-07-18T17:02:01.718+0000][info][gc,phases   ] GC(12)   Other: 0.06ms
[2026-07-18T17:02:01.718+0000][info][gc,heap     ] GC(12) Eden regions: 120->0(143)
[2026-07-18T17:02:01.718+0000][info][gc,heap     ] GC(12) Survivor regions: 14->17(17)
[2026-07-18T17:02:01.718+0000][info][gc,heap     ] GC(12) Old regions: 767->886
[2026-07-18T17:02:01.718+0000][info][gc,heap     ] GC(12) Humongous regions: 18->18
[2026-07-18T17:02:01.718+0000][info][gc,metaspace] GC(12) Metaspace: 403K(576K)->403K(576K) NonClass: 373K(448K)->373K(448K) Class: 29K(128K)->29K(128K)
[2026-07-18T17:02:01.718+0000][info][gc          ] GC(12) Pause Young (Normal) (G1 Evacuation Pause) 918M->919M(1500M) 14.503ms
[2026-07-18T17:02:01.718+0000][info][gc,cpu      ] GC(12) User=0.03s Sys=0.03s Real=0.01s
[2026-07-18T17:02:01.753+0000][info][gc,start    ] GC(13) Pause Young (Normal) (G1 Evacuation Pause)
[2026-07-18T17:02:01.753+0000][info][gc,task     ] GC(13) Using 4 workers of 4 for evacuation
[2026-07-18T17:02:01.756+0000][info][gc,phases   ] GC(13)   Pre Evacuate Collection Set: 0.12ms
[2026-07-18T17:02:01.756+0000][info][gc,phases   ] GC(13)   Merge Heap Roots: 0.04ms
[2026-07-18T17:02:01.756+0000][info][gc,phases   ] GC(13)   Evacuate Collection Set: 2.23ms
[2026-07-18T17:02:01.756+0000][info][gc,phases   ] GC(13)   Post Evacuate Collection Set: 0.18ms
[2026-07-18T17:02:01.756+0000][info][gc,phases   ] GC(13)   Other: 0.06ms
[2026-07-18T17:02:01.756+0000][info][gc,heap     ] GC(13) Eden regions: 146->0(188)
[2026-07-18T17:02:01.756+0000][info][gc,heap     ] GC(13) Survivor regions: 17->9(21)
[2026-07-18T17:02:01.756+0000][info][gc,heap     ] GC(13) Old regions: 886->904
[2026-07-18T17:02:01.756+0000][info][gc,heap     ] GC(13) Humongous regions: 34->34
[2026-07-18T17:02:01.756+0000][info][gc,metaspace] GC(13) Metaspace: 405K(576K)->405K(576K) NonClass: 375K(448K)->375K(448K) Class: 29K(128K)->29K(128K)
[2026-07-18T17:02:01.756+0000][info][gc          ] GC(13) Pause Young (Normal) (G1 Evacuation Pause) 1081M->945M(1500M) 3.046ms
[2026-07-18T17:02:01.756+0000][info][gc,cpu      ] GC(13) User=0.00s Sys=0.01s Real=0.00s
[2026-07-18T17:02:01.787+0000][info][gc,marking  ] GC(11) Concurrent Mark From Roots 104.716ms
[2026-07-18T17:02:01.789+0000][info][gc,marking  ] GC(11) Concurrent Preclean
[2026-07-18T17:02:01.789+0000][info][gc,marking  ] GC(11) Concurrent Preclean 0.055ms
[2026-07-18T17:02:01.790+0000][info][gc,start    ] GC(11) Pause Remark
[2026-07-18T17:02:01.791+0000][info][gc          ] GC(11) Pause Remark 1130M->1130M(1500M) 0.415ms
[2026-07-18T17:02:01.791+0000][info][gc,cpu      ] GC(11) User=0.00s Sys=0.00s Real=0.00s
[2026-07-18T17:02:01.791+0000][info][gc,marking  ] GC(11) Concurrent Mark 108.450ms
[2026-07-18T17:02:01.792+0000][info][gc,marking  ] GC(11) Concurrent Rebuild Remembered Sets and Scrub Regions
[2026-07-18T17:02:01.792+0000][info][gc,start    ] GC(14) Pause Young (Normal) (G1 Evacuation Pause)
[2026-07-18T17:02:01.792+0000][info][gc,task     ] GC(14) Using 4 workers of 4 for evacuation
[2026-07-18T17:02:01.794+0000][info][gc,phases   ] GC(14)   Pre Evacuate Collection Set: 0.12ms
[2026-07-18T17:02:01.794+0000][info][gc,phases   ] GC(14)   Merge Heap Roots: 0.04ms
[2026-07-18T17:02:01.794+0000][info][gc,phases   ] GC(14)   Evacuate Collection Set: 1.07ms
[2026-07-18T17:02:01.794+0000][info][gc,phases   ] GC(14)   Post Evacuate Collection Set: 0.17ms
[2026-07-18T17:02:01.794+0000][info][gc,phases   ] GC(14)   Other: 0.06ms
[2026-07-18T17:02:01.794+0000][info][gc,heap     ] GC(14) Eden regions: 188->0(340)
[2026-07-18T17:02:01.794+0000][info][gc,heap     ] GC(14) Survivor regions: 9->9(25)
[2026-07-18T17:02:01.794+0000][info][gc,heap     ] GC(14) Old regions: 904->904
[2026-07-18T17:02:01.794+0000][info][gc,heap     ] GC(14) Humongous regions: 34->34
[2026-07-18T17:02:01.794+0000][info][gc,metaspace] GC(14) Metaspace: 405K(576K)->405K(576K) NonClass: 375K(448K)->375K(448K) Class: 29K(128K)->29K(128K)
[2026-07-18T17:02:01.794+0000][info][gc          ] GC(14) Pause Young (Normal) (G1 Evacuation Pause) 1133M->946M(1500M) 1.876ms
[2026-07-18T17:02:01.794+0000][info][gc,cpu      ] GC(14) User=0.01s Sys=0.00s Real=0.01s
[2026-07-18T17:02:01.854+0000][info][gc,marking  ] GC(11) Concurrent Rebuild Remembered Sets and Scrub Regions 62.365ms
[2026-07-18T17:02:01.860+0000][info][gc,start    ] GC(11) Pause Cleanup
[2026-07-18T17:02:01.860+0000][info][gc          ] GC(11) Pause Cleanup 1227M->1227M(1500M) 0.207ms
[2026-07-18T17:02:01.860+0000][info][gc,cpu      ] GC(11) User=0.00s Sys=0.00s Real=0.00s
[2026-07-18T17:02:01.860+0000][info][gc,marking  ] GC(11) Concurrent Clear Claimed Marks
[2026-07-18T17:02:01.863+0000][info][gc,marking  ] GC(11) Concurrent Clear Claimed Marks 3.386ms
[2026-07-18T17:02:01.863+0000][info][gc,marking  ] GC(11) Concurrent Cleanup for Next Mark
[2026-07-18T17:02:01.867+0000][info][gc,marking  ] GC(11) Concurrent Cleanup for Next Mark 3.732ms
[2026-07-18T17:02:01.867+0000][info][gc          ] GC(11) Concurrent Mark Cycle 192.488ms
[2026-07-18T17:02:01.890+0000][info][gc,start    ] GC(15) Pause Young (Prepare Mixed) (G1 Evacuation Pause)
[2026-07-18T17:02:01.890+0000][info][gc,task     ] GC(15) Using 4 workers of 4 for evacuation
[2026-07-18T17:02:01.893+0000][info][gc,phases   ] GC(15)   Pre Evacuate Collection Set: 0.16ms
[2026-07-18T17:02:01.893+0000][info][gc,phases   ] GC(15)   Merge Heap Roots: 0.06ms
[2026-07-18T17:02:01.893+0000][info][gc,phases   ] GC(15)   Evacuate Collection Set: 1.64ms
[2026-07-18T17:02:01.893+0000][info][gc,phases   ] GC(15)   Post Evacuate Collection Set: 0.25ms
[2026-07-18T17:02:01.893+0000][info][gc,phases   ] GC(15)   Other: 0.09ms
[2026-07-18T17:02:01.893+0000][info][gc,heap     ] GC(15) Eden regions: 340->0(386)
[2026-07-18T17:02:01.893+0000][info][gc,heap     ] GC(15) Survivor regions: 9->9(44)
[2026-07-18T17:02:01.893+0000][info][gc,heap     ] GC(15) Old regions: 904->904
[2026-07-18T17:02:01.893+0000][info][gc,heap     ] GC(15) Humongous regions: 34->34
[2026-07-18T17:02:01.893+0000][info][gc,metaspace] GC(15) Metaspace: 405K(576K)->405K(576K) NonClass: 375K(448K)->375K(448K) Class: 29K(128K)->29K(128K)
[2026-07-18T17:02:01.893+0000][info][gc          ] GC(15) Pause Young (Prepare Mixed) (G1 Evacuation Pause) 1286M->946M(1500M) 2.644ms
[2026-07-18T17:02:01.893+0000][info][gc,cpu      ] GC(15) User=0.01s Sys=0.00s Real=0.01s
[2026-07-18T17:02:01.977+0000][info][gc,start    ] GC(16) Pause Young (Mixed) (G1 Evacuation Pause)
[2026-07-18T17:02:01.977+0000][info][gc,task     ] GC(16) Using 4 workers of 4 for evacuation
[2026-07-18T17:02:01.984+0000][info][gc,phases   ] GC(16)   Pre Evacuate Collection Set: 0.17ms
[2026-07-18T17:02:01.984+0000][info][gc,phases   ] GC(16)   Merge Heap Roots: 0.04ms
[2026-07-18T17:02:01.984+0000][info][gc,phases   ] GC(16)   Evacuate Collection Set: 4.93ms
[2026-07-18T17:02:01.984+0000][info][gc,phases   ] GC(16)   Post Evacuate Collection Set: 1.67ms
[2026-07-18T17:02:01.984+0000][info][gc,phases   ] GC(16)   Other: 0.12ms
[2026-07-18T17:02:01.984+0000][info][gc,heap     ] GC(16) Eden regions: 386->0(424)
[2026-07-18T17:02:01.984+0000][info][gc,heap     ] GC(16) Survivor regions: 9->10(50)
[2026-07-18T17:02:01.984+0000][info][gc,heap     ] GC(16) Old regions: 904->902
[2026-07-18T17:02:01.984+0000][info][gc,heap     ] GC(16) Humongous regions: 34->34
[2026-07-18T17:02:01.984+0000][info][gc,metaspace] GC(16) Metaspace: 405K(576K)->405K(576K) NonClass: 375K(448K)->375K(448K) Class: 29K(128K)->29K(128K)
[2026-07-18T17:02:01.984+0000][info][gc          ] GC(16) Pause Young (Mixed) (G1 Evacuation Pause) 1332M->944M(1500M) 7.580ms
[2026-07-18T17:02:01.984+0000][info][gc,cpu      ] GC(16) User=0.01s Sys=0.01s Real=0.01s
[2026-07-18T17:02:02.074+0000][info][gc,start    ] GC(17) Pause Young (Concurrent Start) (G1 Evacuation Pause)
[2026-07-18T17:02:02.074+0000][info][gc,task     ] GC(17) Using 4 workers of 4 for evacuation
[2026-07-18T17:02:02.076+0000][info][gc,phases   ] GC(17)   Pre Evacuate Collection Set: 0.19ms
[2026-07-18T17:02:02.076+0000][info][gc,phases   ] GC(17)   Merge Heap Roots: 0.06ms
[2026-07-18T17:02:02.076+0000][info][gc,phases   ] GC(17)   Evacuate Collection Set: 1.99ms
[2026-07-18T17:02:02.076+0000][info][gc,phases   ] GC(17)   Post Evacuate Collection Set: 0.32ms
[2026-07-18T17:02:02.077+0000][info][gc,phases   ] GC(17)   Other: 0.12ms
[2026-07-18T17:02:02.077+0000][info][gc,heap     ] GC(17) Eden regions: 424->0(452)
[2026-07-18T17:02:02.077+0000][info][gc,heap     ] GC(17) Survivor regions: 10->10(55)
[2026-07-18T17:02:02.077+0000][info][gc,heap     ] GC(17) Old regions: 902->902
[2026-07-18T17:02:02.077+0000][info][gc,heap     ] GC(17) Humongous regions: 34->34
[2026-07-18T17:02:02.077+0000][info][gc,metaspace] GC(17) Metaspace: 405K(576K)->405K(576K) NonClass: 375K(448K)->375K(448K) Class: 29K(128K)->29K(128K)
[2026-07-18T17:02:02.077+0000][info][gc          ] GC(17) Pause Young (Concurrent Start) (G1 Evacuation Pause) 1368M->944M(1500M) 3.167ms
[2026-07-18T17:02:02.077+0000][info][gc,cpu      ] GC(17) User=0.01s Sys=0.00s Real=0.00s
[2026-07-18T17:02:02.077+0000][info][gc          ] GC(18) Concurrent Mark Cycle
[2026-07-18T17:02:02.080+0000][info][gc,marking  ] GC(18) Concurrent Scan Root Regions
[2026-07-18T17:02:02.081+0000][info][gc,marking  ] GC(18) Concurrent Scan Root Regions 0.578ms
[2026-07-18T17:02:02.081+0000][info][gc,marking  ] GC(18) Concurrent Mark
[2026-07-18T17:02:02.081+0000][info][gc,marking  ] GC(18) Concurrent Mark From Roots
[2026-07-18T17:02:02.081+0000][info][gc,task     ] GC(18) Using 1 workers of 1 for marking
[2026-07-18T17:02:02.196+0000][info][gc,start    ] GC(19) Pause Young (Normal) (G1 Evacuation Pause)
[2026-07-18T17:02:02.197+0000][info][gc,task     ] GC(19) Using 4 workers of 4 for evacuation
[2026-07-18T17:02:02.199+0000][info][gc,phases   ] GC(19)   Pre Evacuate Collection Set: 0.39ms
[2026-07-18T17:02:02.199+0000][info][gc,phases   ] GC(19)   Merge Heap Roots: 0.10ms
[2026-07-18T17:02:02.200+0000][info][gc,phases   ] GC(19)   Evacuate Collection Set: 1.81ms
[2026-07-18T17:02:02.200+0000][info][gc,phases   ] GC(19)   Post Evacuate Collection Set: 0.35ms
[2026-07-18T17:02:02.200+0000][info][gc,phases   ] GC(19)   Other: 0.15ms
[2026-07-18T17:02:02.200+0000][info][gc,heap     ] GC(19) Eden regions: 452->0(475)
[2026-07-18T17:02:02.200+0000][info][gc,heap     ] GC(19) Survivor regions: 10->9(58)
[2026-07-18T17:02:02.200+0000][info][gc,heap     ] GC(19) Old regions: 902->902
[2026-07-18T17:02:02.200+0000][info][gc,heap     ] GC(19) Humongous regions: 34->34
[2026-07-18T17:02:02.200+0000][info][gc,metaspace] GC(19) Metaspace: 405K(576K)->405K(576K) NonClass: 375K(448K)->375K(448K) Class: 29K(128K)->29K(128K)
[2026-07-18T17:02:02.200+0000][info][gc          ] GC(19) Pause Young (Normal) (G1 Evacuation Pause) 1396M->944M(1500M) 3.557ms
[2026-07-18T17:02:02.200+0000][info][gc,cpu      ] GC(19) User=0.01s Sys=0.00s Real=0.00s
[2026-07-18T17:02:02.218+0000][info][gc,marking  ] GC(18) Concurrent Mark From Roots 137.355ms
[2026-07-18T17:02:02.218+0000][info][gc,marking  ] GC(18) Concurrent Preclean
[2026-07-18T17:02:02.219+0000][info][gc,marking  ] GC(18) Concurrent Preclean 0.097ms
[2026-07-18T17:02:02.219+0000][info][gc,start    ] GC(18) Pause Remark
[2026-07-18T17:02:02.220+0000][info][gc          ] GC(18) Pause Remark 1027M->1027M(1500M) 1.075ms
[2026-07-18T17:02:02.221+0000][info][gc,cpu      ] GC(18) User=0.00s Sys=0.00s Real=0.00s
[2026-07-18T17:02:02.221+0000][info][gc,marking  ] GC(18) Concurrent Mark 139.730ms
[2026-07-18T17:02:02.224+0000][info][gc,marking  ] GC(18) Concurrent Rebuild Remembered Sets and Scrub Regions
[2026-07-18T17:02:02.303+0000][info][gc,marking  ] GC(18) Concurrent Rebuild Remembered Sets and Scrub Regions 78.643ms
[2026-07-18T17:02:02.303+0000][info][gc,start    ] GC(18) Pause Cleanup
[2026-07-18T17:02:02.304+0000][info][gc          ] GC(18) Pause Cleanup 1384M->1384M(1500M) 0.447ms
[2026-07-18T17:02:02.304+0000][info][gc,cpu      ] GC(18) User=0.01s Sys=0.00s Real=0.00s
[2026-07-18T17:02:02.304+0000][info][gc,marking  ] GC(18) Concurrent Clear Claimed Marks
[2026-07-18T17:02:02.307+0000][info][gc,marking  ] GC(18) Concurrent Clear Claimed Marks 3.273ms
[2026-07-18T17:02:02.307+0000][info][gc,marking  ] GC(18) Concurrent Cleanup for Next Mark
[2026-07-18T17:02:02.313+0000][info][gc,start    ] GC(20) Pause Young (Prepare Mixed) (G1 Evacuation Pause)
[2026-07-18T17:02:02.314+0000][info][gc,task     ] GC(20) Using 4 workers of 4 for evacuation
[2026-07-18T17:02:02.317+0000][info][gc,phases   ] GC(20)   Pre Evacuate Collection Set: 0.26ms
[2026-07-18T17:02:02.317+0000][info][gc,phases   ] GC(20)   Merge Heap Roots: 0.08ms
[2026-07-18T17:02:02.317+0000][info][gc,phases   ] GC(20)   Evacuate Collection Set: 2.37ms
[2026-07-18T17:02:02.317+0000][info][gc,phases   ] GC(20)   Post Evacuate Collection Set: 0.55ms
[2026-07-18T17:02:02.317+0000][info][gc,phases   ] GC(20)   Other: 0.13ms
[2026-07-18T17:02:02.318+0000][info][gc,heap     ] GC(20) Eden regions: 475->0(480)
[2026-07-18T17:02:02.318+0000][info][gc,heap     ] GC(20) Survivor regions: 9->9(61)
[2026-07-18T17:02:02.318+0000][info][gc,heap     ] GC(20) Old regions: 902->902
[2026-07-18T17:02:02.318+0000][info][gc,heap     ] GC(20) Humongous regions: 34->34
[2026-07-18T17:02:02.318+0000][info][gc,metaspace] GC(20) Metaspace: 405K(576K)->405K(576K) NonClass: 375K(448K)->375K(448K) Class: 29K(128K)->29K(128K)
[2026-07-18T17:02:02.318+0000][info][gc          ] GC(20) Pause Young (Prepare Mixed) (G1 Evacuation Pause) 1419M->944M(1500M) 4.320ms
[2026-07-18T17:02:02.318+0000][info][gc,cpu      ] GC(20) User=0.00s Sys=0.01s Real=0.00s
[2026-07-18T17:02:02.318+0000][info][gc,marking  ] GC(18) Concurrent Cleanup for Next Mark 10.637ms
[2026-07-18T17:02:02.321+0000][info][gc          ] GC(18) Concurrent Mark Cycle 244.481ms
[2026-07-18T17:02:02.415+0000][info][gc,start    ] GC(21) Pause Young (Mixed) (G1 Evacuation Pause)
[2026-07-18T17:02:02.415+0000][info][gc,task     ] GC(21) Using 4 workers of 4 for evacuation
[2026-07-18T17:02:02.417+0000][info][gc,phases   ] GC(21)   Pre Evacuate Collection Set: 0.25ms
[2026-07-18T17:02:02.417+0000][info][gc,phases   ] GC(21)   Merge Heap Roots: 0.07ms
[2026-07-18T17:02:02.417+0000][info][gc,phases   ] GC(21)   Evacuate Collection Set: 0.99ms
[2026-07-18T17:02:02.417+0000][info][gc,phases   ] GC(21)   Post Evacuate Collection Set: 0.28ms
[2026-07-18T17:02:02.417+0000][info][gc,phases   ] GC(21)   Other: 0.07ms
[2026-07-18T17:02:02.417+0000][info][gc,heap     ] GC(21) Eden regions: 480->0(484)
[2026-07-18T17:02:02.417+0000][info][gc,heap     ] GC(21) Survivor regions: 9->9(62)
[2026-07-18T17:02:02.417+0000][info][gc,heap     ] GC(21) Old regions: 902->898
[2026-07-18T17:02:02.417+0000][info][gc,heap     ] GC(21) Humongous regions: 34->34
[2026-07-18T17:02:02.417+0000][info][gc,metaspace] GC(21) Metaspace: 405K(576K)->405K(576K) NonClass: 375K(448K)->375K(448K) Class: 29K(128K)->29K(128K)
[2026-07-18T17:02:02.417+0000][info][gc          ] GC(21) Pause Young (Mixed) (G1 Evacuation Pause) 1424M->940M(1500M) 2.119ms
[2026-07-18T17:02:02.417+0000][info][gc,cpu      ] GC(21) User=0.00s Sys=0.00s Real=0.00s
[2026-07-18T17:02:02.540+0000][info][gc,start    ] GC(22) Pause Young (Concurrent Start) (G1 Evacuation Pause)
[2026-07-18T17:02:02.540+0000][info][gc,task     ] GC(22) Using 4 workers of 4 for evacuation
[2026-07-18T17:02:02.546+0000][info][gc,phases   ] GC(22)   Pre Evacuate Collection Set: 1.30ms
[2026-07-18T17:02:02.546+0000][info][gc,phases   ] GC(22)   Merge Heap Roots: 0.15ms
[2026-07-18T17:02:02.546+0000][info][gc,phases   ] GC(22)   Evacuate Collection Set: 3.21ms
[2026-07-18T17:02:02.546+0000][info][gc,phases   ] GC(22)   Post Evacuate Collection Set: 0.49ms
[2026-07-18T17:02:02.548+0000][info][gc,phases   ] GC(22)   Other: 0.75ms
[2026-07-18T17:02:02.548+0000][info][gc,heap     ] GC(22) Eden regions: 484->0(484)
[2026-07-18T17:02:02.548+0000][info][gc,heap     ] GC(22) Survivor regions: 9->9(62)
[2026-07-18T17:02:02.548+0000][info][gc,heap     ] GC(22) Old regions: 898->898
[2026-07-18T17:02:02.548+0000][info][gc,heap     ] GC(22) Humongous regions: 34->34
[2026-07-18T17:02:02.548+0000][info][gc,metaspace] GC(22) Metaspace: 405K(576K)->405K(576K) NonClass: 375K(448K)->375K(448K) Class: 29K(128K)->29K(128K)
[2026-07-18T17:02:02.549+0000][info][gc          ] GC(22) Pause Young (Concurrent Start) (G1 Evacuation Pause) 1424M->940M(1500M) 8.752ms
[2026-07-18T17:02:02.549+0000][info][gc,cpu      ] GC(22) User=0.01s Sys=0.01s Real=0.01s
[2026-07-18T17:02:02.549+0000][info][gc          ] GC(23) Concurrent Mark Cycle
[2026-07-18T17:02:02.549+0000][info][gc,marking  ] GC(23) Concurrent Scan Root Regions
[2026-07-18T17:02:02.549+0000][info][gc,marking  ] GC(23) Concurrent Scan Root Regions 0.564ms
[2026-07-18T17:02:02.550+0000][info][gc,marking  ] GC(23) Concurrent Mark
[2026-07-18T17:02:02.550+0000][info][gc,marking  ] GC(23) Concurrent Mark From Roots
[2026-07-18T17:02:02.550+0000][info][gc,task     ] GC(23) Using 1 workers of 1 for marking
[2026-07-18T17:02:02.673+0000][info][gc,start    ] GC(24) Pause Young (Normal) (G1 Evacuation Pause)
[2026-07-18T17:02:02.673+0000][info][gc,task     ] GC(24) Using 4 workers of 4 for evacuation
[2026-07-18T17:02:02.675+0000][info][gc,phases   ] GC(24)   Pre Evacuate Collection Set: 0.43ms
[2026-07-18T17:02:02.676+0000][info][gc,phases   ] GC(24)   Merge Heap Roots: 0.08ms
[2026-07-18T17:02:02.676+0000][info][gc,phases   ] GC(24)   Evacuate Collection Set: 0.99ms
[2026-07-18T17:02:02.676+0000][info][gc,phases   ] GC(24)   Post Evacuate Collection Set: 0.60ms
[2026-07-18T17:02:02.676+0000][info][gc,phases   ] GC(24)   Other: 0.36ms
[2026-07-18T17:02:02.676+0000][info][gc,heap     ] GC(24) Eden regions: 484->0(484)
[2026-07-18T17:02:02.676+0000][info][gc,heap     ] GC(24) Survivor regions: 9->9(62)
[2026-07-18T17:02:02.676+0000][info][gc,heap     ] GC(24) Old regions: 898->898
[2026-07-18T17:02:02.676+0000][info][gc,heap     ] GC(24) Humongous regions: 34->34
[2026-07-18T17:02:02.676+0000][info][gc,metaspace] GC(24) Metaspace: 405K(576K)->405K(576K) NonClass: 375K(448K)->375K(448K) Class: 29K(128K)->29K(128K)
[2026-07-18T17:02:02.676+0000][info][gc          ] GC(24) Pause Young (Normal) (G1 Evacuation Pause) 1424M->940M(1500M) 3.513ms
[2026-07-18T17:02:02.677+0000][info][gc,cpu      ] GC(24) User=0.00s Sys=0.00s Real=0.00s
[2026-07-18T17:02:02.703+0000][info][gc,marking  ] GC(23) Concurrent Mark From Roots 153.808ms
[2026-07-18T17:02:02.704+0000][info][gc,marking  ] GC(23) Concurrent Preclean
[2026-07-18T17:02:02.704+0000][info][gc,marking  ] GC(23) Concurrent Preclean 0.098ms
[2026-07-18T17:02:02.704+0000][info][gc,start    ] GC(23) Pause Remark
[2026-07-18T17:02:02.705+0000][info][gc          ] GC(23) Pause Remark 1036M->1036M(1500M) 0.977ms
[2026-07-18T17:02:02.706+0000][info][gc,cpu      ] GC(23) User=0.00s Sys=0.00s Real=0.00s
[2026-07-18T17:02:02.706+0000][info][gc,marking  ] GC(23) Concurrent Mark 156.085ms
[2026-07-18T17:02:02.706+0000][info][gc,marking  ] GC(23) Concurrent Rebuild Remembered Sets and Scrub Regions
[2026-07-18T17:02:02.805+0000][info][gc,marking  ] GC(23) Concurrent Rebuild Remembered Sets and Scrub Regions 99.780ms
[2026-07-18T17:02:02.806+0000][info][gc,start    ] GC(23) Pause Cleanup
[2026-07-18T17:02:02.807+0000][info][gc          ] GC(23) Pause Cleanup 1410M->1410M(1500M) 0.304ms
[2026-07-18T17:02:02.807+0000][info][gc,cpu      ] GC(23) User=0.00s Sys=0.00s Real=0.00s
[2026-07-18T17:02:02.807+0000][info][gc,marking  ] GC(23) Concurrent Clear Claimed Marks
[2026-07-18T17:02:02.808+0000][info][gc,marking  ] GC(23) Concurrent Clear Claimed Marks 1.040ms
[2026-07-18T17:02:02.809+0000][info][gc,marking  ] GC(23) Concurrent Cleanup for Next Mark
[2026-07-18T17:02:02.811+0000][info][gc,marking  ] GC(23) Concurrent Cleanup for Next Mark 1.814ms
[2026-07-18T17:02:02.811+0000][info][gc          ] GC(23) Concurrent Mark Cycle 262.131ms
[2026-07-18T17:02:02.812+0000][info][gc,start    ] GC(25) Pause Young (Prepare Mixed) (G1 Evacuation Pause)
[2026-07-18T17:02:02.812+0000][info][gc,task     ] GC(25) Using 4 workers of 4 for evacuation
[2026-07-18T17:02:02.814+0000][info][gc,phases   ] GC(25)   Pre Evacuate Collection Set: 0.24ms
[2026-07-18T17:02:02.814+0000][info][gc,phases   ] GC(25)   Merge Heap Roots: 0.07ms
[2026-07-18T17:02:02.814+0000][info][gc,phases   ] GC(25)   Evacuate Collection Set: 0.64ms
[2026-07-18T17:02:02.814+0000][info][gc,phases   ] GC(25)   Post Evacuate Collection Set: 0.63ms
[2026-07-18T17:02:02.814+0000][info][gc,phases   ] GC(25)   Other: 0.10ms
[2026-07-18T17:02:02.814+0000][info][gc,heap     ] GC(25) Eden regions: 484->0(484)
[2026-07-18T17:02:02.814+0000][info][gc,heap     ] GC(25) Survivor regions: 9->9(62)
[2026-07-18T17:02:02.815+0000][info][gc,heap     ] GC(25) Old regions: 898->898
[2026-07-18T17:02:02.815+0000][info][gc,heap     ] GC(25) Humongous regions: 34->34
[2026-07-18T17:02:02.815+0000][info][gc,metaspace] GC(25) Metaspace: 405K(576K)->405K(576K) NonClass: 375K(448K)->375K(448K) Class: 29K(128K)->29K(128K)
[2026-07-18T17:02:02.815+0000][info][gc          ] GC(25) Pause Young (Prepare Mixed) (G1 Evacuation Pause) 1424M->940M(1500M) 2.787ms
[2026-07-18T17:02:02.815+0000][info][gc,cpu      ] GC(25) User=0.00s Sys=0.00s Real=0.01s
[2026-07-18T17:02:02.933+0000][info][gc,start    ] GC(26) Pause Young (Mixed) (G1 Evacuation Pause)
[2026-07-18T17:02:02.933+0000][info][gc,task     ] GC(26) Using 4 workers of 4 for evacuation
[2026-07-18T17:02:02.935+0000][info][gc,phases   ] GC(26)   Pre Evacuate Collection Set: 0.24ms
[2026-07-18T17:02:02.935+0000][info][gc,phases   ] GC(26)   Merge Heap Roots: 0.05ms
[2026-07-18T17:02:02.936+0000][info][gc,phases   ] GC(26)   Evacuate Collection Set: 1.19ms
[2026-07-18T17:02:02.936+0000][info][gc,phases   ] GC(26)   Post Evacuate Collection Set: 0.53ms
[2026-07-18T17:02:02.936+0000][info][gc,phases   ] GC(26)   Other: 0.07ms
[2026-07-18T17:02:02.936+0000][info][gc,heap     ] GC(26) Eden regions: 484->0(486)
[2026-07-18T17:02:02.936+0000][info][gc,heap     ] GC(26) Survivor regions: 9->9(62)
[2026-07-18T17:02:02.936+0000][info][gc,heap     ] GC(26) Old regions: 898->896
[2026-07-18T17:02:02.936+0000][info][gc,heap     ] GC(26) Humongous regions: 34->34
[2026-07-18T17:02:02.936+0000][info][gc,metaspace] GC(26) Metaspace: 405K(576K)->405K(576K) NonClass: 375K(448K)->375K(448K) Class: 29K(128K)->29K(128K)
[2026-07-18T17:02:02.936+0000][info][gc          ] GC(26) Pause Young (Mixed) (G1 Evacuation Pause) 1424M->938M(1500M) 3.346ms
[2026-07-18T17:02:02.936+0000][info][gc,cpu      ] GC(26) User=0.01s Sys=0.00s Real=0.00s
[2026-07-18T17:02:03.057+0000][info][gc,start    ] GC(27) Pause Young (Concurrent Start) (G1 Evacuation Pause)
[2026-07-18T17:02:03.057+0000][info][gc,task     ] GC(27) Using 4 workers of 4 for evacuation
[2026-07-18T17:02:03.059+0000][info][gc,phases   ] GC(27)   Pre Evacuate Collection Set: 0.27ms
[2026-07-18T17:02:03.059+0000][info][gc,phases   ] GC(27)   Merge Heap Roots: 0.07ms
[2026-07-18T17:02:03.059+0000][info][gc,phases   ] GC(27)   Evacuate Collection Set: 0.89ms
[2026-07-18T17:02:03.059+0000][info][gc,phases   ] GC(27)   Post Evacuate Collection Set: 0.53ms
[2026-07-18T17:02:03.060+0000][info][gc,phases   ] GC(27)   Other: 0.27ms
[2026-07-18T17:02:03.060+0000][info][gc,heap     ] GC(27) Eden regions: 486->0(486)
[2026-07-18T17:02:03.060+0000][info][gc,heap     ] GC(27) Survivor regions: 9->9(62)
[2026-07-18T17:02:03.060+0000][info][gc,heap     ] GC(27) Old regions: 896->896
[2026-07-18T17:02:03.060+0000][info][gc,heap     ] GC(27) Humongous regions: 34->34
[2026-07-18T17:02:03.060+0000][info][gc,metaspace] GC(27) Metaspace: 405K(576K)->405K(576K) NonClass: 375K(448K)->375K(448K) Class: 29K(128K)->29K(128K)
[2026-07-18T17:02:03.060+0000][info][gc          ] GC(27) Pause Young (Concurrent Start) (G1 Evacuation Pause) 1424M->938M(1500M) 3.128ms
[2026-07-18T17:02:03.060+0000][info][gc          ] GC(28) Concurrent Mark Cycle
[2026-07-18T17:02:03.060+0000][info][gc,marking  ] GC(28) Concurrent Scan Root Regions
[2026-07-18T17:02:03.060+0000][info][gc,cpu      ] GC(27) User=0.00s Sys=0.00s Real=0.00s
[2026-07-18T17:02:03.061+0000][info][gc,marking  ] GC(28) Concurrent Scan Root Regions 0.748ms
[2026-07-18T17:02:03.061+0000][info][gc,marking  ] GC(28) Concurrent Mark
[2026-07-18T17:02:03.061+0000][info][gc,marking  ] GC(28) Concurrent Mark From Roots
[2026-07-18T17:02:03.061+0000][info][gc,task     ] GC(28) Using 1 workers of 1 for marking
[2026-07-18T17:02:03.201+0000][info][gc,marking  ] GC(28) Concurrent Mark From Roots 139.453ms
[2026-07-18T17:02:03.201+0000][info][gc,marking  ] GC(28) Concurrent Preclean
[2026-07-18T17:02:03.201+0000][info][gc,marking  ] GC(28) Concurrent Preclean 0.070ms
[2026-07-18T17:02:03.202+0000][info][gc,start    ] GC(28) Pause Remark
[2026-07-18T17:02:03.204+0000][info][gc          ] GC(28) Pause Remark 1421M->1421M(1500M) 1.475ms
[2026-07-18T17:02:03.204+0000][info][gc,cpu      ] GC(28) User=0.00s Sys=0.00s Real=0.00s
[2026-07-18T17:02:03.204+0000][info][gc,marking  ] GC(28) Concurrent Mark 142.637ms
[2026-07-18T17:02:03.204+0000][info][gc,marking  ] GC(28) Concurrent Rebuild Remembered Sets and Scrub Regions
[2026-07-18T17:02:03.205+0000][info][gc,start    ] GC(29) Pause Young (Normal) (G1 Evacuation Pause)
[2026-07-18T17:02:03.205+0000][info][gc,task     ] GC(29) Using 4 workers of 4 for evacuation
[2026-07-18T17:02:03.207+0000][info][gc,phases   ] GC(29)   Pre Evacuate Collection Set: 0.25ms
[2026-07-18T17:02:03.208+0000][info][gc,phases   ] GC(29)   Merge Heap Roots: 0.34ms
[2026-07-18T17:02:03.208+0000][info][gc,phases   ] GC(29)   Evacuate Collection Set: 0.95ms
[2026-07-18T17:02:03.208+0000][info][gc,phases   ] GC(29)   Post Evacuate Collection Set: 0.47ms
[2026-07-18T17:02:03.208+0000][info][gc,phases   ] GC(29)   Other: 0.15ms
[2026-07-18T17:02:03.208+0000][info][gc,heap     ] GC(29) Eden regions: 486->0(486)
[2026-07-18T17:02:03.208+0000][info][gc,heap     ] GC(29) Survivor regions: 9->9(62)
[2026-07-18T17:02:03.208+0000][info][gc,heap     ] GC(29) Old regions: 896->896
[2026-07-18T17:02:03.208+0000][info][gc,heap     ] GC(29) Humongous regions: 34->34
[2026-07-18T17:02:03.208+0000][info][gc,metaspace] GC(29) Metaspace: 405K(576K)->405K(576K) NonClass: 375K(448K)->375K(448K) Class: 29K(128K)->29K(128K)
[2026-07-18T17:02:03.208+0000][info][gc          ] GC(29) Pause Young (Normal) (G1 Evacuation Pause) 1424M->937M(1500M) 2.859ms
[2026-07-18T17:02:03.208+0000][info][gc,cpu      ] GC(29) User=0.01s Sys=0.00s Real=0.00s
[2026-07-18T17:02:03.297+0000][info][gc,marking  ] GC(28) Concurrent Rebuild Remembered Sets and Scrub Regions 92.235ms
[2026-07-18T17:02:03.297+0000][info][gc,start    ] GC(28) Pause Cleanup
[2026-07-18T17:02:03.298+0000][info][gc          ] GC(28) Pause Cleanup 1241M->1241M(1500M) 0.465ms
[2026-07-18T17:02:03.298+0000][info][gc,cpu      ] GC(28) User=0.00s Sys=0.00s Real=0.00s
[2026-07-18T17:02:03.298+0000][info][gc,marking  ] GC(28) Concurrent Clear Claimed Marks
[2026-07-18T17:02:03.298+0000][info][gc,marking  ] GC(28) Concurrent Clear Claimed Marks 0.118ms
[2026-07-18T17:02:03.298+0000][info][gc,marking  ] GC(28) Concurrent Cleanup for Next Mark
[2026-07-18T17:02:03.299+0000][info][gc,marking  ] GC(28) Concurrent Cleanup for Next Mark 0.719ms
[2026-07-18T17:02:03.299+0000][info][gc          ] GC(28) Concurrent Mark Cycle 238.735ms
[2026-07-18T17:02:03.336+0000][info][gc,start    ] GC(30) Pause Young (Prepare Mixed) (G1 Evacuation Pause)
[2026-07-18T17:02:03.336+0000][info][gc,task     ] GC(30) Using 4 workers of 4 for evacuation
[2026-07-18T17:02:03.338+0000][info][gc,phases   ] GC(30)   Pre Evacuate Collection Set: 0.16ms
[2026-07-18T17:02:03.338+0000][info][gc,phases   ] GC(30)   Merge Heap Roots: 0.23ms
[2026-07-18T17:02:03.338+0000][info][gc,phases   ] GC(30)   Evacuate Collection Set: 0.98ms
[2026-07-18T17:02:03.338+0000][info][gc,phases   ] GC(30)   Post Evacuate Collection Set: 0.53ms
[2026-07-18T17:02:03.338+0000][info][gc,phases   ] GC(30)   Other: 0.19ms
[2026-07-18T17:02:03.338+0000][info][gc,heap     ] GC(30) Eden regions: 486->0(486)
[2026-07-18T17:02:03.338+0000][info][gc,heap     ] GC(30) Survivor regions: 9->9(62)
[2026-07-18T17:02:03.338+0000][info][gc,heap     ] GC(30) Old regions: 896->896
[2026-07-18T17:02:03.338+0000][info][gc,heap     ] GC(30) Humongous regions: 34->34
[2026-07-18T17:02:03.338+0000][info][gc,metaspace] GC(30) Metaspace: 405K(576K)->405K(576K) NonClass: 375K(448K)->375K(448K) Class: 29K(128K)->29K(128K)
[2026-07-18T17:02:03.338+0000][info][gc          ] GC(30) Pause Young (Prepare Mixed) (G1 Evacuation Pause) 1423M->938M(1500M) 2.542ms
[2026-07-18T17:02:03.338+0000][info][gc,cpu      ] GC(30) User=0.00s Sys=0.00s Real=0.00s
[2026-07-18T17:02:03.450+0000][info][gc,start    ] GC(31) Pause Young (Mixed) (G1 Evacuation Pause)
[2026-07-18T17:02:03.450+0000][info][gc,task     ] GC(31) Using 4 workers of 4 for evacuation
[2026-07-18T17:02:03.454+0000][info][gc,phases   ] GC(31)   Pre Evacuate Collection Set: 0.28ms
[2026-07-18T17:02:03.454+0000][info][gc,phases   ] GC(31)   Merge Heap Roots: 0.06ms
[2026-07-18T17:02:03.454+0000][info][gc,phases   ] GC(31)   Evacuate Collection Set: 3.01ms
[2026-07-18T17:02:03.454+0000][info][gc,phases   ] GC(31)   Post Evacuate Collection Set: 0.39ms
[2026-07-18T17:02:03.454+0000][info][gc,phases   ] GC(31)   Other: 0.09ms
[2026-07-18T17:02:03.454+0000][info][gc,heap     ] GC(31) Eden regions: 486->0(489)
[2026-07-18T17:02:03.454+0000][info][gc,heap     ] GC(31) Survivor regions: 9->0(62)
[2026-07-18T17:02:03.454+0000][info][gc,heap     ] GC(31) Old regions: 896->902
[2026-07-18T17:02:03.454+0000][info][gc,heap     ] GC(31) Humongous regions: 34->34
[2026-07-18T17:02:03.455+0000][info][gc,metaspace] GC(31) Metaspace: 405K(576K)->405K(576K) NonClass: 375K(448K)->375K(448K) Class: 29K(128K)->29K(128K)
[2026-07-18T17:02:03.455+0000][info][gc          ] GC(31) Pause Young (Mixed) (G1 Evacuation Pause) 1424M->935M(1500M) 4.765ms
[2026-07-18T17:02:03.455+0000][info][gc,cpu      ] GC(31) User=0.01s Sys=0.00s Real=0.01s
[2026-07-18T17:02:03.563+0000][info][gc,start    ] GC(32) Pause Young (Concurrent Start) (G1 Evacuation Pause)
[2026-07-18T17:02:03.563+0000][info][gc,task     ] GC(32) Using 4 workers of 4 for evacuation
[2026-07-18T17:02:03.564+0000][info][gc,phases   ] GC(32)   Pre Evacuate Collection Set: 0.17ms
[2026-07-18T17:02:03.564+0000][info][gc,phases   ] GC(32)   Merge Heap Roots: 0.04ms
[2026-07-18T17:02:03.564+0000][info][gc,phases   ] GC(32)   Evacuate Collection Set: 0.09ms
[2026-07-18T17:02:03.564+0000][info][gc,phases   ] GC(32)   Post Evacuate Collection Set: 0.17ms
[2026-07-18T17:02:03.564+0000][info][gc,phases   ] GC(32)   Other: 0.07ms
[2026-07-18T17:02:03.564+0000][info][gc,heap     ] GC(32) Eden regions: 489->0(489)
[2026-07-18T17:02:03.564+0000][info][gc,heap     ] GC(32) Survivor regions: 0->0(62)
[2026-07-18T17:02:03.564+0000][info][gc,heap     ] GC(32) Old regions: 902->902
[2026-07-18T17:02:03.564+0000][info][gc,heap     ] GC(32) Humongous regions: 34->34
[2026-07-18T17:02:03.564+0000][info][gc,metaspace] GC(32) Metaspace: 405K(576K)->405K(576K) NonClass: 375K(448K)->375K(448K) Class: 29K(128K)->29K(128K)
[2026-07-18T17:02:03.564+0000][info][gc          ] GC(32) Pause Young (Concurrent Start) (G1 Evacuation Pause) 1424M->935M(1500M) 0.823ms
[2026-07-18T17:02:03.564+0000][info][gc,cpu      ] GC(32) User=0.01s Sys=0.00s Real=0.00s
[2026-07-18T17:02:03.564+0000][info][gc          ] GC(33) Concurrent Mark Cycle
[2026-07-18T17:02:03.566+0000][info][gc,marking  ] GC(33) Concurrent Scan Root Regions
[2026-07-18T17:02:03.566+0000][info][gc,marking  ] GC(33) Concurrent Scan Root Regions 0.026ms
[2026-07-18T17:02:03.566+0000][info][gc,marking  ] GC(33) Concurrent Mark
[2026-07-18T17:02:03.566+0000][info][gc,marking  ] GC(33) Concurrent Mark From Roots
[2026-07-18T17:02:03.566+0000][info][gc,task     ] GC(33) Using 1 workers of 1 for marking
[2026-07-18T17:02:03.677+0000][info][gc,start    ] GC(34) Pause Young (Normal) (G1 Evacuation Pause)
[2026-07-18T17:02:03.677+0000][info][gc,task     ] GC(34) Using 4 workers of 4 for evacuation
[2026-07-18T17:02:03.678+0000][info][gc,phases   ] GC(34)   Pre Evacuate Collection Set: 0.16ms
[2026-07-18T17:02:03.678+0000][info][gc,phases   ] GC(34)   Merge Heap Roots: 0.04ms
[2026-07-18T17:02:03.678+0000][info][gc,phases   ] GC(34)   Evacuate Collection Set: 0.25ms
[2026-07-18T17:02:03.678+0000][info][gc,phases   ] GC(34)   Post Evacuate Collection Set: 0.38ms
[2026-07-18T17:02:03.678+0000][info][gc,phases   ] GC(34)   Other: 0.29ms
[2026-07-18T17:02:03.679+0000][info][gc,heap     ] GC(34) Eden regions: 489->0(489)
[2026-07-18T17:02:03.679+0000][info][gc,heap     ] GC(34) Survivor regions: 0->0(62)
[2026-07-18T17:02:03.679+0000][info][gc,heap     ] GC(34) Old regions: 902->902
[2026-07-18T17:02:03.679+0000][info][gc,heap     ] GC(34) Humongous regions: 34->34
[2026-07-18T17:02:03.679+0000][info][gc,metaspace] GC(34) Metaspace: 405K(576K)->405K(576K) NonClass: 375K(448K)->375K(448K) Class: 29K(128K)->29K(128K)
[2026-07-18T17:02:03.679+0000][info][gc          ] GC(34) Pause Young (Normal) (G1 Evacuation Pause) 1424M->935M(1500M) 1.802ms
[2026-07-18T17:02:03.679+0000][info][gc,cpu      ] GC(34) User=0.00s Sys=0.00s Real=0.00s
[2026-07-18T17:02:03.700+0000][info][gc,marking  ] GC(33) Concurrent Mark From Roots 134.797ms
[2026-07-18T17:02:03.701+0000][info][gc,marking  ] GC(33) Concurrent Preclean
[2026-07-18T17:02:03.701+0000][info][gc,marking  ] GC(33) Concurrent Preclean 0.117ms
[2026-07-18T17:02:03.701+0000][info][gc,start    ] GC(33) Pause Remark
[2026-07-18T17:02:03.702+0000][info][gc          ] GC(33) Pause Remark 1024M->1024M(1500M) 0.650ms
[2026-07-18T17:02:03.702+0000][info][gc,cpu      ] GC(33) User=0.00s Sys=0.00s Real=0.00s
[2026-07-18T17:02:03.702+0000][info][gc,marking  ] GC(33) Concurrent Mark 136.249ms
[2026-07-18T17:02:03.705+0000][info][gc,marking  ] GC(33) Concurrent Rebuild Remembered Sets and Scrub Regions
[2026-07-18T17:02:03.780+0000][info][gc,marking  ] GC(33) Concurrent Rebuild Remembered Sets and Scrub Regions 74.699ms
[2026-07-18T17:02:03.780+0000][info][gc,start    ] GC(33) Pause Cleanup
[2026-07-18T17:02:03.780+0000][info][gc          ] GC(33) Pause Cleanup 1370M->1370M(1500M) 0.375ms
[2026-07-18T17:02:03.781+0000][info][gc,cpu      ] GC(33) User=0.00s Sys=0.00s Real=0.00s
[2026-07-18T17:02:03.781+0000][info][gc,marking  ] GC(33) Concurrent Clear Claimed Marks
[2026-07-18T17:02:03.781+0000][info][gc,marking  ] GC(33) Concurrent Clear Claimed Marks 0.058ms
[2026-07-18T17:02:03.781+0000][info][gc,marking  ] GC(33) Concurrent Cleanup for Next Mark
[2026-07-18T17:02:03.782+0000][info][gc,marking  ] GC(33) Concurrent Cleanup for Next Mark 1.242ms
[2026-07-18T17:02:03.782+0000][info][gc          ] GC(33) Concurrent Mark Cycle 217.965ms
[2026-07-18T17:02:03.793+0000][info][gc,start    ] GC(35) Pause Young (Prepare Mixed) (G1 Evacuation Pause)
[2026-07-18T17:02:03.793+0000][info][gc,task     ] GC(35) Using 4 workers of 4 for evacuation
[2026-07-18T17:02:03.794+0000][info][gc,phases   ] GC(35)   Pre Evacuate Collection Set: 0.30ms
[2026-07-18T17:02:03.794+0000][info][gc,phases   ] GC(35)   Merge Heap Roots: 0.10ms
[2026-07-18T17:02:03.794+0000][info][gc,phases   ] GC(35)   Evacuate Collection Set: 0.20ms
[2026-07-18T17:02:03.794+0000][info][gc,phases   ] GC(35)   Post Evacuate Collection Set: 0.27ms
[2026-07-18T17:02:03.794+0000][info][gc,phases   ] GC(35)   Other: 0.12ms
[2026-07-18T17:02:03.794+0000][info][gc,heap     ] GC(35) Eden regions: 489->0(489)
[2026-07-18T17:02:03.794+0000][info][gc,heap     ] GC(35) Survivor regions: 0->0(62)
[2026-07-18T17:02:03.795+0000][info][gc,heap     ] GC(35) Old regions: 902->902
[2026-07-18T17:02:03.795+0000][info][gc,heap     ] GC(35) Humongous regions: 34->34
[2026-07-18T17:02:03.795+0000][info][gc,metaspace] GC(35) Metaspace: 405K(576K)->405K(576K) NonClass: 375K(448K)->375K(448K) Class: 29K(128K)->29K(128K)
[2026-07-18T17:02:03.795+0000][info][gc          ] GC(35) Pause Young (Prepare Mixed) (G1 Evacuation Pause) 1424M->935M(1500M) 2.118ms
[2026-07-18T17:02:03.795+0000][info][gc,cpu      ] GC(35) User=0.00s Sys=0.00s Real=0.00s
[2026-07-18T17:02:03.902+0000][info][gc,start    ] GC(36) Pause Young (Mixed) (G1 Evacuation Pause)
[2026-07-18T17:02:03.902+0000][info][gc,task     ] GC(36) Using 4 workers of 4 for evacuation
[2026-07-18T17:02:03.904+0000][info][gc,phases   ] GC(36)   Pre Evacuate Collection Set: 0.21ms
[2026-07-18T17:02:03.904+0000][info][gc,phases   ] GC(36)   Merge Heap Roots: 0.06ms
[2026-07-18T17:02:03.904+0000][info][gc,phases   ] GC(36)   Evacuate Collection Set: 1.15ms
[2026-07-18T17:02:03.904+0000][info][gc,phases   ] GC(36)   Post Evacuate Collection Set: 0.37ms
[2026-07-18T17:02:03.904+0000][info][gc,phases   ] GC(36)   Other: 0.07ms
[2026-07-18T17:02:03.904+0000][info][gc,heap     ] GC(36) Eden regions: 489->0(490)
[2026-07-18T17:02:03.904+0000][info][gc,heap     ] GC(36) Survivor regions: 0->0(62)
[2026-07-18T17:02:03.904+0000][info][gc,heap     ] GC(36) Old regions: 902->901
[2026-07-18T17:02:03.904+0000][info][gc,heap     ] GC(36) Humongous regions: 34->34
[2026-07-18T17:02:03.904+0000][info][gc,metaspace] GC(36) Metaspace: 405K(576K)->405K(576K) NonClass: 375K(448K)->375K(448K) Class: 29K(128K)->29K(128K)
[2026-07-18T17:02:03.904+0000][info][gc          ] GC(36) Pause Young (Mixed) (G1 Evacuation Pause) 1424M->934M(1500M) 2.245ms
[2026-07-18T17:02:03.904+0000][info][gc,cpu      ] GC(36) User=0.00s Sys=0.00s Real=0.01s
[2026-07-18T17:02:04.022+0000][info][gc,start    ] GC(37) Pause Young (Concurrent Start) (G1 Evacuation Pause)
[2026-07-18T17:02:04.022+0000][info][gc,task     ] GC(37) Using 4 workers of 4 for evacuation
[2026-07-18T17:02:04.024+0000][info][gc,phases   ] GC(37)   Pre Evacuate Collection Set: 0.54ms
[2026-07-18T17:02:04.024+0000][info][gc,phases   ] GC(37)   Merge Heap Roots: 0.12ms
[2026-07-18T17:02:04.024+0000][info][gc,phases   ] GC(37)   Evacuate Collection Set: 0.29ms
[2026-07-18T17:02:04.024+0000][info][gc,phases   ] GC(37)   Post Evacuate Collection Set: 0.71ms
[2026-07-18T17:02:04.024+0000][info][gc,phases   ] GC(37)   Other: 0.21ms
[2026-07-18T17:02:04.025+0000][info][gc,heap     ] GC(37) Eden regions: 490->0(490)
[2026-07-18T17:02:04.025+0000][info][gc,heap     ] GC(37) Survivor regions: 0->0(62)
[2026-07-18T17:02:04.025+0000][info][gc,heap     ] GC(37) Old regions: 901->901
[2026-07-18T17:02:04.025+0000][info][gc,heap     ] GC(37) Humongous regions: 34->34
[2026-07-18T17:02:04.025+0000][info][gc,metaspace] GC(37) Metaspace: 405K(576K)->405K(576K) NonClass: 375K(448K)->375K(448K) Class: 29K(128K)->29K(128K)
[2026-07-18T17:02:04.025+0000][info][gc          ] GC(37) Pause Young (Concurrent Start) (G1 Evacuation Pause) 1424M->934M(1500M) 3.372ms
[2026-07-18T17:02:04.025+0000][info][gc,cpu      ] GC(37) User=0.00s Sys=0.01s Real=0.01s
[2026-07-18T17:02:04.025+0000][info][gc          ] GC(38) Concurrent Mark Cycle
[2026-07-18T17:02:04.026+0000][info][gc,marking  ] GC(38) Concurrent Scan Root Regions
[2026-07-18T17:02:04.026+0000][info][gc,marking  ] GC(38) Concurrent Scan Root Regions 0.104ms
[2026-07-18T17:02:04.026+0000][info][gc,marking  ] GC(38) Concurrent Mark
[2026-07-18T17:02:04.026+0000][info][gc,marking  ] GC(38) Concurrent Mark From Roots
[2026-07-18T17:02:04.026+0000][info][gc,task     ] GC(38) Using 1 workers of 1 for marking
[2026-07-18T17:02:04.178+0000][info][gc,start    ] GC(39) Pause Young (Normal) (G1 Evacuation Pause)
[2026-07-18T17:02:04.178+0000][info][gc,task     ] GC(39) Using 4 workers of 4 for evacuation
[2026-07-18T17:02:04.181+0000][info][gc,phases   ] GC(39)   Pre Evacuate Collection Set: 0.76ms
[2026-07-18T17:02:04.182+0000][info][gc,phases   ] GC(39)   Merge Heap Roots: 0.16ms
[2026-07-18T17:02:04.182+0000][info][gc,phases   ] GC(39)   Evacuate Collection Set: 0.22ms
[2026-07-18T17:02:04.182+0000][info][gc,phases   ] GC(39)   Post Evacuate Collection Set: 1.40ms
[2026-07-18T17:02:04.182+0000][info][gc,phases   ] GC(39)   Other: 0.52ms
[2026-07-18T17:02:04.182+0000][info][gc,heap     ] GC(39) Eden regions: 490->0(490)
[2026-07-18T17:02:04.182+0000][info][gc,heap     ] GC(39) Survivor regions: 0->0(62)
[2026-07-18T17:02:04.182+0000][info][gc,heap     ] GC(39) Old regions: 901->901
[2026-07-18T17:02:04.182+0000][info][gc,heap     ] GC(39) Humongous regions: 34->34
[2026-07-18T17:02:04.182+0000][info][gc,metaspace] GC(39) Metaspace: 405K(576K)->405K(576K) NonClass: 375K(448K)->375K(448K) Class: 29K(128K)->29K(128K)
[2026-07-18T17:02:04.182+0000][info][gc          ] GC(39) Pause Young (Normal) (G1 Evacuation Pause) 1424M->934M(1500M) 4.111ms
[2026-07-18T17:02:04.182+0000][info][gc,cpu      ] GC(39) User=0.00s Sys=0.00s Real=0.01s
[2026-07-18T17:02:04.189+0000][info][gc,marking  ] GC(38) Concurrent Mark From Roots 162.736ms
[2026-07-18T17:02:04.189+0000][info][gc,marking  ] GC(38) Concurrent Preclean
[2026-07-18T17:02:04.189+0000][info][gc,marking  ] GC(38) Concurrent Preclean 0.180ms
[2026-07-18T17:02:04.189+0000][info][gc,start    ] GC(38) Pause Remark
[2026-07-18T17:02:04.190+0000][info][gc          ] GC(38) Pause Remark 954M->954M(1500M) 0.557ms
[2026-07-18T17:02:04.190+0000][info][gc,cpu      ] GC(38) User=0.00s Sys=0.00s Real=0.00s
[2026-07-18T17:02:04.190+0000][info][gc,marking  ] GC(38) Concurrent Mark 164.121ms
[2026-07-18T17:02:04.191+0000][info][gc,marking  ] GC(38) Concurrent Rebuild Remembered Sets and Scrub Regions
[2026-07-18T17:02:04.292+0000][info][gc,marking  ] GC(38) Concurrent Rebuild Remembered Sets and Scrub Regions 100.828ms
[2026-07-18T17:02:04.293+0000][info][gc,start    ] GC(38) Pause Cleanup
[2026-07-18T17:02:04.294+0000][info][gc          ] GC(38) Pause Cleanup 1278M->1278M(1500M) 0.516ms
[2026-07-18T17:02:04.294+0000][info][gc,cpu      ] GC(38) User=0.00s Sys=0.00s Real=0.00s
[2026-07-18T17:02:04.294+0000][info][gc,marking  ] GC(38) Concurrent Clear Claimed Marks
[2026-07-18T17:02:04.298+0000][info][gc,marking  ] GC(38) Concurrent Clear Claimed Marks 3.614ms
[2026-07-18T17:02:04.298+0000][info][gc,marking  ] GC(38) Concurrent Cleanup for Next Mark
[2026-07-18T17:02:04.299+0000][info][gc,marking  ] GC(38) Concurrent Cleanup for Next Mark 1.278ms
[2026-07-18T17:02:04.299+0000][info][gc          ] GC(38) Concurrent Mark Cycle 273.661ms
[2026-07-18T17:02:04.333+0000][info][gc,start    ] GC(40) Pause Young (Prepare Mixed) (G1 Evacuation Pause)
[2026-07-18T17:02:04.333+0000][info][gc,task     ] GC(40) Using 4 workers of 4 for evacuation
[2026-07-18T17:02:04.334+0000][info][gc,phases   ] GC(40)   Pre Evacuate Collection Set: 0.40ms
[2026-07-18T17:02:04.334+0000][info][gc,phases   ] GC(40)   Merge Heap Roots: 0.08ms
[2026-07-18T17:02:04.334+0000][info][gc,phases   ] GC(40)   Evacuate Collection Set: 0.23ms
[2026-07-18T17:02:04.334+0000][info][gc,phases   ] GC(40)   Post Evacuate Collection Set: 0.58ms
[2026-07-18T17:02:04.335+0000][info][gc,phases   ] GC(40)   Other: 0.17ms
[2026-07-18T17:02:04.335+0000][info][gc,heap     ] GC(40) Eden regions: 490->0(490)
[2026-07-18T17:02:04.335+0000][info][gc,heap     ] GC(40) Survivor regions: 0->0(62)
[2026-07-18T17:02:04.335+0000][info][gc,heap     ] GC(40) Old regions: 901->901
[2026-07-18T17:02:04.335+0000][info][gc,heap     ] GC(40) Humongous regions: 34->34
[2026-07-18T17:02:04.335+0000][info][gc,metaspace] GC(40) Metaspace: 405K(576K)->405K(576K) NonClass: 375K(448K)->375K(448K) Class: 29K(128K)->29K(128K)
[2026-07-18T17:02:04.335+0000][info][gc          ] GC(40) Pause Young (Prepare Mixed) (G1 Evacuation Pause) 1424M->934M(1500M) 2.343ms
[2026-07-18T17:02:04.335+0000][info][gc,cpu      ] GC(40) User=0.00s Sys=0.00s Real=0.00s
[2026-07-18T17:02:04.453+0000][info][gc,start    ] GC(41) Pause Young (Mixed) (G1 Evacuation Pause)
[2026-07-18T17:02:04.453+0000][info][gc,task     ] GC(41) Using 4 workers of 4 for evacuation
[2026-07-18T17:02:04.454+0000][info][gc,phases   ] GC(41)   Pre Evacuate Collection Set: 0.16ms
[2026-07-18T17:02:04.454+0000][info][gc,phases   ] GC(41)   Merge Heap Roots: 0.04ms
[2026-07-18T17:02:04.454+0000][info][gc,phases   ] GC(41)   Evacuate Collection Set: 0.53ms
[2026-07-18T17:02:04.454+0000][info][gc,phases   ] GC(41)   Post Evacuate Collection Set: 0.19ms
[2026-07-18T17:02:04.454+0000][info][gc,phases   ] GC(41)   Other: 0.05ms
[2026-07-18T17:02:04.454+0000][info][gc,heap     ] GC(41) Eden regions: 490->0(491)
[2026-07-18T17:02:04.455+0000][info][gc,heap     ] GC(41) Survivor regions: 0->0(62)
[2026-07-18T17:02:04.455+0000][info][gc,heap     ] GC(41) Old regions: 901->900
[2026-07-18T17:02:04.455+0000][info][gc,heap     ] GC(41) Humongous regions: 34->34
[2026-07-18T17:02:04.455+0000][info][gc,metaspace] GC(41) Metaspace: 405K(576K)->405K(576K) NonClass: 375K(448K)->375K(448K) Class: 29K(128K)->29K(128K)
[2026-07-18T17:02:04.455+0000][info][gc          ] GC(41) Pause Young (Mixed) (G1 Evacuation Pause) 1424M->933M(1500M) 1.279ms
[2026-07-18T17:02:04.455+0000][info][gc,cpu      ] GC(41) User=0.01s Sys=0.00s Real=0.00s
[2026-07-18T17:02:04.572+0000][info][gc,start    ] GC(42) Pause Young (Concurrent Start) (G1 Evacuation Pause)
[2026-07-18T17:02:04.572+0000][info][gc,task     ] GC(42) Using 4 workers of 4 for evacuation
[2026-07-18T17:02:04.574+0000][info][gc,phases   ] GC(42)   Pre Evacuate Collection Set: 0.40ms
[2026-07-18T17:02:04.574+0000][info][gc,phases   ] GC(42)   Merge Heap Roots: 0.12ms
[2026-07-18T17:02:04.574+0000][info][gc,phases   ] GC(42)   Evacuate Collection Set: 0.40ms
[2026-07-18T17:02:04.574+0000][info][gc,phases   ] GC(42)   Post Evacuate Collection Set: 0.34ms
[2026-07-18T17:02:04.574+0000][info][gc,phases   ] GC(42)   Other: 0.64ms
[2026-07-18T17:02:04.574+0000][info][gc,heap     ] GC(42) Eden regions: 491->0(491)
[2026-07-18T17:02:04.575+0000][info][gc,heap     ] GC(42) Survivor regions: 0->0(62)
[2026-07-18T17:02:04.575+0000][info][gc,heap     ] GC(42) Old regions: 900->900
[2026-07-18T17:02:04.575+0000][info][gc,heap     ] GC(42) Humongous regions: 34->34
[2026-07-18T17:02:04.575+0000][info][gc,metaspace] GC(42) Metaspace: 405K(576K)->405K(576K) NonClass: 375K(448K)->375K(448K) Class: 29K(128K)->29K(128K)
[2026-07-18T17:02:04.575+0000][info][gc          ] GC(42) Pause Young (Concurrent Start) (G1 Evacuation Pause) 1424M->933M(1500M) 3.283ms
[2026-07-18T17:02:04.575+0000][info][gc,cpu      ] GC(42) User=0.00s Sys=0.00s Real=0.01s
[2026-07-18T17:02:04.575+0000][info][gc          ] GC(43) Concurrent Mark Cycle
[2026-07-18T17:02:04.577+0000][info][gc,marking  ] GC(43) Concurrent Scan Root Regions
[2026-07-18T17:02:04.578+0000][info][gc,marking  ] GC(43) Concurrent Scan Root Regions 0.116ms
[2026-07-18T17:02:04.578+0000][info][gc,marking  ] GC(43) Concurrent Mark
[2026-07-18T17:02:04.578+0000][info][gc,marking  ] GC(43) Concurrent Mark From Roots
[2026-07-18T17:02:04.578+0000][info][gc,task     ] GC(43) Using 1 workers of 1 for marking
[2026-07-18T17:02:04.702+0000][info][gc,start    ] GC(44) Pause Young (Normal) (G1 Evacuation Pause)
[2026-07-18T17:02:04.702+0000][info][gc,task     ] GC(44) Using 4 workers of 4 for evacuation
[2026-07-18T17:02:04.704+0000][info][gc,phases   ] GC(44)   Pre Evacuate Collection Set: 0.41ms
[2026-07-18T17:02:04.704+0000][info][gc,phases   ] GC(44)   Merge Heap Roots: 0.10ms
[2026-07-18T17:02:04.704+0000][info][gc,phases   ] GC(44)   Evacuate Collection Set: 0.16ms
[2026-07-18T17:02:04.704+0000][info][gc,phases   ] GC(44)   Post Evacuate Collection Set: 0.81ms
[2026-07-18T17:02:04.704+0000][info][gc,phases   ] GC(44)   Other: 0.14ms
[2026-07-18T17:02:04.704+0000][info][gc,heap     ] GC(44) Eden regions: 491->0(491)
[2026-07-18T17:02:04.705+0000][info][gc,heap     ] GC(44) Survivor regions: 0->0(62)
[2026-07-18T17:02:04.705+0000][info][gc,heap     ] GC(44) Old regions: 900->900
[2026-07-18T17:02:04.705+0000][info][gc,heap     ] GC(44) Humongous regions: 34->34
[2026-07-18T17:02:04.705+0000][info][gc,metaspace] GC(44) Metaspace: 405K(576K)->405K(576K) NonClass: 375K(448K)->375K(448K) Class: 29K(128K)->29K(128K)
[2026-07-18T17:02:04.705+0000][info][gc          ] GC(44) Pause Young (Normal) (G1 Evacuation Pause) 1424M->933M(1500M) 2.966ms
[2026-07-18T17:02:04.705+0000][info][gc,cpu      ] GC(44) User=0.00s Sys=0.00s Real=0.00s
[2026-07-18T17:02:04.719+0000][info][gc,marking  ] GC(43) Concurrent Mark From Roots 141.223ms
[2026-07-18T17:02:04.719+0000][info][gc,marking  ] GC(43) Concurrent Preclean
[2026-07-18T17:02:04.719+0000][info][gc,marking  ] GC(43) Concurrent Preclean 0.149ms
[2026-07-18T17:02:04.719+0000][info][gc,start    ] GC(43) Pause Remark
[2026-07-18T17:02:04.721+0000][info][gc          ] GC(43) Pause Remark 1003M->1003M(1500M) 1.162ms
[2026-07-18T17:02:04.721+0000][info][gc,cpu      ] GC(43) User=0.00s Sys=0.00s Real=0.00s
[2026-07-18T17:02:04.721+0000][info][gc,marking  ] GC(43) Concurrent Mark 143.186ms
[2026-07-18T17:02:04.721+0000][info][gc,marking  ] GC(43) Concurrent Rebuild Remembered Sets and Scrub Regions
[2026-07-18T17:02:04.808+0000][info][gc,marking  ] GC(43) Concurrent Rebuild Remembered Sets and Scrub Regions 87.231ms
[2026-07-18T17:02:04.809+0000][info][gc,start    ] GC(43) Pause Cleanup
[2026-07-18T17:02:04.810+0000][info][gc          ] GC(43) Pause Cleanup 1298M->1298M(1500M) 0.317ms
[2026-07-18T17:02:04.810+0000][info][gc,cpu      ] GC(43) User=0.00s Sys=0.00s Real=0.00s
[2026-07-18T17:02:04.810+0000][info][gc,marking  ] GC(43) Concurrent Clear Claimed Marks
[2026-07-18T17:02:04.811+0000][info][gc,marking  ] GC(43) Concurrent Clear Claimed Marks 0.958ms
[2026-07-18T17:02:04.811+0000][info][gc,marking  ] GC(43) Concurrent Cleanup for Next Mark
[2026-07-18T17:02:04.812+0000][info][gc,marking  ] GC(43) Concurrent Cleanup for Next Mark 0.790ms
[2026-07-18T17:02:04.812+0000][info][gc          ] GC(43) Concurrent Mark Cycle 236.530ms
[2026-07-18T17:02:04.842+0000][info][gc,start    ] GC(45) Pause Young (Prepare Mixed) (G1 Evacuation Pause)
[2026-07-18T17:02:04.842+0000][info][gc,task     ] GC(45) Using 4 workers of 4 for evacuation
[2026-07-18T17:02:04.843+0000][info][gc,phases   ] GC(45)   Pre Evacuate Collection Set: 0.17ms
[2026-07-18T17:02:04.843+0000][info][gc,phases   ] GC(45)   Merge Heap Roots: 0.06ms
[2026-07-18T17:02:04.844+0000][info][gc,phases   ] GC(45)   Evacuate Collection Set: 0.49ms
[2026-07-18T17:02:04.844+0000][info][gc,phases   ] GC(45)   Post Evacuate Collection Set: 0.77ms
[2026-07-18T17:02:04.844+0000][info][gc,phases   ] GC(45)   Other: 0.17ms
[2026-07-18T17:02:04.844+0000][info][gc,heap     ] GC(45) Eden regions: 491->0(491)
[2026-07-18T17:02:04.844+0000][info][gc,heap     ] GC(45) Survivor regions: 0->0(62)
[2026-07-18T17:02:04.845+0000][info][gc,heap     ] GC(45) Old regions: 900->900
[2026-07-18T17:02:04.845+0000][info][gc,heap     ] GC(45) Humongous regions: 34->34
[2026-07-18T17:02:04.845+0000][info][gc,metaspace] GC(45) Metaspace: 405K(576K)->405K(576K) NonClass: 375K(448K)->375K(448K) Class: 29K(128K)->29K(128K)
[2026-07-18T17:02:04.845+0000][info][gc          ] GC(45) Pause Young (Prepare Mixed) (G1 Evacuation Pause) 1424M->933M(1500M) 3.296ms
[2026-07-18T17:02:04.845+0000][info][gc,cpu      ] GC(45) User=0.00s Sys=0.00s Real=0.01s
[2026-07-18T17:02:04.999+0000][info][gc,start    ] GC(46) Pause Young (Mixed) (G1 Evacuation Pause)
[2026-07-18T17:02:04.999+0000][info][gc,task     ] GC(46) Using 4 workers of 4 for evacuation
[2026-07-18T17:02:05.002+0000][info][gc,phases   ] GC(46)   Pre Evacuate Collection Set: 1.75ms
[2026-07-18T17:02:05.002+0000][info][gc,phases   ] GC(46)   Merge Heap Roots: 0.05ms
[2026-07-18T17:02:05.002+0000][info][gc,phases   ] GC(46)   Evacuate Collection Set: 1.05ms
[2026-07-18T17:02:05.003+0000][info][gc,phases   ] GC(46)   Post Evacuate Collection Set: 0.33ms
[2026-07-18T17:02:05.003+0000][info][gc,phases   ] GC(46)   Other: 0.19ms
[2026-07-18T17:02:05.003+0000][info][gc,heap     ] GC(46) Eden regions: 491->0(492)
[2026-07-18T17:02:05.003+0000][info][gc,heap     ] GC(46) Survivor regions: 0->0(62)
[2026-07-18T17:02:05.003+0000][info][gc,heap     ] GC(46) Old regions: 900->899
[2026-07-18T17:02:05.003+0000][info][gc,heap     ] GC(46) Humongous regions: 34->34
[2026-07-18T17:02:05.003+0000][info][gc,metaspace] GC(46) Metaspace: 405K(576K)->405K(576K) NonClass: 375K(448K)->375K(448K) Class: 29K(128K)->29K(128K)
[2026-07-18T17:02:05.003+0000][info][gc          ] GC(46) Pause Young (Mixed) (G1 Evacuation Pause) 1424M->932M(1500M) 4.146ms
[2026-07-18T17:02:05.003+0000][info][gc,cpu      ] GC(46) User=0.00s Sys=0.00s Real=0.01s
[2026-07-18T17:02:05.116+0000][info][gc,start    ] GC(47) Pause Young (Concurrent Start) (G1 Evacuation Pause)
[2026-07-18T17:02:05.116+0000][info][gc,task     ] GC(47) Using 4 workers of 4 for evacuation
[2026-07-18T17:02:05.117+0000][info][gc,phases   ] GC(47)   Pre Evacuate Collection Set: 0.26ms
[2026-07-18T17:02:05.117+0000][info][gc,phases   ] GC(47)   Merge Heap Roots: 0.06ms
[2026-07-18T17:02:05.117+0000][info][gc,phases   ] GC(47)   Evacuate Collection Set: 0.13ms
[2026-07-18T17:02:05.117+0000][info][gc,phases   ] GC(47)   Post Evacuate Collection Set: 0.26ms
[2026-07-18T17:02:05.117+0000][info][gc,phases   ] GC(47)   Other: 0.10ms
[2026-07-18T17:02:05.117+0000][info][gc,heap     ] GC(47) Eden regions: 492->0(492)
[2026-07-18T17:02:05.117+0000][info][gc,heap     ] GC(47) Survivor regions: 0->0(62)
[2026-07-18T17:02:05.117+0000][info][gc,heap     ] GC(47) Old regions: 899->899
[2026-07-18T17:02:05.117+0000][info][gc,heap     ] GC(47) Humongous regions: 34->34
[2026-07-18T17:02:05.117+0000][info][gc,metaspace] GC(47) Metaspace: 405K(576K)->405K(576K) NonClass: 375K(448K)->375K(448K) Class: 29K(128K)->29K(128K)
[2026-07-18T17:02:05.117+0000][info][gc          ] GC(47) Pause Young (Concurrent Start) (G1 Evacuation Pause) 1424M->932M(1500M) 1.124ms
[2026-07-18T17:02:05.117+0000][info][gc,cpu      ] GC(47) User=0.01s Sys=0.00s Real=0.00s
[2026-07-18T17:02:05.117+0000][info][gc          ] GC(48) Concurrent Mark Cycle
[2026-07-18T17:02:05.120+0000][info][gc,marking  ] GC(48) Concurrent Scan Root Regions
[2026-07-18T17:02:05.120+0000][info][gc,marking  ] GC(48) Concurrent Scan Root Regions 0.098ms
[2026-07-18T17:02:05.120+0000][info][gc,marking  ] GC(48) Concurrent Mark
[2026-07-18T17:02:05.120+0000][info][gc,marking  ] GC(48) Concurrent Mark From Roots
[2026-07-18T17:02:05.120+0000][info][gc,task     ] GC(48) Using 1 workers of 1 for marking
[2026-07-18T17:02:05.227+0000][info][gc,start    ] GC(49) Pause Young (Normal) (G1 Evacuation Pause)
[2026-07-18T17:02:05.228+0000][info][gc,task     ] GC(49) Using 4 workers of 4 for evacuation
[2026-07-18T17:02:05.229+0000][info][gc,phases   ] GC(49)   Pre Evacuate Collection Set: 0.23ms
[2026-07-18T17:02:05.229+0000][info][gc,phases   ] GC(49)   Merge Heap Roots: 0.06ms
[2026-07-18T17:02:05.229+0000][info][gc,phases   ] GC(49)   Evacuate Collection Set: 0.11ms
[2026-07-18T17:02:05.229+0000][info][gc,phases   ] GC(49)   Post Evacuate Collection Set: 0.77ms
[2026-07-18T17:02:05.229+0000][info][gc,phases   ] GC(49)   Other: 0.10ms
[2026-07-18T17:02:05.229+0000][info][gc,heap     ] GC(49) Eden regions: 492->0(492)
[2026-07-18T17:02:05.229+0000][info][gc,heap     ] GC(49) Survivor regions: 0->0(62)
[2026-07-18T17:02:05.229+0000][info][gc,heap     ] GC(49) Old regions: 899->899
[2026-07-18T17:02:05.229+0000][info][gc,heap     ] GC(49) Humongous regions: 34->34
[2026-07-18T17:02:05.229+0000][info][gc,metaspace] GC(49) Metaspace: 405K(576K)->405K(576K) NonClass: 375K(448K)->375K(448K) Class: 29K(128K)->29K(128K)
[2026-07-18T17:02:05.230+0000][info][gc          ] GC(49) Pause Young (Normal) (G1 Evacuation Pause) 1424M->932M(1500M) 2.101ms
[2026-07-18T17:02:05.230+0000][info][gc,cpu      ] GC(49) User=0.01s Sys=0.00s Real=0.00s
[2026-07-18T17:02:05.249+0000][info][gc,marking  ] GC(48) Concurrent Mark From Roots 128.997ms
[2026-07-18T17:02:05.250+0000][info][gc,marking  ] GC(48) Concurrent Preclean
[2026-07-18T17:02:05.250+0000][info][gc,marking  ] GC(48) Concurrent Preclean 0.074ms
[2026-07-18T17:02:05.250+0000][info][gc,start    ] GC(48) Pause Remark
[2026-07-18T17:02:05.251+0000][info][gc          ] GC(48) Pause Remark 1004M->1004M(1500M) 0.682ms
[2026-07-18T17:02:05.251+0000][info][gc,cpu      ] GC(48) User=0.00s Sys=0.00s Real=0.00s
[2026-07-18T17:02:05.251+0000][info][gc,marking  ] GC(48) Concurrent Mark 130.778ms
[2026-07-18T17:02:05.251+0000][info][gc,marking  ] GC(48) Concurrent Rebuild Remembered Sets and Scrub Regions
[2026-07-18T17:02:05.329+0000][info][gc,marking  ] GC(48) Concurrent Rebuild Remembered Sets and Scrub Regions 77.933ms
[2026-07-18T17:02:05.330+0000][info][gc,start    ] GC(48) Pause Cleanup
[2026-07-18T17:02:05.330+0000][info][gc          ] GC(48) Pause Cleanup 1296M->1296M(1500M) 0.380ms
[2026-07-18T17:02:05.330+0000][info][gc,cpu      ] GC(48) User=0.00s Sys=0.00s Real=0.00s
[2026-07-18T17:02:05.330+0000][info][gc,marking  ] GC(48) Concurrent Clear Claimed Marks
[2026-07-18T17:02:05.330+0000][info][gc,marking  ] GC(48) Concurrent Clear Claimed Marks 0.039ms
[2026-07-18T17:02:05.330+0000][info][gc,marking  ] GC(48) Concurrent Cleanup for Next Mark
[2026-07-18T17:02:05.331+0000][info][gc,marking  ] GC(48) Concurrent Cleanup for Next Mark 0.656ms
[2026-07-18T17:02:05.331+0000][info][gc          ] GC(48) Concurrent Mark Cycle 214.026ms
[2026-07-18T17:02:05.381+0000][info][gc,start    ] GC(50) Pause Young (Prepare Mixed) (G1 Evacuation Pause)
[2026-07-18T17:02:05.381+0000][info][gc,task     ] GC(50) Using 4 workers of 4 for evacuation
[2026-07-18T17:02:05.384+0000][info][gc,phases   ] GC(50)   Pre Evacuate Collection Set: 1.08ms
[2026-07-18T17:02:05.384+0000][info][gc,phases   ] GC(50)   Merge Heap Roots: 0.15ms
[2026-07-18T17:02:05.384+0000][info][gc,phases   ] GC(50)   Evacuate Collection Set: 0.62ms
[2026-07-18T17:02:05.384+0000][info][gc,phases   ] GC(50)   Post Evacuate Collection Set: 0.60ms
[2026-07-18T17:02:05.384+0000][info][gc,phases   ] GC(50)   Other: 0.26ms
[2026-07-18T17:02:05.384+0000][info][gc,heap     ] GC(50) Eden regions: 492->0(492)
[2026-07-18T17:02:05.384+0000][info][gc,heap     ] GC(50) Survivor regions: 0->0(62)
[2026-07-18T17:02:05.385+0000][info][gc,heap     ] GC(50) Old regions: 899->899
[2026-07-18T17:02:05.385+0000][info][gc,heap     ] GC(50) Humongous regions: 34->34
[2026-07-18T17:02:05.385+0000][info][gc,metaspace] GC(50) Metaspace: 405K(576K)->405K(576K) NonClass: 375K(448K)->375K(448K) Class: 29K(128K)->29K(128K)
[2026-07-18T17:02:05.385+0000][info][gc          ] GC(50) Pause Young (Prepare Mixed) (G1 Evacuation Pause) 1424M->932M(1500M) 3.144ms
[2026-07-18T17:02:05.385+0000][info][gc,cpu      ] GC(50) User=0.01s Sys=0.00s Real=0.01s
[2026-07-18T17:02:05.574+0000][info][gc,start    ] GC(51) Pause Young (Mixed) (G1 Evacuation Pause)
[2026-07-18T17:02:05.574+0000][info][gc,task     ] GC(51) Using 4 workers of 4 for evacuation
[2026-07-18T17:02:05.577+0000][info][gc,phases   ] GC(51)   Pre Evacuate Collection Set: 0.39ms
[2026-07-18T17:02:05.577+0000][info][gc,phases   ] GC(51)   Merge Heap Roots: 0.08ms
[2026-07-18T17:02:05.577+0000][info][gc,phases   ] GC(51)   Evacuate Collection Set: 0.98ms
[2026-07-18T17:02:05.577+0000][info][gc,phases   ] GC(51)   Post Evacuate Collection Set: 0.77ms
[2026-07-18T17:02:05.577+0000][info][gc,phases   ] GC(51)   Other: 0.50ms
[2026-07-18T17:02:05.577+0000][info][gc,heap     ] GC(51) Eden regions: 492->0(493)
[2026-07-18T17:02:05.577+0000][info][gc,heap     ] GC(51) Survivor regions: 0->0(62)
[2026-07-18T17:02:05.577+0000][info][gc,heap     ] GC(51) Old regions: 899->898
[2026-07-18T17:02:05.577+0000][info][gc,heap     ] GC(51) Humongous regions: 34->34
[2026-07-18T17:02:05.578+0000][info][gc,metaspace] GC(51) Metaspace: 405K(576K)->405K(576K) NonClass: 375K(448K)->375K(448K) Class: 29K(128K)->29K(128K)
[2026-07-18T17:02:05.578+0000][info][gc          ] GC(51) Pause Young (Mixed) (G1 Evacuation Pause) 1424M->931M(1500M) 4.226ms
[2026-07-18T17:02:05.578+0000][info][gc,cpu      ] GC(51) User=0.01s Sys=0.00s Real=0.00s
[2026-07-18T17:02:05.874+0000][info][gc,start    ] GC(52) Pause Young (Concurrent Start) (G1 Evacuation Pause)
[2026-07-18T17:02:05.878+0000][info][gc,task     ] GC(52) Using 4 workers of 4 for evacuation
[2026-07-18T17:02:05.882+0000][info][gc,phases   ] GC(52)   Pre Evacuate Collection Set: 0.72ms
[2026-07-18T17:02:05.882+0000][info][gc,phases   ] GC(52)   Merge Heap Roots: 0.20ms
[2026-07-18T17:02:05.883+0000][info][gc,phases   ] GC(52)   Evacuate Collection Set: 2.05ms
[2026-07-18T17:02:05.883+0000][info][gc,phases   ] GC(52)   Post Evacuate Collection Set: 1.32ms
[2026-07-18T17:02:05.883+0000][info][gc,phases   ] GC(52)   Other: 0.49ms
[2026-07-18T17:02:05.883+0000][info][gc,heap     ] GC(52) Eden regions: 493->0(493)
[2026-07-18T17:02:05.883+0000][info][gc,heap     ] GC(52) Survivor regions: 0->0(62)
[2026-07-18T17:02:05.884+0000][info][gc,heap     ] GC(52) Old regions: 898->898
[2026-07-18T17:02:05.884+0000][info][gc,heap     ] GC(52) Humongous regions: 34->34
[2026-07-18T17:02:05.884+0000][info][gc,metaspace] GC(52) Metaspace: 405K(576K)->405K(576K) NonClass: 375K(448K)->375K(448K) Class: 29K(128K)->29K(128K)
[2026-07-18T17:02:05.884+0000][info][gc          ] GC(52) Pause Young (Concurrent Start) (G1 Evacuation Pause) 1424M->931M(1500M) 9.960ms
[2026-07-18T17:02:05.885+0000][info][gc,cpu      ] GC(52) User=0.01s Sys=0.00s Real=0.01s
[2026-07-18T17:02:05.885+0000][info][gc          ] GC(53) Concurrent Mark Cycle
[2026-07-18T17:02:05.885+0000][info][gc,marking  ] GC(53) Concurrent Scan Root Regions
[2026-07-18T17:02:05.885+0000][info][gc,marking  ] GC(53) Concurrent Scan Root Regions 0.438ms
[2026-07-18T17:02:05.885+0000][info][gc,marking  ] GC(53) Concurrent Mark
[2026-07-18T17:02:05.886+0000][info][gc,marking  ] GC(53) Concurrent Mark From Roots
[2026-07-18T17:02:05.886+0000][info][gc,task     ] GC(53) Using 1 workers of 1 for marking
[2026-07-18T17:02:06.291+0000][info][gc,start    ] GC(54) Pause Young (Normal) (G1 Evacuation Pause)
[2026-07-18T17:02:06.291+0000][info][gc,task     ] GC(54) Using 4 workers of 4 for evacuation
[2026-07-18T17:02:06.295+0000][info][gc,phases   ] GC(54)   Pre Evacuate Collection Set: 1.85ms
[2026-07-18T17:02:06.295+0000][info][gc,phases   ] GC(54)   Merge Heap Roots: 0.10ms
[2026-07-18T17:02:06.296+0000][info][gc,phases   ] GC(54)   Evacuate Collection Set: 0.32ms
[2026-07-18T17:02:06.296+0000][info][gc,phases   ] GC(54)   Post Evacuate Collection Set: 1.18ms
[2026-07-18T17:02:06.296+0000][info][gc,phases   ] GC(54)   Other: 0.20ms
[2026-07-18T17:02:06.296+0000][info][gc,heap     ] GC(54) Eden regions: 493->0(493)
[2026-07-18T17:02:06.296+0000][info][gc,heap     ] GC(54) Survivor regions: 0->0(62)
[2026-07-18T17:02:06.296+0000][info][gc,heap     ] GC(54) Old regions: 898->898
[2026-07-18T17:02:06.296+0000][info][gc,heap     ] GC(54) Humongous regions: 34->34
[2026-07-18T17:02:06.296+0000][info][gc,metaspace] GC(54) Metaspace: 405K(576K)->405K(576K) NonClass: 375K(448K)->375K(448K) Class: 29K(128K)->29K(128K)
[2026-07-18T17:02:06.296+0000][info][gc          ] GC(54) Pause Young (Normal) (G1 Evacuation Pause) 1424M->931M(1500M) 5.167ms
[2026-07-18T17:02:06.296+0000][info][gc,cpu      ] GC(54) User=0.00s Sys=0.00s Real=0.01s
[2026-07-18T17:02:06.325+0000][info][gc,marking  ] GC(53) Concurrent Mark From Roots 439.090ms
[2026-07-18T17:02:06.325+0000][info][gc,marking  ] GC(53) Concurrent Preclean
[2026-07-18T17:02:06.327+0000][info][gc,marking  ] GC(53) Concurrent Preclean 1.822ms
[2026-07-18T17:02:06.329+0000][info][gc,start    ] GC(53) Pause Remark
[2026-07-18T17:02:06.331+0000][info][gc          ] GC(53) Pause Remark 979M->979M(1500M) 2.180ms
[2026-07-18T17:02:06.331+0000][info][gc,cpu      ] GC(53) User=0.00s Sys=0.00s Real=0.00s
[2026-07-18T17:02:06.332+0000][info][gc,marking  ] GC(53) Concurrent Mark 446.297ms
[2026-07-18T17:02:06.332+0000][info][gc,marking  ] GC(53) Concurrent Rebuild Remembered Sets and Scrub Regions
[2026-07-18T17:02:06.482+0000][info][gc,marking  ] GC(53) Concurrent Rebuild Remembered Sets and Scrub Regions 150.237ms
[2026-07-18T17:02:06.483+0000][info][gc,start    ] GC(53) Pause Cleanup
[2026-07-18T17:02:06.486+0000][info][gc          ] GC(53) Pause Cleanup 1314M->1314M(1500M) 3.107ms
[2026-07-18T17:02:06.486+0000][info][gc,cpu      ] GC(53) User=0.00s Sys=0.00s Real=0.00s
[2026-07-18T17:02:06.487+0000][info][gc,marking  ] GC(53) Concurrent Clear Claimed Marks
[2026-07-18T17:02:06.487+0000][info][gc,marking  ] GC(53) Concurrent Clear Claimed Marks 0.046ms
[2026-07-18T17:02:06.488+0000][info][gc,marking  ] GC(53) Concurrent Cleanup for Next Mark
[2026-07-18T17:02:06.499+0000][info][gc,marking  ] GC(53) Concurrent Cleanup for Next Mark 11.111ms
[2026-07-18T17:02:06.499+0000][info][gc          ] GC(53) Concurrent Mark Cycle 614.536ms
[2026-07-18T17:02:06.523+0000][info][gc,start    ] GC(55) Pause Young (Prepare Mixed) (G1 Evacuation Pause)
[2026-07-18T17:02:06.523+0000][info][gc,task     ] GC(55) Using 4 workers of 4 for evacuation
[2026-07-18T17:02:06.527+0000][info][gc,phases   ] GC(55)   Pre Evacuate Collection Set: 0.20ms
[2026-07-18T17:02:06.527+0000][info][gc,phases   ] GC(55)   Merge Heap Roots: 0.07ms
[2026-07-18T17:02:06.527+0000][info][gc,phases   ] GC(55)   Evacuate Collection Set: 2.49ms
[2026-07-18T17:02:06.527+0000][info][gc,phases   ] GC(55)   Post Evacuate Collection Set: 0.76ms
[2026-07-18T17:02:06.527+0000][info][gc,phases   ] GC(55)   Other: 0.17ms
[2026-07-18T17:02:06.527+0000][info][gc,heap     ] GC(55) Eden regions: 493->0(493)
[2026-07-18T17:02:06.527+0000][info][gc,heap     ] GC(55) Survivor regions: 0->0(62)
[2026-07-18T17:02:06.527+0000][info][gc,heap     ] GC(55) Old regions: 898->898
[2026-07-18T17:02:06.527+0000][info][gc,heap     ] GC(55) Humongous regions: 34->34
[2026-07-18T17:02:06.527+0000][info][gc,metaspace] GC(55) Metaspace: 405K(576K)->405K(576K) NonClass: 375K(448K)->375K(448K) Class: 29K(128K)->29K(128K)
[2026-07-18T17:02:06.528+0000][info][gc          ] GC(55) Pause Young (Prepare Mixed) (G1 Evacuation Pause) 1424M->931M(1500M) 4.928ms
[2026-07-18T17:02:06.528+0000][info][gc,cpu      ] GC(55) User=0.01s Sys=0.00s Real=0.00s
[2026-07-18T17:02:06.708+0000][info][gc,start    ] GC(56) Pause Young (Mixed) (G1 Evacuation Pause)
[2026-07-18T17:02:06.708+0000][info][gc,task     ] GC(56) Using 4 workers of 4 for evacuation
[2026-07-18T17:02:06.711+0000][info][gc,phases   ] GC(56)   Pre Evacuate Collection Set: 0.27ms
[2026-07-18T17:02:06.712+0000][info][gc,phases   ] GC(56)   Merge Heap Roots: 0.10ms
[2026-07-18T17:02:06.712+0000][info][gc,phases   ] GC(56)   Evacuate Collection Set: 1.74ms
[2026-07-18T17:02:06.712+0000][info][gc,phases   ] GC(56)   Post Evacuate Collection Set: 0.65ms
[2026-07-18T17:02:06.712+0000][info][gc,phases   ] GC(56)   Other: 0.24ms
[2026-07-18T17:02:06.712+0000][info][gc,heap     ] GC(56) Eden regions: 493->0(494)
[2026-07-18T17:02:06.712+0000][info][gc,heap     ] GC(56) Survivor regions: 0->0(62)
[2026-07-18T17:02:06.712+0000][info][gc,heap     ] GC(56) Old regions: 898->897
[2026-07-18T17:02:06.712+0000][info][gc,heap     ] GC(56) Humongous regions: 34->34
[2026-07-18T17:02:06.713+0000][info][gc,metaspace] GC(56) Metaspace: 405K(576K)->405K(576K) NonClass: 375K(448K)->375K(448K) Class: 29K(128K)->29K(128K)
[2026-07-18T17:02:06.713+0000][info][gc          ] GC(56) Pause Young (Mixed) (G1 Evacuation Pause) 1424M->930M(1500M) 4.422ms
[2026-07-18T17:02:06.713+0000][info][gc,cpu      ] GC(56) User=0.00s Sys=0.00s Real=0.01s
[2026-07-18T17:02:06.871+0000][info][gc,start    ] GC(57) Pause Young (Concurrent Start) (G1 Evacuation Pause)
[2026-07-18T17:02:06.872+0000][info][gc,task     ] GC(57) Using 4 workers of 4 for evacuation
[2026-07-18T17:02:06.874+0000][info][gc,phases   ] GC(57)   Pre Evacuate Collection Set: 0.60ms
[2026-07-18T17:02:06.874+0000][info][gc,phases   ] GC(57)   Merge Heap Roots: 0.22ms
[2026-07-18T17:02:06.874+0000][info][gc,phases   ] GC(57)   Evacuate Collection Set: 0.21ms
[2026-07-18T17:02:06.874+0000][info][gc,phases   ] GC(57)   Post Evacuate Collection Set: 1.06ms
[2026-07-18T17:02:06.874+0000][info][gc,phases   ] GC(57)   Other: 0.19ms
[2026-07-18T17:02:06.874+0000][info][gc,heap     ] GC(57) Eden regions: 494->0(494)
[2026-07-18T17:02:06.875+0000][info][gc,heap     ] GC(57) Survivor regions: 0->0(62)
[2026-07-18T17:02:06.875+0000][info][gc,heap     ] GC(57) Old regions: 897->897
[2026-07-18T17:02:06.875+0000][info][gc,heap     ] GC(57) Humongous regions: 34->34
[2026-07-18T17:02:06.875+0000][info][gc,metaspace] GC(57) Metaspace: 405K(576K)->405K(576K) NonClass: 375K(448K)->375K(448K) Class: 29K(128K)->29K(128K)
[2026-07-18T17:02:06.875+0000][info][gc          ] GC(57) Pause Young (Concurrent Start) (G1 Evacuation Pause) 1424M->930M(1500M) 3.349ms
[2026-07-18T17:02:06.875+0000][info][gc,cpu      ] GC(57) User=0.00s Sys=0.00s Real=0.01s
[2026-07-18T17:02:06.875+0000][info][gc          ] GC(58) Concurrent Mark Cycle
[2026-07-18T17:02:06.876+0000][info][gc,marking  ] GC(58) Concurrent Scan Root Regions
[2026-07-18T17:02:06.876+0000][info][gc,marking  ] GC(58) Concurrent Scan Root Regions 0.133ms
[2026-07-18T17:02:06.876+0000][info][gc,marking  ] GC(58) Concurrent Mark
[2026-07-18T17:02:06.876+0000][info][gc,marking  ] GC(58) Concurrent Mark From Roots
[2026-07-18T17:02:06.876+0000][info][gc,task     ] GC(58) Using 1 workers of 1 for marking
[2026-07-18T17:02:07.140+0000][info][gc,start    ] GC(59) Pause Young (Normal) (G1 Evacuation Pause)
[2026-07-18T17:02:07.140+0000][info][gc,task     ] GC(59) Using 4 workers of 4 for evacuation
[2026-07-18T17:02:07.142+0000][info][gc,phases   ] GC(59)   Pre Evacuate Collection Set: 0.42ms
[2026-07-18T17:02:07.142+0000][info][gc,phases   ] GC(59)   Merge Heap Roots: 0.25ms
[2026-07-18T17:02:07.142+0000][info][gc,phases   ] GC(59)   Evacuate Collection Set: 0.63ms
[2026-07-18T17:02:07.142+0000][info][gc,phases   ] GC(59)   Post Evacuate Collection Set: 0.54ms
[2026-07-18T17:02:07.143+0000][info][gc,phases   ] GC(59)   Other: 0.13ms
[2026-07-18T17:02:07.143+0000][info][gc,heap     ] GC(59) Eden regions: 494->0(494)
[2026-07-18T17:02:07.143+0000][info][gc,heap     ] GC(59) Survivor regions: 0->0(62)
[2026-07-18T17:02:07.143+0000][info][gc,heap     ] GC(59) Old regions: 897->897
[2026-07-18T17:02:07.143+0000][info][gc,heap     ] GC(59) Humongous regions: 34->34
[2026-07-18T17:02:07.143+0000][info][gc,metaspace] GC(59) Metaspace: 405K(576K)->405K(576K) NonClass: 375K(448K)->375K(448K) Class: 29K(128K)->29K(128K)
[2026-07-18T17:02:07.143+0000][info][gc          ] GC(59) Pause Young (Normal) (G1 Evacuation Pause) 1424M->930M(1500M) 2.859ms
[2026-07-18T17:02:07.143+0000][info][gc,cpu      ] GC(59) User=0.00s Sys=0.00s Real=0.01s
[2026-07-18T17:02:07.188+0000][info][gc,marking  ] GC(58) Concurrent Mark From Roots 311.705ms
[2026-07-18T17:02:07.188+0000][info][gc,marking  ] GC(58) Concurrent Preclean
[2026-07-18T17:02:07.188+0000][info][gc,marking  ] GC(58) Concurrent Preclean 0.177ms
[2026-07-18T17:02:07.189+0000][info][gc,start    ] GC(58) Pause Remark
[2026-07-18T17:02:07.189+0000][info][gc          ] GC(58) Pause Remark 1076M->1076M(1500M) 0.882ms
[2026-07-18T17:02:07.190+0000][info][gc,cpu      ] GC(58) User=0.00s Sys=0.00s Real=0.00s
[2026-07-18T17:02:07.190+0000][info][gc,marking  ] GC(58) Concurrent Mark 313.561ms
[2026-07-18T17:02:07.191+0000][info][gc,marking  ] GC(58) Concurrent Rebuild Remembered Sets and Scrub Regions
[2026-07-18T17:02:07.277+0000][info][gc,marking  ] GC(58) Concurrent Rebuild Remembered Sets and Scrub Regions 85.585ms
[2026-07-18T17:02:07.278+0000][info][gc,start    ] GC(58) Pause Cleanup
[2026-07-18T17:02:07.279+0000][info][gc          ] GC(58) Pause Cleanup 1391M->1391M(1500M) 0.860ms
[2026-07-18T17:02:07.279+0000][info][gc,cpu      ] GC(58) User=0.00s Sys=0.00s Real=0.00s
[2026-07-18T17:02:07.279+0000][info][gc,marking  ] GC(58) Concurrent Clear Claimed Marks
[2026-07-18T17:02:07.279+0000][info][gc,marking  ] GC(58) Concurrent Clear Claimed Marks 0.196ms
[2026-07-18T17:02:07.280+0000][info][gc,marking  ] GC(58) Concurrent Cleanup for Next Mark
[2026-07-18T17:02:07.281+0000][info][gc,marking  ] GC(58) Concurrent Cleanup for Next Mark 1.797ms
[2026-07-18T17:02:07.281+0000][info][gc          ] GC(58) Concurrent Mark Cycle 406.511ms
[2026-07-18T17:02:07.290+0000][info][gc,start    ] GC(60) Pause Young (Prepare Mixed) (G1 Evacuation Pause)
[2026-07-18T17:02:07.290+0000][info][gc,task     ] GC(60) Using 4 workers of 4 for evacuation
[2026-07-18T17:02:07.292+0000][info][gc,phases   ] GC(60)   Pre Evacuate Collection Set: 0.32ms
[2026-07-18T17:02:07.292+0000][info][gc,phases   ] GC(60)   Merge Heap Roots: 0.42ms
[2026-07-18T17:02:07.292+0000][info][gc,phases   ] GC(60)   Evacuate Collection Set: 0.47ms
[2026-07-18T17:02:07.292+0000][info][gc,phases   ] GC(60)   Post Evacuate Collection Set: 0.52ms
[2026-07-18T17:02:07.292+0000][info][gc,phases   ] GC(60)   Other: 0.19ms
[2026-07-18T17:02:07.293+0000][info][gc,heap     ] GC(60) Eden regions: 494->0(494)
[2026-07-18T17:02:07.293+0000][info][gc,heap     ] GC(60) Survivor regions: 0->0(62)
[2026-07-18T17:02:07.293+0000][info][gc,heap     ] GC(60) Old regions: 897->897
[2026-07-18T17:02:07.293+0000][info][gc,heap     ] GC(60) Humongous regions: 34->34
[2026-07-18T17:02:07.293+0000][info][gc,metaspace] GC(60) Metaspace: 405K(576K)->405K(576K) NonClass: 375K(448K)->375K(448K) Class: 29K(128K)->29K(128K)
[2026-07-18T17:02:07.293+0000][info][gc          ] GC(60) Pause Young (Prepare Mixed) (G1 Evacuation Pause) 1424M->930M(1500M) 3.046ms
[2026-07-18T17:02:07.293+0000][info][gc,cpu      ] GC(60) User=0.01s Sys=0.00s Real=0.01s
[2026-07-18T17:02:07.485+0000][info][gc,start    ] GC(61) Pause Young (Mixed) (G1 Evacuation Pause)
[2026-07-18T17:02:07.486+0000][info][gc,task     ] GC(61) Using 4 workers of 4 for evacuation
[2026-07-18T17:02:07.487+0000][info][gc,phases   ] GC(61)   Pre Evacuate Collection Set: 0.30ms
[2026-07-18T17:02:07.488+0000][info][gc,phases   ] GC(61)   Merge Heap Roots: 0.07ms
[2026-07-18T17:02:07.488+0000][info][gc,phases   ] GC(61)   Evacuate Collection Set: 0.55ms
[2026-07-18T17:02:07.488+0000][info][gc,phases   ] GC(61)   Post Evacuate Collection Set: 0.44ms
[2026-07-18T17:02:07.488+0000][info][gc,phases   ] GC(61)   Other: 0.16ms
[2026-07-18T17:02:07.488+0000][info][gc,heap     ] GC(61) Eden regions: 494->0(494)
[2026-07-18T17:02:07.488+0000][info][gc,heap     ] GC(61) Survivor regions: 0->0(62)
[2026-07-18T17:02:07.488+0000][info][gc,heap     ] GC(61) Old regions: 897->897
[2026-07-18T17:02:07.488+0000][info][gc,heap     ] GC(61) Humongous regions: 34->34
[2026-07-18T17:02:07.488+0000][info][gc,metaspace] GC(61) Metaspace: 405K(576K)->405K(576K) NonClass: 375K(448K)->375K(448K) Class: 29K(128K)->29K(128K)
[2026-07-18T17:02:07.488+0000][info][gc          ] GC(61) Pause Young (Mixed) (G1 Evacuation Pause) 1424M->930M(1500M) 2.512ms
[2026-07-18T17:02:07.488+0000][info][gc,cpu      ] GC(61) User=0.00s Sys=0.00s Real=0.00s
[2026-07-18T17:02:07.809+0000][info][gc,start    ] GC(62) Pause Young (Concurrent Start) (G1 Evacuation Pause)
[2026-07-18T17:02:07.809+0000][info][gc,task     ] GC(62) Using 4 workers of 4 for evacuation
[2026-07-18T17:02:07.811+0000][info][gc,phases   ] GC(62)   Pre Evacuate Collection Set: 0.57ms
[2026-07-18T17:02:07.811+0000][info][gc,phases   ] GC(62)   Merge Heap Roots: 0.14ms
[2026-07-18T17:02:07.811+0000][info][gc,phases   ] GC(62)   Evacuate Collection Set: 0.33ms
[2026-07-18T17:02:07.811+0000][info][gc,phases   ] GC(62)   Post Evacuate Collection Set: 0.47ms
[2026-07-18T17:02:07.811+0000][info][gc,phases   ] GC(62)   Other: 0.26ms
[2026-07-18T17:02:07.811+0000][info][gc,heap     ] GC(62) Eden regions: 494->0(494)
[2026-07-18T17:02:07.811+0000][info][gc,heap     ] GC(62) Survivor regions: 0->0(62)
[2026-07-18T17:02:07.812+0000][info][gc,heap     ] GC(62) Old regions: 897->897
[2026-07-18T17:02:07.813+0000][info][gc,heap     ] GC(62) Humongous regions: 34->34
[2026-07-18T17:02:07.813+0000][info][gc,metaspace] GC(62) Metaspace: 405K(576K)->405K(576K) NonClass: 375K(448K)->375K(448K) Class: 29K(128K)->29K(128K)
[2026-07-18T17:02:07.813+0000][info][gc          ] GC(62) Pause Young (Concurrent Start) (G1 Evacuation Pause) 1424M->930M(1500M) 4.226ms
[2026-07-18T17:02:07.813+0000][info][gc,cpu      ] GC(62) User=0.00s Sys=0.00s Real=0.01s
[2026-07-18T17:02:07.813+0000][info][gc          ] GC(63) Concurrent Mark Cycle
[2026-07-18T17:02:07.814+0000][info][gc,marking  ] GC(63) Concurrent Scan Root Regions
[2026-07-18T17:02:07.814+0000][info][gc,marking  ] GC(63) Concurrent Scan Root Regions 0.173ms
[2026-07-18T17:02:07.817+0000][info][gc,marking  ] GC(63) Concurrent Mark
[2026-07-18T17:02:07.817+0000][info][gc,marking  ] GC(63) Concurrent Mark From Roots
[2026-07-18T17:02:07.824+0000][info][gc,task     ] GC(63) Using 1 workers of 1 for marking
[2026-07-18T17:02:08.070+0000][info][gc,start    ] GC(64) Pause Young (Normal) (G1 Evacuation Pause)
[2026-07-18T17:02:08.070+0000][info][gc,task     ] GC(64) Using 4 workers of 4 for evacuation
[2026-07-18T17:02:08.072+0000][info][gc,phases   ] GC(64)   Pre Evacuate Collection Set: 1.45ms
[2026-07-18T17:02:08.073+0000][info][gc,phases   ] GC(64)   Merge Heap Roots: 0.08ms
[2026-07-18T17:02:08.073+0000][info][gc,phases   ] GC(64)   Evacuate Collection Set: 0.26ms
[2026-07-18T17:02:08.073+0000][info][gc,phases   ] GC(64)   Post Evacuate Collection Set: 0.37ms
[2026-07-18T17:02:08.073+0000][info][gc,phases   ] GC(64)   Other: 0.22ms
[2026-07-18T17:02:08.073+0000][info][gc,heap     ] GC(64) Eden regions: 494->0(494)
[2026-07-18T17:02:08.073+0000][info][gc,heap     ] GC(64) Survivor regions: 0->0(62)
[2026-07-18T17:02:08.074+0000][info][gc,heap     ] GC(64) Old regions: 897->897
[2026-07-18T17:02:08.074+0000][info][gc,heap     ] GC(64) Humongous regions: 34->34
[2026-07-18T17:02:08.074+0000][info][gc,metaspace] GC(64) Metaspace: 405K(576K)->405K(576K) NonClass: 375K(448K)->375K(448K) Class: 29K(128K)->29K(128K)
[2026-07-18T17:02:08.074+0000][info][gc          ] GC(64) Pause Young (Normal) (G1 Evacuation Pause) 1424M->930M(1500M) 4.799ms
[2026-07-18T17:02:08.075+0000][info][gc,cpu      ] GC(64) User=0.00s Sys=0.00s Real=0.01s
[2026-07-18T17:02:08.200+0000][info][gc,marking  ] GC(63) Concurrent Mark From Roots 382.970ms
[2026-07-18T17:02:08.201+0000][info][gc,marking  ] GC(63) Concurrent Preclean
[2026-07-18T17:02:08.201+0000][info][gc,marking  ] GC(63) Concurrent Preclean 0.100ms
[2026-07-18T17:02:08.202+0000][info][gc,start    ] GC(63) Pause Remark
[2026-07-18T17:02:08.205+0000][info][gc          ] GC(63) Pause Remark 1207M->1207M(1500M) 3.197ms
[2026-07-18T17:02:08.205+0000][info][gc,cpu      ] GC(63) User=0.00s Sys=0.00s Real=0.01s
[2026-07-18T17:02:08.205+0000][info][gc,marking  ] GC(63) Concurrent Mark 387.852ms
[2026-07-18T17:02:08.205+0000][info][gc,marking  ] GC(63) Concurrent Rebuild Remembered Sets and Scrub Regions
[2026-07-18T17:02:08.321+0000][info][gc,start    ] GC(65) Pause Young (Normal) (G1 Evacuation Pause)
[2026-07-18T17:02:08.321+0000][info][gc,task     ] GC(65) Using 4 workers of 4 for evacuation
[2026-07-18T17:02:08.322+0000][info][gc,phases   ] GC(65)   Pre Evacuate Collection Set: 0.38ms
[2026-07-18T17:02:08.322+0000][info][gc,phases   ] GC(65)   Merge Heap Roots: 0.13ms
[2026-07-18T17:02:08.322+0000][info][gc,phases   ] GC(65)   Evacuate Collection Set: 0.19ms
[2026-07-18T17:02:08.322+0000][info][gc,phases   ] GC(65)   Post Evacuate Collection Set: 0.28ms
[2026-07-18T17:02:08.322+0000][info][gc,phases   ] GC(65)   Other: 0.15ms
[2026-07-18T17:02:08.322+0000][info][gc,heap     ] GC(65) Eden regions: 494->0(494)
[2026-07-18T17:02:08.322+0000][info][gc,heap     ] GC(65) Survivor regions: 0->0(62)
[2026-07-18T17:02:08.322+0000][info][gc,heap     ] GC(65) Old regions: 897->897
[2026-07-18T17:02:08.322+0000][info][gc,heap     ] GC(65) Humongous regions: 34->34
[2026-07-18T17:02:08.322+0000][info][gc,metaspace] GC(65) Metaspace: 405K(576K)->405K(576K) NonClass: 375K(448K)->375K(448K) Class: 29K(128K)->29K(128K)
[2026-07-18T17:02:08.322+0000][info][gc          ] GC(65) Pause Young (Normal) (G1 Evacuation Pause) 1424M->930M(1500M) 1.561ms
[2026-07-18T17:02:08.322+0000][info][gc,cpu      ] GC(65) User=0.00s Sys=0.00s Real=0.01s
[2026-07-18T17:02:08.463+0000][info][gc,marking  ] GC(63) Concurrent Rebuild Remembered Sets and Scrub Regions 257.916ms
[2026-07-18T17:02:08.464+0000][info][gc,start    ] GC(63) Pause Cleanup
[2026-07-18T17:02:08.465+0000][info][gc          ] GC(63) Pause Cleanup 1183M->1183M(1500M) 0.567ms
[2026-07-18T17:02:08.465+0000][info][gc,cpu      ] GC(63) User=0.00s Sys=0.00s Real=0.00s
[2026-07-18T17:02:08.465+0000][info][gc,marking  ] GC(63) Concurrent Clear Claimed Marks
[2026-07-18T17:02:08.465+0000][info][gc,marking  ] GC(63) Concurrent Clear Claimed Marks 0.193ms
[2026-07-18T17:02:08.465+0000][info][gc,marking  ] GC(63) Concurrent Cleanup for Next Mark
[2026-07-18T17:02:08.467+0000][info][gc,marking  ] GC(63) Concurrent Cleanup for Next Mark 1.557ms
[2026-07-18T17:02:08.467+0000][info][gc          ] GC(63) Concurrent Mark Cycle 654.337ms
[2026-07-18T17:02:08.583+0000][info][gc,start    ] GC(66) Pause Young (Prepare Mixed) (G1 Evacuation Pause)
[2026-07-18T17:02:08.583+0000][info][gc,task     ] GC(66) Using 4 workers of 4 for evacuation
[2026-07-18T17:02:08.584+0000][info][gc,phases   ] GC(66)   Pre Evacuate Collection Set: 0.44ms
[2026-07-18T17:02:08.584+0000][info][gc,phases   ] GC(66)   Merge Heap Roots: 0.09ms
[2026-07-18T17:02:08.584+0000][info][gc,phases   ] GC(66)   Evacuate Collection Set: 0.30ms
[2026-07-18T17:02:08.584+0000][info][gc,phases   ] GC(66)   Post Evacuate Collection Set: 0.26ms
[2026-07-18T17:02:08.584+0000][info][gc,phases   ] GC(66)   Other: 0.12ms
[2026-07-18T17:02:08.584+0000][info][gc,heap     ] GC(66) Eden regions: 494->0(494)
[2026-07-18T17:02:08.584+0000][info][gc,heap     ] GC(66) Survivor regions: 0->0(62)
[2026-07-18T17:02:08.584+0000][info][gc,heap     ] GC(66) Old regions: 897->897
[2026-07-18T17:02:08.584+0000][info][gc,heap     ] GC(66) Humongous regions: 34->34
[2026-07-18T17:02:08.584+0000][info][gc,metaspace] GC(66) Metaspace: 405K(576K)->405K(576K) NonClass: 375K(448K)->375K(448K) Class: 29K(128K)->29K(128K)
[2026-07-18T17:02:08.584+0000][info][gc          ] GC(66) Pause Young (Prepare Mixed) (G1 Evacuation Pause) 1424M->930M(1500M) 1.521ms
[2026-07-18T17:02:08.584+0000][info][gc,cpu      ] GC(66) User=0.00s Sys=0.00s Real=0.00s
[2026-07-18T17:02:08.849+0000][info][gc,start    ] GC(67) Pause Young (Mixed) (G1 Evacuation Pause)
[2026-07-18T17:02:08.849+0000][info][gc,task     ] GC(67) Using 4 workers of 4 for evacuation
[2026-07-18T17:02:08.851+0000][info][gc,phases   ] GC(67)   Pre Evacuate Collection Set: 0.30ms
[2026-07-18T17:02:08.851+0000][info][gc,phases   ] GC(67)   Merge Heap Roots: 0.12ms
[2026-07-18T17:02:08.851+0000][info][gc,phases   ] GC(67)   Evacuate Collection Set: 0.65ms
[2026-07-18T17:02:08.851+0000][info][gc,phases   ] GC(67)   Post Evacuate Collection Set: 0.48ms
[2026-07-18T17:02:08.851+0000][info][gc,phases   ] GC(67)   Other: 0.16ms
[2026-07-18T17:02:08.852+0000][info][gc,heap     ] GC(67) Eden regions: 494->0(494)
[2026-07-18T17:02:08.852+0000][info][gc,heap     ] GC(67) Survivor regions: 0->0(62)
[2026-07-18T17:02:08.852+0000][info][gc,heap     ] GC(67) Old regions: 897->897
[2026-07-18T17:02:08.852+0000][info][gc,heap     ] GC(67) Humongous regions: 34->34
[2026-07-18T17:02:08.852+0000][info][gc,metaspace] GC(67) Metaspace: 405K(576K)->405K(576K) NonClass: 375K(448K)->375K(448K) Class: 29K(128K)->29K(128K)
[2026-07-18T17:02:08.852+0000][info][gc          ] GC(67) Pause Young (Mixed) (G1 Evacuation Pause) 1424M->930M(1500M) 2.894ms
[2026-07-18T17:02:08.852+0000][info][gc,cpu      ] GC(67) User=0.00s Sys=0.01s Real=0.00s
[2026-07-18T17:02:09.081+0000][info][gc,start    ] GC(68) Pause Young (Concurrent Start) (G1 Evacuation Pause)
[2026-07-18T17:02:09.081+0000][info][gc,task     ] GC(68) Using 4 workers of 4 for evacuation
[2026-07-18T17:02:09.083+0000][info][gc,phases   ] GC(68)   Pre Evacuate Collection Set: 0.30ms
[2026-07-18T17:02:09.083+0000][info][gc,phases   ] GC(68)   Merge Heap Roots: 0.15ms
[2026-07-18T17:02:09.083+0000][info][gc,phases   ] GC(68)   Evacuate Collection Set: 0.35ms
[2026-07-18T17:02:09.083+0000][info][gc,phases   ] GC(68)   Post Evacuate Collection Set: 0.51ms
[2026-07-18T17:02:09.083+0000][info][gc,phases   ] GC(68)   Other: 0.31ms
[2026-07-18T17:02:09.083+0000][info][gc,heap     ] GC(68) Eden regions: 494->0(494)
[2026-07-18T17:02:09.083+0000][info][gc,heap     ] GC(68) Survivor regions: 0->0(62)
[2026-07-18T17:02:09.083+0000][info][gc,heap     ] GC(68) Old regions: 897->897
[2026-07-18T17:02:09.083+0000][info][gc,heap     ] GC(68) Humongous regions: 34->34
[2026-07-18T17:02:09.083+0000][info][gc,metaspace] GC(68) Metaspace: 405K(576K)->405K(576K) NonClass: 375K(448K)->375K(448K) Class: 29K(128K)->29K(128K)
[2026-07-18T17:02:09.083+0000][info][gc          ] GC(68) Pause Young (Concurrent Start) (G1 Evacuation Pause) 1424M->930M(1500M) 2.191ms
[2026-07-18T17:02:09.083+0000][info][gc,cpu      ] GC(68) User=0.01s Sys=0.00s Real=0.01s
[2026-07-18T17:02:09.083+0000][info][gc          ] GC(69) Concurrent Mark Cycle
[2026-07-18T17:02:09.084+0000][info][gc,marking  ] GC(69) Concurrent Scan Root Regions
[2026-07-18T17:02:09.084+0000][info][gc,marking  ] GC(69) Concurrent Scan Root Regions 0.062ms
[2026-07-18T17:02:09.084+0000][info][gc,marking  ] GC(69) Concurrent Mark
[2026-07-18T17:02:09.084+0000][info][gc,marking  ] GC(69) Concurrent Mark From Roots
[2026-07-18T17:02:09.084+0000][info][gc,task     ] GC(69) Using 1 workers of 1 for marking
[2026-07-18T17:02:09.321+0000][info][gc,start    ] GC(70) Pause Young (Normal) (G1 Evacuation Pause)
[2026-07-18T17:02:09.321+0000][info][gc,task     ] GC(70) Using 4 workers of 4 for evacuation
[2026-07-18T17:02:09.322+0000][info][gc,phases   ] GC(70)   Pre Evacuate Collection Set: 0.29ms
[2026-07-18T17:02:09.322+0000][info][gc,phases   ] GC(70)   Merge Heap Roots: 0.09ms
[2026-07-18T17:02:09.322+0000][info][gc,phases   ] GC(70)   Evacuate Collection Set: 0.44ms
[2026-07-18T17:02:09.323+0000][info][gc,phases   ] GC(70)   Post Evacuate Collection Set: 0.34ms
[2026-07-18T17:02:09.323+0000][info][gc,phases   ] GC(70)   Other: 0.13ms
[2026-07-18T17:02:09.323+0000][info][gc,heap     ] GC(70) Eden regions: 494->0(494)
[2026-07-18T17:02:09.323+0000][info][gc,heap     ] GC(70) Survivor regions: 0->0(62)
[2026-07-18T17:02:09.323+0000][info][gc,heap     ] GC(70) Old regions: 897->897
[2026-07-18T17:02:09.323+0000][info][gc,heap     ] GC(70) Humongous regions: 34->34
[2026-07-18T17:02:09.323+0000][info][gc,metaspace] GC(70) Metaspace: 405K(576K)->405K(576K) NonClass: 375K(448K)->375K(448K) Class: 29K(128K)->29K(128K)
[2026-07-18T17:02:09.323+0000][info][gc          ] GC(70) Pause Young (Normal) (G1 Evacuation Pause) 1424M->930M(1500M) 1.895ms
[2026-07-18T17:02:09.323+0000][info][gc,cpu      ] GC(70) User=0.00s Sys=0.00s Real=0.01s
[2026-07-18T17:02:09.474+0000][info][gc,marking  ] GC(69) Concurrent Mark From Roots 389.861ms
[2026-07-18T17:02:09.474+0000][info][gc,marking  ] GC(69) Concurrent Preclean
[2026-07-18T17:02:09.475+0000][info][gc,marking  ] GC(69) Concurrent Preclean 0.364ms
[2026-07-18T17:02:09.475+0000][info][gc,start    ] GC(69) Pause Remark
[2026-07-18T17:02:09.476+0000][info][gc          ] GC(69) Pause Remark 1155M->1155M(1500M) 0.823ms
[2026-07-18T17:02:09.476+0000][info][gc,cpu      ] GC(69) User=0.00s Sys=0.00s Real=0.00s
[2026-07-18T17:02:09.476+0000][info][gc,marking  ] GC(69) Concurrent Mark 392.272ms
[2026-07-18T17:02:09.477+0000][info][gc,marking  ] GC(69) Concurrent Rebuild Remembered Sets and Scrub Regions
[2026-07-18T17:02:09.652+0000][info][gc,start    ] GC(71) Pause Young (Normal) (G1 Evacuation Pause)
[2026-07-18T17:02:09.653+0000][info][gc,task     ] GC(71) Using 4 workers of 4 for evacuation
[2026-07-18T17:02:09.657+0000][info][gc,phases   ] GC(71)   Pre Evacuate Collection Set: 1.23ms
[2026-07-18T17:02:09.658+0000][info][gc,phases   ] GC(71)   Merge Heap Roots: 0.14ms
[2026-07-18T17:02:09.658+0000][info][gc,phases   ] GC(71)   Evacuate Collection Set: 1.49ms
[2026-07-18T17:02:09.658+0000][info][gc,phases   ] GC(71)   Post Evacuate Collection Set: 1.19ms
[2026-07-18T17:02:09.659+0000][info][gc,phases   ] GC(71)   Other: 0.83ms
[2026-07-18T17:02:09.659+0000][info][gc,heap     ] GC(71) Eden regions: 494->0(494)
[2026-07-18T17:02:09.659+0000][info][gc,heap     ] GC(71) Survivor regions: 0->0(62)
[2026-07-18T17:02:09.659+0000][info][gc,heap     ] GC(71) Old regions: 897->897
[2026-07-18T17:02:09.659+0000][info][gc,heap     ] GC(71) Humongous regions: 34->34
[2026-07-18T17:02:09.659+0000][info][gc,metaspace] GC(71) Metaspace: 405K(576K)->405K(576K) NonClass: 375K(448K)->375K(448K) Class: 29K(128K)->29K(128K)
[2026-07-18T17:02:09.659+0000][info][gc          ] GC(71) Pause Young (Normal) (G1 Evacuation Pause) 1424M->930M(1500M) 6.841ms
[2026-07-18T17:02:09.659+0000][info][gc,cpu      ] GC(71) User=0.00s Sys=0.00s Real=0.00s
[2026-07-18T17:02:09.751+0000][info][gc,marking  ] GC(69) Concurrent Rebuild Remembered Sets and Scrub Regions 274.189ms
[2026-07-18T17:02:09.753+0000][info][gc,start    ] GC(69) Pause Cleanup
[2026-07-18T17:02:09.754+0000][info][gc          ] GC(69) Pause Cleanup 1068M->1068M(1500M) 1.082ms
[2026-07-18T17:02:09.755+0000][info][gc,cpu      ] GC(69) User=0.01s Sys=0.00s Real=0.00s
[2026-07-18T17:02:09.755+0000][info][gc,marking  ] GC(69) Concurrent Clear Claimed Marks
[2026-07-18T17:02:09.756+0000][info][gc,marking  ] GC(69) Concurrent Clear Claimed Marks 0.527ms
[2026-07-18T17:02:09.756+0000][info][gc,marking  ] GC(69) Concurrent Cleanup for Next Mark
[2026-07-18T17:02:09.760+0000][info][gc,marking  ] GC(69) Concurrent Cleanup for Next Mark 3.504ms
[2026-07-18T17:02:09.760+0000][info][gc          ] GC(69) Concurrent Mark Cycle 676.926ms
[2026-07-18T17:02:09.994+0000][info][gc,start    ] GC(72) Pause Young (Prepare Mixed) (G1 Evacuation Pause)
[2026-07-18T17:02:09.994+0000][info][gc,task     ] GC(72) Using 4 workers of 4 for evacuation
[2026-07-18T17:02:09.996+0000][info][gc,phases   ] GC(72)   Pre Evacuate Collection Set: 0.26ms
[2026-07-18T17:02:09.996+0000][info][gc,phases   ] GC(72)   Merge Heap Roots: 0.07ms
[2026-07-18T17:02:09.996+0000][info][gc,phases   ] GC(72)   Evacuate Collection Set: 0.27ms
[2026-07-18T17:02:09.996+0000][info][gc,phases   ] GC(72)   Post Evacuate Collection Set: 0.97ms
[2026-07-18T17:02:09.996+0000][info][gc,phases   ] GC(72)   Other: 0.11ms
[2026-07-18T17:02:09.996+0000][info][gc,heap     ] GC(72) Eden regions: 494->0(494)
[2026-07-18T17:02:09.996+0000][info][gc,heap     ] GC(72) Survivor regions: 0->0(62)
[2026-07-18T17:02:09.996+0000][info][gc,heap     ] GC(72) Old regions: 897->897
[2026-07-18T17:02:09.996+0000][info][gc,heap     ] GC(72) Humongous regions: 34->34
[2026-07-18T17:02:09.996+0000][info][gc,metaspace] GC(72) Metaspace: 405K(576K)->405K(576K) NonClass: 375K(448K)->375K(448K) Class: 29K(128K)->29K(128K)
[2026-07-18T17:02:09.996+0000][info][gc          ] GC(72) Pause Young (Prepare Mixed) (G1 Evacuation Pause) 1424M->930M(1500M) 2.181ms
[2026-07-18T17:02:09.996+0000][info][gc,cpu      ] GC(72) User=0.00s Sys=0.00s Real=0.00s
[2026-07-18T17:02:10.307+0000][info][gc,start    ] GC(73) Pause Young (Mixed) (G1 Evacuation Pause)
[2026-07-18T17:02:10.307+0000][info][gc,task     ] GC(73) Using 4 workers of 4 for evacuation
[2026-07-18T17:02:10.311+0000][info][gc,phases   ] GC(73)   Pre Evacuate Collection Set: 0.45ms
[2026-07-18T17:02:10.311+0000][info][gc,phases   ] GC(73)   Merge Heap Roots: 0.20ms
[2026-07-18T17:02:10.311+0000][info][gc,phases   ] GC(73)   Evacuate Collection Set: 1.69ms
[2026-07-18T17:02:10.311+0000][info][gc,phases   ] GC(73)   Post Evacuate Collection Set: 1.59ms
[2026-07-18T17:02:10.311+0000][info][gc,phases   ] GC(73)   Other: 0.20ms
[2026-07-18T17:02:10.312+0000][info][gc,heap     ] GC(73) Eden regions: 494->0(495)
[2026-07-18T17:02:10.312+0000][info][gc,heap     ] GC(73) Survivor regions: 0->0(62)
[2026-07-18T17:02:10.312+0000][info][gc,heap     ] GC(73) Old regions: 897->896
[2026-07-18T17:02:10.312+0000][info][gc,heap     ] GC(73) Humongous regions: 34->34
[2026-07-18T17:02:10.312+0000][info][gc,metaspace] GC(73) Metaspace: 405K(576K)->405K(576K) NonClass: 375K(448K)->375K(448K) Class: 29K(128K)->29K(128K)
[2026-07-18T17:02:10.312+0000][info][gc          ] GC(73) Pause Young (Mixed) (G1 Evacuation Pause) 1424M->929M(1500M) 5.187ms
[2026-07-18T17:02:10.312+0000][info][gc,cpu      ] GC(73) User=0.00s Sys=0.00s Real=0.00s
[2026-07-18T17:02:10.539+0000][info][gc,start    ] GC(74) Pause Young (Concurrent Start) (G1 Evacuation Pause)
[2026-07-18T17:02:10.540+0000][info][gc,task     ] GC(74) Using 4 workers of 4 for evacuation
[2026-07-18T17:02:10.543+0000][info][gc,phases   ] GC(74)   Pre Evacuate Collection Set: 0.33ms
[2026-07-18T17:02:10.544+0000][info][gc,phases   ] GC(74)   Merge Heap Roots: 0.12ms
[2026-07-18T17:02:10.544+0000][info][gc,phases   ] GC(74)   Evacuate Collection Set: 1.77ms
[2026-07-18T17:02:10.544+0000][info][gc,phases   ] GC(74)   Post Evacuate Collection Set: 1.00ms
[2026-07-18T17:02:10.544+0000][info][gc,phases   ] GC(74)   Other: 0.61ms
[2026-07-18T17:02:10.544+0000][info][gc,heap     ] GC(74) Eden regions: 495->0(495)
[2026-07-18T17:02:10.545+0000][info][gc,heap     ] GC(74) Survivor regions: 0->0(62)
[2026-07-18T17:02:10.545+0000][info][gc,heap     ] GC(74) Old regions: 896->896
[2026-07-18T17:02:10.546+0000][info][gc,heap     ] GC(74) Humongous regions: 34->34
[2026-07-18T17:02:10.546+0000][info][gc,metaspace] GC(74) Metaspace: 405K(576K)->405K(576K) NonClass: 375K(448K)->375K(448K) Class: 29K(128K)->29K(128K)
[2026-07-18T17:02:10.546+0000][info][gc          ] GC(74) Pause Young (Concurrent Start) (G1 Evacuation Pause) 1424M->929M(1500M) 6.525ms
[2026-07-18T17:02:10.546+0000][info][gc,cpu      ] GC(74) User=0.01s Sys=0.00s Real=0.01s
[2026-07-18T17:02:10.546+0000][info][gc          ] GC(75) Concurrent Mark Cycle
[2026-07-18T17:02:10.549+0000][info][gc,marking  ] GC(75) Concurrent Scan Root Regions
[2026-07-18T17:02:10.549+0000][info][gc,marking  ] GC(75) Concurrent Scan Root Regions 0.160ms
[2026-07-18T17:02:10.550+0000][info][gc,marking  ] GC(75) Concurrent Mark
[2026-07-18T17:02:10.550+0000][info][gc,marking  ] GC(75) Concurrent Mark From Roots
[2026-07-18T17:02:10.550+0000][info][gc,task     ] GC(75) Using 1 workers of 1 for marking
[2026-07-18T17:02:10.784+0000][info][gc,start    ] GC(76) Pause Young (Normal) (G1 Evacuation Pause)
[2026-07-18T17:02:10.784+0000][info][gc,task     ] GC(76) Using 4 workers of 4 for evacuation
[2026-07-18T17:02:10.786+0000][info][gc,phases   ] GC(76)   Pre Evacuate Collection Set: 0.36ms
[2026-07-18T17:02:10.786+0000][info][gc,phases   ] GC(76)   Merge Heap Roots: 0.13ms
[2026-07-18T17:02:10.786+0000][info][gc,phases   ] GC(76)   Evacuate Collection Set: 0.64ms
[2026-07-18T17:02:10.786+0000][info][gc,phases   ] GC(76)   Post Evacuate Collection Set: 0.74ms
[2026-07-18T17:02:10.786+0000][info][gc,phases   ] GC(76)   Other: 0.15ms
[2026-07-18T17:02:10.786+0000][info][gc,heap     ] GC(76) Eden regions: 495->0(495)
[2026-07-18T17:02:10.786+0000][info][gc,heap     ] GC(76) Survivor regions: 0->0(62)
[2026-07-18T17:02:10.786+0000][info][gc,heap     ] GC(76) Old regions: 896->896
[2026-07-18T17:02:10.786+0000][info][gc,heap     ] GC(76) Humongous regions: 34->34
[2026-07-18T17:02:10.787+0000][info][gc,metaspace] GC(76) Metaspace: 405K(576K)->405K(576K) NonClass: 375K(448K)->375K(448K) Class: 29K(128K)->29K(128K)
[2026-07-18T17:02:10.787+0000][info][gc          ] GC(76) Pause Young (Normal) (G1 Evacuation Pause) 1424M->929M(1500M) 2.703ms
[2026-07-18T17:02:10.787+0000][info][gc,cpu      ] GC(76) User=0.00s Sys=0.00s Real=0.00s
[2026-07-18T17:02:10.913+0000][info][gc,marking  ] GC(75) Concurrent Mark From Roots 363.691ms
[2026-07-18T17:02:10.914+0000][info][gc,marking  ] GC(75) Concurrent Preclean
[2026-07-18T17:02:10.914+0000][info][gc,marking  ] GC(75) Concurrent Preclean 0.202ms
[2026-07-18T17:02:10.914+0000][info][gc,start    ] GC(75) Pause Remark
[2026-07-18T17:02:10.916+0000][info][gc          ] GC(75) Pause Remark 1186M->1186M(1500M) 1.350ms
[2026-07-18T17:02:10.916+0000][info][gc,cpu      ] GC(75) User=0.00s Sys=0.00s Real=0.00s
[2026-07-18T17:02:10.917+0000][info][gc,marking  ] GC(75) Concurrent Mark 367.700ms
[2026-07-18T17:02:10.917+0000][info][gc,marking  ] GC(75) Concurrent Rebuild Remembered Sets and Scrub Regions
[2026-07-18T17:02:11.047+0000][info][gc,start    ] GC(77) Pause Young (Normal) (G1 Evacuation Pause)
[2026-07-18T17:02:11.047+0000][info][gc,task     ] GC(77) Using 4 workers of 4 for evacuation
[2026-07-18T17:02:11.052+0000][info][gc,phases   ] GC(77)   Pre Evacuate Collection Set: 1.65ms
[2026-07-18T17:02:11.052+0000][info][gc,phases   ] GC(77)   Merge Heap Roots: 0.64ms
[2026-07-18T17:02:11.053+0000][info][gc,phases   ] GC(77)   Evacuate Collection Set: 1.86ms
[2026-07-18T17:02:11.053+0000][info][gc,phases   ] GC(77)   Post Evacuate Collection Set: 0.49ms
[2026-07-18T17:02:11.054+0000][info][gc,phases   ] GC(77)   Other: 0.31ms
[2026-07-18T17:02:11.054+0000][info][gc,heap     ] GC(77) Eden regions: 495->0(495)
[2026-07-18T17:02:11.055+0000][info][gc,heap     ] GC(77) Survivor regions: 0->0(62)
[2026-07-18T17:02:11.055+0000][info][gc,heap     ] GC(77) Old regions: 896->896
[2026-07-18T17:02:11.055+0000][info][gc,heap     ] GC(77) Humongous regions: 34->34
[2026-07-18T17:02:11.056+0000][info][gc,metaspace] GC(77) Metaspace: 405K(576K)->405K(576K) NonClass: 375K(448K)->375K(448K) Class: 29K(128K)->29K(128K)
[2026-07-18T17:02:11.056+0000][info][gc          ] GC(77) Pause Young (Normal) (G1 Evacuation Pause) 1424M->929M(1500M) 9.141ms
[2026-07-18T17:02:11.056+0000][info][gc,cpu      ] GC(77) User=0.00s Sys=0.01s Real=0.01s
[2026-07-18T17:02:11.098+0000][info][gc,marking  ] GC(75) Concurrent Rebuild Remembered Sets and Scrub Regions 180.205ms
[2026-07-18T17:02:11.098+0000][info][gc,start    ] GC(75) Pause Cleanup
[2026-07-18T17:02:11.098+0000][info][gc          ] GC(75) Pause Cleanup 1039M->1039M(1500M) 0.270ms
[2026-07-18T17:02:11.098+0000][info][gc,cpu      ] GC(75) User=0.00s Sys=0.00s Real=0.00s
[2026-07-18T17:02:11.098+0000][info][gc,marking  ] GC(75) Concurrent Clear Claimed Marks
[2026-07-18T17:02:11.102+0000][info][gc,marking  ] GC(75) Concurrent Clear Claimed Marks 3.209ms
[2026-07-18T17:02:11.102+0000][info][gc,marking  ] GC(75) Concurrent Cleanup for Next Mark
[2026-07-18T17:02:11.105+0000][info][gc,marking  ] GC(75) Concurrent Cleanup for Next Mark 3.218ms
[2026-07-18T17:02:11.105+0000][info][gc          ] GC(75) Concurrent Mark Cycle 559.011ms
[2026-07-18T17:02:11.279+0000][info][gc,start    ] GC(78) Pause Young (Prepare Mixed) (G1 Evacuation Pause)
[2026-07-18T17:02:11.279+0000][info][gc,task     ] GC(78) Using 4 workers of 4 for evacuation
[2026-07-18T17:02:11.282+0000][info][gc,phases   ] GC(78)   Pre Evacuate Collection Set: 0.56ms
[2026-07-18T17:02:11.282+0000][info][gc,phases   ] GC(78)   Merge Heap Roots: 0.19ms
[2026-07-18T17:02:11.282+0000][info][gc,phases   ] GC(78)   Evacuate Collection Set: 0.53ms
[2026-07-18T17:02:11.282+0000][info][gc,phases   ] GC(78)   Post Evacuate Collection Set: 1.14ms
[2026-07-18T17:02:11.283+0000][info][gc,phases   ] GC(78)   Other: 0.31ms
[2026-07-18T17:02:11.283+0000][info][gc,heap     ] GC(78) Eden regions: 495->0(495)
[2026-07-18T17:02:11.283+0000][info][gc,heap     ] GC(78) Survivor regions: 0->0(62)
[2026-07-18T17:02:11.283+0000][info][gc,heap     ] GC(78) Old regions: 896->896
[2026-07-18T17:02:11.283+0000][info][gc,heap     ] GC(78) Humongous regions: 34->34
[2026-07-18T17:02:11.283+0000][info][gc,metaspace] GC(78) Metaspace: 405K(576K)->405K(576K) NonClass: 375K(448K)->375K(448K) Class: 29K(128K)->29K(128K)
[2026-07-18T17:02:11.283+0000][info][gc          ] GC(78) Pause Young (Prepare Mixed) (G1 Evacuation Pause) 1424M->929M(1500M) 4.450ms
[2026-07-18T17:02:11.284+0000][info][gc,cpu      ] GC(78) User=0.00s Sys=0.00s Real=0.01s
[2026-07-18T17:02:11.535+0000][info][gc,start    ] GC(79) Pause Young (Mixed) (G1 Evacuation Pause)
[2026-07-18T17:02:11.535+0000][info][gc,task     ] GC(79) Using 4 workers of 4 for evacuation
[2026-07-18T17:02:11.538+0000][info][gc,phases   ] GC(79)   Pre Evacuate Collection Set: 1.02ms
[2026-07-18T17:02:11.538+0000][info][gc,phases   ] GC(79)   Merge Heap Roots: 0.15ms
[2026-07-18T17:02:11.538+0000][info][gc,phases   ] GC(79)   Evacuate Collection Set: 0.75ms
[2026-07-18T17:02:11.538+0000][info][gc,phases   ] GC(79)   Post Evacuate Collection Set: 0.40ms
[2026-07-18T17:02:11.538+0000][info][gc,phases   ] GC(79)   Other: 0.14ms
[2026-07-18T17:02:11.538+0000][info][gc,heap     ] GC(79) Eden regions: 495->0(495)
[2026-07-18T17:02:11.538+0000][info][gc,heap     ] GC(79) Survivor regions: 0->0(62)
[2026-07-18T17:02:11.539+0000][info][gc,heap     ] GC(79) Old regions: 896->896
[2026-07-18T17:02:11.539+0000][info][gc,heap     ] GC(79) Humongous regions: 34->34
[2026-07-18T17:02:11.539+0000][info][gc,metaspace] GC(79) Metaspace: 405K(576K)->405K(576K) NonClass: 375K(448K)->375K(448K) Class: 29K(128K)->29K(128K)
[2026-07-18T17:02:11.539+0000][info][gc          ] GC(79) Pause Young (Mixed) (G1 Evacuation Pause) 1424M->929M(1500M) 3.933ms
[2026-07-18T17:02:11.539+0000][info][gc,cpu      ] GC(79) User=0.00s Sys=0.00s Real=0.00s
[2026-07-18T17:02:11.779+0000][info][gc,start    ] GC(80) Pause Young (Concurrent Start) (G1 Evacuation Pause)
[2026-07-18T17:02:11.779+0000][info][gc,task     ] GC(80) Using 4 workers of 4 for evacuation
[2026-07-18T17:02:11.781+0000][info][gc,phases   ] GC(80)   Pre Evacuate Collection Set: 0.79ms
[2026-07-18T17:02:11.782+0000][info][gc,phases   ] GC(80)   Merge Heap Roots: 0.11ms
[2026-07-18T17:02:11.782+0000][info][gc,phases   ] GC(80)   Evacuate Collection Set: 0.48ms
[2026-07-18T17:02:11.782+0000][info][gc,phases   ] GC(80)   Post Evacuate Collection Set: 0.32ms
[2026-07-18T17:02:11.782+0000][info][gc,phases   ] GC(80)   Other: 0.35ms
[2026-07-18T17:02:11.782+0000][info][gc,heap     ] GC(80) Eden regions: 495->0(495)
[2026-07-18T17:02:11.782+0000][info][gc,heap     ] GC(80) Survivor regions: 0->0(62)
[2026-07-18T17:02:11.782+0000][info][gc,heap     ] GC(80) Old regions: 896->896
[2026-07-18T17:02:11.782+0000][info][gc,heap     ] GC(80) Humongous regions: 34->34
[2026-07-18T17:02:11.782+0000][info][gc,metaspace] GC(80) Metaspace: 405K(576K)->405K(576K) NonClass: 375K(448K)->375K(448K) Class: 29K(128K)->29K(128K)
[2026-07-18T17:02:11.782+0000][info][gc          ] GC(80) Pause Young (Concurrent Start) (G1 Evacuation Pause) 1424M->929M(1500M) 2.737ms
[2026-07-18T17:02:11.782+0000][info][gc,cpu      ] GC(80) User=0.00s Sys=0.00s Real=0.00s
[2026-07-18T17:02:11.782+0000][info][gc          ] GC(81) Concurrent Mark Cycle
[2026-07-18T17:02:11.785+0000][info][gc,marking  ] GC(81) Concurrent Scan Root Regions
[2026-07-18T17:02:11.785+0000][info][gc,marking  ] GC(81) Concurrent Scan Root Regions 0.139ms
[2026-07-18T17:02:11.785+0000][info][gc,marking  ] GC(81) Concurrent Mark
[2026-07-18T17:02:11.786+0000][info][gc,marking  ] GC(81) Concurrent Mark From Roots
[2026-07-18T17:02:11.786+0000][info][gc,task     ] GC(81) Using 1 workers of 1 for marking
[2026-07-18T17:02:12.017+0000][info][gc,start    ] GC(82) Pause Young (Normal) (G1 Evacuation Pause)
[2026-07-18T17:02:12.017+0000][info][gc,task     ] GC(82) Using 4 workers of 4 for evacuation
[2026-07-18T17:02:12.023+0000][info][gc,phases   ] GC(82)   Pre Evacuate Collection Set: 1.60ms
[2026-07-18T17:02:12.023+0000][info][gc,phases   ] GC(82)   Merge Heap Roots: 0.36ms
[2026-07-18T17:02:12.023+0000][info][gc,phases   ] GC(82)   Evacuate Collection Set: 2.25ms
[2026-07-18T17:02:12.023+0000][info][gc,phases   ] GC(82)   Post Evacuate Collection Set: 0.51ms
[2026-07-18T17:02:12.023+0000][info][gc,phases   ] GC(82)   Other: 0.37ms
[2026-07-18T17:02:12.023+0000][info][gc,heap     ] GC(82) Eden regions: 495->0(495)
[2026-07-18T17:02:12.023+0000][info][gc,heap     ] GC(82) Survivor regions: 0->0(62)
[2026-07-18T17:02:12.024+0000][info][gc,heap     ] GC(82) Old regions: 896->896
[2026-07-18T17:02:12.024+0000][info][gc,heap     ] GC(82) Humongous regions: 34->34
[2026-07-18T17:02:12.024+0000][info][gc,metaspace] GC(82) Metaspace: 405K(576K)->405K(576K) NonClass: 375K(448K)->375K(448K) Class: 29K(128K)->29K(128K)
[2026-07-18T17:02:12.024+0000][info][gc          ] GC(82) Pause Young (Normal) (G1 Evacuation Pause) 1424M->929M(1500M) 7.103ms
[2026-07-18T17:02:12.024+0000][info][gc,cpu      ] GC(82) User=0.01s Sys=0.00s Real=0.01s
[2026-07-18T17:02:12.099+0000][info][gc,marking  ] GC(81) Concurrent Mark From Roots 313.396ms
[2026-07-18T17:02:12.099+0000][info][gc,marking  ] GC(81) Concurrent Preclean
[2026-07-18T17:02:12.099+0000][info][gc,marking  ] GC(81) Concurrent Preclean 0.195ms
[2026-07-18T17:02:12.100+0000][info][gc,start    ] GC(81) Pause Remark
[2026-07-18T17:02:12.106+0000][info][gc          ] GC(81) Pause Remark 1093M->1093M(1500M) 5.524ms
[2026-07-18T17:02:12.106+0000][info][gc,cpu      ] GC(81) User=0.01s Sys=0.00s Real=0.01s
[2026-07-18T17:02:12.106+0000][info][gc,marking  ] GC(81) Concurrent Mark 320.668ms
[2026-07-18T17:02:12.106+0000][info][gc,marking  ] GC(81) Concurrent Rebuild Remembered Sets and Scrub Regions
[2026-07-18T17:02:12.265+0000][info][gc,start    ] GC(83) Pause Young (Normal) (G1 Evacuation Pause)
[2026-07-18T17:02:12.266+0000][info][gc,task     ] GC(83) Using 4 workers of 4 for evacuation
[2026-07-18T17:02:12.268+0000][info][gc,phases   ] GC(83)   Pre Evacuate Collection Set: 0.36ms
[2026-07-18T17:02:12.270+0000][info][gc,phases   ] GC(83)   Merge Heap Roots: 0.10ms
[2026-07-18T17:02:12.270+0000][info][gc,phases   ] GC(83)   Evacuate Collection Set: 0.60ms
[2026-07-18T17:02:12.270+0000][info][gc,phases   ] GC(83)   Post Evacuate Collection Set: 1.39ms
[2026-07-18T17:02:12.271+0000][info][gc,phases   ] GC(83)   Other: 0.22ms
[2026-07-18T17:02:12.271+0000][info][gc,heap     ] GC(83) Eden regions: 495->0(495)
[2026-07-18T17:02:12.271+0000][info][gc,heap     ] GC(83) Survivor regions: 0->0(62)
[2026-07-18T17:02:12.271+0000][info][gc,heap     ] GC(83) Old regions: 896->896
[2026-07-18T17:02:12.271+0000][info][gc,heap     ] GC(83) Humongous regions: 34->34
[2026-07-18T17:02:12.271+0000][info][gc,metaspace] GC(83) Metaspace: 405K(576K)->405K(576K) NonClass: 375K(448K)->375K(448K) Class: 29K(128K)->29K(128K)
[2026-07-18T17:02:12.271+0000][info][gc          ] GC(83) Pause Young (Normal) (G1 Evacuation Pause) 1424M->929M(1500M) 5.975ms
[2026-07-18T17:02:12.271+0000][info][gc,cpu      ] GC(83) User=0.00s Sys=0.00s Real=0.00s
[2026-07-18T17:02:12.317+0000][info][gc,marking  ] GC(81) Concurrent Rebuild Remembered Sets and Scrub Regions 210.586ms
[2026-07-18T17:02:12.317+0000][info][gc,start    ] GC(81) Pause Cleanup
[2026-07-18T17:02:12.318+0000][info][gc          ] GC(81) Pause Cleanup 1019M->1019M(1500M) 0.673ms
[2026-07-18T17:02:12.318+0000][info][gc,cpu      ] GC(81) User=0.00s Sys=0.00s Real=0.00s
[2026-07-18T17:02:12.318+0000][info][gc,marking  ] GC(81) Concurrent Clear Claimed Marks
[2026-07-18T17:02:12.318+0000][info][gc,marking  ] GC(81) Concurrent Clear Claimed Marks 0.136ms
[2026-07-18T17:02:12.318+0000][info][gc,marking  ] GC(81) Concurrent Cleanup for Next Mark
[2026-07-18T17:02:12.320+0000][info][gc,marking  ] GC(81) Concurrent Cleanup for Next Mark 1.211ms
[2026-07-18T17:02:12.320+0000][info][gc          ] GC(81) Concurrent Mark Cycle 538.099ms
[2026-07-18T17:02:12.522+0000][info][gc,start    ] GC(84) Pause Young (Prepare Mixed) (G1 Evacuation Pause)
[2026-07-18T17:02:12.523+0000][info][gc,task     ] GC(84) Using 4 workers of 4 for evacuation
[2026-07-18T17:02:12.530+0000][info][gc,phases   ] GC(84)   Pre Evacuate Collection Set: 5.37ms
[2026-07-18T17:02:12.530+0000][info][gc,phases   ] GC(84)   Merge Heap Roots: 0.10ms
[2026-07-18T17:02:12.531+0000][info][gc,phases   ] GC(84)   Evacuate Collection Set: 0.38ms
[2026-07-18T17:02:12.531+0000][info][gc,phases   ] GC(84)   Post Evacuate Collection Set: 0.83ms
[2026-07-18T17:02:12.531+0000][info][gc,phases   ] GC(84)   Other: 0.37ms
[2026-07-18T17:02:12.531+0000][info][gc,heap     ] GC(84) Eden regions: 495->0(495)
[2026-07-18T17:02:12.531+0000][info][gc,heap     ] GC(84) Survivor regions: 0->0(62)
[2026-07-18T17:02:12.531+0000][info][gc,heap     ] GC(84) Old regions: 896->896
[2026-07-18T17:02:12.531+0000][info][gc,heap     ] GC(84) Humongous regions: 34->34
[2026-07-18T17:02:12.531+0000][info][gc,metaspace] GC(84) Metaspace: 405K(576K)->405K(576K) NonClass: 375K(448K)->375K(448K) Class: 29K(128K)->29K(128K)
[2026-07-18T17:02:12.531+0000][info][gc          ] GC(84) Pause Young (Prepare Mixed) (G1 Evacuation Pause) 1424M->929M(1500M) 8.851ms
[2026-07-18T17:02:12.531+0000][info][gc,cpu      ] GC(84) User=0.00s Sys=0.00s Real=0.00s
[2026-07-18T17:02:12.730+0000][info][gc,start    ] GC(85) Pause Young (Mixed) (G1 Evacuation Pause)
[2026-07-18T17:02:12.730+0000][info][gc,task     ] GC(85) Using 4 workers of 4 for evacuation
[2026-07-18T17:02:12.733+0000][info][gc,phases   ] GC(85)   Pre Evacuate Collection Set: 0.29ms
[2026-07-18T17:02:12.733+0000][info][gc,phases   ] GC(85)   Merge Heap Roots: 0.05ms
[2026-07-18T17:02:12.734+0000][info][gc,phases   ] GC(85)   Evacuate Collection Set: 1.46ms
[2026-07-18T17:02:12.734+0000][info][gc,phases   ] GC(85)   Post Evacuate Collection Set: 0.32ms
[2026-07-18T17:02:12.734+0000][info][gc,phases   ] GC(85)   Other: 0.19ms
[2026-07-18T17:02:12.734+0000][info][gc,heap     ] GC(85) Eden regions: 495->0(495)
[2026-07-18T17:02:12.734+0000][info][gc,heap     ] GC(85) Survivor regions: 0->0(62)
[2026-07-18T17:02:12.735+0000][info][gc,heap     ] GC(85) Old regions: 896->896
[2026-07-18T17:02:12.735+0000][info][gc,heap     ] GC(85) Humongous regions: 34->34
[2026-07-18T17:02:12.735+0000][info][gc,metaspace] GC(85) Metaspace: 405K(576K)->405K(576K) NonClass: 375K(448K)->375K(448K) Class: 29K(128K)->29K(128K)
[2026-07-18T17:02:12.735+0000][info][gc          ] GC(85) Pause Young (Mixed) (G1 Evacuation Pause) 1424M->929M(1500M) 4.629ms
[2026-07-18T17:02:12.735+0000][info][gc,cpu      ] GC(85) User=0.01s Sys=0.00s Real=0.01s
[2026-07-18T17:02:12.963+0000][info][gc,start    ] GC(86) Pause Young (Concurrent Start) (G1 Evacuation Pause)
[2026-07-18T17:02:12.963+0000][info][gc,task     ] GC(86) Using 4 workers of 4 for evacuation
[2026-07-18T17:02:12.964+0000][info][gc,phases   ] GC(86)   Pre Evacuate Collection Set: 0.25ms
[2026-07-18T17:02:12.964+0000][info][gc,phases   ] GC(86)   Merge Heap Roots: 0.05ms
[2026-07-18T17:02:12.964+0000][info][gc,phases   ] GC(86)   Evacuate Collection Set: 0.12ms
[2026-07-18T17:02:12.964+0000][info][gc,phases   ] GC(86)   Post Evacuate Collection Set: 0.22ms
[2026-07-18T17:02:12.964+0000][info][gc,phases   ] GC(86)   Other: 0.12ms
[2026-07-18T17:02:12.964+0000][info][gc,heap     ] GC(86) Eden regions: 495->0(495)
[2026-07-18T17:02:12.964+0000][info][gc,heap     ] GC(86) Survivor regions: 0->0(62)
[2026-07-18T17:02:12.964+0000][info][gc,heap     ] GC(86) Old regions: 896->896
[2026-07-18T17:02:12.965+0000][info][gc,heap     ] GC(86) Humongous regions: 34->34
[2026-07-18T17:02:12.965+0000][info][gc,metaspace] GC(86) Metaspace: 405K(576K)->405K(576K) NonClass: 375K(448K)->375K(448K) Class: 29K(128K)->29K(128K)
[2026-07-18T17:02:12.965+0000][info][gc          ] GC(86) Pause Young (Concurrent Start) (G1 Evacuation Pause) 1424M->929M(1500M) 1.764ms
[2026-07-18T17:02:12.965+0000][info][gc,cpu      ] GC(86) User=0.00s Sys=0.00s Real=0.00s
[2026-07-18T17:02:12.965+0000][info][gc          ] GC(87) Concurrent Mark Cycle
[2026-07-18T17:02:12.965+0000][info][gc,marking  ] GC(87) Concurrent Scan Root Regions
[2026-07-18T17:02:12.965+0000][info][gc,marking  ] GC(87) Concurrent Scan Root Regions 0.098ms
[2026-07-18T17:02:12.965+0000][info][gc,marking  ] GC(87) Concurrent Mark
[2026-07-18T17:02:12.965+0000][info][gc,marking  ] GC(87) Concurrent Mark From Roots
[2026-07-18T17:02:12.965+0000][info][gc,task     ] GC(87) Using 1 workers of 1 for marking
[2026-07-18T17:02:13.214+0000][info][gc,start    ] GC(88) Pause Young (Normal) (G1 Evacuation Pause)
[2026-07-18T17:02:13.214+0000][info][gc,task     ] GC(88) Using 4 workers of 4 for evacuation
[2026-07-18T17:02:13.215+0000][info][gc,phases   ] GC(88)   Pre Evacuate Collection Set: 0.22ms
[2026-07-18T17:02:13.215+0000][info][gc,phases   ] GC(88)   Merge Heap Roots: 0.07ms
[2026-07-18T17:02:13.216+0000][info][gc,phases   ] GC(88)   Evacuate Collection Set: 0.18ms
[2026-07-18T17:02:13.216+0000][info][gc,phases   ] GC(88)   Post Evacuate Collection Set: 0.42ms
[2026-07-18T17:02:13.216+0000][info][gc,phases   ] GC(88)   Other: 0.09ms
[2026-07-18T17:02:13.216+0000][info][gc,heap     ] GC(88) Eden regions: 495->0(495)
[2026-07-18T17:02:13.216+0000][info][gc,heap     ] GC(88) Survivor regions: 0->0(62)
[2026-07-18T17:02:13.216+0000][info][gc,heap     ] GC(88) Old regions: 896->896
[2026-07-18T17:02:13.216+0000][info][gc,heap     ] GC(88) Humongous regions: 34->34
[2026-07-18T17:02:13.216+0000][info][gc,metaspace] GC(88) Metaspace: 405K(576K)->405K(576K) NonClass: 375K(448K)->375K(448K) Class: 29K(128K)->29K(128K)
[2026-07-18T17:02:13.216+0000][info][gc          ] GC(88) Pause Young (Normal) (G1 Evacuation Pause) 1424M->929M(1500M) 2.224ms
[2026-07-18T17:02:13.216+0000][info][gc,cpu      ] GC(88) User=0.00s Sys=0.00s Real=0.00s
[2026-07-18T17:02:13.338+0000][info][gc,marking  ] GC(87) Concurrent Mark From Roots 373.097ms
[2026-07-18T17:02:13.339+0000][info][gc,marking  ] GC(87) Concurrent Preclean
[2026-07-18T17:02:13.339+0000][info][gc,marking  ] GC(87) Concurrent Preclean 0.401ms
[2026-07-18T17:02:13.339+0000][info][gc,start    ] GC(87) Pause Remark
[2026-07-18T17:02:13.340+0000][info][gc          ] GC(87) Pause Remark 1187M->1187M(1500M) 0.852ms
[2026-07-18T17:02:13.341+0000][info][gc,cpu      ] GC(87) User=0.00s Sys=0.00s Real=0.00s
[2026-07-18T17:02:13.341+0000][info][gc,marking  ] GC(87) Concurrent Mark 375.235ms
[2026-07-18T17:02:13.344+0000][info][gc,marking  ] GC(87) Concurrent Rebuild Remembered Sets and Scrub Regions
[2026-07-18T17:02:13.462+0000][info][gc,start    ] GC(89) Pause Young (Normal) (G1 Evacuation Pause)
[2026-07-18T17:02:13.463+0000][info][gc,task     ] GC(89) Using 4 workers of 4 for evacuation
[2026-07-18T17:02:13.468+0000][info][gc,phases   ] GC(89)   Pre Evacuate Collection Set: 0.53ms
[2026-07-18T17:02:13.468+0000][info][gc,phases   ] GC(89)   Merge Heap Roots: 0.11ms
[2026-07-18T17:02:13.468+0000][info][gc,phases   ] GC(89)   Evacuate Collection Set: 3.55ms
[2026-07-18T17:02:13.468+0000][info][gc,phases   ] GC(89)   Post Evacuate Collection Set: 0.99ms
[2026-07-18T17:02:13.468+0000][info][gc,phases   ] GC(89)   Other: 0.24ms
[2026-07-18T17:02:13.468+0000][info][gc,heap     ] GC(89) Eden regions: 495->0(495)
[2026-07-18T17:02:13.469+0000][info][gc,heap     ] GC(89) Survivor regions: 0->0(62)
[2026-07-18T17:02:13.469+0000][info][gc,heap     ] GC(89) Old regions: 896->896
[2026-07-18T17:02:13.469+0000][info][gc,heap     ] GC(89) Humongous regions: 34->34
[2026-07-18T17:02:13.469+0000][info][gc,metaspace] GC(89) Metaspace: 405K(576K)->405K(576K) NonClass: 375K(448K)->375K(448K) Class: 29K(128K)->29K(128K)
[2026-07-18T17:02:13.469+0000][info][gc          ] GC(89) Pause Young (Normal) (G1 Evacuation Pause) 1424M->929M(1500M) 6.400ms
[2026-07-18T17:02:13.469+0000][info][gc,cpu      ] GC(89) User=0.00s Sys=0.01s Real=0.00s
[2026-07-18T17:02:13.526+0000][info][gc,marking  ] GC(87) Concurrent Rebuild Remembered Sets and Scrub Regions 181.940ms
[2026-07-18T17:02:13.527+0000][info][gc,start    ] GC(87) Pause Cleanup
[2026-07-18T17:02:13.528+0000][info][gc          ] GC(87) Pause Cleanup 1089M->1089M(1500M) 0.431ms
[2026-07-18T17:02:13.528+0000][info][gc,cpu      ] GC(87) User=0.00s Sys=0.00s Real=0.00s
[2026-07-18T17:02:13.528+0000][info][gc,marking  ] GC(87) Concurrent Clear Claimed Marks
[2026-07-18T17:02:13.528+0000][info][gc,marking  ] GC(87) Concurrent Clear Claimed Marks 0.112ms
[2026-07-18T17:02:13.528+0000][info][gc,marking  ] GC(87) Concurrent Cleanup for Next Mark
[2026-07-18T17:02:13.531+0000][info][gc,marking  ] GC(87) Concurrent Cleanup for Next Mark 2.387ms
[2026-07-18T17:02:13.531+0000][info][gc          ] GC(87) Concurrent Mark Cycle 565.809ms
[2026-07-18T17:02:13.660+0000][info][gc,start    ] GC(90) Pause Young (Prepare Mixed) (G1 Evacuation Pause)
[2026-07-18T17:02:13.661+0000][info][gc,task     ] GC(90) Using 4 workers of 4 for evacuation
[2026-07-18T17:02:13.664+0000][info][gc,phases   ] GC(90)   Pre Evacuate Collection Set: 0.57ms
[2026-07-18T17:02:13.664+0000][info][gc,phases   ] GC(90)   Merge Heap Roots: 0.05ms
[2026-07-18T17:02:13.665+0000][info][gc,phases   ] GC(90)   Evacuate Collection Set: 0.47ms
[2026-07-18T17:02:13.666+0000][info][gc,phases   ] GC(90)   Post Evacuate Collection Set: 1.60ms
[2026-07-18T17:02:13.666+0000][info][gc,phases   ] GC(90)   Other: 0.57ms
[2026-07-18T17:02:13.666+0000][info][gc,heap     ] GC(90) Eden regions: 495->0(495)
[2026-07-18T17:02:13.667+0000][info][gc,heap     ] GC(90) Survivor regions: 0->0(62)
[2026-07-18T17:02:13.667+0000][info][gc,heap     ] GC(90) Old regions: 896->896
[2026-07-18T17:02:13.667+0000][info][gc,heap     ] GC(90) Humongous regions: 34->34
[2026-07-18T17:02:13.667+0000][info][gc,metaspace] GC(90) Metaspace: 405K(576K)->405K(576K) NonClass: 375K(448K)->375K(448K) Class: 29K(128K)->29K(128K)
[2026-07-18T17:02:13.668+0000][info][gc          ] GC(90) Pause Young (Prepare Mixed) (G1 Evacuation Pause) 1424M->929M(1500M) 7.326ms
[2026-07-18T17:02:13.668+0000][info][gc,cpu      ] GC(90) User=0.00s Sys=0.00s Real=0.01s
[2026-07-18T17:02:13.918+0000][info][gc,start    ] GC(91) Pause Young (Mixed) (G1 Evacuation Pause)
[2026-07-18T17:02:13.919+0000][info][gc,task     ] GC(91) Using 4 workers of 4 for evacuation
[2026-07-18T17:02:13.923+0000][info][gc,phases   ] GC(91)   Pre Evacuate Collection Set: 0.56ms
[2026-07-18T17:02:13.923+0000][info][gc,phases   ] GC(91)   Merge Heap Roots: 0.48ms
[2026-07-18T17:02:13.923+0000][info][gc,phases   ] GC(91)   Evacuate Collection Set: 1.73ms
[2026-07-18T17:02:13.923+0000][info][gc,phases   ] GC(91)   Post Evacuate Collection Set: 0.58ms
[2026-07-18T17:02:13.924+0000][info][gc,phases   ] GC(91)   Other: 0.67ms
[2026-07-18T17:02:13.924+0000][info][gc,heap     ] GC(91) Eden regions: 495->0(496)
[2026-07-18T17:02:13.924+0000][info][gc,heap     ] GC(91) Survivor regions: 0->0(62)
[2026-07-18T17:02:13.924+0000][info][gc,heap     ] GC(91) Old regions: 896->895
[2026-07-18T17:02:13.924+0000][info][gc,heap     ] GC(91) Humongous regions: 34->34
[2026-07-18T17:02:13.924+0000][info][gc,metaspace] GC(91) Metaspace: 405K(576K)->405K(576K) NonClass: 375K(448K)->375K(448K) Class: 29K(128K)->29K(128K)
[2026-07-18T17:02:13.924+0000][info][gc          ] GC(91) Pause Young (Mixed) (G1 Evacuation Pause) 1424M->928M(1500M) 5.750ms
[2026-07-18T17:02:13.924+0000][info][gc,cpu      ] GC(91) User=0.00s Sys=0.01s Real=0.01s
[2026-07-18T17:02:14.165+0000][info][gc,start    ] GC(92) Pause Young (Concurrent Start) (G1 Evacuation Pause)
[2026-07-18T17:02:14.165+0000][info][gc,task     ] GC(92) Using 4 workers of 4 for evacuation
[2026-07-18T17:02:14.170+0000][info][gc,phases   ] GC(92)   Pre Evacuate Collection Set: 0.60ms
[2026-07-18T17:02:14.173+0000][info][gc,phases   ] GC(92)   Merge Heap Roots: 0.06ms
[2026-07-18T17:02:14.173+0000][info][gc,phases   ] GC(92)   Evacuate Collection Set: 0.19ms
[2026-07-18T17:02:14.173+0000][info][gc,phases   ] GC(92)   Post Evacuate Collection Set: 0.50ms
[2026-07-18T17:02:14.173+0000][info][gc,phases   ] GC(92)   Other: 3.03ms
[2026-07-18T17:02:14.174+0000][info][gc,heap     ] GC(92) Eden regions: 496->0(496)
[2026-07-18T17:02:14.174+0000][info][gc,heap     ] GC(92) Survivor regions: 0->0(62)
[2026-07-18T17:02:14.176+0000][info][gc,heap     ] GC(92) Old regions: 895->895
[2026-07-18T17:02:14.176+0000][info][gc,heap     ] GC(92) Humongous regions: 34->34
[2026-07-18T17:02:14.176+0000][info][gc,metaspace] GC(92) Metaspace: 405K(576K)->405K(576K) NonClass: 375K(448K)->375K(448K) Class: 29K(128K)->29K(128K)
[2026-07-18T17:02:14.177+0000][info][gc          ] GC(92) Pause Young (Concurrent Start) (G1 Evacuation Pause) 1424M->928M(1500M) 12.943ms
[2026-07-18T17:02:14.178+0000][info][gc,cpu      ] GC(92) User=0.00s Sys=0.00s Real=0.01s
[2026-07-18T17:02:14.179+0000][info][gc          ] GC(93) Concurrent Mark Cycle
[2026-07-18T17:02:14.179+0000][info][gc,marking  ] GC(93) Concurrent Scan Root Regions
[2026-07-18T17:02:14.180+0000][info][gc,marking  ] GC(93) Concurrent Scan Root Regions 0.158ms
[2026-07-18T17:02:14.180+0000][info][gc,marking  ] GC(93) Concurrent Mark
[2026-07-18T17:02:14.180+0000][info][gc,marking  ] GC(93) Concurrent Mark From Roots
[2026-07-18T17:02:14.180+0000][info][gc,task     ] GC(93) Using 1 workers of 1 for marking
[2026-07-18T17:02:14.446+0000][info][gc,start    ] GC(94) Pause Young (Normal) (G1 Evacuation Pause)
[2026-07-18T17:02:14.446+0000][info][gc,task     ] GC(94) Using 4 workers of 4 for evacuation
[2026-07-18T17:02:14.448+0000][info][gc,phases   ] GC(94)   Pre Evacuate Collection Set: 0.37ms
[2026-07-18T17:02:14.449+0000][info][gc,phases   ] GC(94)   Merge Heap Roots: 0.16ms
[2026-07-18T17:02:14.449+0000][info][gc,phases   ] GC(94)   Evacuate Collection Set: 0.74ms
[2026-07-18T17:02:14.449+0000][info][gc,phases   ] GC(94)   Post Evacuate Collection Set: 0.72ms
[2026-07-18T17:02:14.449+0000][info][gc,phases   ] GC(94)   Other: 0.35ms
[2026-07-18T17:02:14.451+0000][info][gc,heap     ] GC(94) Eden regions: 496->0(496)
[2026-07-18T17:02:14.451+0000][info][gc,heap     ] GC(94) Survivor regions: 0->0(62)
[2026-07-18T17:02:14.452+0000][info][gc,heap     ] GC(94) Old regions: 895->895
[2026-07-18T17:02:14.454+0000][info][gc,heap     ] GC(94) Humongous regions: 34->34
[2026-07-18T17:02:14.454+0000][info][gc,metaspace] GC(94) Metaspace: 405K(576K)->405K(576K) NonClass: 375K(448K)->375K(448K) Class: 29K(128K)->29K(128K)
[2026-07-18T17:02:14.455+0000][info][gc          ] GC(94) Pause Young (Normal) (G1 Evacuation Pause) 1424M->928M(1500M) 9.175ms
[2026-07-18T17:02:14.457+0000][info][gc,cpu      ] GC(94) User=0.00s Sys=0.00s Real=0.01s
[2026-07-18T17:02:14.634+0000][info][gc,marking  ] GC(93) Concurrent Mark From Roots 453.801ms
[2026-07-18T17:02:14.651+0000][info][gc,marking  ] GC(93) Concurrent Preclean
[2026-07-18T17:02:14.652+0000][info][gc,marking  ] GC(93) Concurrent Preclean 0.362ms
[2026-07-18T17:02:14.656+0000][info][gc,start    ] GC(93) Pause Remark
[2026-07-18T17:02:14.659+0000][info][gc          ] GC(93) Pause Remark 1220M->1220M(1500M) 3.639ms
[2026-07-18T17:02:14.660+0000][info][gc,cpu      ] GC(93) User=0.00s Sys=0.00s Real=0.00s
[2026-07-18T17:02:14.661+0000][info][gc,marking  ] GC(93) Concurrent Mark 480.858ms
[2026-07-18T17:02:14.661+0000][info][gc,marking  ] GC(93) Concurrent Rebuild Remembered Sets and Scrub Regions
[2026-07-18T17:02:14.813+0000][info][gc,start    ] GC(95) Pause Young (Normal) (G1 Evacuation Pause)
[2026-07-18T17:02:14.813+0000][info][gc,task     ] GC(95) Using 4 workers of 4 for evacuation
[2026-07-18T17:02:14.816+0000][info][gc,phases   ] GC(95)   Pre Evacuate Collection Set: 0.73ms
[2026-07-18T17:02:14.816+0000][info][gc,phases   ] GC(95)   Merge Heap Roots: 0.16ms
[2026-07-18T17:02:14.817+0000][info][gc,phases   ] GC(95)   Evacuate Collection Set: 0.36ms
[2026-07-18T17:02:14.817+0000][info][gc,phases   ] GC(95)   Post Evacuate Collection Set: 1.55ms
[2026-07-18T17:02:14.817+0000][info][gc,phases   ] GC(95)   Other: 0.38ms
[2026-07-18T17:02:14.817+0000][info][gc,heap     ] GC(95) Eden regions: 496->0(496)
[2026-07-18T17:02:14.817+0000][info][gc,heap     ] GC(95) Survivor regions: 0->0(62)
[2026-07-18T17:02:14.817+0000][info][gc,heap     ] GC(95) Old regions: 895->895
[2026-07-18T17:02:14.817+0000][info][gc,heap     ] GC(95) Humongous regions: 34->34
[2026-07-18T17:02:14.817+0000][info][gc,metaspace] GC(95) Metaspace: 405K(576K)->405K(576K) NonClass: 375K(448K)->375K(448K) Class: 29K(128K)->29K(128K)
[2026-07-18T17:02:14.817+0000][info][gc          ] GC(95) Pause Young (Normal) (G1 Evacuation Pause) 1424M->928M(1500M) 4.472ms
[2026-07-18T17:02:14.817+0000][info][gc,cpu      ] GC(95) User=0.00s Sys=0.00s Real=0.00s
[2026-07-18T17:02:14.983+0000][info][gc,marking  ] GC(93) Concurrent Rebuild Remembered Sets and Scrub Regions 321.732ms
[2026-07-18T17:02:14.988+0000][info][gc,start    ] GC(93) Pause Cleanup
[2026-07-18T17:02:14.991+0000][info][gc          ] GC(93) Pause Cleanup 1125M->1125M(1500M) 3.465ms
[2026-07-18T17:02:14.992+0000][info][gc,cpu      ] GC(93) User=0.00s Sys=0.00s Real=0.00s
[2026-07-18T17:02:14.992+0000][info][gc,marking  ] GC(93) Concurrent Clear Claimed Marks
[2026-07-18T17:02:14.994+0000][info][gc,marking  ] GC(93) Concurrent Clear Claimed Marks 1.606ms
[2026-07-18T17:02:14.995+0000][info][gc,marking  ] GC(93) Concurrent Cleanup for Next Mark
[2026-07-18T17:02:14.998+0000][info][gc,marking  ] GC(93) Concurrent Cleanup for Next Mark 2.892ms
[2026-07-18T17:02:15.001+0000][info][gc          ] GC(93) Concurrent Mark Cycle 822.144ms
[2026-07-18T17:02:15.320+0000][info][gc,start    ] GC(96) Pause Young (Prepare Mixed) (G1 Evacuation Pause)
[2026-07-18T17:02:15.320+0000][info][gc,task     ] GC(96) Using 4 workers of 4 for evacuation
[2026-07-18T17:02:15.322+0000][info][gc,phases   ] GC(96)   Pre Evacuate Collection Set: 0.46ms
[2026-07-18T17:02:15.322+0000][info][gc,phases   ] GC(96)   Merge Heap Roots: 0.18ms
[2026-07-18T17:02:15.322+0000][info][gc,phases   ] GC(96)   Evacuate Collection Set: 0.16ms
[2026-07-18T17:02:15.322+0000][info][gc,phases   ] GC(96)   Post Evacuate Collection Set: 0.94ms
[2026-07-18T17:02:15.322+0000][info][gc,phases   ] GC(96)   Other: 0.16ms
[2026-07-18T17:02:15.322+0000][info][gc,heap     ] GC(96) Eden regions: 496->0(496)
[2026-07-18T17:02:15.323+0000][info][gc,heap     ] GC(96) Survivor regions: 0->0(62)
[2026-07-18T17:02:15.323+0000][info][gc,heap     ] GC(96) Old regions: 895->895
[2026-07-18T17:02:15.323+0000][info][gc,heap     ] GC(96) Humongous regions: 34->34
[2026-07-18T17:02:15.323+0000][info][gc,metaspace] GC(96) Metaspace: 405K(576K)->405K(576K) NonClass: 375K(448K)->375K(448K) Class: 29K(128K)->29K(128K)
[2026-07-18T17:02:15.323+0000][info][gc          ] GC(96) Pause Young (Prepare Mixed) (G1 Evacuation Pause) 1424M->928M(1500M) 3.239ms
[2026-07-18T17:02:15.323+0000][info][gc,cpu      ] GC(96) User=0.01s Sys=0.00s Real=0.01s
[2026-07-18T17:02:15.684+0000][info][gc,start    ] GC(97) Pause Young (Mixed) (G1 Evacuation Pause)
[2026-07-18T17:02:15.684+0000][info][gc,task     ] GC(97) Using 4 workers of 4 for evacuation
[2026-07-18T17:02:15.688+0000][info][gc,phases   ] GC(97)   Pre Evacuate Collection Set: 0.59ms
[2026-07-18T17:02:15.690+0000][info][gc,phases   ] GC(97)   Merge Heap Roots: 0.14ms
[2026-07-18T17:02:15.690+0000][info][gc,phases   ] GC(97)   Evacuate Collection Set: 1.27ms
[2026-07-18T17:02:15.691+0000][info][gc,phases   ] GC(97)   Post Evacuate Collection Set: 2.11ms
[2026-07-18T17:02:15.691+0000][info][gc,phases   ] GC(97)   Other: 0.16ms
[2026-07-18T17:02:15.691+0000][info][gc,heap     ] GC(97) Eden regions: 496->0(496)
[2026-07-18T17:02:15.692+0000][info][gc,heap     ] GC(97) Survivor regions: 0->0(62)
[2026-07-18T17:02:15.692+0000][info][gc,heap     ] GC(97) Old regions: 895->895
[2026-07-18T17:02:15.692+0000][info][gc,heap     ] GC(97) Humongous regions: 34->34
[2026-07-18T17:02:15.692+0000][info][gc,metaspace] GC(97) Metaspace: 405K(576K)->405K(576K) NonClass: 375K(448K)->375K(448K) Class: 29K(128K)->29K(128K)
[2026-07-18T17:02:15.693+0000][info][gc          ] GC(97) Pause Young (Mixed) (G1 Evacuation Pause) 1424M->928M(1500M) 8.912ms
[2026-07-18T17:02:15.693+0000][info][gc,cpu      ] GC(97) User=0.00s Sys=0.00s Real=0.01s
[2026-07-18T17:02:15.961+0000][info][gc,start    ] GC(98) Pause Young (Concurrent Start) (G1 Evacuation Pause)
[2026-07-18T17:02:15.962+0000][info][gc,task     ] GC(98) Using 4 workers of 4 for evacuation
[2026-07-18T17:02:15.965+0000][info][gc,phases   ] GC(98)   Pre Evacuate Collection Set: 1.41ms
[2026-07-18T17:02:15.965+0000][info][gc,phases   ] GC(98)   Merge Heap Roots: 0.15ms
[2026-07-18T17:02:15.966+0000][info][gc,phases   ] GC(98)   Evacuate Collection Set: 0.71ms
[2026-07-18T17:02:15.966+0000][info][gc,phases   ] GC(98)   Post Evacuate Collection Set: 1.21ms
[2026-07-18T17:02:15.966+0000][info][gc,phases   ] GC(98)   Other: 0.22ms
[2026-07-18T17:02:15.966+0000][info][gc,heap     ] GC(98) Eden regions: 496->0(496)
[2026-07-18T17:02:15.966+0000][info][gc,heap     ] GC(98) Survivor regions: 0->0(62)
[2026-07-18T17:02:15.966+0000][info][gc,heap     ] GC(98) Old regions: 895->895
[2026-07-18T17:02:15.966+0000][info][gc,heap     ] GC(98) Humongous regions: 34->34
[2026-07-18T17:02:15.966+0000][info][gc,metaspace] GC(98) Metaspace: 405K(576K)->405K(576K) NonClass: 375K(448K)->375K(448K) Class: 29K(128K)->29K(128K)
[2026-07-18T17:02:15.967+0000][info][gc          ] GC(98) Pause Young (Concurrent Start) (G1 Evacuation Pause) 1424M->928M(1500M) 5.718ms
[2026-07-18T17:02:15.967+0000][info][gc,cpu      ] GC(98) User=0.01s Sys=0.00s Real=0.01s
[2026-07-18T17:02:15.971+0000][info][gc          ] GC(99) Concurrent Mark Cycle
[2026-07-18T17:02:15.972+0000][info][gc,marking  ] GC(99) Concurrent Scan Root Regions
[2026-07-18T17:02:15.975+0000][info][gc,marking  ] GC(99) Concurrent Scan Root Regions 3.715ms
[2026-07-18T17:02:15.978+0000][info][gc,marking  ] GC(99) Concurrent Mark
[2026-07-18T17:02:15.978+0000][info][gc,marking  ] GC(99) Concurrent Mark From Roots
[2026-07-18T17:02:15.980+0000][info][gc,task     ] GC(99) Using 1 workers of 1 for marking
[2026-07-18T17:02:16.257+0000][info][gc,start    ] GC(100) Pause Young (Normal) (G1 Evacuation Pause)
[2026-07-18T17:02:16.257+0000][info][gc,task     ] GC(100) Using 4 workers of 4 for evacuation
[2026-07-18T17:02:16.258+0000][info][gc,phases   ] GC(100)   Pre Evacuate Collection Set: 0.24ms
[2026-07-18T17:02:16.258+0000][info][gc,phases   ] GC(100)   Merge Heap Roots: 0.10ms
[2026-07-18T17:02:16.258+0000][info][gc,phases   ] GC(100)   Evacuate Collection Set: 0.13ms
[2026-07-18T17:02:16.258+0000][info][gc,phases   ] GC(100)   Post Evacuate Collection Set: 0.33ms
[2026-07-18T17:02:16.259+0000][info][gc,phases   ] GC(100)   Other: 0.22ms
[2026-07-18T17:02:16.259+0000][info][gc,heap     ] GC(100) Eden regions: 496->0(496)
[2026-07-18T17:02:16.259+0000][info][gc,heap     ] GC(100) Survivor regions: 0->0(62)
[2026-07-18T17:02:16.259+0000][info][gc,heap     ] GC(100) Old regions: 895->895
[2026-07-18T17:02:16.259+0000][info][gc,heap     ] GC(100) Humongous regions: 34->34
[2026-07-18T17:02:16.259+0000][info][gc,metaspace] GC(100) Metaspace: 405K(576K)->405K(576K) NonClass: 375K(448K)->375K(448K) Class: 29K(128K)->29K(128K)
[2026-07-18T17:02:16.260+0000][info][gc          ] GC(100) Pause Young (Normal) (G1 Evacuation Pause) 1424M->928M(1500M) 2.887ms
[2026-07-18T17:02:16.260+0000][info][gc,cpu      ] GC(100) User=0.00s Sys=0.00s Real=0.00s
[2026-07-18T17:02:16.367+0000][info][gc,marking  ] GC(99) Concurrent Mark From Roots 388.724ms
[2026-07-18T17:02:16.370+0000][info][gc,marking  ] GC(99) Concurrent Preclean
[2026-07-18T17:02:16.372+0000][info][gc,marking  ] GC(99) Concurrent Preclean 1.222ms
[2026-07-18T17:02:16.373+0000][info][gc,start    ] GC(99) Pause Remark
[2026-07-18T17:02:16.376+0000][info][gc          ] GC(99) Pause Remark 1127M->1127M(1500M) 2.666ms
[2026-07-18T17:02:16.376+0000][info][gc,cpu      ] GC(99) User=0.00s Sys=0.00s Real=0.00s
[2026-07-18T17:02:16.377+0000][info][gc,marking  ] GC(99) Concurrent Mark 398.515ms
[2026-07-18T17:02:16.380+0000][info][gc,marking  ] GC(99) Concurrent Rebuild Remembered Sets and Scrub Regions
[2026-07-18T17:02:16.518+0000][info][gc,start    ] GC(101) Pause Young (Normal) (G1 Evacuation Pause)
[2026-07-18T17:02:16.518+0000][info][gc,task     ] GC(101) Using 4 workers of 4 for evacuation
[2026-07-18T17:02:16.521+0000][info][gc,phases   ] GC(101)   Pre Evacuate Collection Set: 0.34ms
[2026-07-18T17:02:16.521+0000][info][gc,phases   ] GC(101)   Merge Heap Roots: 0.49ms
[2026-07-18T17:02:16.521+0000][info][gc,phases   ] GC(101)   Evacuate Collection Set: 0.44ms
[2026-07-18T17:02:16.521+0000][info][gc,phases   ] GC(101)   Post Evacuate Collection Set: 1.06ms
[2026-07-18T17:02:16.521+0000][info][gc,phases   ] GC(101)   Other: 0.12ms
[2026-07-18T17:02:16.521+0000][info][gc,heap     ] GC(101) Eden regions: 496->0(496)
[2026-07-18T17:02:16.521+0000][info][gc,heap     ] GC(101) Survivor regions: 0->0(62)
[2026-07-18T17:02:16.521+0000][info][gc,heap     ] GC(101) Old regions: 895->895
[2026-07-18T17:02:16.521+0000][info][gc,heap     ] GC(101) Humongous regions: 34->34
[2026-07-18T17:02:16.521+0000][info][gc,metaspace] GC(101) Metaspace: 405K(576K)->405K(576K) NonClass: 375K(448K)->375K(448K) Class: 29K(128K)->29K(128K)
[2026-07-18T17:02:16.521+0000][info][gc          ] GC(101) Pause Young (Normal) (G1 Evacuation Pause) 1424M->928M(1500M) 3.216ms
[2026-07-18T17:02:16.522+0000][info][gc,cpu      ] GC(101) User=0.00s Sys=0.00s Real=0.00s
[2026-07-18T17:02:16.627+0000][info][gc,marking  ] GC(99) Concurrent Rebuild Remembered Sets and Scrub Regions 246.243ms
[2026-07-18T17:02:16.627+0000][info][gc,start    ] GC(99) Pause Cleanup
[2026-07-18T17:02:16.627+0000][info][gc          ] GC(99) Pause Cleanup 1111M->1111M(1500M) 0.433ms
[2026-07-18T17:02:16.627+0000][info][gc,cpu      ] GC(99) User=0.00s Sys=0.00s Real=0.00s
[2026-07-18T17:02:16.627+0000][info][gc,marking  ] GC(99) Concurrent Clear Claimed Marks
[2026-07-18T17:02:16.628+0000][info][gc,marking  ] GC(99) Concurrent Clear Claimed Marks 0.094ms
[2026-07-18T17:02:16.628+0000][info][gc,marking  ] GC(99) Concurrent Cleanup for Next Mark
[2026-07-18T17:02:16.631+0000][info][gc,marking  ] GC(99) Concurrent Cleanup for Next Mark 3.022ms
[2026-07-18T17:02:16.631+0000][info][gc          ] GC(99) Concurrent Mark Cycle 659.608ms
[2026-07-18T17:02:16.773+0000][info][gc,start    ] GC(102) Pause Young (Prepare Mixed) (G1 Evacuation Pause)
[2026-07-18T17:02:16.774+0000][info][gc,task     ] GC(102) Using 4 workers of 4 for evacuation
[2026-07-18T17:02:16.775+0000][info][gc,phases   ] GC(102)   Pre Evacuate Collection Set: 0.58ms
[2026-07-18T17:02:16.775+0000][info][gc,phases   ] GC(102)   Merge Heap Roots: 0.12ms
[2026-07-18T17:02:16.776+0000][info][gc,phases   ] GC(102)   Evacuate Collection Set: 0.18ms
[2026-07-18T17:02:16.776+0000][info][gc,phases   ] GC(102)   Post Evacuate Collection Set: 0.39ms
[2026-07-18T17:02:16.776+0000][info][gc,phases   ] GC(102)   Other: 0.18ms
[2026-07-18T17:02:16.776+0000][info][gc,heap     ] GC(102) Eden regions: 496->0(496)
[2026-07-18T17:02:16.776+0000][info][gc,heap     ] GC(102) Survivor regions: 0->0(62)
[2026-07-18T17:02:16.776+0000][info][gc,heap     ] GC(102) Old regions: 895->895
[2026-07-18T17:02:16.777+0000][info][gc,heap     ] GC(102) Humongous regions: 34->34
[2026-07-18T17:02:16.777+0000][info][gc,metaspace] GC(102) Metaspace: 405K(576K)->405K(576K) NonClass: 375K(448K)->375K(448K) Class: 29K(128K)->29K(128K)
[2026-07-18T17:02:16.777+0000][info][gc          ] GC(102) Pause Young (Prepare Mixed) (G1 Evacuation Pause) 1424M->928M(1500M) 4.134ms
[2026-07-18T17:02:16.777+0000][info][gc,cpu      ] GC(102) User=0.00s Sys=0.00s Real=0.00s
[2026-07-18T17:02:17.107+0000][info][gc,start    ] GC(103) Pause Young (Mixed) (G1 Evacuation Pause)
[2026-07-18T17:02:17.112+0000][info][gc,task     ] GC(103) Using 4 workers of 4 for evacuation
[2026-07-18T17:02:17.121+0000][info][gc,phases   ] GC(103)   Pre Evacuate Collection Set: 0.43ms
[2026-07-18T17:02:17.121+0000][info][gc,phases   ] GC(103)   Merge Heap Roots: 0.17ms
[2026-07-18T17:02:17.122+0000][info][gc,phases   ] GC(103)   Evacuate Collection Set: 3.87ms
[2026-07-18T17:02:17.126+0000][info][gc,phases   ] GC(103)   Post Evacuate Collection Set: 1.96ms
[2026-07-18T17:02:17.126+0000][info][gc,phases   ] GC(103)   Other: 2.50ms
[2026-07-18T17:02:17.127+0000][info][gc,heap     ] GC(103) Eden regions: 496->0(496)
[2026-07-18T17:02:17.127+0000][info][gc,heap     ] GC(103) Survivor regions: 0->0(62)
[2026-07-18T17:02:17.127+0000][info][gc,heap     ] GC(103) Old regions: 895->895
[2026-07-18T17:02:17.127+0000][info][gc,heap     ] GC(103) Humongous regions: 34->34
[2026-07-18T17:02:17.127+0000][info][gc,metaspace] GC(103) Metaspace: 405K(576K)->405K(576K) NonClass: 375K(448K)->375K(448K) Class: 29K(128K)->29K(128K)
[2026-07-18T17:02:17.127+0000][info][gc          ] GC(103) Pause Young (Mixed) (G1 Evacuation Pause) 1424M->928M(1500M) 19.910ms
[2026-07-18T17:02:17.127+0000][info][gc,cpu      ] GC(103) User=0.01s Sys=0.01s Real=0.02s
[2026-07-18T17:02:17.399+0000][info][gc,start    ] GC(104) Pause Young (Concurrent Start) (G1 Evacuation Pause)
[2026-07-18T17:02:17.403+0000][info][gc,task     ] GC(104) Using 4 workers of 4 for evacuation
[2026-07-18T17:02:17.409+0000][info][gc,phases   ] GC(104)   Pre Evacuate Collection Set: 0.33ms
[2026-07-18T17:02:17.409+0000][info][gc,phases   ] GC(104)   Merge Heap Roots: 0.12ms
[2026-07-18T17:02:17.410+0000][info][gc,phases   ] GC(104)   Evacuate Collection Set: 0.44ms
[2026-07-18T17:02:17.410+0000][info][gc,phases   ] GC(104)   Post Evacuate Collection Set: 3.75ms
[2026-07-18T17:02:17.410+0000][info][gc,phases   ] GC(104)   Other: 0.71ms
[2026-07-18T17:02:17.410+0000][info][gc,heap     ] GC(104) Eden regions: 496->0(496)
[2026-07-18T17:02:17.410+0000][info][gc,heap     ] GC(104) Survivor regions: 0->0(62)
[2026-07-18T17:02:17.410+0000][info][gc,heap     ] GC(104) Old regions: 895->895
[2026-07-18T17:02:17.410+0000][info][gc,heap     ] GC(104) Humongous regions: 34->34
[2026-07-18T17:02:17.410+0000][info][gc,metaspace] GC(104) Metaspace: 405K(576K)->405K(576K) NonClass: 375K(448K)->375K(448K) Class: 29K(128K)->29K(128K)
[2026-07-18T17:02:17.410+0000][info][gc          ] GC(104) Pause Young (Concurrent Start) (G1 Evacuation Pause) 1424M->928M(1500M) 11.491ms
[2026-07-18T17:02:17.410+0000][info][gc,cpu      ] GC(104) User=0.00s Sys=0.00s Real=0.01s
[2026-07-18T17:02:17.410+0000][info][gc          ] GC(105) Concurrent Mark Cycle
[2026-07-18T17:02:17.411+0000][info][gc,marking  ] GC(105) Concurrent Scan Root Regions
[2026-07-18T17:02:17.412+0000][info][gc,marking  ] GC(105) Concurrent Scan Root Regions 0.171ms
[2026-07-18T17:02:17.412+0000][info][gc,marking  ] GC(105) Concurrent Mark
[2026-07-18T17:02:17.412+0000][info][gc,marking  ] GC(105) Concurrent Mark From Roots
[2026-07-18T17:02:17.412+0000][info][gc,task     ] GC(105) Using 1 workers of 1 for marking
[2026-07-18T17:02:17.628+0000][info][gc,start    ] GC(106) Pause Young (Normal) (G1 Evacuation Pause)
[2026-07-18T17:02:17.628+0000][info][gc,task     ] GC(106) Using 4 workers of 4 for evacuation
[2026-07-18T17:02:17.632+0000][info][gc,phases   ] GC(106)   Pre Evacuate Collection Set: 0.39ms
[2026-07-18T17:02:17.632+0000][info][gc,phases   ] GC(106)   Merge Heap Roots: 1.04ms
[2026-07-18T17:02:17.632+0000][info][gc,phases   ] GC(106)   Evacuate Collection Set: 1.91ms
[2026-07-18T17:02:17.633+0000][info][gc,phases   ] GC(106)   Post Evacuate Collection Set: 0.82ms
[2026-07-18T17:02:17.633+0000][info][gc,phases   ] GC(106)   Other: 0.15ms
[2026-07-18T17:02:17.633+0000][info][gc,heap     ] GC(106) Eden regions: 496->0(496)
[2026-07-18T17:02:17.633+0000][info][gc,heap     ] GC(106) Survivor regions: 0->0(62)
[2026-07-18T17:02:17.633+0000][info][gc,heap     ] GC(106) Old regions: 895->895
[2026-07-18T17:02:17.633+0000][info][gc,heap     ] GC(106) Humongous regions: 34->34
[2026-07-18T17:02:17.633+0000][info][gc,metaspace] GC(106) Metaspace: 405K(576K)->405K(576K) NonClass: 375K(448K)->375K(448K) Class: 29K(128K)->29K(128K)
[2026-07-18T17:02:17.633+0000][info][gc          ] GC(106) Pause Young (Normal) (G1 Evacuation Pause) 1424M->928M(1500M) 5.104ms
[2026-07-18T17:02:17.633+0000][info][gc,cpu      ] GC(106) User=0.00s Sys=0.00s Real=0.01s
[2026-07-18T17:02:17.753+0000][info][gc,marking  ] GC(105) Concurrent Mark From Roots 340.911ms
[2026-07-18T17:02:17.753+0000][info][gc,marking  ] GC(105) Concurrent Preclean
[2026-07-18T17:02:17.753+0000][info][gc,marking  ] GC(105) Concurrent Preclean 0.201ms
[2026-07-18T17:02:17.757+0000][info][gc,start    ] GC(105) Pause Remark
[2026-07-18T17:02:17.759+0000][info][gc          ] GC(105) Pause Remark 1162M->1162M(1500M) 1.468ms
[2026-07-18T17:02:17.759+0000][info][gc,cpu      ] GC(105) User=0.00s Sys=0.01s Real=0.00s
[2026-07-18T17:02:17.759+0000][info][gc,marking  ] GC(105) Concurrent Mark 347.632ms
[2026-07-18T17:02:17.760+0000][info][gc,marking  ] GC(105) Concurrent Rebuild Remembered Sets and Scrub Regions
[2026-07-18T17:02:17.937+0000][info][gc,start    ] GC(107) Pause Young (Normal) (G1 Evacuation Pause)
[2026-07-18T17:02:17.937+0000][info][gc,task     ] GC(107) Using 4 workers of 4 for evacuation
[2026-07-18T17:02:17.938+0000][info][gc,phases   ] GC(107)   Pre Evacuate Collection Set: 0.20ms
[2026-07-18T17:02:17.938+0000][info][gc,phases   ] GC(107)   Merge Heap Roots: 0.04ms
[2026-07-18T17:02:17.938+0000][info][gc,phases   ] GC(107)   Evacuate Collection Set: 0.17ms
[2026-07-18T17:02:17.938+0000][info][gc,phases   ] GC(107)   Post Evacuate Collection Set: 0.24ms
[2026-07-18T17:02:17.938+0000][info][gc,phases   ] GC(107)   Other: 0.07ms
[2026-07-18T17:02:17.938+0000][info][gc,heap     ] GC(107) Eden regions: 496->0(496)
[2026-07-18T17:02:17.938+0000][info][gc,heap     ] GC(107) Survivor regions: 0->0(62)
[2026-07-18T17:02:17.938+0000][info][gc,heap     ] GC(107) Old regions: 895->895
[2026-07-18T17:02:17.938+0000][info][gc,heap     ] GC(107) Humongous regions: 34->34
[2026-07-18T17:02:17.938+0000][info][gc,metaspace] GC(107) Metaspace: 405K(576K)->405K(576K) NonClass: 375K(448K)->375K(448K) Class: 29K(128K)->29K(128K)
[2026-07-18T17:02:17.938+0000][info][gc          ] GC(107) Pause Young (Normal) (G1 Evacuation Pause) 1424M->928M(1500M) 1.016ms
[2026-07-18T17:02:17.938+0000][info][gc,cpu      ] GC(107) User=0.00s Sys=0.00s Real=0.00s
[2026-07-18T17:02:17.996+0000][info][gc,marking  ] GC(105) Concurrent Rebuild Remembered Sets and Scrub Regions 236.138ms
[2026-07-18T17:02:17.997+0000][info][gc,start    ] GC(105) Pause Cleanup
[2026-07-18T17:02:17.998+0000][info][gc          ] GC(105) Pause Cleanup 1043M->1043M(1500M) 1.042ms
[2026-07-18T17:02:17.998+0000][info][gc,cpu      ] GC(105) User=0.00s Sys=0.00s Real=0.00s
[2026-07-18T17:02:17.999+0000][info][gc,marking  ] GC(105) Concurrent Clear Claimed Marks
[2026-07-18T17:02:17.999+0000][info][gc,marking  ] GC(105) Concurrent Clear Claimed Marks 0.304ms
[2026-07-18T17:02:17.999+0000][info][gc,marking  ] GC(105) Concurrent Cleanup for Next Mark
[2026-07-18T17:02:18.002+0000][info][gc,marking  ] GC(105) Concurrent Cleanup for Next Mark 2.399ms
[2026-07-18T17:02:18.003+0000][info][gc          ] GC(105) Concurrent Mark Cycle 592.719ms
[2026-07-18T17:02:18.214+0000][info][gc,start    ] GC(108) Pause Young (Normal) (G1 Evacuation Pause)
[2026-07-18T17:02:18.214+0000][info][gc,task     ] GC(108) Using 4 workers of 4 for evacuation
[2026-07-18T17:02:18.218+0000][info][gc,phases   ] GC(108)   Pre Evacuate Collection Set: 0.43ms
[2026-07-18T17:02:18.219+0000][info][gc,phases   ] GC(108)   Merge Heap Roots: 0.25ms
[2026-07-18T17:02:18.219+0000][info][gc,phases   ] GC(108)   Evacuate Collection Set: 2.01ms
[2026-07-18T17:02:18.220+0000][info][gc,phases   ] GC(108)   Post Evacuate Collection Set: 0.90ms
[2026-07-18T17:02:18.220+0000][info][gc,phases   ] GC(108)   Other: 0.41ms
[2026-07-18T17:02:18.220+0000][info][gc,heap     ] GC(108) Eden regions: 496->0(496)
[2026-07-18T17:02:18.221+0000][info][gc,heap     ] GC(108) Survivor regions: 0->0(62)
[2026-07-18T17:02:18.221+0000][info][gc,heap     ] GC(108) Old regions: 895->895
[2026-07-18T17:02:18.221+0000][info][gc,heap     ] GC(108) Humongous regions: 34->34
[2026-07-18T17:02:18.222+0000][info][gc,metaspace] GC(108) Metaspace: 405K(576K)->405K(576K) NonClass: 375K(448K)->375K(448K) Class: 29K(128K)->29K(128K)
[2026-07-18T17:02:18.222+0000][info][gc          ] GC(108) Pause Young (Normal) (G1 Evacuation Pause) 1424M->928M(1500M) 8.604ms
[2026-07-18T17:02:18.223+0000][info][gc,cpu      ] GC(108) User=0.00s Sys=0.00s Real=0.01s
[2026-07-18T17:02:18.617+0000][info][gc,start    ] GC(109) Pause Young (Concurrent Start) (G1 Evacuation Pause)
[2026-07-18T17:02:18.618+0000][info][gc,task     ] GC(109) Using 4 workers of 4 for evacuation
[2026-07-18T17:02:18.620+0000][info][gc,phases   ] GC(109)   Pre Evacuate Collection Set: 0.62ms
[2026-07-18T17:02:18.620+0000][info][gc,phases   ] GC(109)   Merge Heap Roots: 0.22ms
[2026-07-18T17:02:18.620+0000][info][gc,phases   ] GC(109)   Evacuate Collection Set: 0.30ms
[2026-07-18T17:02:18.620+0000][info][gc,phases   ] GC(109)   Post Evacuate Collection Set: 0.78ms
[2026-07-18T17:02:18.620+0000][info][gc,phases   ] GC(109)   Other: 0.41ms
[2026-07-18T17:02:18.620+0000][info][gc,heap     ] GC(109) Eden regions: 496->0(496)
[2026-07-18T17:02:18.620+0000][info][gc,heap     ] GC(109) Survivor regions: 0->0(62)
[2026-07-18T17:02:18.620+0000][info][gc,heap     ] GC(109) Old regions: 895->895
[2026-07-18T17:02:18.620+0000][info][gc,heap     ] GC(109) Humongous regions: 34->34
[2026-07-18T17:02:18.621+0000][info][gc,metaspace] GC(109) Metaspace: 405K(576K)->405K(576K) NonClass: 375K(448K)->375K(448K) Class: 29K(128K)->29K(128K)
[2026-07-18T17:02:18.621+0000][info][gc          ] GC(109) Pause Young (Concurrent Start) (G1 Evacuation Pause) 1424M->928M(1500M) 3.120ms
[2026-07-18T17:02:18.621+0000][info][gc,cpu      ] GC(109) User=0.01s Sys=0.00s Real=0.00s
[2026-07-18T17:02:18.621+0000][info][gc          ] GC(110) Concurrent Mark Cycle
[2026-07-18T17:02:18.624+0000][info][gc,marking  ] GC(110) Concurrent Scan Root Regions
[2026-07-18T17:02:18.624+0000][info][gc,marking  ] GC(110) Concurrent Scan Root Regions 0.063ms
[2026-07-18T17:02:18.624+0000][info][gc,marking  ] GC(110) Concurrent Mark
[2026-07-18T17:02:18.624+0000][info][gc,marking  ] GC(110) Concurrent Mark From Roots
[2026-07-18T17:02:18.624+0000][info][gc,task     ] GC(110) Using 1 workers of 1 for marking
[2026-07-18T17:02:19.050+0000][info][gc,start    ] GC(111) Pause Young (Normal) (G1 Evacuation Pause)
[2026-07-18T17:02:19.050+0000][info][gc,task     ] GC(111) Using 4 workers of 4 for evacuation
[2026-07-18T17:02:19.051+0000][info][gc,phases   ] GC(111)   Pre Evacuate Collection Set: 0.33ms
[2026-07-18T17:02:19.051+0000][info][gc,phases   ] GC(111)   Merge Heap Roots: 0.10ms
[2026-07-18T17:02:19.051+0000][info][gc,phases   ] GC(111)   Evacuate Collection Set: 0.16ms
[2026-07-18T17:02:19.051+0000][info][gc,phases   ] GC(111)   Post Evacuate Collection Set: 0.37ms
[2026-07-18T17:02:19.051+0000][info][gc,phases   ] GC(111)   Other: 0.19ms
[2026-07-18T17:02:19.051+0000][info][gc,heap     ] GC(111) Eden regions: 496->0(496)
[2026-07-18T17:02:19.051+0000][info][gc,heap     ] GC(111) Survivor regions: 0->0(62)
[2026-07-18T17:02:19.051+0000][info][gc,heap     ] GC(111) Old regions: 895->895
[2026-07-18T17:02:19.051+0000][info][gc,heap     ] GC(111) Humongous regions: 34->34
[2026-07-18T17:02:19.051+0000][info][gc,metaspace] GC(111) Metaspace: 405K(576K)->405K(576K) NonClass: 375K(448K)->375K(448K) Class: 29K(128K)->29K(128K)
[2026-07-18T17:02:19.051+0000][info][gc          ] GC(111) Pause Young (Normal) (G1 Evacuation Pause) 1424M->928M(1500M) 1.880ms
[2026-07-18T17:02:19.051+0000][info][gc,cpu      ] GC(111) User=0.00s Sys=0.00s Real=0.00s
[2026-07-18T17:02:19.057+0000][info][gc,marking  ] GC(110) Concurrent Mark From Roots 432.523ms
[2026-07-18T17:02:19.059+0000][info][gc,marking  ] GC(110) Concurrent Preclean
[2026-07-18T17:02:19.059+0000][info][gc,marking  ] GC(110) Concurrent Preclean 0.139ms
[2026-07-18T17:02:19.060+0000][info][gc,start    ] GC(110) Pause Remark
[2026-07-18T17:02:19.060+0000][info][gc          ] GC(110) Pause Remark 943M->943M(1500M) 0.658ms
[2026-07-18T17:02:19.060+0000][info][gc,cpu      ] GC(110) User=0.00s Sys=0.00s Real=0.00s
[2026-07-18T17:02:19.061+0000][info][gc,marking  ] GC(110) Concurrent Mark 436.331ms
[2026-07-18T17:02:19.061+0000][info][gc,marking  ] GC(110) Concurrent Rebuild Remembered Sets and Scrub Regions
[2026-07-18T17:02:19.309+0000][info][gc,start    ] GC(112) Pause Young (Normal) (G1 Evacuation Pause)
[2026-07-18T17:02:19.309+0000][info][gc,task     ] GC(112) Using 4 workers of 4 for evacuation
[2026-07-18T17:02:19.310+0000][info][gc,phases   ] GC(112)   Pre Evacuate Collection Set: 0.27ms
[2026-07-18T17:02:19.310+0000][info][gc,phases   ] GC(112)   Merge Heap Roots: 0.04ms
[2026-07-18T17:02:19.310+0000][info][gc,phases   ] GC(112)   Evacuate Collection Set: 0.16ms
[2026-07-18T17:02:19.310+0000][info][gc,phases   ] GC(112)   Post Evacuate Collection Set: 0.45ms
[2026-07-18T17:02:19.310+0000][info][gc,phases   ] GC(112)   Other: 0.10ms
[2026-07-18T17:02:19.310+0000][info][gc,heap     ] GC(112) Eden regions: 496->0(496)
[2026-07-18T17:02:19.310+0000][info][gc,heap     ] GC(112) Survivor regions: 0->0(62)
[2026-07-18T17:02:19.310+0000][info][gc,heap     ] GC(112) Old regions: 895->895
[2026-07-18T17:02:19.310+0000][info][gc,heap     ] GC(112) Humongous regions: 34->34
[2026-07-18T17:02:19.310+0000][info][gc,metaspace] GC(112) Metaspace: 405K(576K)->405K(576K) NonClass: 375K(448K)->375K(448K) Class: 29K(128K)->29K(128K)
[2026-07-18T17:02:19.310+0000][info][gc          ] GC(112) Pause Young (Normal) (G1 Evacuation Pause) 1424M->928M(1500M) 1.629ms
[2026-07-18T17:02:19.310+0000][info][gc,cpu      ] GC(112) User=0.00s Sys=0.00s Real=0.00s
[2026-07-18T17:02:19.321+0000][info][gc,marking  ] GC(110) Concurrent Rebuild Remembered Sets and Scrub Regions 260.214ms
[2026-07-18T17:02:19.322+0000][info][gc,start    ] GC(110) Pause Cleanup
[2026-07-18T17:02:19.323+0000][info][gc          ] GC(110) Pause Cleanup 951M->951M(1500M) 0.380ms
[2026-07-18T17:02:19.323+0000][info][gc,cpu      ] GC(110) User=0.00s Sys=0.00s Real=0.00s
[2026-07-18T17:02:19.325+0000][info][gc,marking  ] GC(110) Concurrent Clear Claimed Marks
[2026-07-18T17:02:19.329+0000][info][gc,marking  ] GC(110) Concurrent Clear Claimed Marks 3.997ms
[2026-07-18T17:02:19.329+0000][info][gc,marking  ] GC(110) Concurrent Cleanup for Next Mark
[2026-07-18T17:02:19.331+0000][info][gc,marking  ] GC(110) Concurrent Cleanup for Next Mark 1.538ms
[2026-07-18T17:02:19.333+0000][info][gc          ] GC(110) Concurrent Mark Cycle 711.906ms
[2026-07-18T17:02:19.695+0000][info][gc,start    ] GC(113) Pause Young (Normal) (G1 Evacuation Pause)
[2026-07-18T17:02:19.695+0000][info][gc,task     ] GC(113) Using 4 workers of 4 for evacuation
[2026-07-18T17:02:19.699+0000][info][gc,phases   ] GC(113)   Pre Evacuate Collection Set: 0.36ms
[2026-07-18T17:02:19.699+0000][info][gc,phases   ] GC(113)   Merge Heap Roots: 0.10ms
[2026-07-18T17:02:19.699+0000][info][gc,phases   ] GC(113)   Evacuate Collection Set: 1.99ms
[2026-07-18T17:02:19.700+0000][info][gc,phases   ] GC(113)   Post Evacuate Collection Set: 0.78ms
[2026-07-18T17:02:19.700+0000][info][gc,phases   ] GC(113)   Other: 0.30ms
[2026-07-18T17:02:19.700+0000][info][gc,heap     ] GC(113) Eden regions: 496->0(496)
[2026-07-18T17:02:19.700+0000][info][gc,heap     ] GC(113) Survivor regions: 0->0(62)
[2026-07-18T17:02:19.700+0000][info][gc,heap     ] GC(113) Old regions: 895->895
[2026-07-18T17:02:19.701+0000][info][gc,heap     ] GC(113) Humongous regions: 34->34
[2026-07-18T17:02:19.701+0000][info][gc,metaspace] GC(113) Metaspace: 405K(576K)->405K(576K) NonClass: 375K(448K)->375K(448K) Class: 29K(128K)->29K(128K)
[2026-07-18T17:02:19.701+0000][info][gc          ] GC(113) Pause Young (Normal) (G1 Evacuation Pause) 1424M->928M(1500M) 5.866ms
[2026-07-18T17:02:19.701+0000][info][gc,cpu      ] GC(113) User=0.00s Sys=0.00s Real=0.00s
[2026-07-18T17:02:19.974+0000][info][gc,start    ] GC(114) Pause Young (Concurrent Start) (G1 Evacuation Pause)
[2026-07-18T17:02:19.975+0000][info][gc,task     ] GC(114) Using 4 workers of 4 for evacuation
[2026-07-18T17:02:19.977+0000][info][gc,phases   ] GC(114)   Pre Evacuate Collection Set: 0.65ms
[2026-07-18T17:02:19.977+0000][info][gc,phases   ] GC(114)   Merge Heap Roots: 0.15ms
[2026-07-18T17:02:19.977+0000][info][gc,phases   ] GC(114)   Evacuate Collection Set: 0.39ms
[2026-07-18T17:02:19.978+0000][info][gc,phases   ] GC(114)   Post Evacuate Collection Set: 0.80ms
[2026-07-18T17:02:19.978+0000][info][gc,phases   ] GC(114)   Other: 0.40ms
[2026-07-18T17:02:19.978+0000][info][gc,heap     ] GC(114) Eden regions: 496->0(496)
[2026-07-18T17:02:19.978+0000][info][gc,heap     ] GC(114) Survivor regions: 0->0(62)
[2026-07-18T17:02:19.978+0000][info][gc,heap     ] GC(114) Old regions: 895->895
[2026-07-18T17:02:19.979+0000][info][gc,heap     ] GC(114) Humongous regions: 34->34
[2026-07-18T17:02:19.979+0000][info][gc,metaspace] GC(114) Metaspace: 405K(576K)->405K(576K) NonClass: 375K(448K)->375K(448K) Class: 29K(128K)->29K(128K)
[2026-07-18T17:02:19.979+0000][info][gc          ] GC(114) Pause Young (Concurrent Start) (G1 Evacuation Pause) 1424M->928M(1500M) 4.808ms
[2026-07-18T17:02:19.979+0000][info][gc,cpu      ] GC(114) User=0.00s Sys=0.01s Real=0.00s
[2026-07-18T17:02:19.980+0000][info][gc          ] GC(115) Concurrent Mark Cycle
[2026-07-18T17:02:19.983+0000][info][gc,marking  ] GC(115) Concurrent Scan Root Regions
[2026-07-18T17:02:19.988+0000][info][gc,marking  ] GC(115) Concurrent Scan Root Regions 4.760ms
[2026-07-18T17:02:19.990+0000][info][gc,marking  ] GC(115) Concurrent Mark
[2026-07-18T17:02:19.991+0000][info][gc,marking  ] GC(115) Concurrent Mark From Roots
[2026-07-18T17:02:19.995+0000][info][gc,task     ] GC(115) Using 1 workers of 1 for marking
[2026-07-18T17:02:20.285+0000][info][gc,start    ] GC(116) Pause Young (Normal) (G1 Evacuation Pause)
[2026-07-18T17:02:20.287+0000][info][gc,task     ] GC(116) Using 4 workers of 4 for evacuation
[2026-07-18T17:02:20.290+0000][info][gc,phases   ] GC(116)   Pre Evacuate Collection Set: 0.61ms
[2026-07-18T17:02:20.290+0000][info][gc,phases   ] GC(116)   Merge Heap Roots: 0.21ms
[2026-07-18T17:02:20.291+0000][info][gc,phases   ] GC(116)   Evacuate Collection Set: 0.25ms
[2026-07-18T17:02:20.291+0000][info][gc,phases   ] GC(116)   Post Evacuate Collection Set: 0.99ms
[2026-07-18T17:02:20.291+0000][info][gc,phases   ] GC(116)   Other: 1.09ms
[2026-07-18T17:02:20.292+0000][info][gc,heap     ] GC(116) Eden regions: 496->0(496)
[2026-07-18T17:02:20.292+0000][info][gc,heap     ] GC(116) Survivor regions: 0->0(62)
[2026-07-18T17:02:20.293+0000][info][gc,heap     ] GC(116) Old regions: 895->895
[2026-07-18T17:02:20.293+0000][info][gc,heap     ] GC(116) Humongous regions: 34->34
[2026-07-18T17:02:20.293+0000][info][gc,metaspace] GC(116) Metaspace: 405K(576K)->405K(576K) NonClass: 375K(448K)->375K(448K) Class: 29K(128K)->29K(128K)
[2026-07-18T17:02:20.293+0000][info][gc          ] GC(116) Pause Young (Normal) (G1 Evacuation Pause) 1424M->928M(1500M) 8.674ms
[2026-07-18T17:02:20.294+0000][info][gc,cpu      ] GC(116) User=0.00s Sys=0.00s Real=0.01s
[2026-07-18T17:02:20.432+0000][info][gc,marking  ] GC(115) Concurrent Mark From Roots 441.829ms
[2026-07-18T17:02:20.434+0000][info][gc,marking  ] GC(115) Concurrent Preclean
[2026-07-18T17:02:20.435+0000][info][gc,marking  ] GC(115) Concurrent Preclean 0.486ms
[2026-07-18T17:02:20.435+0000][info][gc,start    ] GC(115) Pause Remark
[2026-07-18T17:02:20.436+0000][info][gc          ] GC(115) Pause Remark 1187M->1187M(1500M) 1.133ms
[2026-07-18T17:02:20.436+0000][info][gc,cpu      ] GC(115) User=0.00s Sys=0.00s Real=0.00s
[2026-07-18T17:02:20.437+0000][info][gc,marking  ] GC(115) Concurrent Mark 446.662ms
[2026-07-18T17:02:20.440+0000][info][gc,marking  ] GC(115) Concurrent Rebuild Remembered Sets and Scrub Regions
[2026-07-18T17:02:20.569+0000][info][gc,start    ] GC(117) Pause Young (Normal) (G1 Evacuation Pause)
[2026-07-18T17:02:20.569+0000][info][gc,task     ] GC(117) Using 4 workers of 4 for evacuation
[2026-07-18T17:02:20.571+0000][info][gc,phases   ] GC(117)   Pre Evacuate Collection Set: 0.30ms
[2026-07-18T17:02:20.571+0000][info][gc,phases   ] GC(117)   Merge Heap Roots: 0.16ms
[2026-07-18T17:02:20.572+0000][info][gc,phases   ] GC(117)   Evacuate Collection Set: 0.44ms
[2026-07-18T17:02:20.572+0000][info][gc,phases   ] GC(117)   Post Evacuate Collection Set: 0.83ms
[2026-07-18T17:02:20.572+0000][info][gc,phases   ] GC(117)   Other: 0.24ms
[2026-07-18T17:02:20.572+0000][info][gc,heap     ] GC(117) Eden regions: 496->0(496)
[2026-07-18T17:02:20.572+0000][info][gc,heap     ] GC(117) Survivor regions: 0->0(62)
[2026-07-18T17:02:20.572+0000][info][gc,heap     ] GC(117) Old regions: 895->895
[2026-07-18T17:02:20.572+0000][info][gc,heap     ] GC(117) Humongous regions: 34->34
[2026-07-18T17:02:20.572+0000][info][gc,metaspace] GC(117) Metaspace: 405K(576K)->405K(576K) NonClass: 375K(448K)->375K(448K) Class: 29K(128K)->29K(128K)
[2026-07-18T17:02:20.572+0000][info][gc          ] GC(117) Pause Young (Normal) (G1 Evacuation Pause) 1424M->928M(1500M) 3.374ms
[2026-07-18T17:02:20.572+0000][info][gc,cpu      ] GC(117) User=0.01s Sys=0.00s Real=0.00s
[2026-07-18T17:02:20.755+0000][info][gc,marking  ] GC(115) Concurrent Rebuild Remembered Sets and Scrub Regions 314.406ms
[2026-07-18T17:02:20.755+0000][info][gc,start    ] GC(115) Pause Cleanup
[2026-07-18T17:02:20.756+0000][info][gc          ] GC(115) Pause Cleanup 1240M->1240M(1500M) 0.691ms
[2026-07-18T17:02:20.756+0000][info][gc,cpu      ] GC(115) User=0.00s Sys=0.00s Real=0.00s
[2026-07-18T17:02:20.757+0000][info][gc,marking  ] GC(115) Concurrent Clear Claimed Marks
[2026-07-18T17:02:20.764+0000][info][gc,marking  ] GC(115) Concurrent Clear Claimed Marks 7.093ms
[2026-07-18T17:02:20.770+0000][info][gc,marking  ] GC(115) Concurrent Cleanup for Next Mark
[2026-07-18T17:02:20.778+0000][info][gc,marking  ] GC(115) Concurrent Cleanup for Next Mark 8.399ms
[2026-07-18T17:02:20.779+0000][info][gc          ] GC(115) Concurrent Mark Cycle 798.871ms
[2026-07-18T17:02:20.853+0000][info][gc,start    ] GC(118) Pause Young (Normal) (G1 Evacuation Pause)
[2026-07-18T17:02:20.854+0000][info][gc,task     ] GC(118) Using 4 workers of 4 for evacuation
[2026-07-18T17:02:20.855+0000][info][gc,phases   ] GC(118)   Pre Evacuate Collection Set: 0.41ms
[2026-07-18T17:02:20.855+0000][info][gc,phases   ] GC(118)   Merge Heap Roots: 0.14ms
[2026-07-18T17:02:20.855+0000][info][gc,phases   ] GC(118)   Evacuate Collection Set: 0.18ms
[2026-07-18T17:02:20.855+0000][info][gc,phases   ] GC(118)   Post Evacuate Collection Set: 0.50ms
[2026-07-18T17:02:20.855+0000][info][gc,phases   ] GC(118)   Other: 0.13ms
[2026-07-18T17:02:20.855+0000][info][gc,heap     ] GC(118) Eden regions: 496->0(496)
[2026-07-18T17:02:20.855+0000][info][gc,heap     ] GC(118) Survivor regions: 0->0(62)
[2026-07-18T17:02:20.855+0000][info][gc,heap     ] GC(118) Old regions: 895->895
[2026-07-18T17:02:20.856+0000][info][gc,heap     ] GC(118) Humongous regions: 34->34
[2026-07-18T17:02:20.856+0000][info][gc,metaspace] GC(118) Metaspace: 405K(576K)->405K(576K) NonClass: 375K(448K)->375K(448K) Class: 29K(128K)->29K(128K)
[2026-07-18T17:02:20.856+0000][info][gc          ] GC(118) Pause Young (Normal) (G1 Evacuation Pause) 1424M->928M(1500M) 2.194ms
[2026-07-18T17:02:20.856+0000][info][gc,cpu      ] GC(118) User=0.00s Sys=0.01s Real=0.00s
[2026-07-18T17:02:21.104+0000][info][gc,start    ] GC(119) Pause Young (Concurrent Start) (G1 Evacuation Pause)
[2026-07-18T17:02:21.104+0000][info][gc,task     ] GC(119) Using 4 workers of 4 for evacuation
[2026-07-18T17:02:21.106+0000][info][gc,phases   ] GC(119)   Pre Evacuate Collection Set: 0.40ms
[2026-07-18T17:02:21.106+0000][info][gc,phases   ] GC(119)   Merge Heap Roots: 0.09ms
[2026-07-18T17:02:21.106+0000][info][gc,phases   ] GC(119)   Evacuate Collection Set: 0.41ms
[2026-07-18T17:02:21.106+0000][info][gc,phases   ] GC(119)   Post Evacuate Collection Set: 0.64ms
[2026-07-18T17:02:21.106+0000][info][gc,phases   ] GC(119)   Other: 0.28ms
[2026-07-18T17:02:21.106+0000][info][gc,heap     ] GC(119) Eden regions: 496->0(496)
[2026-07-18T17:02:21.106+0000][info][gc,heap     ] GC(119) Survivor regions: 0->0(62)
[2026-07-18T17:02:21.106+0000][info][gc,heap     ] GC(119) Old regions: 895->895
[2026-07-18T17:02:21.107+0000][info][gc,heap     ] GC(119) Humongous regions: 34->34
[2026-07-18T17:02:21.107+0000][info][gc,metaspace] GC(119) Metaspace: 405K(576K)->405K(576K) NonClass: 375K(448K)->375K(448K) Class: 29K(128K)->29K(128K)
[2026-07-18T17:02:21.107+0000][info][gc          ] GC(119) Pause Young (Concurrent Start) (G1 Evacuation Pause) 1424M->928M(1500M) 2.918ms
[2026-07-18T17:02:21.107+0000][info][gc,cpu      ] GC(119) User=0.00s Sys=0.00s Real=0.00s
[2026-07-18T17:02:21.107+0000][info][gc          ] GC(120) Concurrent Mark Cycle
[2026-07-18T17:02:21.110+0000][info][gc,marking  ] GC(120) Concurrent Scan Root Regions
[2026-07-18T17:02:21.110+0000][info][gc,marking  ] GC(120) Concurrent Scan Root Regions 0.143ms
[2026-07-18T17:02:21.111+0000][info][gc,marking  ] GC(120) Concurrent Mark
[2026-07-18T17:02:21.111+0000][info][gc,marking  ] GC(120) Concurrent Mark From Roots
[2026-07-18T17:02:21.111+0000][info][gc,task     ] GC(120) Using 1 workers of 1 for marking
[2026-07-18T17:02:21.407+0000][info][gc,start    ] GC(121) Pause Young (Normal) (G1 Evacuation Pause)
[2026-07-18T17:02:21.412+0000][info][gc,task     ] GC(121) Using 4 workers of 4 for evacuation
[2026-07-18T17:02:21.413+0000][info][gc,phases   ] GC(121)   Pre Evacuate Collection Set: 0.70ms
[2026-07-18T17:02:21.414+0000][info][gc,phases   ] GC(121)   Merge Heap Roots: 0.13ms
[2026-07-18T17:02:21.414+0000][info][gc,phases   ] GC(121)   Evacuate Collection Set: 0.20ms
[2026-07-18T17:02:21.414+0000][info][gc,phases   ] GC(121)   Post Evacuate Collection Set: 0.47ms
[2026-07-18T17:02:21.414+0000][info][gc,phases   ] GC(121)   Other: 0.30ms
[2026-07-18T17:02:21.414+0000][info][gc,heap     ] GC(121) Eden regions: 496->0(496)
[2026-07-18T17:02:21.414+0000][info][gc,heap     ] GC(121) Survivor regions: 0->0(62)
[2026-07-18T17:02:21.414+0000][info][gc,heap     ] GC(121) Old regions: 895->895
[2026-07-18T17:02:21.414+0000][info][gc,heap     ] GC(121) Humongous regions: 34->34
[2026-07-18T17:02:21.414+0000][info][gc,metaspace] GC(121) Metaspace: 405K(576K)->405K(576K) NonClass: 375K(448K)->375K(448K) Class: 29K(128K)->29K(128K)
[2026-07-18T17:02:21.414+0000][info][gc          ] GC(121) Pause Young (Normal) (G1 Evacuation Pause) 1424M->928M(1500M) 7.268ms
[2026-07-18T17:02:21.414+0000][info][gc,cpu      ] GC(121) User=0.01s Sys=0.00s Real=0.01s
[2026-07-18T17:02:21.551+0000][info][gc,marking  ] GC(120) Concurrent Mark From Roots 440.380ms
[2026-07-18T17:02:21.551+0000][info][gc,marking  ] GC(120) Concurrent Preclean
[2026-07-18T17:02:21.551+0000][info][gc,marking  ] GC(120) Concurrent Preclean 0.070ms
[2026-07-18T17:02:21.552+0000][info][gc,start    ] GC(120) Pause Remark
[2026-07-18T17:02:21.553+0000][info][gc          ] GC(120) Pause Remark 1218M->1218M(1500M) 0.704ms
[2026-07-18T17:02:21.553+0000][info][gc,cpu      ] GC(120) User=0.00s Sys=0.00s Real=0.00s
[2026-07-18T17:02:21.553+0000][info][gc,marking  ] GC(120) Concurrent Mark 442.789ms
[2026-07-18T17:02:21.557+0000][info][gc,marking  ] GC(120) Concurrent Rebuild Remembered Sets and Scrub Regions
[2026-07-18T17:02:21.659+0000][info][gc,start    ] GC(122) Pause Young (Normal) (G1 Evacuation Pause)
[2026-07-18T17:02:21.659+0000][info][gc,task     ] GC(122) Using 4 workers of 4 for evacuation
[2026-07-18T17:02:21.660+0000][info][gc,phases   ] GC(122)   Pre Evacuate Collection Set: 0.28ms
[2026-07-18T17:02:21.660+0000][info][gc,phases   ] GC(122)   Merge Heap Roots: 0.09ms
[2026-07-18T17:02:21.660+0000][info][gc,phases   ] GC(122)   Evacuate Collection Set: 0.12ms
[2026-07-18T17:02:21.660+0000][info][gc,phases   ] GC(122)   Post Evacuate Collection Set: 0.33ms
[2026-07-18T17:02:21.660+0000][info][gc,phases   ] GC(122)   Other: 0.10ms
[2026-07-18T17:02:21.660+0000][info][gc,heap     ] GC(122) Eden regions: 496->0(496)
[2026-07-18T17:02:21.661+0000][info][gc,heap     ] GC(122) Survivor regions: 0->0(62)
[2026-07-18T17:02:21.661+0000][info][gc,heap     ] GC(122) Old regions: 895->895
[2026-07-18T17:02:21.661+0000][info][gc,heap     ] GC(122) Humongous regions: 34->34
[2026-07-18T17:02:21.661+0000][info][gc,metaspace] GC(122) Metaspace: 405K(576K)->405K(576K) NonClass: 375K(448K)->375K(448K) Class: 29K(128K)->29K(128K)
[2026-07-18T17:02:21.661+0000][info][gc          ] GC(122) Pause Young (Normal) (G1 Evacuation Pause) 1424M->928M(1500M) 1.659ms
[2026-07-18T17:02:21.661+0000][info][gc,cpu      ] GC(122) User=0.01s Sys=0.01s Real=0.00s
[2026-07-18T17:02:21.823+0000][info][gc,marking  ] GC(120) Concurrent Rebuild Remembered Sets and Scrub Regions 265.640ms
[2026-07-18T17:02:21.825+0000][info][gc,start    ] GC(120) Pause Cleanup
[2026-07-18T17:02:21.826+0000][info][gc          ] GC(120) Pause Cleanup 1225M->1225M(1500M) 0.784ms
[2026-07-18T17:02:21.826+0000][info][gc,cpu      ] GC(120) User=0.00s Sys=0.00s Real=0.00s
[2026-07-18T17:02:21.826+0000][info][gc,marking  ] GC(120) Concurrent Clear Claimed Marks
[2026-07-18T17:02:21.826+0000][info][gc,marking  ] GC(120) Concurrent Clear Claimed Marks 0.128ms
[2026-07-18T17:02:21.827+0000][info][gc,marking  ] GC(120) Concurrent Cleanup for Next Mark
[2026-07-18T17:02:21.831+0000][info][gc,marking  ] GC(120) Concurrent Cleanup for Next Mark 4.628ms
[2026-07-18T17:02:21.835+0000][info][gc          ] GC(120) Concurrent Mark Cycle 728.170ms
[2026-07-18T17:02:21.944+0000][info][gc,start    ] GC(123) Pause Young (Normal) (G1 Evacuation Pause)
[2026-07-18T17:02:21.944+0000][info][gc,task     ] GC(123) Using 4 workers of 4 for evacuation
[2026-07-18T17:02:21.946+0000][info][gc,phases   ] GC(123)   Pre Evacuate Collection Set: 0.40ms
[2026-07-18T17:02:21.946+0000][info][gc,phases   ] GC(123)   Merge Heap Roots: 0.09ms
[2026-07-18T17:02:21.946+0000][info][gc,phases   ] GC(123)   Evacuate Collection Set: 0.13ms
[2026-07-18T17:02:21.946+0000][info][gc,phases   ] GC(123)   Post Evacuate Collection Set: 0.43ms
[2026-07-18T17:02:21.946+0000][info][gc,phases   ] GC(123)   Other: 0.12ms
[2026-07-18T17:02:21.946+0000][info][gc,heap     ] GC(123) Eden regions: 496->0(496)
[2026-07-18T17:02:21.946+0000][info][gc,heap     ] GC(123) Survivor regions: 0->0(62)
[2026-07-18T17:02:21.946+0000][info][gc,heap     ] GC(123) Old regions: 895->895
[2026-07-18T17:02:21.946+0000][info][gc,heap     ] GC(123) Humongous regions: 34->34
[2026-07-18T17:02:21.946+0000][info][gc,metaspace] GC(123) Metaspace: 405K(576K)->405K(576K) NonClass: 375K(448K)->375K(448K) Class: 29K(128K)->29K(128K)
[2026-07-18T17:02:21.946+0000][info][gc          ] GC(123) Pause Young (Normal) (G1 Evacuation Pause) 1424M->928M(1500M) 1.911ms
[2026-07-18T17:02:21.946+0000][info][gc,cpu      ] GC(123) User=0.00s Sys=0.00s Real=0.00s
[2026-07-18T17:02:22.204+0000][info][gc,start    ] GC(124) Pause Young (Concurrent Start) (G1 Evacuation Pause)
[2026-07-18T17:02:22.210+0000][info][gc,task     ] GC(124) Using 4 workers of 4 for evacuation
[2026-07-18T17:02:22.217+0000][info][gc,phases   ] GC(124)   Pre Evacuate Collection Set: 0.37ms
[2026-07-18T17:02:22.217+0000][info][gc,phases   ] GC(124)   Merge Heap Roots: 0.12ms
[2026-07-18T17:02:22.217+0000][info][gc,phases   ] GC(124)   Evacuate Collection Set: 4.77ms
[2026-07-18T17:02:22.218+0000][info][gc,phases   ] GC(124)   Post Evacuate Collection Set: 0.87ms
[2026-07-18T17:02:22.218+0000][info][gc,phases   ] GC(124)   Other: 0.44ms
[2026-07-18T17:02:22.218+0000][info][gc,heap     ] GC(124) Eden regions: 496->0(496)
[2026-07-18T17:02:22.219+0000][info][gc,heap     ] GC(124) Survivor regions: 0->0(62)
[2026-07-18T17:02:22.219+0000][info][gc,heap     ] GC(124) Old regions: 895->895
[2026-07-18T17:02:22.219+0000][info][gc,heap     ] GC(124) Humongous regions: 34->34
[2026-07-18T17:02:22.219+0000][info][gc,metaspace] GC(124) Metaspace: 405K(576K)->405K(576K) NonClass: 375K(448K)->375K(448K) Class: 29K(128K)->29K(128K)
[2026-07-18T17:02:22.220+0000][info][gc          ] GC(124) Pause Young (Concurrent Start) (G1 Evacuation Pause) 1424M->928M(1500M) 15.210ms
[2026-07-18T17:02:22.220+0000][info][gc,cpu      ] GC(124) User=0.00s Sys=0.00s Real=0.01s
[2026-07-18T17:02:22.220+0000][info][gc          ] GC(125) Concurrent Mark Cycle
[2026-07-18T17:02:22.225+0000][info][gc,marking  ] GC(125) Concurrent Scan Root Regions
[2026-07-18T17:02:22.230+0000][info][gc,marking  ] GC(125) Concurrent Scan Root Regions 4.456ms
[2026-07-18T17:02:22.230+0000][info][gc,marking  ] GC(125) Concurrent Mark
[2026-07-18T17:02:22.230+0000][info][gc,marking  ] GC(125) Concurrent Mark From Roots
[2026-07-18T17:02:22.233+0000][info][gc,task     ] GC(125) Using 1 workers of 1 for marking
[2026-07-18T17:02:22.507+0000][info][gc,start    ] GC(126) Pause Young (Normal) (G1 Evacuation Pause)
[2026-07-18T17:02:22.510+0000][info][gc,task     ] GC(126) Using 4 workers of 4 for evacuation
[2026-07-18T17:02:22.522+0000][info][gc,phases   ] GC(126)   Pre Evacuate Collection Set: 0.61ms
[2026-07-18T17:02:22.522+0000][info][gc,phases   ] GC(126)   Merge Heap Roots: 0.17ms
[2026-07-18T17:02:22.524+0000][info][gc,phases   ] GC(126)   Evacuate Collection Set: 0.46ms
[2026-07-18T17:02:22.529+0000][info][gc,phases   ] GC(126)   Post Evacuate Collection Set: 6.79ms
[2026-07-18T17:02:22.530+0000][info][gc,phases   ] GC(126)   Other: 4.06ms
[2026-07-18T17:02:22.531+0000][info][gc,heap     ] GC(126) Eden regions: 496->0(496)
[2026-07-18T17:02:22.532+0000][info][gc,heap     ] GC(126) Survivor regions: 0->0(62)
[2026-07-18T17:02:22.539+0000][info][gc,heap     ] GC(126) Old regions: 895->895
[2026-07-18T17:02:22.540+0000][info][gc,heap     ] GC(126) Humongous regions: 34->34
[2026-07-18T17:02:22.546+0000][info][gc,metaspace] GC(126) Metaspace: 405K(576K)->405K(576K) NonClass: 375K(448K)->375K(448K) Class: 29K(128K)->29K(128K)
[2026-07-18T17:02:22.546+0000][info][gc          ] GC(126) Pause Young (Normal) (G1 Evacuation Pause) 1424M->928M(1500M) 39.116ms
[2026-07-18T17:02:22.546+0000][info][gc,cpu      ] GC(126) User=0.00s Sys=0.00s Real=0.04s
[2026-07-18T17:02:22.706+0000][info][gc,marking  ] GC(125) Concurrent Mark From Roots 475.531ms
[2026-07-18T17:02:22.706+0000][info][gc,marking  ] GC(125) Concurrent Preclean
[2026-07-18T17:02:22.706+0000][info][gc,marking  ] GC(125) Concurrent Preclean 0.152ms
[2026-07-18T17:02:22.707+0000][info][gc,start    ] GC(125) Pause Remark
[2026-07-18T17:02:22.708+0000][info][gc          ] GC(125) Pause Remark 1200M->1200M(1500M) 0.859ms
[2026-07-18T17:02:22.708+0000][info][gc,cpu      ] GC(125) User=0.00s Sys=0.00s Real=0.00s
[2026-07-18T17:02:22.708+0000][info][gc,marking  ] GC(125) Concurrent Mark 478.473ms
[2026-07-18T17:02:22.712+0000][info][gc,marking  ] GC(125) Concurrent Rebuild Remembered Sets and Scrub Regions
[2026-07-18T17:02:22.850+0000][info][gc,start    ] GC(127) Pause Young (Normal) (G1 Evacuation Pause)
[2026-07-18T17:02:22.850+0000][info][gc,task     ] GC(127) Using 4 workers of 4 for evacuation
[2026-07-18T17:02:22.851+0000][info][gc,phases   ] GC(127)   Pre Evacuate Collection Set: 0.25ms
[2026-07-18T17:02:22.851+0000][info][gc,phases   ] GC(127)   Merge Heap Roots: 0.13ms
[2026-07-18T17:02:22.851+0000][info][gc,phases   ] GC(127)   Evacuate Collection Set: 0.20ms
[2026-07-18T17:02:22.851+0000][info][gc,phases   ] GC(127)   Post Evacuate Collection Set: 0.68ms
[2026-07-18T17:02:22.851+0000][info][gc,phases   ] GC(127)   Other: 0.15ms
[2026-07-18T17:02:22.852+0000][info][gc,heap     ] GC(127) Eden regions: 496->0(496)
[2026-07-18T17:02:22.852+0000][info][gc,heap     ] GC(127) Survivor regions: 0->0(62)
[2026-07-18T17:02:22.852+0000][info][gc,heap     ] GC(127) Old regions: 895->895
[2026-07-18T17:02:22.852+0000][info][gc,heap     ] GC(127) Humongous regions: 34->34
[2026-07-18T17:02:22.852+0000][info][gc,metaspace] GC(127) Metaspace: 405K(576K)->405K(576K) NonClass: 375K(448K)->375K(448K) Class: 29K(128K)->29K(128K)
[2026-07-18T17:02:22.852+0000][info][gc          ] GC(127) Pause Young (Normal) (G1 Evacuation Pause) 1424M->928M(1500M) 2.129ms
[2026-07-18T17:02:22.852+0000][info][gc,cpu      ] GC(127) User=0.00s Sys=0.00s Real=0.00s
[2026-07-18T17:02:22.982+0000][info][gc,marking  ] GC(125) Concurrent Rebuild Remembered Sets and Scrub Regions 269.323ms
[2026-07-18T17:02:22.982+0000][info][gc,start    ] GC(125) Pause Cleanup
[2026-07-18T17:02:22.983+0000][info][gc          ] GC(125) Pause Cleanup 1131M->1131M(1500M) 0.349ms
[2026-07-18T17:02:22.983+0000][info][gc,cpu      ] GC(125) User=0.00s Sys=0.00s Real=0.00s
[2026-07-18T17:02:22.983+0000][info][gc,marking  ] GC(125) Concurrent Clear Claimed Marks
[2026-07-18T17:02:22.986+0000][info][gc,marking  ] GC(125) Concurrent Clear Claimed Marks 3.421ms
[2026-07-18T17:02:22.986+0000][info][gc,marking  ] GC(125) Concurrent Cleanup for Next Mark
[2026-07-18T17:02:22.989+0000][info][gc,marking  ] GC(125) Concurrent Cleanup for Next Mark 2.173ms
[2026-07-18T17:02:22.989+0000][info][gc          ] GC(125) Concurrent Mark Cycle 769.036ms
[2026-07-18T17:02:23.076+0000][info][gc,start    ] GC(128) Pause Young (Normal) (G1 Evacuation Pause)
[2026-07-18T17:02:23.076+0000][info][gc,task     ] GC(128) Using 4 workers of 4 for evacuation
[2026-07-18T17:02:23.077+0000][info][gc,phases   ] GC(128)   Pre Evacuate Collection Set: 0.32ms
[2026-07-18T17:02:23.077+0000][info][gc,phases   ] GC(128)   Merge Heap Roots: 0.12ms
[2026-07-18T17:02:23.078+0000][info][gc,phases   ] GC(128)   Evacuate Collection Set: 0.19ms
[2026-07-18T17:02:23.078+0000][info][gc,phases   ] GC(128)   Post Evacuate Collection Set: 0.58ms
[2026-07-18T17:02:23.078+0000][info][gc,phases   ] GC(128)   Other: 0.13ms
[2026-07-18T17:02:23.078+0000][info][gc,heap     ] GC(128) Eden regions: 496->0(496)
[2026-07-18T17:02:23.078+0000][info][gc,heap     ] GC(128) Survivor regions: 0->0(62)
[2026-07-18T17:02:23.078+0000][info][gc,heap     ] GC(128) Old regions: 895->895
[2026-07-18T17:02:23.078+0000][info][gc,heap     ] GC(128) Humongous regions: 34->34
[2026-07-18T17:02:23.078+0000][info][gc,metaspace] GC(128) Metaspace: 405K(576K)->405K(576K) NonClass: 375K(448K)->375K(448K) Class: 29K(128K)->29K(128K)
[2026-07-18T17:02:23.078+0000][info][gc          ] GC(128) Pause Young (Normal) (G1 Evacuation Pause) 1424M->928M(1500M) 2.542ms
[2026-07-18T17:02:23.078+0000][info][gc,cpu      ] GC(128) User=0.00s Sys=0.00s Real=0.00s
[2026-07-18T17:02:23.270+0000][info][gc,start    ] GC(129) Pause Young (Concurrent Start) (G1 Evacuation Pause)
[2026-07-18T17:02:23.270+0000][info][gc,task     ] GC(129) Using 4 workers of 4 for evacuation
[2026-07-18T17:02:23.271+0000][info][gc,phases   ] GC(129)   Pre Evacuate Collection Set: 0.46ms
[2026-07-18T17:02:23.271+0000][info][gc,phases   ] GC(129)   Merge Heap Roots: 0.10ms
[2026-07-18T17:02:23.272+0000][info][gc,phases   ] GC(129)   Evacuate Collection Set: 0.15ms
[2026-07-18T17:02:23.272+0000][info][gc,phases   ] GC(129)   Post Evacuate Collection Set: 0.31ms
[2026-07-18T17:02:23.272+0000][info][gc,phases   ] GC(129)   Other: 0.23ms
[2026-07-18T17:02:23.272+0000][info][gc,heap     ] GC(129) Eden regions: 496->0(496)
[2026-07-18T17:02:23.272+0000][info][gc,heap     ] GC(129) Survivor regions: 0->0(62)
[2026-07-18T17:02:23.272+0000][info][gc,heap     ] GC(129) Old regions: 895->895
[2026-07-18T17:02:23.272+0000][info][gc,heap     ] GC(129) Humongous regions: 34->34
[2026-07-18T17:02:23.272+0000][info][gc,metaspace] GC(129) Metaspace: 405K(576K)->405K(576K) NonClass: 375K(448K)->375K(448K) Class: 29K(128K)->29K(128K)
[2026-07-18T17:02:23.272+0000][info][gc          ] GC(129) Pause Young (Concurrent Start) (G1 Evacuation Pause) 1424M->928M(1500M) 2.085ms
[2026-07-18T17:02:23.272+0000][info][gc,cpu      ] GC(129) User=0.00s Sys=0.00s Real=0.00s
[2026-07-18T17:02:23.272+0000][info][gc          ] GC(130) Concurrent Mark Cycle
[2026-07-18T17:02:23.275+0000][info][gc,marking  ] GC(130) Concurrent Scan Root Regions
[2026-07-18T17:02:23.275+0000][info][gc,marking  ] GC(130) Concurrent Scan Root Regions 0.116ms
[2026-07-18T17:02:23.275+0000][info][gc,marking  ] GC(130) Concurrent Mark
[2026-07-18T17:02:23.276+0000][info][gc,marking  ] GC(130) Concurrent Mark From Roots
[2026-07-18T17:02:23.276+0000][info][gc,task     ] GC(130) Using 1 workers of 1 for marking
[2026-07-18T17:02:23.445+0000][info][gc,marking  ] GC(130) Concurrent Mark From Roots 169.230ms
[2026-07-18T17:02:23.445+0000][info][gc,marking  ] GC(130) Concurrent Preclean
[2026-07-18T17:02:23.445+0000][info][gc,marking  ] GC(130) Concurrent Preclean 0.114ms
[2026-07-18T17:02:23.445+0000][info][gc,start    ] GC(130) Pause Remark
[2026-07-18T17:02:23.446+0000][info][gc          ] GC(130) Pause Remark 1406M->1406M(1500M) 0.904ms
[2026-07-18T17:02:23.446+0000][info][gc,cpu      ] GC(130) User=0.00s Sys=0.00s Real=0.00s
[2026-07-18T17:02:23.447+0000][info][gc,marking  ] GC(130) Concurrent Mark 171.085ms
[2026-07-18T17:02:23.447+0000][info][gc,marking  ] GC(130) Concurrent Rebuild Remembered Sets and Scrub Regions
[2026-07-18T17:02:23.453+0000][info][gc,start    ] GC(131) Pause Young (Normal) (G1 Evacuation Pause)
[2026-07-18T17:02:23.454+0000][info][gc,task     ] GC(131) Using 4 workers of 4 for evacuation
[2026-07-18T17:02:23.459+0000][info][gc,phases   ] GC(131)   Pre Evacuate Collection Set: 0.34ms
[2026-07-18T17:02:23.459+0000][info][gc,phases   ] GC(131)   Merge Heap Roots: 0.07ms
[2026-07-18T17:02:23.459+0000][info][gc,phases   ] GC(131)   Evacuate Collection Set: 1.20ms
[2026-07-18T17:02:23.460+0000][info][gc,phases   ] GC(131)   Post Evacuate Collection Set: 2.22ms
[2026-07-18T17:02:23.461+0000][info][gc,phases   ] GC(131)   Other: 1.05ms
[2026-07-18T17:02:23.461+0000][info][gc,heap     ] GC(131) Eden regions: 496->0(496)
[2026-07-18T17:02:23.461+0000][info][gc,heap     ] GC(131) Survivor regions: 0->0(62)
[2026-07-18T17:02:23.461+0000][info][gc,heap     ] GC(131) Old regions: 895->895
[2026-07-18T17:02:23.462+0000][info][gc,heap     ] GC(131) Humongous regions: 34->34
[2026-07-18T17:02:23.462+0000][info][gc,metaspace] GC(131) Metaspace: 405K(576K)->405K(576K) NonClass: 375K(448K)->375K(448K) Class: 29K(128K)->29K(128K)
[2026-07-18T17:02:23.462+0000][info][gc          ] GC(131) Pause Young (Normal) (G1 Evacuation Pause) 1424M->928M(1500M) 8.878ms
[2026-07-18T17:02:23.462+0000][info][gc,cpu      ] GC(131) User=0.01s Sys=0.01s Real=0.01s
[2026-07-18T17:02:23.565+0000][info][gc,marking  ] GC(130) Concurrent Rebuild Remembered Sets and Scrub Regions 118.091ms
[2026-07-18T17:02:23.566+0000][info][gc,start    ] GC(130) Pause Cleanup
[2026-07-18T17:02:23.567+0000][info][gc          ] GC(130) Pause Cleanup 1205M->1205M(1500M) 0.443ms
[2026-07-18T17:02:23.567+0000][info][gc,cpu      ] GC(130) User=0.00s Sys=0.00s Real=0.00s
[2026-07-18T17:02:23.567+0000][info][gc,marking  ] GC(130) Concurrent Clear Claimed Marks
[2026-07-18T17:02:23.567+0000][info][gc,marking  ] GC(130) Concurrent Clear Claimed Marks 0.075ms
[2026-07-18T17:02:23.567+0000][info][gc,marking  ] GC(130) Concurrent Cleanup for Next Mark
[2026-07-18T17:02:23.569+0000][info][gc,marking  ] GC(130) Concurrent Cleanup for Next Mark 1.683ms
[2026-07-18T17:02:23.569+0000][info][gc          ] GC(130) Concurrent Mark Cycle 296.825ms
[2026-07-18T17:02:23.627+0000][info][gc,start    ] GC(132) Pause Young (Normal) (G1 Evacuation Pause)
[2026-07-18T17:02:23.627+0000][info][gc,task     ] GC(132) Using 4 workers of 4 for evacuation
[2026-07-18T17:02:23.628+0000][info][gc,phases   ] GC(132)   Pre Evacuate Collection Set: 0.32ms
[2026-07-18T17:02:23.628+0000][info][gc,phases   ] GC(132)   Merge Heap Roots: 0.16ms
[2026-07-18T17:02:23.628+0000][info][gc,phases   ] GC(132)   Evacuate Collection Set: 0.22ms
[2026-07-18T17:02:23.628+0000][info][gc,phases   ] GC(132)   Post Evacuate Collection Set: 0.41ms
[2026-07-18T17:02:23.628+0000][info][gc,phases   ] GC(132)   Other: 0.13ms
[2026-07-18T17:02:23.628+0000][info][gc,heap     ] GC(132) Eden regions: 496->0(496)
[2026-07-18T17:02:23.628+0000][info][gc,heap     ] GC(132) Survivor regions: 0->0(62)
[2026-07-18T17:02:23.628+0000][info][gc,heap     ] GC(132) Old regions: 895->895
[2026-07-18T17:02:23.628+0000][info][gc,heap     ] GC(132) Humongous regions: 34->34
[2026-07-18T17:02:23.628+0000][info][gc,metaspace] GC(132) Metaspace: 405K(576K)->405K(576K) NonClass: 375K(448K)->375K(448K) Class: 29K(128K)->29K(128K)
[2026-07-18T17:02:23.629+0000][info][gc          ] GC(132) Pause Young (Normal) (G1 Evacuation Pause) 1424M->928M(1500M) 1.988ms
[2026-07-18T17:02:23.629+0000][info][gc,cpu      ] GC(132) User=0.00s Sys=0.00s Real=0.00s
[2026-07-18T17:02:23.748+0000][info][gc,start    ] GC(133) Pause Young (Concurrent Start) (G1 Evacuation Pause)
[2026-07-18T17:02:23.748+0000][info][gc,task     ] GC(133) Using 4 workers of 4 for evacuation
[2026-07-18T17:02:23.750+0000][info][gc,phases   ] GC(133)   Pre Evacuate Collection Set: 0.41ms
[2026-07-18T17:02:23.750+0000][info][gc,phases   ] GC(133)   Merge Heap Roots: 0.06ms
[2026-07-18T17:02:23.750+0000][info][gc,phases   ] GC(133)   Evacuate Collection Set: 0.23ms
[2026-07-18T17:02:23.750+0000][info][gc,phases   ] GC(133)   Post Evacuate Collection Set: 0.48ms
[2026-07-18T17:02:23.750+0000][info][gc,phases   ] GC(133)   Other: 0.17ms
[2026-07-18T17:02:23.750+0000][info][gc,heap     ] GC(133) Eden regions: 496->0(496)
[2026-07-18T17:02:23.750+0000][info][gc,heap     ] GC(133) Survivor regions: 0->0(62)
[2026-07-18T17:02:23.750+0000][info][gc,heap     ] GC(133) Old regions: 895->895
[2026-07-18T17:02:23.750+0000][info][gc,heap     ] GC(133) Humongous regions: 34->34
[2026-07-18T17:02:23.750+0000][info][gc,metaspace] GC(133) Metaspace: 405K(576K)->405K(576K) NonClass: 375K(448K)->375K(448K) Class: 29K(128K)->29K(128K)
[2026-07-18T17:02:23.750+0000][info][gc          ] GC(133) Pause Young (Concurrent Start) (G1 Evacuation Pause) 1424M->928M(1500M) 2.090ms
[2026-07-18T17:02:23.751+0000][info][gc,cpu      ] GC(133) User=0.00s Sys=0.00s Real=0.00s
[2026-07-18T17:02:23.751+0000][info][gc          ] GC(134) Concurrent Mark Cycle
[2026-07-18T17:02:23.754+0000][info][gc,marking  ] GC(134) Concurrent Scan Root Regions
[2026-07-18T17:02:23.754+0000][info][gc,marking  ] GC(134) Concurrent Scan Root Regions 0.116ms
[2026-07-18T17:02:23.754+0000][info][gc,marking  ] GC(134) Concurrent Mark
[2026-07-18T17:02:23.754+0000][info][gc,marking  ] GC(134) Concurrent Mark From Roots
[2026-07-18T17:02:23.755+0000][info][gc,task     ] GC(134) Using 1 workers of 1 for marking
[2026-07-18T17:02:23.897+0000][info][gc,start    ] GC(135) Pause Young (Normal) (G1 Evacuation Pause)
[2026-07-18T17:02:23.897+0000][info][gc,task     ] GC(135) Using 4 workers of 4 for evacuation
[2026-07-18T17:02:23.899+0000][info][gc,phases   ] GC(135)   Pre Evacuate Collection Set: 0.31ms
[2026-07-18T17:02:23.899+0000][info][gc,phases   ] GC(135)   Merge Heap Roots: 0.10ms
[2026-07-18T17:02:23.899+0000][info][gc,phases   ] GC(135)   Evacuate Collection Set: 0.21ms
[2026-07-18T17:02:23.899+0000][info][gc,phases   ] GC(135)   Post Evacuate Collection Set: 0.51ms
[2026-07-18T17:02:23.899+0000][info][gc,phases   ] GC(135)   Other: 0.13ms
[2026-07-18T17:02:23.899+0000][info][gc,heap     ] GC(135) Eden regions: 496->0(496)
[2026-07-18T17:02:23.899+0000][info][gc,heap     ] GC(135) Survivor regions: 0->0(62)
[2026-07-18T17:02:23.899+0000][info][gc,heap     ] GC(135) Old regions: 895->895
[2026-07-18T17:02:23.899+0000][info][gc,heap     ] GC(135) Humongous regions: 34->34
[2026-07-18T17:02:23.899+0000][info][gc,metaspace] GC(135) Metaspace: 405K(576K)->405K(576K) NonClass: 375K(448K)->375K(448K) Class: 29K(128K)->29K(128K)
[2026-07-18T17:02:23.899+0000][info][gc          ] GC(135) Pause Young (Normal) (G1 Evacuation Pause) 1424M->928M(1500M) 2.278ms
[2026-07-18T17:02:23.899+0000][info][gc,cpu      ] GC(135) User=0.00s Sys=0.00s Real=0.00s
[2026-07-18T17:02:23.921+0000][info][gc,marking  ] GC(134) Concurrent Mark From Roots 166.108ms
[2026-07-18T17:02:23.922+0000][info][gc,marking  ] GC(134) Concurrent Preclean
[2026-07-18T17:02:23.922+0000][info][gc,marking  ] GC(134) Concurrent Preclean 0.187ms
[2026-07-18T17:02:23.923+0000][info][gc,start    ] GC(134) Pause Remark
[2026-07-18T17:02:23.925+0000][info][gc          ] GC(134) Pause Remark 1003M->1003M(1500M) 2.154ms
[2026-07-18T17:02:23.926+0000][info][gc,cpu      ] GC(134) User=0.00s Sys=0.00s Real=0.00s
[2026-07-18T17:02:23.926+0000][info][gc,marking  ] GC(134) Concurrent Mark 171.364ms
[2026-07-18T17:02:23.929+0000][info][gc,marking  ] GC(134) Concurrent Rebuild Remembered Sets and Scrub Regions
[2026-07-18T17:02:24.022+0000][info][gc,marking  ] GC(134) Concurrent Rebuild Remembered Sets and Scrub Regions 93.238ms
[2026-07-18T17:02:24.023+0000][info][gc,start    ] GC(134) Pause Cleanup
[2026-07-18T17:02:24.023+0000][info][gc          ] GC(134) Pause Cleanup 1323M->1323M(1500M) 0.360ms
[2026-07-18T17:02:24.023+0000][info][gc,cpu      ] GC(134) User=0.00s Sys=0.00s Real=0.00s
[2026-07-18T17:02:24.023+0000][info][gc,marking  ] GC(134) Concurrent Clear Claimed Marks
[2026-07-18T17:02:24.026+0000][info][gc,marking  ] GC(134) Concurrent Clear Claimed Marks 2.462ms
[2026-07-18T17:02:24.026+0000][info][gc,marking  ] GC(134) Concurrent Cleanup for Next Mark
[2026-07-18T17:02:24.027+0000][info][gc,marking  ] GC(134) Concurrent Cleanup for Next Mark 1.102ms
[2026-07-18T17:02:24.027+0000][info][gc          ] GC(134) Concurrent Mark Cycle 276.566ms
[2026-07-18T17:02:24.048+0000][info][gc,start    ] GC(136) Pause Young (Normal) (G1 Evacuation Pause)
[2026-07-18T17:02:24.049+0000][info][gc,task     ] GC(136) Using 4 workers of 4 for evacuation
[2026-07-18T17:02:24.049+0000][info][gc,phases   ] GC(136)   Pre Evacuate Collection Set: 0.27ms
[2026-07-18T17:02:24.050+0000][info][gc,phases   ] GC(136)   Merge Heap Roots: 0.05ms
[2026-07-18T17:02:24.050+0000][info][gc,phases   ] GC(136)   Evacuate Collection Set: 0.11ms
[2026-07-18T17:02:24.050+0000][info][gc,phases   ] GC(136)   Post Evacuate Collection Set: 0.31ms
[2026-07-18T17:02:24.050+0000][info][gc,phases   ] GC(136)   Other: 0.11ms
[2026-07-18T17:02:24.050+0000][info][gc,heap     ] GC(136) Eden regions: 496->0(496)
[2026-07-18T17:02:24.050+0000][info][gc,heap     ] GC(136) Survivor regions: 0->0(62)
[2026-07-18T17:02:24.050+0000][info][gc,heap     ] GC(136) Old regions: 895->895
[2026-07-18T17:02:24.050+0000][info][gc,heap     ] GC(136) Humongous regions: 34->34
[2026-07-18T17:02:24.050+0000][info][gc,metaspace] GC(136) Metaspace: 405K(576K)->405K(576K) NonClass: 375K(448K)->375K(448K) Class: 29K(128K)->29K(128K)
[2026-07-18T17:02:24.050+0000][info][gc          ] GC(136) Pause Young (Normal) (G1 Evacuation Pause) 1424M->928M(1500M) 1.374ms
[2026-07-18T17:02:24.050+0000][info][gc,cpu      ] GC(136) User=0.00s Sys=0.00s Real=0.00s
[2026-07-18T17:02:24.267+0000][info][gc,start    ] GC(137) Pause Young (Concurrent Start) (G1 Evacuation Pause)
[2026-07-18T17:02:24.267+0000][info][gc,task     ] GC(137) Using 4 workers of 4 for evacuation
[2026-07-18T17:02:24.272+0000][info][gc,phases   ] GC(137)   Pre Evacuate Collection Set: 0.63ms
[2026-07-18T17:02:24.272+0000][info][gc,phases   ] GC(137)   Merge Heap Roots: 0.16ms
[2026-07-18T17:02:24.272+0000][info][gc,phases   ] GC(137)   Evacuate Collection Set: 3.29ms
[2026-07-18T17:02:24.272+0000][info][gc,phases   ] GC(137)   Post Evacuate Collection Set: 0.60ms
[2026-07-18T17:02:24.273+0000][info][gc,phases   ] GC(137)   Other: 0.52ms
[2026-07-18T17:02:24.273+0000][info][gc,heap     ] GC(137) Eden regions: 496->0(496)
[2026-07-18T17:02:24.273+0000][info][gc,heap     ] GC(137) Survivor regions: 0->0(62)
[2026-07-18T17:02:24.273+0000][info][gc,heap     ] GC(137) Old regions: 895->895
[2026-07-18T17:02:24.273+0000][info][gc,heap     ] GC(137) Humongous regions: 34->34
[2026-07-18T17:02:24.273+0000][info][gc,metaspace] GC(137) Metaspace: 405K(576K)->405K(576K) NonClass: 375K(448K)->375K(448K) Class: 29K(128K)->29K(128K)
[2026-07-18T17:02:24.273+0000][info][gc          ] GC(137) Pause Young (Concurrent Start) (G1 Evacuation Pause) 1424M->928M(1500M) 6.201ms
[2026-07-18T17:02:24.273+0000][info][gc,cpu      ] GC(137) User=0.00s Sys=0.00s Real=0.01s
[2026-07-18T17:02:24.273+0000][info][gc          ] GC(138) Concurrent Mark Cycle
[2026-07-18T17:02:24.276+0000][info][gc,marking  ] GC(138) Concurrent Scan Root Regions
[2026-07-18T17:02:24.276+0000][info][gc,marking  ] GC(138) Concurrent Scan Root Regions 0.078ms
[2026-07-18T17:02:24.276+0000][info][gc,marking  ] GC(138) Concurrent Mark
[2026-07-18T17:02:24.277+0000][info][gc,marking  ] GC(138) Concurrent Mark From Roots
[2026-07-18T17:02:24.278+0000][info][gc,task     ] GC(138) Using 1 workers of 1 for marking
[2026-07-18T17:02:24.678+0000][info][gc,start    ] GC(139) Pause Young (Normal) (G1 Evacuation Pause)
[2026-07-18T17:02:24.678+0000][info][gc,task     ] GC(139) Using 4 workers of 4 for evacuation
[2026-07-18T17:02:24.680+0000][info][gc,phases   ] GC(139)   Pre Evacuate Collection Set: 0.33ms
[2026-07-18T17:02:24.680+0000][info][gc,phases   ] GC(139)   Merge Heap Roots: 0.09ms
[2026-07-18T17:02:24.681+0000][info][gc,phases   ] GC(139)   Evacuate Collection Set: 0.50ms
[2026-07-18T17:02:24.681+0000][info][gc,phases   ] GC(139)   Post Evacuate Collection Set: 0.52ms
[2026-07-18T17:02:24.681+0000][info][gc,phases   ] GC(139)   Other: 0.21ms
[2026-07-18T17:02:24.681+0000][info][gc,heap     ] GC(139) Eden regions: 496->0(496)
[2026-07-18T17:02:24.681+0000][info][gc,heap     ] GC(139) Survivor regions: 0->0(62)
[2026-07-18T17:02:24.681+0000][info][gc,heap     ] GC(139) Old regions: 895->895
[2026-07-18T17:02:24.681+0000][info][gc,heap     ] GC(139) Humongous regions: 34->34
[2026-07-18T17:02:24.681+0000][info][gc,metaspace] GC(139) Metaspace: 405K(576K)->405K(576K) NonClass: 375K(448K)->375K(448K) Class: 29K(128K)->29K(128K)
[2026-07-18T17:02:24.681+0000][info][gc          ] GC(139) Pause Young (Normal) (G1 Evacuation Pause) 1424M->928M(1500M) 3.325ms
[2026-07-18T17:02:24.681+0000][info][gc,cpu      ] GC(139) User=0.00s Sys=0.00s Real=0.00s
[2026-07-18T17:02:24.722+0000][info][gc,marking  ] GC(138) Concurrent Mark From Roots 444.438ms
[2026-07-18T17:02:24.722+0000][info][gc,marking  ] GC(138) Concurrent Preclean
[2026-07-18T17:02:24.722+0000][info][gc,marking  ] GC(138) Concurrent Preclean 0.090ms
[2026-07-18T17:02:24.723+0000][info][gc,start    ] GC(138) Pause Remark
[2026-07-18T17:02:24.726+0000][info][gc          ] GC(138) Pause Remark 1015M->1015M(1500M) 2.303ms
[2026-07-18T17:02:24.726+0000][info][gc,cpu      ] GC(138) User=0.00s Sys=0.00s Real=0.00s
[2026-07-18T17:02:24.726+0000][info][gc,marking  ] GC(138) Concurrent Mark 449.282ms
[2026-07-18T17:02:24.729+0000][info][gc,marking  ] GC(138) Concurrent Rebuild Remembered Sets and Scrub Regions
[2026-07-18T17:02:24.876+0000][info][gc,marking  ] GC(138) Concurrent Rebuild Remembered Sets and Scrub Regions 147.665ms
[2026-07-18T17:02:24.877+0000][info][gc,start    ] GC(138) Pause Cleanup
[2026-07-18T17:02:24.877+0000][info][gc          ] GC(138) Pause Cleanup 1270M->1270M(1500M) 0.344ms
[2026-07-18T17:02:24.877+0000][info][gc,cpu      ] GC(138) User=0.00s Sys=0.00s Real=0.00s
[2026-07-18T17:02:24.877+0000][info][gc,marking  ] GC(138) Concurrent Clear Claimed Marks
[2026-07-18T17:02:24.881+0000][info][gc,marking  ] GC(138) Concurrent Clear Claimed Marks 3.278ms
[2026-07-18T17:02:24.881+0000][info][gc,marking  ] GC(138) Concurrent Cleanup for Next Mark
[2026-07-18T17:02:24.882+0000][info][gc,marking  ] GC(138) Concurrent Cleanup for Next Mark 1.715ms
[2026-07-18T17:02:24.883+0000][info][gc          ] GC(138) Concurrent Mark Cycle 609.851ms
[2026-07-18T17:02:24.992+0000][info][gc,start    ] GC(140) Pause Young (Normal) (G1 Evacuation Pause)
[2026-07-18T17:02:24.992+0000][info][gc,task     ] GC(140) Using 4 workers of 4 for evacuation
[2026-07-18T17:02:24.994+0000][info][gc,phases   ] GC(140)   Pre Evacuate Collection Set: 0.53ms
[2026-07-18T17:02:24.994+0000][info][gc,phases   ] GC(140)   Merge Heap Roots: 0.11ms
[2026-07-18T17:02:24.994+0000][info][gc,phases   ] GC(140)   Evacuate Collection Set: 0.22ms
[2026-07-18T17:02:24.994+0000][info][gc,phases   ] GC(140)   Post Evacuate Collection Set: 0.76ms
[2026-07-18T17:02:24.994+0000][info][gc,phases   ] GC(140)   Other: 0.25ms
[2026-07-18T17:02:24.994+0000][info][gc,heap     ] GC(140) Eden regions: 496->0(496)
[2026-07-18T17:02:24.994+0000][info][gc,heap     ] GC(140) Survivor regions: 0->0(62)
[2026-07-18T17:02:24.994+0000][info][gc,heap     ] GC(140) Old regions: 895->895
[2026-07-18T17:02:24.994+0000][info][gc,heap     ] GC(140) Humongous regions: 34->34
[2026-07-18T17:02:24.995+0000][info][gc,metaspace] GC(140) Metaspace: 405K(576K)->405K(576K) NonClass: 375K(448K)->375K(448K) Class: 29K(128K)->29K(128K)
[2026-07-18T17:02:24.995+0000][info][gc          ] GC(140) Pause Young (Normal) (G1 Evacuation Pause) 1424M->928M(1500M) 3.123ms
[2026-07-18T17:02:24.995+0000][info][gc,cpu      ] GC(140) User=0.01s Sys=0.00s Real=0.00s
[2026-07-18T17:02:25.313+0000][info][gc,start    ] GC(141) Pause Young (Concurrent Start) (G1 Evacuation Pause)
[2026-07-18T17:02:25.314+0000][info][gc,task     ] GC(141) Using 4 workers of 4 for evacuation
[2026-07-18T17:02:25.316+0000][info][gc,phases   ] GC(141)   Pre Evacuate Collection Set: 0.69ms
[2026-07-18T17:02:25.316+0000][info][gc,phases   ] GC(141)   Merge Heap Roots: 0.18ms
[2026-07-18T17:02:25.316+0000][info][gc,phases   ] GC(141)   Evacuate Collection Set: 0.39ms
[2026-07-18T17:02:25.316+0000][info][gc,phases   ] GC(141)   Post Evacuate Collection Set: 0.73ms
[2026-07-18T17:02:25.316+0000][info][gc,phases   ] GC(141)   Other: 0.25ms
[2026-07-18T17:02:25.316+0000][info][gc,heap     ] GC(141) Eden regions: 496->0(496)
[2026-07-18T17:02:25.316+0000][info][gc,heap     ] GC(141) Survivor regions: 0->0(62)
[2026-07-18T17:02:25.317+0000][info][gc,heap     ] GC(141) Old regions: 895->895
[2026-07-18T17:02:25.317+0000][info][gc,heap     ] GC(141) Humongous regions: 34->34
[2026-07-18T17:02:25.317+0000][info][gc,metaspace] GC(141) Metaspace: 405K(576K)->405K(576K) NonClass: 375K(448K)->375K(448K) Class: 29K(128K)->29K(128K)
[2026-07-18T17:02:25.317+0000][info][gc          ] GC(141) Pause Young (Concurrent Start) (G1 Evacuation Pause) 1424M->928M(1500M) 3.431ms
[2026-07-18T17:02:25.317+0000][info][gc,cpu      ] GC(141) User=0.01s Sys=0.00s Real=0.00s
[2026-07-18T17:02:25.317+0000][info][gc          ] GC(142) Concurrent Mark Cycle
[2026-07-18T17:02:25.317+0000][info][gc,marking  ] GC(142) Concurrent Scan Root Regions
[2026-07-18T17:02:25.321+0000][info][gc,marking  ] GC(142) Concurrent Scan Root Regions 3.366ms
[2026-07-18T17:02:25.321+0000][info][gc,marking  ] GC(142) Concurrent Mark
[2026-07-18T17:02:25.321+0000][info][gc,marking  ] GC(142) Concurrent Mark From Roots
[2026-07-18T17:02:25.321+0000][info][gc,task     ] GC(142) Using 1 workers of 1 for marking
[2026-07-18T17:02:25.619+0000][info][gc,start    ] GC(143) Pause Young (Normal) (G1 Evacuation Pause)
[2026-07-18T17:02:25.620+0000][info][gc,task     ] GC(143) Using 4 workers of 4 for evacuation
[2026-07-18T17:02:25.624+0000][info][gc,phases   ] GC(143)   Pre Evacuate Collection Set: 0.41ms
[2026-07-18T17:02:25.624+0000][info][gc,phases   ] GC(143)   Merge Heap Roots: 0.08ms
[2026-07-18T17:02:25.624+0000][info][gc,phases   ] GC(143)   Evacuate Collection Set: 0.20ms
[2026-07-18T17:02:25.625+0000][info][gc,phases   ] GC(143)   Post Evacuate Collection Set: 3.42ms
[2026-07-18T17:02:25.626+0000][info][gc,phases   ] GC(143)   Other: 0.27ms
[2026-07-18T17:02:25.630+0000][info][gc,heap     ] GC(143) Eden regions: 496->0(496)
[2026-07-18T17:02:25.634+0000][info][gc,heap     ] GC(143) Survivor regions: 0->0(62)
[2026-07-18T17:02:25.640+0000][info][gc,heap     ] GC(143) Old regions: 895->895
[2026-07-18T17:02:25.641+0000][info][gc,heap     ] GC(143) Humongous regions: 34->34
[2026-07-18T17:02:25.647+0000][info][gc,metaspace] GC(143) Metaspace: 405K(576K)->405K(576K) NonClass: 375K(448K)->375K(448K) Class: 29K(128K)->29K(128K)
[2026-07-18T17:02:25.648+0000][info][gc          ] GC(143) Pause Young (Normal) (G1 Evacuation Pause) 1424M->928M(1500M) 29.084ms
[2026-07-18T17:02:25.649+0000][info][gc,cpu      ] GC(143) User=0.01s Sys=0.00s Real=0.03s
[2026-07-18T17:02:25.775+0000][info][gc,marking  ] GC(142) Concurrent Mark From Roots 454.372ms
[2026-07-18T17:02:25.776+0000][info][gc,marking  ] GC(142) Concurrent Preclean
[2026-07-18T17:02:25.777+0000][info][gc,marking  ] GC(142) Concurrent Preclean 1.215ms
[2026-07-18T17:02:25.780+0000][info][gc,start    ] GC(142) Pause Remark
[2026-07-18T17:02:25.797+0000][info][gc          ] GC(142) Pause Remark 1136M->1136M(1500M) 17.481ms
[2026-07-18T17:02:25.800+0000][info][gc,cpu      ] GC(142) User=0.01s Sys=0.00s Real=0.02s
[2026-07-18T17:02:25.804+0000][info][gc,marking  ] GC(142) Concurrent Mark 483.436ms
[2026-07-18T17:02:25.805+0000][info][gc,marking  ] GC(142) Concurrent Rebuild Remembered Sets and Scrub Regions
[2026-07-18T17:02:26.037+0000][info][gc,start    ] GC(144) Pause Young (Normal) (G1 Evacuation Pause)
[2026-07-18T17:02:26.037+0000][info][gc,task     ] GC(144) Using 4 workers of 4 for evacuation
[2026-07-18T17:02:26.041+0000][info][gc,phases   ] GC(144)   Pre Evacuate Collection Set: 0.69ms
[2026-07-18T17:02:26.042+0000][info][gc,phases   ] GC(144)   Merge Heap Roots: 0.18ms
[2026-07-18T17:02:26.042+0000][info][gc,phases   ] GC(144)   Evacuate Collection Set: 2.51ms
[2026-07-18T17:02:26.043+0000][info][gc,phases   ] GC(144)   Post Evacuate Collection Set: 0.56ms
[2026-07-18T17:02:26.043+0000][info][gc,phases   ] GC(144)   Other: 0.42ms
[2026-07-18T17:02:26.043+0000][info][gc,heap     ] GC(144) Eden regions: 496->0(496)
[2026-07-18T17:02:26.043+0000][info][gc,heap     ] GC(144) Survivor regions: 0->0(62)
[2026-07-18T17:02:26.046+0000][info][gc,heap     ] GC(144) Old regions: 895->895
[2026-07-18T17:02:26.046+0000][info][gc,heap     ] GC(144) Humongous regions: 34->34
[2026-07-18T17:02:26.047+0000][info][gc,metaspace] GC(144) Metaspace: 405K(576K)->405K(576K) NonClass: 375K(448K)->375K(448K) Class: 29K(128K)->29K(128K)
[2026-07-18T17:02:26.047+0000][info][gc          ] GC(144) Pause Young (Normal) (G1 Evacuation Pause) 1424M->928M(1500M) 10.505ms
[2026-07-18T17:02:26.047+0000][info][gc,cpu      ] GC(144) User=0.00s Sys=0.00s Real=0.01s
[2026-07-18T17:02:26.129+0000][info][gc,marking  ] GC(142) Concurrent Rebuild Remembered Sets and Scrub Regions 323.879ms
[2026-07-18T17:02:26.130+0000][info][gc,start    ] GC(142) Pause Cleanup
[2026-07-18T17:02:26.130+0000][info][gc          ] GC(142) Pause Cleanup 1072M->1072M(1500M) 0.698ms
[2026-07-18T17:02:26.131+0000][info][gc,cpu      ] GC(142) User=0.00s Sys=0.00s Real=0.00s
[2026-07-18T17:02:26.131+0000][info][gc,marking  ] GC(142) Concurrent Clear Claimed Marks
[2026-07-18T17:02:26.135+0000][info][gc,marking  ] GC(142) Concurrent Clear Claimed Marks 3.782ms
[2026-07-18T17:02:26.135+0000][info][gc,marking  ] GC(142) Concurrent Cleanup for Next Mark
[2026-07-18T17:02:26.137+0000][info][gc,marking  ] GC(142) Concurrent Cleanup for Next Mark 1.802ms
[2026-07-18T17:02:26.137+0000][info][gc          ] GC(142) Concurrent Mark Cycle 819.791ms
[2026-07-18T17:02:26.362+0000][info][gc,start    ] GC(145) Pause Young (Normal) (G1 Evacuation Pause)
[2026-07-18T17:02:26.363+0000][info][gc,task     ] GC(145) Using 4 workers of 4 for evacuation
[2026-07-18T17:02:26.372+0000][info][gc,phases   ] GC(145)   Pre Evacuate Collection Set: 3.85ms
[2026-07-18T17:02:26.372+0000][info][gc,phases   ] GC(145)   Merge Heap Roots: 0.23ms
[2026-07-18T17:02:26.372+0000][info][gc,phases   ] GC(145)   Evacuate Collection Set: 0.43ms
[2026-07-18T17:02:26.375+0000][info][gc,phases   ] GC(145)   Post Evacuate Collection Set: 0.57ms
[2026-07-18T17:02:26.376+0000][info][gc,phases   ] GC(145)   Other: 3.53ms
[2026-07-18T17:02:26.376+0000][info][gc,heap     ] GC(145) Eden regions: 496->0(496)
[2026-07-18T17:02:26.377+0000][info][gc,heap     ] GC(145) Survivor regions: 0->0(62)
[2026-07-18T17:02:26.377+0000][info][gc,heap     ] GC(145) Old regions: 895->895
[2026-07-18T17:02:26.377+0000][info][gc,heap     ] GC(145) Humongous regions: 34->34
[2026-07-18T17:02:26.377+0000][info][gc,metaspace] GC(145) Metaspace: 405K(576K)->405K(576K) NonClass: 375K(448K)->375K(448K) Class: 29K(128K)->29K(128K)
[2026-07-18T17:02:26.382+0000][info][gc          ] GC(145) Pause Young (Normal) (G1 Evacuation Pause) 1424M->928M(1500M) 20.333ms
[2026-07-18T17:02:26.383+0000][info][gc,cpu      ] GC(145) User=0.00s Sys=0.00s Real=0.02s
[2026-07-18T17:02:26.680+0000][info][gc,start    ] GC(146) Pause Young (Concurrent Start) (G1 Evacuation Pause)
[2026-07-18T17:02:26.680+0000][info][gc,task     ] GC(146) Using 4 workers of 4 for evacuation
[2026-07-18T17:02:26.684+0000][info][gc,phases   ] GC(146)   Pre Evacuate Collection Set: 1.25ms
[2026-07-18T17:02:26.684+0000][info][gc,phases   ] GC(146)   Merge Heap Roots: 0.21ms
[2026-07-18T17:02:26.684+0000][info][gc,phases   ] GC(146)   Evacuate Collection Set: 0.77ms
[2026-07-18T17:02:26.684+0000][info][gc,phases   ] GC(146)   Post Evacuate Collection Set: 0.84ms
[2026-07-18T17:02:26.684+0000][info][gc,phases   ] GC(146)   Other: 0.36ms
[2026-07-18T17:02:26.684+0000][info][gc,heap     ] GC(146) Eden regions: 496->0(496)
[2026-07-18T17:02:26.685+0000][info][gc,heap     ] GC(146) Survivor regions: 0->0(62)
[2026-07-18T17:02:26.685+0000][info][gc,heap     ] GC(146) Old regions: 895->895
[2026-07-18T17:02:26.685+0000][info][gc,heap     ] GC(146) Humongous regions: 34->34
[2026-07-18T17:02:26.685+0000][info][gc,metaspace] GC(146) Metaspace: 405K(576K)->405K(576K) NonClass: 375K(448K)->375K(448K) Class: 29K(128K)->29K(128K)
[2026-07-18T17:02:26.685+0000][info][gc          ] GC(146) Pause Young (Concurrent Start) (G1 Evacuation Pause) 1424M->928M(1500M) 4.881ms
[2026-07-18T17:02:26.685+0000][info][gc,cpu      ] GC(146) User=0.01s Sys=0.00s Real=0.01s
[2026-07-18T17:02:26.685+0000][info][gc          ] GC(147) Concurrent Mark Cycle
[2026-07-18T17:02:26.689+0000][info][gc,marking  ] GC(147) Concurrent Scan Root Regions
[2026-07-18T17:02:26.689+0000][info][gc,marking  ] GC(147) Concurrent Scan Root Regions 0.454ms
[2026-07-18T17:02:26.689+0000][info][gc,marking  ] GC(147) Concurrent Mark
[2026-07-18T17:02:26.689+0000][info][gc,marking  ] GC(147) Concurrent Mark From Roots
[2026-07-18T17:02:26.690+0000][info][gc,task     ] GC(147) Using 1 workers of 1 for marking
[2026-07-18T17:02:26.999+0000][info][gc,start    ] GC(148) Pause Young (Normal) (G1 Evacuation Pause)
[2026-07-18T17:02:27.000+0000][info][gc,task     ] GC(148) Using 4 workers of 4 for evacuation
[2026-07-18T17:02:27.002+0000][info][gc,phases   ] GC(148)   Pre Evacuate Collection Set: 0.78ms
[2026-07-18T17:02:27.003+0000][info][gc,phases   ] GC(148)   Merge Heap Roots: 0.25ms
[2026-07-18T17:02:27.003+0000][info][gc,phases   ] GC(148)   Evacuate Collection Set: 0.23ms
[2026-07-18T17:02:27.003+0000][info][gc,phases   ] GC(148)   Post Evacuate Collection Set: 1.01ms
[2026-07-18T17:02:27.003+0000][info][gc,phases   ] GC(148)   Other: 0.39ms
[2026-07-18T17:02:27.003+0000][info][gc,heap     ] GC(148) Eden regions: 496->0(496)
[2026-07-18T17:02:27.004+0000][info][gc,heap     ] GC(148) Survivor regions: 0->0(62)
[2026-07-18T17:02:27.004+0000][info][gc,heap     ] GC(148) Old regions: 895->895
[2026-07-18T17:02:27.004+0000][info][gc,heap     ] GC(148) Humongous regions: 34->34
[2026-07-18T17:02:27.004+0000][info][gc,metaspace] GC(148) Metaspace: 405K(576K)->405K(576K) NonClass: 375K(448K)->375K(448K) Class: 29K(128K)->29K(128K)
[2026-07-18T17:02:27.004+0000][info][gc          ] GC(148) Pause Young (Normal) (G1 Evacuation Pause) 1424M->928M(1500M) 5.192ms
[2026-07-18T17:02:27.004+0000][info][gc,cpu      ] GC(148) User=0.01s Sys=0.00s Real=0.01s
[2026-07-18T17:02:27.155+0000][info][gc,marking  ] GC(147) Concurrent Mark From Roots 465.692ms
[2026-07-18T17:02:27.156+0000][info][gc,marking  ] GC(147) Concurrent Preclean
[2026-07-18T17:02:27.160+0000][info][gc,marking  ] GC(147) Concurrent Preclean 4.140ms
[2026-07-18T17:02:27.164+0000][info][gc,start    ] GC(147) Pause Remark
[2026-07-18T17:02:27.166+0000][info][gc          ] GC(147) Pause Remark 1153M->1153M(1500M) 2.100ms
[2026-07-18T17:02:27.166+0000][info][gc,cpu      ] GC(147) User=0.00s Sys=0.00s Real=0.00s
[2026-07-18T17:02:27.166+0000][info][gc,marking  ] GC(147) Concurrent Mark 476.851ms
[2026-07-18T17:02:27.166+0000][info][gc,marking  ] GC(147) Concurrent Rebuild Remembered Sets and Scrub Regions
[2026-07-18T17:02:27.350+0000][info][gc,start    ] GC(149) Pause Young (Normal) (G1 Evacuation Pause)
[2026-07-18T17:02:27.350+0000][info][gc,task     ] GC(149) Using 4 workers of 4 for evacuation
[2026-07-18T17:02:27.352+0000][info][gc,phases   ] GC(149)   Pre Evacuate Collection Set: 0.35ms
[2026-07-18T17:02:27.352+0000][info][gc,phases   ] GC(149)   Merge Heap Roots: 0.03ms
[2026-07-18T17:02:27.352+0000][info][gc,phases   ] GC(149)   Evacuate Collection Set: 0.14ms
[2026-07-18T17:02:27.352+0000][info][gc,phases   ] GC(149)   Post Evacuate Collection Set: 0.88ms
[2026-07-18T17:02:27.352+0000][info][gc,phases   ] GC(149)   Other: 0.60ms
[2026-07-18T17:02:27.352+0000][info][gc,heap     ] GC(149) Eden regions: 496->0(496)
[2026-07-18T17:02:27.352+0000][info][gc,heap     ] GC(149) Survivor regions: 0->0(62)
[2026-07-18T17:02:27.352+0000][info][gc,heap     ] GC(149) Old regions: 895->895
[2026-07-18T17:02:27.352+0000][info][gc,heap     ] GC(149) Humongous regions: 34->34
[2026-07-18T17:02:27.352+0000][info][gc,metaspace] GC(149) Metaspace: 405K(576K)->405K(576K) NonClass: 375K(448K)->375K(448K) Class: 29K(128K)->29K(128K)
[2026-07-18T17:02:27.353+0000][info][gc          ] GC(149) Pause Young (Normal) (G1 Evacuation Pause) 1424M->928M(1500M) 2.953ms
[2026-07-18T17:02:27.353+0000][info][gc,cpu      ] GC(149) User=0.00s Sys=0.00s Real=0.01s
[2026-07-18T17:02:27.727+0000][info][gc,marking  ] GC(147) Concurrent Rebuild Remembered Sets and Scrub Regions 561.093ms
[2026-07-18T17:02:27.728+0000][info][gc,start    ] GC(147) Pause Cleanup
[2026-07-18T17:02:27.731+0000][info][gc          ] GC(147) Pause Cleanup 1313M->1313M(1500M) 2.556ms
[2026-07-18T17:02:27.731+0000][info][gc,cpu      ] GC(147) User=0.00s Sys=0.00s Real=0.00s
[2026-07-18T17:02:27.732+0000][info][gc,marking  ] GC(147) Concurrent Clear Claimed Marks
[2026-07-18T17:02:27.735+0000][info][gc,marking  ] GC(147) Concurrent Clear Claimed Marks 3.183ms
[2026-07-18T17:02:27.737+0000][info][gc,marking  ] GC(147) Concurrent Cleanup for Next Mark
[2026-07-18T17:02:27.742+0000][info][gc,marking  ] GC(147) Concurrent Cleanup for Next Mark 5.133ms
[2026-07-18T17:02:27.742+0000][info][gc          ] GC(147) Concurrent Mark Cycle 1057.315ms
[2026-07-18T17:02:27.895+0000][info][gc,start    ] GC(150) Pause Young (Normal) (G1 Evacuation Pause)
[2026-07-18T17:02:27.902+0000][info][gc,task     ] GC(150) Using 4 workers of 4 for evacuation
[2026-07-18T17:02:27.912+0000][info][gc,phases   ] GC(150)   Pre Evacuate Collection Set: 0.39ms
[2026-07-18T17:02:27.912+0000][info][gc,phases   ] GC(150)   Merge Heap Roots: 0.11ms
[2026-07-18T17:02:27.912+0000][info][gc,phases   ] GC(150)   Evacuate Collection Set: 0.42ms
[2026-07-18T17:02:27.912+0000][info][gc,phases   ] GC(150)   Post Evacuate Collection Set: 3.59ms
[2026-07-18T17:02:27.912+0000][info][gc,phases   ] GC(150)   Other: 5.12ms
[2026-07-18T17:02:27.912+0000][info][gc,heap     ] GC(150) Eden regions: 496->0(496)
[2026-07-18T17:02:27.912+0000][info][gc,heap     ] GC(150) Survivor regions: 0->0(62)
[2026-07-18T17:02:27.913+0000][info][gc,heap     ] GC(150) Old regions: 895->895
[2026-07-18T17:02:27.913+0000][info][gc,heap     ] GC(150) Humongous regions: 34->34
[2026-07-18T17:02:27.913+0000][info][gc,metaspace] GC(150) Metaspace: 405K(576K)->405K(576K) NonClass: 375K(448K)->375K(448K) Class: 29K(128K)->29K(128K)
[2026-07-18T17:02:27.913+0000][info][gc          ] GC(150) Pause Young (Normal) (G1 Evacuation Pause) 1424M->928M(1500M) 18.032ms
[2026-07-18T17:02:27.913+0000][info][gc,cpu      ] GC(150) User=0.01s Sys=0.01s Real=0.02s
[2026-07-18T17:02:28.273+0000][info][gc,start    ] GC(151) Pause Young (Concurrent Start) (G1 Evacuation Pause)
[2026-07-18T17:02:28.273+0000][info][gc,task     ] GC(151) Using 4 workers of 4 for evacuation
[2026-07-18T17:02:28.276+0000][info][gc,phases   ] GC(151)   Pre Evacuate Collection Set: 0.93ms
[2026-07-18T17:02:28.276+0000][info][gc,phases   ] GC(151)   Merge Heap Roots: 0.25ms
[2026-07-18T17:02:28.276+0000][info][gc,phases   ] GC(151)   Evacuate Collection Set: 0.39ms
[2026-07-18T17:02:28.276+0000][info][gc,phases   ] GC(151)   Post Evacuate Collection Set: 1.08ms
[2026-07-18T17:02:28.276+0000][info][gc,phases   ] GC(151)   Other: 0.45ms
[2026-07-18T17:02:28.276+0000][info][gc,heap     ] GC(151) Eden regions: 496->0(496)
[2026-07-18T17:02:28.277+0000][info][gc,heap     ] GC(151) Survivor regions: 0->0(62)
[2026-07-18T17:02:28.277+0000][info][gc,heap     ] GC(151) Old regions: 895->895
[2026-07-18T17:02:28.277+0000][info][gc,heap     ] GC(151) Humongous regions: 34->34
[2026-07-18T17:02:28.277+0000][info][gc,metaspace] GC(151) Metaspace: 405K(576K)->405K(576K) NonClass: 375K(448K)->375K(448K) Class: 29K(128K)->29K(128K)
[2026-07-18T17:02:28.277+0000][info][gc          ] GC(151) Pause Young (Concurrent Start) (G1 Evacuation Pause) 1424M->928M(1500M) 4.277ms
[2026-07-18T17:02:28.277+0000][info][gc,cpu      ] GC(151) User=0.00s Sys=0.00s Real=0.00s
[2026-07-18T17:02:28.277+0000][info][gc          ] GC(152) Concurrent Mark Cycle
[2026-07-18T17:02:28.277+0000][info][gc,marking  ] GC(152) Concurrent Scan Root Regions
[2026-07-18T17:02:28.277+0000][info][gc,marking  ] GC(152) Concurrent Scan Root Regions 0.094ms
[2026-07-18T17:02:28.277+0000][info][gc,marking  ] GC(152) Concurrent Mark
[2026-07-18T17:02:28.277+0000][info][gc,marking  ] GC(152) Concurrent Mark From Roots
[2026-07-18T17:02:28.277+0000][info][gc,task     ] GC(152) Using 1 workers of 1 for marking
[2026-07-18T17:02:28.624+0000][info][gc,start    ] GC(153) Pause Young (Normal) (G1 Evacuation Pause)
[2026-07-18T17:02:28.626+0000][info][gc,task     ] GC(153) Using 4 workers of 4 for evacuation
[2026-07-18T17:02:28.631+0000][info][gc,phases   ] GC(153)   Pre Evacuate Collection Set: 1.62ms
[2026-07-18T17:02:28.631+0000][info][gc,phases   ] GC(153)   Merge Heap Roots: 0.34ms
[2026-07-18T17:02:28.631+0000][info][gc,phases   ] GC(153)   Evacuate Collection Set: 1.47ms
[2026-07-18T17:02:28.631+0000][info][gc,phases   ] GC(153)   Post Evacuate Collection Set: 1.30ms
[2026-07-18T17:02:28.631+0000][info][gc,phases   ] GC(153)   Other: 0.30ms
[2026-07-18T17:02:28.631+0000][info][gc,heap     ] GC(153) Eden regions: 496->0(496)
[2026-07-18T17:02:28.631+0000][info][gc,heap     ] GC(153) Survivor regions: 0->0(62)
[2026-07-18T17:02:28.632+0000][info][gc,heap     ] GC(153) Old regions: 895->895
[2026-07-18T17:02:28.632+0000][info][gc,heap     ] GC(153) Humongous regions: 34->34
[2026-07-18T17:02:28.632+0000][info][gc,metaspace] GC(153) Metaspace: 405K(576K)->405K(576K) NonClass: 375K(448K)->375K(448K) Class: 29K(128K)->29K(128K)
[2026-07-18T17:02:28.632+0000][info][gc          ] GC(153) Pause Young (Normal) (G1 Evacuation Pause) 1424M->928M(1500M) 7.724ms
[2026-07-18T17:02:28.632+0000][info][gc,cpu      ] GC(153) User=0.00s Sys=0.00s Real=0.01s
[2026-07-18T17:02:28.771+0000][info][gc,marking  ] GC(152) Concurrent Mark From Roots 493.352ms
[2026-07-18T17:02:28.771+0000][info][gc,marking  ] GC(152) Concurrent Preclean
[2026-07-18T17:02:28.771+0000][info][gc,marking  ] GC(152) Concurrent Preclean 0.120ms
[2026-07-18T17:02:28.773+0000][info][gc,start    ] GC(152) Pause Remark
[2026-07-18T17:02:28.776+0000][info][gc          ] GC(152) Pause Remark 1120M->1120M(1500M) 3.420ms
[2026-07-18T17:02:28.777+0000][info][gc,cpu      ] GC(152) User=0.00s Sys=0.00s Real=0.00s
[2026-07-18T17:02:28.778+0000][info][gc,marking  ] GC(152) Concurrent Mark 500.641ms
[2026-07-18T17:02:28.782+0000][info][gc,marking  ] GC(152) Concurrent Rebuild Remembered Sets and Scrub Regions
[2026-07-18T17:02:29.054+0000][info][gc,start    ] GC(154) Pause Young (Normal) (G1 Evacuation Pause)
[2026-07-18T17:02:29.054+0000][info][gc,task     ] GC(154) Using 4 workers of 4 for evacuation
[2026-07-18T17:02:29.058+0000][info][gc,phases   ] GC(154)   Pre Evacuate Collection Set: 0.70ms
[2026-07-18T17:02:29.059+0000][info][gc,phases   ] GC(154)   Merge Heap Roots: 0.10ms
[2026-07-18T17:02:29.059+0000][info][gc,phases   ] GC(154)   Evacuate Collection Set: 1.28ms
[2026-07-18T17:02:29.059+0000][info][gc,phases   ] GC(154)   Post Evacuate Collection Set: 1.72ms
[2026-07-18T17:02:29.059+0000][info][gc,phases   ] GC(154)   Other: 0.73ms
[2026-07-18T17:02:29.059+0000][info][gc,heap     ] GC(154) Eden regions: 496->0(496)
[2026-07-18T17:02:29.059+0000][info][gc,heap     ] GC(154) Survivor regions: 0->0(62)
[2026-07-18T17:02:29.059+0000][info][gc,heap     ] GC(154) Old regions: 895->895
[2026-07-18T17:02:29.060+0000][info][gc,heap     ] GC(154) Humongous regions: 34->34
[2026-07-18T17:02:29.060+0000][info][gc,metaspace] GC(154) Metaspace: 405K(576K)->405K(576K) NonClass: 375K(448K)->375K(448K) Class: 29K(128K)->29K(128K)
[2026-07-18T17:02:29.060+0000][info][gc          ] GC(154) Pause Young (Normal) (G1 Evacuation Pause) 1424M->928M(1500M) 6.416ms
[2026-07-18T17:02:29.060+0000][info][gc,cpu      ] GC(154) User=0.00s Sys=0.00s Real=0.00s
[2026-07-18T17:02:29.204+0000][info][gc,marking  ] GC(152) Concurrent Rebuild Remembered Sets and Scrub Regions 422.522ms
[2026-07-18T17:02:29.206+0000][info][gc,start    ] GC(152) Pause Cleanup
[2026-07-18T17:02:29.210+0000][info][gc          ] GC(152) Pause Cleanup 1088M->1088M(1500M) 4.528ms
[2026-07-18T17:02:29.211+0000][info][gc,cpu      ] GC(152) User=0.00s Sys=0.00s Real=0.00s
[2026-07-18T17:02:29.211+0000][info][gc,marking  ] GC(152) Concurrent Clear Claimed Marks
[2026-07-18T17:02:29.211+0000][info][gc,marking  ] GC(152) Concurrent Clear Claimed Marks 0.202ms
[2026-07-18T17:02:29.211+0000][info][gc,marking  ] GC(152) Concurrent Cleanup for Next Mark
[2026-07-18T17:02:29.215+0000][info][gc,marking  ] GC(152) Concurrent Cleanup for Next Mark 3.042ms
[2026-07-18T17:02:29.215+0000][info][gc          ] GC(152) Concurrent Mark Cycle 937.805ms
[2026-07-18T17:02:29.555+0000][info][gc,start    ] GC(155) Pause Young (Normal) (G1 Evacuation Pause)
[2026-07-18T17:02:29.556+0000][info][gc,task     ] GC(155) Using 4 workers of 4 for evacuation
[2026-07-18T17:02:29.559+0000][info][gc,phases   ] GC(155)   Pre Evacuate Collection Set: 0.40ms
[2026-07-18T17:02:29.560+0000][info][gc,phases   ] GC(155)   Merge Heap Roots: 0.07ms
[2026-07-18T17:02:29.560+0000][info][gc,phases   ] GC(155)   Evacuate Collection Set: 2.36ms
[2026-07-18T17:02:29.560+0000][info][gc,phases   ] GC(155)   Post Evacuate Collection Set: 0.75ms
[2026-07-18T17:02:29.560+0000][info][gc,phases   ] GC(155)   Other: 0.30ms
[2026-07-18T17:02:29.560+0000][info][gc,heap     ] GC(155) Eden regions: 496->0(496)
[2026-07-18T17:02:29.560+0000][info][gc,heap     ] GC(155) Survivor regions: 0->0(62)
[2026-07-18T17:02:29.560+0000][info][gc,heap     ] GC(155) Old regions: 895->895
[2026-07-18T17:02:29.560+0000][info][gc,heap     ] GC(155) Humongous regions: 34->34
[2026-07-18T17:02:29.561+0000][info][gc,metaspace] GC(155) Metaspace: 405K(576K)->405K(576K) NonClass: 375K(448K)->375K(448K) Class: 29K(128K)->29K(128K)
[2026-07-18T17:02:29.561+0000][info][gc          ] GC(155) Pause Young (Normal) (G1 Evacuation Pause) 1424M->928M(1500M) 5.425ms
[2026-07-18T17:02:29.561+0000][info][gc,cpu      ] GC(155) User=0.00s Sys=0.00s Real=0.00s
[2026-07-18T17:02:30.006+0000][info][gc,start    ] GC(156) Pause Young (Concurrent Start) (G1 Evacuation Pause)
[2026-07-18T17:02:30.006+0000][info][gc,task     ] GC(156) Using 4 workers of 4 for evacuation
[2026-07-18T17:02:30.009+0000][info][gc,phases   ] GC(156)   Pre Evacuate Collection Set: 0.49ms
[2026-07-18T17:02:30.010+0000][info][gc,phases   ] GC(156)   Merge Heap Roots: 0.10ms
[2026-07-18T17:02:30.010+0000][info][gc,phases   ] GC(156)   Evacuate Collection Set: 1.08ms
[2026-07-18T17:02:30.010+0000][info][gc,phases   ] GC(156)   Post Evacuate Collection Set: 1.23ms
[2026-07-18T17:02:30.010+0000][info][gc,phases   ] GC(156)   Other: 0.26ms
[2026-07-18T17:02:30.011+0000][info][gc,heap     ] GC(156) Eden regions: 496->0(496)
[2026-07-18T17:02:30.011+0000][info][gc,heap     ] GC(156) Survivor regions: 0->0(62)
[2026-07-18T17:02:30.011+0000][info][gc,heap     ] GC(156) Old regions: 895->895
[2026-07-18T17:02:30.011+0000][info][gc,heap     ] GC(156) Humongous regions: 34->34
[2026-07-18T17:02:30.011+0000][info][gc,metaspace] GC(156) Metaspace: 405K(576K)->405K(576K) NonClass: 375K(448K)->375K(448K) Class: 29K(128K)->29K(128K)
[2026-07-18T17:02:30.011+0000][info][gc          ] GC(156) Pause Young (Concurrent Start) (G1 Evacuation Pause) 1424M->928M(1500M) 5.580ms
[2026-07-18T17:02:30.011+0000][info][gc,cpu      ] GC(156) User=0.00s Sys=0.00s Real=0.00s
[2026-07-18T17:02:30.011+0000][info][gc          ] GC(157) Concurrent Mark Cycle
[2026-07-18T17:02:30.015+0000][info][gc,marking  ] GC(157) Concurrent Scan Root Regions
[2026-07-18T17:02:30.015+0000][info][gc,marking  ] GC(157) Concurrent Scan Root Regions 0.780ms
[2026-07-18T17:02:30.016+0000][info][gc,marking  ] GC(157) Concurrent Mark
[2026-07-18T17:02:30.016+0000][info][gc,marking  ] GC(157) Concurrent Mark From Roots
[2026-07-18T17:02:30.017+0000][info][gc,task     ] GC(157) Using 1 workers of 1 for marking
[2026-07-18T17:02:30.352+0000][info][gc,start    ] GC(158) Pause Young (Normal) (G1 Evacuation Pause)
[2026-07-18T17:02:30.352+0000][info][gc,task     ] GC(158) Using 4 workers of 4 for evacuation
[2026-07-18T17:02:30.358+0000][info][gc,phases   ] GC(158)   Pre Evacuate Collection Set: 1.13ms
[2026-07-18T17:02:30.359+0000][info][gc,phases   ] GC(158)   Merge Heap Roots: 0.10ms
[2026-07-18T17:02:30.359+0000][info][gc,phases   ] GC(158)   Evacuate Collection Set: 2.65ms
[2026-07-18T17:02:30.360+0000][info][gc,phases   ] GC(158)   Post Evacuate Collection Set: 2.44ms
[2026-07-18T17:02:30.360+0000][info][gc,phases   ] GC(158)   Other: 0.19ms
[2026-07-18T17:02:30.360+0000][info][gc,heap     ] GC(158) Eden regions: 496->0(496)
[2026-07-18T17:02:30.360+0000][info][gc,heap     ] GC(158) Survivor regions: 0->0(62)
[2026-07-18T17:02:30.360+0000][info][gc,heap     ] GC(158) Old regions: 895->895
[2026-07-18T17:02:30.360+0000][info][gc,heap     ] GC(158) Humongous regions: 34->34
[2026-07-18T17:02:30.360+0000][info][gc,metaspace] GC(158) Metaspace: 405K(576K)->405K(576K) NonClass: 375K(448K)->375K(448K) Class: 29K(128K)->29K(128K)
[2026-07-18T17:02:30.361+0000][info][gc          ] GC(158) Pause Young (Normal) (G1 Evacuation Pause) 1424M->928M(1500M) 9.013ms
[2026-07-18T17:02:30.361+0000][info][gc,cpu      ] GC(158) User=0.00s Sys=0.00s Real=0.00s
[2026-07-18T17:02:30.604+0000][info][gc,marking  ] GC(157) Concurrent Mark From Roots 588.019ms
[2026-07-18T17:02:30.605+0000][info][gc,marking  ] GC(157) Concurrent Preclean
[2026-07-18T17:02:30.605+0000][info][gc,marking  ] GC(157) Concurrent Preclean 0.273ms
[2026-07-18T17:02:30.606+0000][info][gc,start    ] GC(157) Pause Remark
[2026-07-18T17:02:30.610+0000][info][gc          ] GC(157) Pause Remark 1260M->1260M(1500M) 4.460ms
[2026-07-18T17:02:30.610+0000][info][gc,cpu      ] GC(157) User=0.00s Sys=0.00s Real=0.00s
[2026-07-18T17:02:30.611+0000][info][gc,marking  ] GC(157) Concurrent Mark 594.736ms
[2026-07-18T17:02:30.611+0000][info][gc,marking  ] GC(157) Concurrent Rebuild Remembered Sets and Scrub Regions
[2026-07-18T17:02:30.715+0000][info][gc,start    ] GC(159) Pause Young (Normal) (G1 Evacuation Pause)
[2026-07-18T17:02:30.715+0000][info][gc,task     ] GC(159) Using 4 workers of 4 for evacuation
[2026-07-18T17:02:30.718+0000][info][gc,phases   ] GC(159)   Pre Evacuate Collection Set: 1.16ms
[2026-07-18T17:02:30.718+0000][info][gc,phases   ] GC(159)   Merge Heap Roots: 0.39ms
[2026-07-18T17:02:30.718+0000][info][gc,phases   ] GC(159)   Evacuate Collection Set: 0.51ms
[2026-07-18T17:02:30.719+0000][info][gc,phases   ] GC(159)   Post Evacuate Collection Set: 0.45ms
[2026-07-18T17:02:30.719+0000][info][gc,phases   ] GC(159)   Other: 0.15ms
[2026-07-18T17:02:30.719+0000][info][gc,heap     ] GC(159) Eden regions: 496->0(496)
[2026-07-18T17:02:30.719+0000][info][gc,heap     ] GC(159) Survivor regions: 0->0(62)
[2026-07-18T17:02:30.719+0000][info][gc,heap     ] GC(159) Old regions: 895->895
[2026-07-18T17:02:30.719+0000][info][gc,heap     ] GC(159) Humongous regions: 34->34
[2026-07-18T17:02:30.719+0000][info][gc,metaspace] GC(159) Metaspace: 405K(576K)->405K(576K) NonClass: 375K(448K)->375K(448K) Class: 29K(128K)->29K(128K)
[2026-07-18T17:02:30.720+0000][info][gc          ] GC(159) Pause Young (Normal) (G1 Evacuation Pause) 1424M->928M(1500M) 4.481ms
[2026-07-18T17:02:30.720+0000][info][gc,cpu      ] GC(159) User=0.01s Sys=0.00s Real=0.00s
[2026-07-18T17:02:30.970+0000][info][gc,marking  ] GC(157) Concurrent Rebuild Remembered Sets and Scrub Regions 359.584ms
[2026-07-18T17:02:30.973+0000][info][gc,start    ] GC(157) Pause Cleanup
[2026-07-18T17:02:30.974+0000][info][gc          ] GC(157) Pause Cleanup 1271M->1271M(1500M) 1.152ms
[2026-07-18T17:02:30.974+0000][info][gc,cpu      ] GC(157) User=0.00s Sys=0.00s Real=0.00s
[2026-07-18T17:02:30.974+0000][info][gc,marking  ] GC(157) Concurrent Clear Claimed Marks
[2026-07-18T17:02:30.975+0000][info][gc,marking  ] GC(157) Concurrent Clear Claimed Marks 0.171ms
[2026-07-18T17:02:30.975+0000][info][gc,marking  ] GC(157) Concurrent Cleanup for Next Mark
[2026-07-18T17:02:30.981+0000][info][gc,marking  ] GC(157) Concurrent Cleanup for Next Mark 6.409ms
[2026-07-18T17:02:30.982+0000][info][gc          ] GC(157) Concurrent Mark Cycle 970.239ms
[2026-07-18T17:02:31.108+0000][info][gc,start    ] GC(160) Pause Young (Normal) (G1 Evacuation Pause)
[2026-07-18T17:02:31.108+0000][info][gc,task     ] GC(160) Using 4 workers of 4 for evacuation
[2026-07-18T17:02:31.115+0000][info][gc,phases   ] GC(160)   Pre Evacuate Collection Set: 0.40ms
[2026-07-18T17:02:31.115+0000][info][gc,phases   ] GC(160)   Merge Heap Roots: 0.08ms
[2026-07-18T17:02:31.115+0000][info][gc,phases   ] GC(160)   Evacuate Collection Set: 0.72ms
[2026-07-18T17:02:31.115+0000][info][gc,phases   ] GC(160)   Post Evacuate Collection Set: 3.71ms
[2026-07-18T17:02:31.115+0000][info][gc,phases   ] GC(160)   Other: 1.59ms
[2026-07-18T17:02:31.115+0000][info][gc,heap     ] GC(160) Eden regions: 496->0(496)
[2026-07-18T17:02:31.115+0000][info][gc,heap     ] GC(160) Survivor regions: 0->0(62)
[2026-07-18T17:02:31.115+0000][info][gc,heap     ] GC(160) Old regions: 895->895
[2026-07-18T17:02:31.115+0000][info][gc,heap     ] GC(160) Humongous regions: 34->34
[2026-07-18T17:02:31.115+0000][info][gc,metaspace] GC(160) Metaspace: 405K(576K)->405K(576K) NonClass: 375K(448K)->375K(448K) Class: 29K(128K)->29K(128K)
[2026-07-18T17:02:31.115+0000][info][gc          ] GC(160) Pause Young (Normal) (G1 Evacuation Pause) 1424M->928M(1500M) 7.672ms
[2026-07-18T17:02:31.115+0000][info][gc,cpu      ] GC(160) User=0.00s Sys=0.00s Real=0.01s
[2026-07-18T17:02:31.480+0000][info][gc,start    ] GC(161) Pause Young (Concurrent Start) (G1 Evacuation Pause)
[2026-07-18T17:02:31.480+0000][info][gc,task     ] GC(161) Using 4 workers of 4 for evacuation
[2026-07-18T17:02:31.482+0000][info][gc,phases   ] GC(161)   Pre Evacuate Collection Set: 0.59ms
[2026-07-18T17:02:31.482+0000][info][gc,phases   ] GC(161)   Merge Heap Roots: 0.18ms
[2026-07-18T17:02:31.482+0000][info][gc,phases   ] GC(161)   Evacuate Collection Set: 0.29ms
[2026-07-18T17:02:31.482+0000][info][gc,phases   ] GC(161)   Post Evacuate Collection Set: 0.72ms
[2026-07-18T17:02:31.482+0000][info][gc,phases   ] GC(161)   Other: 0.22ms
[2026-07-18T17:02:31.482+0000][info][gc,heap     ] GC(161) Eden regions: 496->0(496)
[2026-07-18T17:02:31.482+0000][info][gc,heap     ] GC(161) Survivor regions: 0->0(62)
[2026-07-18T17:02:31.482+0000][info][gc,heap     ] GC(161) Old regions: 895->895
[2026-07-18T17:02:31.483+0000][info][gc,heap     ] GC(161) Humongous regions: 34->34
[2026-07-18T17:02:31.483+0000][info][gc,metaspace] GC(161) Metaspace: 405K(576K)->405K(576K) NonClass: 375K(448K)->375K(448K) Class: 29K(128K)->29K(128K)
[2026-07-18T17:02:31.483+0000][info][gc          ] GC(161) Pause Young (Concurrent Start) (G1 Evacuation Pause) 1424M->928M(1500M) 3.086ms
[2026-07-18T17:02:31.483+0000][info][gc,cpu      ] GC(161) User=0.00s Sys=0.00s Real=0.01s
[2026-07-18T17:02:31.483+0000][info][gc          ] GC(162) Concurrent Mark Cycle
[2026-07-18T17:02:31.483+0000][info][gc,marking  ] GC(162) Concurrent Scan Root Regions
[2026-07-18T17:02:31.483+0000][info][gc,marking  ] GC(162) Concurrent Scan Root Regions 0.118ms
[2026-07-18T17:02:31.483+0000][info][gc,marking  ] GC(162) Concurrent Mark
[2026-07-18T17:02:31.483+0000][info][gc,marking  ] GC(162) Concurrent Mark From Roots
[2026-07-18T17:02:31.483+0000][info][gc,task     ] GC(162) Using 1 workers of 1 for marking
[2026-07-18T17:02:31.857+0000][info][gc,start    ] GC(163) Pause Young (Normal) (G1 Evacuation Pause)
[2026-07-18T17:02:31.857+0000][info][gc,task     ] GC(163) Using 4 workers of 4 for evacuation
[2026-07-18T17:02:31.860+0000][info][gc,phases   ] GC(163)   Pre Evacuate Collection Set: 0.70ms
[2026-07-18T17:02:31.861+0000][info][gc,phases   ] GC(163)   Merge Heap Roots: 0.45ms
[2026-07-18T17:02:31.861+0000][info][gc,phases   ] GC(163)   Evacuate Collection Set: 0.91ms
[2026-07-18T17:02:31.861+0000][info][gc,phases   ] GC(163)   Post Evacuate Collection Set: 1.12ms
[2026-07-18T17:02:31.861+0000][info][gc,phases   ] GC(163)   Other: 0.29ms
[2026-07-18T17:02:31.861+0000][info][gc,heap     ] GC(163) Eden regions: 496->0(496)
[2026-07-18T17:02:31.861+0000][info][gc,heap     ] GC(163) Survivor regions: 0->0(62)
[2026-07-18T17:02:31.861+0000][info][gc,heap     ] GC(163) Old regions: 895->895
[2026-07-18T17:02:31.861+0000][info][gc,heap     ] GC(163) Humongous regions: 34->34
[2026-07-18T17:02:31.862+0000][info][gc,metaspace] GC(163) Metaspace: 405K(576K)->405K(576K) NonClass: 375K(448K)->375K(448K) Class: 29K(128K)->29K(128K)
[2026-07-18T17:02:31.862+0000][info][gc          ] GC(163) Pause Young (Normal) (G1 Evacuation Pause) 1424M->928M(1500M) 5.065ms
[2026-07-18T17:02:31.862+0000][info][gc,cpu      ] GC(163) User=0.00s Sys=0.00s Real=0.01s
[2026-07-18T17:02:32.016+0000][info][gc,marking  ] GC(162) Concurrent Mark From Roots 532.170ms
[2026-07-18T17:02:32.022+0000][info][gc,marking  ] GC(162) Concurrent Preclean
[2026-07-18T17:02:32.024+0000][info][gc,marking  ] GC(162) Concurrent Preclean 2.172ms
[2026-07-18T17:02:32.028+0000][info][gc,start    ] GC(162) Pause Remark
[2026-07-18T17:02:32.036+0000][info][gc          ] GC(162) Pause Remark 1200M->1200M(1500M) 8.246ms
[2026-07-18T17:02:32.036+0000][info][gc,cpu      ] GC(162) User=0.01s Sys=0.00s Real=0.01s
[2026-07-18T17:02:32.037+0000][info][gc,marking  ] GC(162) Concurrent Mark 553.421ms
[2026-07-18T17:02:32.037+0000][info][gc,marking  ] GC(162) Concurrent Rebuild Remembered Sets and Scrub Regions
[2026-07-18T17:02:32.182+0000][info][gc,start    ] GC(164) Pause Young (Normal) (G1 Evacuation Pause)
[2026-07-18T17:02:32.182+0000][info][gc,task     ] GC(164) Using 4 workers of 4 for evacuation
[2026-07-18T17:02:32.187+0000][info][gc,phases   ] GC(164)   Pre Evacuate Collection Set: 1.12ms
[2026-07-18T17:02:32.188+0000][info][gc,phases   ] GC(164)   Merge Heap Roots: 0.29ms
[2026-07-18T17:02:32.188+0000][info][gc,phases   ] GC(164)   Evacuate Collection Set: 2.97ms
[2026-07-18T17:02:32.188+0000][info][gc,phases   ] GC(164)   Post Evacuate Collection Set: 0.59ms
[2026-07-18T17:02:32.188+0000][info][gc,phases   ] GC(164)   Other: 0.31ms
[2026-07-18T17:02:32.189+0000][info][gc,heap     ] GC(164) Eden regions: 496->0(496)
[2026-07-18T17:02:32.189+0000][info][gc,heap     ] GC(164) Survivor regions: 0->0(62)
[2026-07-18T17:02:32.189+0000][info][gc,heap     ] GC(164) Old regions: 895->895
[2026-07-18T17:02:32.189+0000][info][gc,heap     ] GC(164) Humongous regions: 34->34
[2026-07-18T17:02:32.191+0000][info][gc,metaspace] GC(164) Metaspace: 405K(576K)->405K(576K) NonClass: 375K(448K)->375K(448K) Class: 29K(128K)->29K(128K)
[2026-07-18T17:02:32.192+0000][info][gc          ] GC(164) Pause Young (Normal) (G1 Evacuation Pause) 1424M->928M(1500M) 10.242ms
[2026-07-18T17:02:32.192+0000][info][gc,cpu      ] GC(164) User=0.00s Sys=0.00s Real=0.01s
[2026-07-18T17:02:32.358+0000][info][gc,marking  ] GC(162) Concurrent Rebuild Remembered Sets and Scrub Regions 320.675ms
[2026-07-18T17:02:32.360+0000][info][gc,start    ] GC(162) Pause Cleanup
[2026-07-18T17:02:32.362+0000][info][gc          ] GC(162) Pause Cleanup 1183M->1183M(1500M) 2.419ms
[2026-07-18T17:02:32.362+0000][info][gc,cpu      ] GC(162) User=0.00s Sys=0.00s Real=0.01s
[2026-07-18T17:02:32.363+0000][info][gc,marking  ] GC(162) Concurrent Clear Claimed Marks
[2026-07-18T17:02:32.363+0000][info][gc,marking  ] GC(162) Concurrent Clear Claimed Marks 0.189ms
[2026-07-18T17:02:32.364+0000][info][gc,marking  ] GC(162) Concurrent Cleanup for Next Mark
[2026-07-18T17:02:32.366+0000][info][gc,marking  ] GC(162) Concurrent Cleanup for Next Mark 2.367ms
[2026-07-18T17:02:32.370+0000][info][gc          ] GC(162) Concurrent Mark Cycle 887.715ms
[2026-07-18T17:02:32.524+0000][info][gc,start    ] GC(165) Pause Young (Normal) (G1 Evacuation Pause)
[2026-07-18T17:02:32.525+0000][info][gc,task     ] GC(165) Using 4 workers of 4 for evacuation
[2026-07-18T17:02:32.530+0000][info][gc,phases   ] GC(165)   Pre Evacuate Collection Set: 0.91ms
[2026-07-18T17:02:32.531+0000][info][gc,phases   ] GC(165)   Merge Heap Roots: 0.14ms
[2026-07-18T17:02:32.531+0000][info][gc,phases   ] GC(165)   Evacuate Collection Set: 1.79ms
[2026-07-18T17:02:32.532+0000][info][gc,phases   ] GC(165)   Post Evacuate Collection Set: 1.91ms
[2026-07-18T17:02:32.532+0000][info][gc,phases   ] GC(165)   Other: 0.50ms
[2026-07-18T17:02:32.534+0000][info][gc,heap     ] GC(165) Eden regions: 496->0(496)
[2026-07-18T17:02:32.534+0000][info][gc,heap     ] GC(165) Survivor regions: 0->0(62)
[2026-07-18T17:02:32.535+0000][info][gc,heap     ] GC(165) Old regions: 895->895
[2026-07-18T17:02:32.535+0000][info][gc,heap     ] GC(165) Humongous regions: 34->34
[2026-07-18T17:02:32.536+0000][info][gc,metaspace] GC(165) Metaspace: 405K(576K)->405K(576K) NonClass: 375K(448K)->375K(448K) Class: 29K(128K)->29K(128K)
[2026-07-18T17:02:32.536+0000][info][gc          ] GC(165) Pause Young (Normal) (G1 Evacuation Pause) 1424M->928M(1500M) 12.198ms
[2026-07-18T17:02:32.539+0000][info][gc,cpu      ] GC(165) User=0.01s Sys=0.00s Real=0.01s
[2026-07-18T17:02:32.833+0000][info][gc,start    ] GC(166) Pause Young (Concurrent Start) (G1 Evacuation Pause)
[2026-07-18T17:02:32.833+0000][info][gc,task     ] GC(166) Using 4 workers of 4 for evacuation
[2026-07-18T17:02:32.836+0000][info][gc,phases   ] GC(166)   Pre Evacuate Collection Set: 0.59ms
[2026-07-18T17:02:32.837+0000][info][gc,phases   ] GC(166)   Merge Heap Roots: 0.07ms
[2026-07-18T17:02:32.837+0000][info][gc,phases   ] GC(166)   Evacuate Collection Set: 1.56ms
[2026-07-18T17:02:32.837+0000][info][gc,phases   ] GC(166)   Post Evacuate Collection Set: 0.63ms
[2026-07-18T17:02:32.837+0000][info][gc,phases   ] GC(166)   Other: 0.26ms
[2026-07-18T17:02:32.837+0000][info][gc,heap     ] GC(166) Eden regions: 496->0(496)
[2026-07-18T17:02:32.837+0000][info][gc,heap     ] GC(166) Survivor regions: 0->0(62)
[2026-07-18T17:02:32.837+0000][info][gc,heap     ] GC(166) Old regions: 895->895
[2026-07-18T17:02:32.837+0000][info][gc,heap     ] GC(166) Humongous regions: 34->34
[2026-07-18T17:02:32.837+0000][info][gc,metaspace] GC(166) Metaspace: 405K(576K)->405K(576K) NonClass: 375K(448K)->375K(448K) Class: 29K(128K)->29K(128K)
[2026-07-18T17:02:32.837+0000][info][gc          ] GC(166) Pause Young (Concurrent Start) (G1 Evacuation Pause) 1424M->928M(1500M) 4.524ms
[2026-07-18T17:02:32.837+0000][info][gc,cpu      ] GC(166) User=0.00s Sys=0.00s Real=0.00s
[2026-07-18T17:02:32.837+0000][info][gc          ] GC(167) Concurrent Mark Cycle
[2026-07-18T17:02:32.837+0000][info][gc,marking  ] GC(167) Concurrent Scan Root Regions
[2026-07-18T17:02:32.837+0000][info][gc,marking  ] GC(167) Concurrent Scan Root Regions 0.069ms
[2026-07-18T17:02:32.847+0000][info][gc,marking  ] GC(167) Concurrent Mark
[2026-07-18T17:02:32.847+0000][info][gc,marking  ] GC(167) Concurrent Mark From Roots
[2026-07-18T17:02:32.849+0000][info][gc,task     ] GC(167) Using 1 workers of 1 for marking
[2026-07-18T17:02:33.179+0000][info][gc,start    ] GC(168) Pause Young (Normal) (G1 Evacuation Pause)
[2026-07-18T17:02:33.180+0000][info][gc,task     ] GC(168) Using 4 workers of 4 for evacuation
[2026-07-18T17:02:33.189+0000][info][gc,phases   ] GC(168)   Pre Evacuate Collection Set: 1.86ms
[2026-07-18T17:02:33.189+0000][info][gc,phases   ] GC(168)   Merge Heap Roots: 0.82ms
[2026-07-18T17:02:33.189+0000][info][gc,phases   ] GC(168)   Evacuate Collection Set: 2.98ms
[2026-07-18T17:02:33.190+0000][info][gc,phases   ] GC(168)   Post Evacuate Collection Set: 2.82ms
[2026-07-18T17:02:33.190+0000][info][gc,phases   ] GC(168)   Other: 0.26ms
[2026-07-18T17:02:33.190+0000][info][gc,heap     ] GC(168) Eden regions: 496->0(496)
[2026-07-18T17:02:33.191+0000][info][gc,heap     ] GC(168) Survivor regions: 0->0(62)
[2026-07-18T17:02:33.191+0000][info][gc,heap     ] GC(168) Old regions: 895->895
[2026-07-18T17:02:33.191+0000][info][gc,heap     ] GC(168) Humongous regions: 34->34
[2026-07-18T17:02:33.191+0000][info][gc,metaspace] GC(168) Metaspace: 405K(576K)->405K(576K) NonClass: 375K(448K)->375K(448K) Class: 29K(128K)->29K(128K)
[2026-07-18T17:02:33.191+0000][info][gc          ] GC(168) Pause Young (Normal) (G1 Evacuation Pause) 1424M->928M(1500M) 12.792ms
[2026-07-18T17:02:33.192+0000][info][gc,cpu      ] GC(168) User=0.00s Sys=0.00s Real=0.02s
[2026-07-18T17:02:33.428+0000][info][gc,marking  ] GC(167) Concurrent Mark From Roots 581.113ms
[2026-07-18T17:02:33.429+0000][info][gc,marking  ] GC(167) Concurrent Preclean
[2026-07-18T17:02:33.430+0000][info][gc,marking  ] GC(167) Concurrent Preclean 0.944ms
[2026-07-18T17:02:33.431+0000][info][gc,start    ] GC(167) Pause Remark
[2026-07-18T17:02:33.432+0000][info][gc          ] GC(167) Pause Remark 1241M->1241M(1500M) 1.821ms
[2026-07-18T17:02:33.433+0000][info][gc,cpu      ] GC(167) User=0.00s Sys=0.00s Real=0.01s
[2026-07-18T17:02:33.434+0000][info][gc,marking  ] GC(167) Concurrent Mark 586.768ms
[2026-07-18T17:02:33.434+0000][info][gc,marking  ] GC(167) Concurrent Rebuild Remembered Sets and Scrub Regions
[2026-07-18T17:02:33.549+0000][info][gc,start    ] GC(169) Pause Young (Normal) (G1 Evacuation Pause)
[2026-07-18T17:02:33.549+0000][info][gc,task     ] GC(169) Using 4 workers of 4 for evacuation
[2026-07-18T17:02:33.550+0000][info][gc,phases   ] GC(169)   Pre Evacuate Collection Set: 0.35ms
[2026-07-18T17:02:33.551+0000][info][gc,phases   ] GC(169)   Merge Heap Roots: 0.12ms
[2026-07-18T17:02:33.551+0000][info][gc,phases   ] GC(169)   Evacuate Collection Set: 0.17ms
[2026-07-18T17:02:33.551+0000][info][gc,phases   ] GC(169)   Post Evacuate Collection Set: 0.72ms
[2026-07-18T17:02:33.551+0000][info][gc,phases   ] GC(169)   Other: 0.16ms
[2026-07-18T17:02:33.551+0000][info][gc,heap     ] GC(169) Eden regions: 496->0(496)
[2026-07-18T17:02:33.551+0000][info][gc,heap     ] GC(169) Survivor regions: 0->0(62)
[2026-07-18T17:02:33.552+0000][info][gc,heap     ] GC(169) Old regions: 895->895
[2026-07-18T17:02:33.552+0000][info][gc,heap     ] GC(169) Humongous regions: 34->34
[2026-07-18T17:02:33.552+0000][info][gc,metaspace] GC(169) Metaspace: 405K(576K)->405K(576K) NonClass: 375K(448K)->375K(448K) Class: 29K(128K)->29K(128K)
[2026-07-18T17:02:33.552+0000][info][gc          ] GC(169) Pause Young (Normal) (G1 Evacuation Pause) 1424M->928M(1500M) 3.214ms
[2026-07-18T17:02:33.552+0000][info][gc,cpu      ] GC(169) User=0.00s Sys=0.00s Real=0.01s
[2026-07-18T17:02:33.745+0000][info][gc,marking  ] GC(167) Concurrent Rebuild Remembered Sets and Scrub Regions 310.755ms
[2026-07-18T17:02:33.747+0000][info][gc,start    ] GC(167) Pause Cleanup
[2026-07-18T17:02:33.748+0000][info][gc          ] GC(167) Pause Cleanup 1269M->1269M(1500M) 1.399ms
[2026-07-18T17:02:33.748+0000][info][gc,cpu      ] GC(167) User=0.00s Sys=0.00s Real=0.00s
[2026-07-18T17:02:33.751+0000][info][gc,marking  ] GC(167) Concurrent Clear Claimed Marks
[2026-07-18T17:02:33.751+0000][info][gc,marking  ] GC(167) Concurrent Clear Claimed Marks 0.251ms
[2026-07-18T17:02:33.751+0000][info][gc,marking  ] GC(167) Concurrent Cleanup for Next Mark
[2026-07-18T17:02:33.760+0000][info][gc,marking  ] GC(167) Concurrent Cleanup for Next Mark 8.639ms
[2026-07-18T17:02:33.760+0000][info][gc          ] GC(167) Concurrent Mark Cycle 922.852ms
[2026-07-18T17:02:33.861+0000][info][gc,start    ] GC(170) Pause Young (Normal) (G1 Evacuation Pause)
[2026-07-18T17:02:33.861+0000][info][gc,task     ] GC(170) Using 4 workers of 4 for evacuation
[2026-07-18T17:02:33.863+0000][info][gc,phases   ] GC(170)   Pre Evacuate Collection Set: 0.85ms
[2026-07-18T17:02:33.863+0000][info][gc,phases   ] GC(170)   Merge Heap Roots: 0.15ms
[2026-07-18T17:02:33.864+0000][info][gc,phases   ] GC(170)   Evacuate Collection Set: 0.42ms
[2026-07-18T17:02:33.864+0000][info][gc,phases   ] GC(170)   Post Evacuate Collection Set: 0.83ms
[2026-07-18T17:02:33.864+0000][info][gc,phases   ] GC(170)   Other: 0.18ms
[2026-07-18T17:02:33.864+0000][info][gc,heap     ] GC(170) Eden regions: 496->0(496)
[2026-07-18T17:02:33.864+0000][info][gc,heap     ] GC(170) Survivor regions: 0->0(62)
[2026-07-18T17:02:33.864+0000][info][gc,heap     ] GC(170) Old regions: 895->895
[2026-07-18T17:02:33.864+0000][info][gc,heap     ] GC(170) Humongous regions: 34->34
[2026-07-18T17:02:33.864+0000][info][gc,metaspace] GC(170) Metaspace: 405K(576K)->405K(576K) NonClass: 375K(448K)->375K(448K) Class: 29K(128K)->29K(128K)
[2026-07-18T17:02:33.864+0000][info][gc          ] GC(170) Pause Young (Normal) (G1 Evacuation Pause) 1424M->928M(1500M) 3.400ms
[2026-07-18T17:02:33.864+0000][info][gc,cpu      ] GC(170) User=0.00s Sys=0.00s Real=0.01s
[2026-07-18T17:02:34.215+0000][info][gc,start    ] GC(171) Pause Young (Concurrent Start) (G1 Evacuation Pause)
[2026-07-18T17:02:34.217+0000][info][gc,task     ] GC(171) Using 4 workers of 4 for evacuation
[2026-07-18T17:02:34.220+0000][info][gc,phases   ] GC(171)   Pre Evacuate Collection Set: 0.41ms
[2026-07-18T17:02:34.220+0000][info][gc,phases   ] GC(171)   Merge Heap Roots: 0.14ms
[2026-07-18T17:02:34.220+0000][info][gc,phases   ] GC(171)   Evacuate Collection Set: 0.57ms
[2026-07-18T17:02:34.220+0000][info][gc,phases   ] GC(171)   Post Evacuate Collection Set: 1.16ms
[2026-07-18T17:02:34.220+0000][info][gc,phases   ] GC(171)   Other: 0.35ms
[2026-07-18T17:02:34.220+0000][info][gc,heap     ] GC(171) Eden regions: 496->0(496)
[2026-07-18T17:02:34.220+0000][info][gc,heap     ] GC(171) Survivor regions: 0->0(62)
[2026-07-18T17:02:34.220+0000][info][gc,heap     ] GC(171) Old regions: 895->895
[2026-07-18T17:02:34.220+0000][info][gc,heap     ] GC(171) Humongous regions: 34->34
[2026-07-18T17:02:34.220+0000][info][gc,metaspace] GC(171) Metaspace: 405K(576K)->405K(576K) NonClass: 375K(448K)->375K(448K) Class: 29K(128K)->29K(128K)
[2026-07-18T17:02:34.220+0000][info][gc          ] GC(171) Pause Young (Concurrent Start) (G1 Evacuation Pause) 1424M->928M(1500M) 5.172ms
[2026-07-18T17:02:34.220+0000][info][gc,cpu      ] GC(171) User=0.00s Sys=0.00s Real=0.00s
[2026-07-18T17:02:34.220+0000][info][gc          ] GC(172) Concurrent Mark Cycle
[2026-07-18T17:02:34.221+0000][info][gc,marking  ] GC(172) Concurrent Scan Root Regions
[2026-07-18T17:02:34.222+0000][info][gc,marking  ] GC(172) Concurrent Scan Root Regions 0.332ms
[2026-07-18T17:02:34.222+0000][info][gc,marking  ] GC(172) Concurrent Mark
[2026-07-18T17:02:34.222+0000][info][gc,marking  ] GC(172) Concurrent Mark From Roots
[2026-07-18T17:02:34.222+0000][info][gc,task     ] GC(172) Using 1 workers of 1 for marking
[2026-07-18T17:02:34.530+0000][info][gc,start    ] GC(173) Pause Young (Normal) (G1 Evacuation Pause)
[2026-07-18T17:02:34.530+0000][info][gc,task     ] GC(173) Using 4 workers of 4 for evacuation
[2026-07-18T17:02:34.535+0000][info][gc,phases   ] GC(173)   Pre Evacuate Collection Set: 0.87ms
[2026-07-18T17:02:34.535+0000][info][gc,phases   ] GC(173)   Merge Heap Roots: 0.22ms
[2026-07-18T17:02:34.536+0000][info][gc,phases   ] GC(173)   Evacuate Collection Set: 1.46ms
[2026-07-18T17:02:34.536+0000][info][gc,phases   ] GC(173)   Post Evacuate Collection Set: 1.50ms
[2026-07-18T17:02:34.536+0000][info][gc,phases   ] GC(173)   Other: 0.32ms
[2026-07-18T17:02:34.536+0000][info][gc,heap     ] GC(173) Eden regions: 496->0(496)
[2026-07-18T17:02:34.536+0000][info][gc,heap     ] GC(173) Survivor regions: 0->0(62)
[2026-07-18T17:02:34.536+0000][info][gc,heap     ] GC(173) Old regions: 895->895
[2026-07-18T17:02:34.537+0000][info][gc,heap     ] GC(173) Humongous regions: 34->34
[2026-07-18T17:02:34.537+0000][info][gc,metaspace] GC(173) Metaspace: 405K(576K)->405K(576K) NonClass: 375K(448K)->375K(448K) Class: 29K(128K)->29K(128K)
[2026-07-18T17:02:34.537+0000][info][gc          ] GC(173) Pause Young (Normal) (G1 Evacuation Pause) 1424M->928M(1500M) 7.482ms
[2026-07-18T17:02:34.537+0000][info][gc,cpu      ] GC(173) User=0.00s Sys=0.00s Real=0.01s
[2026-07-18T17:02:34.750+0000][info][gc,marking  ] GC(172) Concurrent Mark From Roots 527.346ms
[2026-07-18T17:02:34.751+0000][info][gc,marking  ] GC(172) Concurrent Preclean
[2026-07-18T17:02:34.751+0000][info][gc,marking  ] GC(172) Concurrent Preclean 0.288ms
[2026-07-18T17:02:34.754+0000][info][gc,start    ] GC(172) Pause Remark
[2026-07-18T17:02:34.756+0000][info][gc          ] GC(172) Pause Remark 1220M->1220M(1500M) 2.000ms
[2026-07-18T17:02:34.756+0000][info][gc,cpu      ] GC(172) User=0.00s Sys=0.00s Real=0.00s
[2026-07-18T17:02:34.757+0000][info][gc,marking  ] GC(172) Concurrent Mark 534.586ms
[2026-07-18T17:02:34.757+0000][info][gc,marking  ] GC(172) Concurrent Rebuild Remembered Sets and Scrub Regions
[2026-07-18T17:02:34.899+0000][info][gc,start    ] GC(174) Pause Young (Normal) (G1 Evacuation Pause)
[2026-07-18T17:02:34.899+0000][info][gc,task     ] GC(174) Using 4 workers of 4 for evacuation
[2026-07-18T17:02:34.901+0000][info][gc,phases   ] GC(174)   Pre Evacuate Collection Set: 0.43ms
[2026-07-18T17:02:34.901+0000][info][gc,phases   ] GC(174)   Merge Heap Roots: 0.24ms
[2026-07-18T17:02:34.901+0000][info][gc,phases   ] GC(174)   Evacuate Collection Set: 0.17ms
[2026-07-18T17:02:34.901+0000][info][gc,phases   ] GC(174)   Post Evacuate Collection Set: 0.53ms
[2026-07-18T17:02:34.901+0000][info][gc,phases   ] GC(174)   Other: 0.17ms
[2026-07-18T17:02:34.901+0000][info][gc,heap     ] GC(174) Eden regions: 496->0(496)
[2026-07-18T17:02:34.901+0000][info][gc,heap     ] GC(174) Survivor regions: 0->0(62)
[2026-07-18T17:02:34.902+0000][info][gc,heap     ] GC(174) Old regions: 895->895
[2026-07-18T17:02:34.902+0000][info][gc,heap     ] GC(174) Humongous regions: 34->34
[2026-07-18T17:02:34.902+0000][info][gc,metaspace] GC(174) Metaspace: 405K(576K)->405K(576K) NonClass: 375K(448K)->375K(448K) Class: 29K(128K)->29K(128K)
[2026-07-18T17:02:34.902+0000][info][gc          ] GC(174) Pause Young (Normal) (G1 Evacuation Pause) 1424M->928M(1500M) 3.119ms
[2026-07-18T17:02:34.902+0000][info][gc,cpu      ] GC(174) User=0.00s Sys=0.00s Real=0.01s
[2026-07-18T17:02:35.115+0000][info][gc,marking  ] GC(172) Concurrent Rebuild Remembered Sets and Scrub Regions 358.150ms
[2026-07-18T17:02:35.118+0000][info][gc,start    ] GC(172) Pause Cleanup
[2026-07-18T17:02:35.119+0000][info][gc          ] GC(172) Pause Cleanup 1265M->1265M(1500M) 0.626ms
[2026-07-18T17:02:35.119+0000][info][gc,cpu      ] GC(172) User=0.01s Sys=0.00s Real=0.00s
[2026-07-18T17:02:35.119+0000][info][gc,marking  ] GC(172) Concurrent Clear Claimed Marks
[2026-07-18T17:02:35.119+0000][info][gc,marking  ] GC(172) Concurrent Clear Claimed Marks 0.195ms
[2026-07-18T17:02:35.120+0000][info][gc,marking  ] GC(172) Concurrent Cleanup for Next Mark
[2026-07-18T17:02:35.123+0000][info][gc,marking  ] GC(172) Concurrent Cleanup for Next Mark 3.625ms
[2026-07-18T17:02:35.124+0000][info][gc          ] GC(172) Concurrent Mark Cycle 903.964ms
[2026-07-18T17:02:35.229+0000][info][gc,start    ] GC(175) Pause Young (Normal) (G1 Evacuation Pause)
[2026-07-18T17:02:35.229+0000][info][gc,task     ] GC(175) Using 4 workers of 4 for evacuation
[2026-07-18T17:02:35.231+0000][info][gc,phases   ] GC(175)   Pre Evacuate Collection Set: 0.46ms
[2026-07-18T17:02:35.231+0000][info][gc,phases   ] GC(175)   Merge Heap Roots: 0.21ms
[2026-07-18T17:02:35.232+0000][info][gc,phases   ] GC(175)   Evacuate Collection Set: 0.18ms
[2026-07-18T17:02:35.232+0000][info][gc,phases   ] GC(175)   Post Evacuate Collection Set: 0.60ms
[2026-07-18T17:02:35.232+0000][info][gc,phases   ] GC(175)   Other: 0.73ms
[2026-07-18T17:02:35.232+0000][info][gc,heap     ] GC(175) Eden regions: 496->0(496)
[2026-07-18T17:02:35.232+0000][info][gc,heap     ] GC(175) Survivor regions: 0->0(62)
[2026-07-18T17:02:35.232+0000][info][gc,heap     ] GC(175) Old regions: 895->895
[2026-07-18T17:02:35.232+0000][info][gc,heap     ] GC(175) Humongous regions: 34->34
[2026-07-18T17:02:35.232+0000][info][gc,metaspace] GC(175) Metaspace: 405K(576K)->405K(576K) NonClass: 375K(448K)->375K(448K) Class: 29K(128K)->29K(128K)
[2026-07-18T17:02:35.232+0000][info][gc          ] GC(175) Pause Young (Normal) (G1 Evacuation Pause) 1424M->928M(1500M) 3.034ms
[2026-07-18T17:02:35.232+0000][info][gc,cpu      ] GC(175) User=0.01s Sys=0.00s Real=0.01s
[2026-07-18T17:02:35.563+0000][info][gc,start    ] GC(176) Pause Young (Concurrent Start) (G1 Evacuation Pause)
[2026-07-18T17:02:35.564+0000][info][gc,task     ] GC(176) Using 4 workers of 4 for evacuation
[2026-07-18T17:02:35.566+0000][info][gc,phases   ] GC(176)   Pre Evacuate Collection Set: 0.36ms
[2026-07-18T17:02:35.566+0000][info][gc,phases   ] GC(176)   Merge Heap Roots: 0.09ms
[2026-07-18T17:02:35.566+0000][info][gc,phases   ] GC(176)   Evacuate Collection Set: 0.56ms
[2026-07-18T17:02:35.566+0000][info][gc,phases   ] GC(176)   Post Evacuate Collection Set: 0.64ms
[2026-07-18T17:02:35.566+0000][info][gc,phases   ] GC(176)   Other: 0.19ms
[2026-07-18T17:02:35.566+0000][info][gc,heap     ] GC(176) Eden regions: 496->0(496)
[2026-07-18T17:02:35.566+0000][info][gc,heap     ] GC(176) Survivor regions: 0->0(62)
[2026-07-18T17:02:35.566+0000][info][gc,heap     ] GC(176) Old regions: 895->895
[2026-07-18T17:02:35.566+0000][info][gc,heap     ] GC(176) Humongous regions: 34->34
[2026-07-18T17:02:35.566+0000][info][gc,metaspace] GC(176) Metaspace: 405K(576K)->405K(576K) NonClass: 375K(448K)->375K(448K) Class: 29K(128K)->29K(128K)
[2026-07-18T17:02:35.567+0000][info][gc          ] GC(176) Pause Young (Concurrent Start) (G1 Evacuation Pause) 1424M->928M(1500M) 3.195ms
[2026-07-18T17:02:35.567+0000][info][gc,cpu      ] GC(176) User=0.00s Sys=0.00s Real=0.00s
[2026-07-18T17:02:35.567+0000][info][gc          ] GC(177) Concurrent Mark Cycle
[2026-07-18T17:02:35.567+0000][info][gc,marking  ] GC(177) Concurrent Scan Root Regions
[2026-07-18T17:02:35.567+0000][info][gc,marking  ] GC(177) Concurrent Scan Root Regions 0.074ms
[2026-07-18T17:02:35.567+0000][info][gc,marking  ] GC(177) Concurrent Mark
[2026-07-18T17:02:35.568+0000][info][gc,marking  ] GC(177) Concurrent Mark From Roots
[2026-07-18T17:02:35.568+0000][info][gc,task     ] GC(177) Using 1 workers of 1 for marking
[2026-07-18T17:02:35.922+0000][info][gc,start    ] GC(178) Pause Young (Normal) (G1 Evacuation Pause)
[2026-07-18T17:02:35.922+0000][info][gc,task     ] GC(178) Using 4 workers of 4 for evacuation
[2026-07-18T17:02:35.923+0000][info][gc,phases   ] GC(178)   Pre Evacuate Collection Set: 0.33ms
[2026-07-18T17:02:35.923+0000][info][gc,phases   ] GC(178)   Merge Heap Roots: 0.10ms
[2026-07-18T17:02:35.924+0000][info][gc,phases   ] GC(178)   Evacuate Collection Set: 0.12ms
[2026-07-18T17:02:35.924+0000][info][gc,phases   ] GC(178)   Post Evacuate Collection Set: 0.51ms
[2026-07-18T17:02:35.924+0000][info][gc,phases   ] GC(178)   Other: 0.17ms
[2026-07-18T17:02:35.924+0000][info][gc,heap     ] GC(178) Eden regions: 496->0(496)
[2026-07-18T17:02:35.924+0000][info][gc,heap     ] GC(178) Survivor regions: 0->0(62)
[2026-07-18T17:02:35.924+0000][info][gc,heap     ] GC(178) Old regions: 895->895
[2026-07-18T17:02:35.924+0000][info][gc,heap     ] GC(178) Humongous regions: 34->34
[2026-07-18T17:02:35.924+0000][info][gc,metaspace] GC(178) Metaspace: 405K(576K)->405K(576K) NonClass: 375K(448K)->375K(448K) Class: 29K(128K)->29K(128K)
[2026-07-18T17:02:35.924+0000][info][gc          ] GC(178) Pause Young (Normal) (G1 Evacuation Pause) 1424M->928M(1500M) 2.713ms
[2026-07-18T17:02:35.925+0000][info][gc,cpu      ] GC(178) User=0.01s Sys=0.00s Real=0.00s
[2026-07-18T17:02:36.049+0000][info][gc,marking  ] GC(177) Concurrent Mark From Roots 481.328ms
[2026-07-18T17:02:36.049+0000][info][gc,marking  ] GC(177) Concurrent Preclean
[2026-07-18T17:02:36.049+0000][info][gc,marking  ] GC(177) Concurrent Preclean 0.081ms
[2026-07-18T17:02:36.050+0000][info][gc,start    ] GC(177) Pause Remark
[2026-07-18T17:02:36.051+0000][info][gc          ] GC(177) Pause Remark 1129M->1129M(1500M) 0.857ms
[2026-07-18T17:02:36.051+0000][info][gc,cpu      ] GC(177) User=0.01s Sys=0.00s Real=0.00s
[2026-07-18T17:02:36.051+0000][info][gc,marking  ] GC(177) Concurrent Mark 483.481ms
[2026-07-18T17:02:36.052+0000][info][gc,marking  ] GC(177) Concurrent Rebuild Remembered Sets and Scrub Regions
[2026-07-18T17:02:36.237+0000][info][gc,start    ] GC(179) Pause Young (Normal) (G1 Evacuation Pause)
[2026-07-18T17:02:36.237+0000][info][gc,task     ] GC(179) Using 4 workers of 4 for evacuation
[2026-07-18T17:02:36.243+0000][info][gc,phases   ] GC(179)   Pre Evacuate Collection Set: 3.07ms
[2026-07-18T17:02:36.244+0000][info][gc,phases   ] GC(179)   Merge Heap Roots: 1.94ms
[2026-07-18T17:02:36.244+0000][info][gc,phases   ] GC(179)   Evacuate Collection Set: 0.19ms
[2026-07-18T17:02:36.244+0000][info][gc,phases   ] GC(179)   Post Evacuate Collection Set: 0.62ms
[2026-07-18T17:02:36.244+0000][info][gc,phases   ] GC(179)   Other: 0.53ms
[2026-07-18T17:02:36.245+0000][info][gc,heap     ] GC(179) Eden regions: 496->0(496)
[2026-07-18T17:02:36.245+0000][info][gc,heap     ] GC(179) Survivor regions: 0->0(62)
[2026-07-18T17:02:36.245+0000][info][gc,heap     ] GC(179) Old regions: 895->895
[2026-07-18T17:02:36.245+0000][info][gc,heap     ] GC(179) Humongous regions: 34->34
[2026-07-18T17:02:36.246+0000][info][gc,metaspace] GC(179) Metaspace: 405K(576K)->405K(576K) NonClass: 375K(448K)->375K(448K) Class: 29K(128K)->29K(128K)
[2026-07-18T17:02:36.246+0000][info][gc          ] GC(179) Pause Young (Normal) (G1 Evacuation Pause) 1424M->928M(1500M) 9.227ms
[2026-07-18T17:02:36.246+0000][info][gc,cpu      ] GC(179) User=0.00s Sys=0.01s Real=0.01s
[2026-07-18T17:02:36.364+0000][info][gc,marking  ] GC(177) Concurrent Rebuild Remembered Sets and Scrub Regions 311.481ms
[2026-07-18T17:02:36.365+0000][info][gc,start    ] GC(177) Pause Cleanup
[2026-07-18T17:02:36.365+0000][info][gc          ] GC(177) Pause Cleanup 1088M->1088M(1500M) 0.589ms
[2026-07-18T17:02:36.365+0000][info][gc,cpu      ] GC(177) User=0.00s Sys=0.00s Real=0.00s
[2026-07-18T17:02:36.365+0000][info][gc,marking  ] GC(177) Concurrent Clear Claimed Marks
[2026-07-18T17:02:36.366+0000][info][gc,marking  ] GC(177) Concurrent Clear Claimed Marks 0.596ms
[2026-07-18T17:02:36.366+0000][info][gc,marking  ] GC(177) Concurrent Cleanup for Next Mark
[2026-07-18T17:02:36.368+0000][info][gc,marking  ] GC(177) Concurrent Cleanup for Next Mark 2.035ms
[2026-07-18T17:02:36.369+0000][info][gc          ] GC(177) Concurrent Mark Cycle 801.945ms
[2026-07-18T17:02:36.591+0000][info][gc,start    ] GC(180) Pause Young (Normal) (G1 Evacuation Pause)
[2026-07-18T17:02:36.592+0000][info][gc,task     ] GC(180) Using 4 workers of 4 for evacuation
[2026-07-18T17:02:36.596+0000][info][gc,phases   ] GC(180)   Pre Evacuate Collection Set: 1.59ms
[2026-07-18T17:02:36.596+0000][info][gc,phases   ] GC(180)   Merge Heap Roots: 0.23ms
[2026-07-18T17:02:36.597+0000][info][gc,phases   ] GC(180)   Evacuate Collection Set: 0.83ms
[2026-07-18T17:02:36.598+0000][info][gc,phases   ] GC(180)   Post Evacuate Collection Set: 0.95ms
[2026-07-18T17:02:36.598+0000][info][gc,phases   ] GC(180)   Other: 0.41ms
[2026-07-18T17:02:36.598+0000][info][gc,heap     ] GC(180) Eden regions: 496->0(496)
[2026-07-18T17:02:36.599+0000][info][gc,heap     ] GC(180) Survivor regions: 0->0(62)
[2026-07-18T17:02:36.599+0000][info][gc,heap     ] GC(180) Old regions: 895->895
[2026-07-18T17:02:36.600+0000][info][gc,heap     ] GC(180) Humongous regions: 34->34
[2026-07-18T17:02:36.600+0000][info][gc,metaspace] GC(180) Metaspace: 405K(576K)->405K(576K) NonClass: 375K(448K)->375K(448K) Class: 29K(128K)->29K(128K)
[2026-07-18T17:02:36.600+0000][info][gc          ] GC(180) Pause Young (Normal) (G1 Evacuation Pause) 1424M->928M(1500M) 8.859ms
[2026-07-18T17:02:36.600+0000][info][gc,cpu      ] GC(180) User=0.00s Sys=0.00s Real=0.01s
[2026-07-18T17:02:36.936+0000][info][gc,start    ] GC(181) Pause Young (Concurrent Start) (G1 Evacuation Pause)
[2026-07-18T17:02:36.936+0000][info][gc,task     ] GC(181) Using 4 workers of 4 for evacuation
[2026-07-18T17:02:36.941+0000][info][gc,phases   ] GC(181)   Pre Evacuate Collection Set: 0.34ms
[2026-07-18T17:02:36.941+0000][info][gc,phases   ] GC(181)   Merge Heap Roots: 0.08ms
[2026-07-18T17:02:36.942+0000][info][gc,phases   ] GC(181)   Evacuate Collection Set: 2.66ms
[2026-07-18T17:02:36.942+0000][info][gc,phases   ] GC(181)   Post Evacuate Collection Set: 1.33ms
[2026-07-18T17:02:36.942+0000][info][gc,phases   ] GC(181)   Other: 0.28ms
[2026-07-18T17:02:36.942+0000][info][gc,heap     ] GC(181) Eden regions: 496->0(496)
[2026-07-18T17:02:36.942+0000][info][gc,heap     ] GC(181) Survivor regions: 0->0(62)
[2026-07-18T17:02:36.942+0000][info][gc,heap     ] GC(181) Old regions: 895->895
[2026-07-18T17:02:36.943+0000][info][gc,heap     ] GC(181) Humongous regions: 34->34
[2026-07-18T17:02:36.943+0000][info][gc,metaspace] GC(181) Metaspace: 405K(576K)->405K(576K) NonClass: 375K(448K)->375K(448K) Class: 29K(128K)->29K(128K)
[2026-07-18T17:02:36.943+0000][info][gc          ] GC(181) Pause Young (Concurrent Start) (G1 Evacuation Pause) 1424M->928M(1500M) 6.982ms
[2026-07-18T17:02:36.943+0000][info][gc,cpu      ] GC(181) User=0.01s Sys=0.01s Real=0.01s
[2026-07-18T17:02:36.943+0000][info][gc          ] GC(182) Concurrent Mark Cycle
[2026-07-18T17:02:36.944+0000][info][gc,marking  ] GC(182) Concurrent Scan Root Regions
[2026-07-18T17:02:36.944+0000][info][gc,marking  ] GC(182) Concurrent Scan Root Regions 0.129ms
[2026-07-18T17:02:36.944+0000][info][gc,marking  ] GC(182) Concurrent Mark
[2026-07-18T17:02:36.944+0000][info][gc,marking  ] GC(182) Concurrent Mark From Roots
[2026-07-18T17:02:36.945+0000][info][gc,task     ] GC(182) Using 1 workers of 1 for marking
[2026-07-18T17:02:37.322+0000][info][gc,start    ] GC(183) Pause Young (Normal) (G1 Evacuation Pause)
[2026-07-18T17:02:37.323+0000][info][gc,task     ] GC(183) Using 4 workers of 4 for evacuation
[2026-07-18T17:02:37.326+0000][info][gc,phases   ] GC(183)   Pre Evacuate Collection Set: 0.48ms
[2026-07-18T17:02:37.328+0000][info][gc,phases   ] GC(183)   Merge Heap Roots: 0.23ms
[2026-07-18T17:02:37.328+0000][info][gc,phases   ] GC(183)   Evacuate Collection Set: 1.82ms
[2026-07-18T17:02:37.328+0000][info][gc,phases   ] GC(183)   Post Evacuate Collection Set: 0.73ms
[2026-07-18T17:02:37.328+0000][info][gc,phases   ] GC(183)   Other: 0.44ms
[2026-07-18T17:02:37.328+0000][info][gc,heap     ] GC(183) Eden regions: 496->0(496)
[2026-07-18T17:02:37.328+0000][info][gc,heap     ] GC(183) Survivor regions: 0->0(62)
[2026-07-18T17:02:37.328+0000][info][gc,heap     ] GC(183) Old regions: 895->895
[2026-07-18T17:02:37.329+0000][info][gc,heap     ] GC(183) Humongous regions: 34->34
[2026-07-18T17:02:37.329+0000][info][gc,metaspace] GC(183) Metaspace: 405K(576K)->405K(576K) NonClass: 375K(448K)->375K(448K) Class: 29K(128K)->29K(128K)
[2026-07-18T17:02:37.329+0000][info][gc          ] GC(183) Pause Young (Normal) (G1 Evacuation Pause) 1424M->928M(1500M) 7.284ms
[2026-07-18T17:02:37.330+0000][info][gc,cpu      ] GC(183) User=0.01s Sys=0.00s Real=0.00s
[2026-07-18T17:02:37.489+0000][info][gc,marking  ] GC(182) Concurrent Mark From Roots 544.168ms
[2026-07-18T17:02:37.489+0000][info][gc,marking  ] GC(182) Concurrent Preclean
[2026-07-18T17:02:37.489+0000][info][gc,marking  ] GC(182) Concurrent Preclean 0.299ms
[2026-07-18T17:02:37.491+0000][info][gc,start    ] GC(182) Pause Remark
[2026-07-18T17:02:37.492+0000][info][gc          ] GC(182) Pause Remark 1125M->1125M(1500M) 1.115ms
[2026-07-18T17:02:37.492+0000][info][gc,cpu      ] GC(182) User=0.00s Sys=0.00s Real=0.01s
[2026-07-18T17:02:37.492+0000][info][gc,marking  ] GC(182) Concurrent Mark 547.683ms
[2026-07-18T17:02:37.494+0000][info][gc,marking  ] GC(182) Concurrent Rebuild Remembered Sets and Scrub Regions
[2026-07-18T17:02:37.888+0000][info][gc,start    ] GC(184) Pause Young (Normal) (G1 Evacuation Pause)
[2026-07-18T17:02:37.896+0000][info][gc,task     ] GC(184) Using 4 workers of 4 for evacuation
[2026-07-18T17:02:37.899+0000][info][gc,phases   ] GC(184)   Pre Evacuate Collection Set: 0.50ms
[2026-07-18T17:02:37.899+0000][info][gc,phases   ] GC(184)   Merge Heap Roots: 0.14ms
[2026-07-18T17:02:37.899+0000][info][gc,phases   ] GC(184)   Evacuate Collection Set: 0.64ms
[2026-07-18T17:02:37.899+0000][info][gc,phases   ] GC(184)   Post Evacuate Collection Set: 1.16ms
[2026-07-18T17:02:37.899+0000][info][gc,phases   ] GC(184)   Other: 0.59ms
[2026-07-18T17:02:37.899+0000][info][gc,heap     ] GC(184) Eden regions: 496->0(496)
[2026-07-18T17:02:37.899+0000][info][gc,heap     ] GC(184) Survivor regions: 0->0(62)
[2026-07-18T17:02:37.899+0000][info][gc,heap     ] GC(184) Old regions: 895->895
[2026-07-18T17:02:37.899+0000][info][gc,heap     ] GC(184) Humongous regions: 34->34
[2026-07-18T17:02:37.899+0000][info][gc,metaspace] GC(184) Metaspace: 405K(576K)->405K(576K) NonClass: 375K(448K)->375K(448K) Class: 29K(128K)->29K(128K)
[2026-07-18T17:02:37.900+0000][info][gc          ] GC(184) Pause Young (Normal) (G1 Evacuation Pause) 1424M->928M(1500M) 11.377ms
[2026-07-18T17:02:37.900+0000][info][gc,cpu      ] GC(184) User=0.01s Sys=0.00s Real=0.01s
[2026-07-18T17:02:38.138+0000][info][gc,marking  ] GC(182) Concurrent Rebuild Remembered Sets and Scrub Regions 644.529ms
[2026-07-18T17:02:38.149+0000][info][gc,start    ] GC(182) Pause Cleanup
[2026-07-18T17:02:38.153+0000][info][gc          ] GC(182) Pause Cleanup 1105M->1105M(1500M) 4.567ms
[2026-07-18T17:02:38.154+0000][info][gc,cpu      ] GC(182) User=0.00s Sys=0.00s Real=0.01s
[2026-07-18T17:02:38.154+0000][info][gc,marking  ] GC(182) Concurrent Clear Claimed Marks
[2026-07-18T17:02:38.155+0000][info][gc,marking  ] GC(182) Concurrent Clear Claimed Marks 0.257ms
[2026-07-18T17:02:38.155+0000][info][gc,marking  ] GC(182) Concurrent Cleanup for Next Mark
[2026-07-18T17:02:38.158+0000][info][gc,marking  ] GC(182) Concurrent Cleanup for Next Mark 3.746ms
[2026-07-18T17:02:38.159+0000][info][gc          ] GC(182) Concurrent Mark Cycle 1215.310ms
[2026-07-18T17:02:38.347+0000][info][gc,start    ] GC(185) Pause Young (Normal) (G1 Evacuation Pause)
[2026-07-18T17:02:38.347+0000][info][gc,task     ] GC(185) Using 4 workers of 4 for evacuation
[2026-07-18T17:02:38.352+0000][info][gc,phases   ] GC(185)   Pre Evacuate Collection Set: 1.82ms
[2026-07-18T17:02:38.354+0000][info][gc,phases   ] GC(185)   Merge Heap Roots: 0.51ms
[2026-07-18T17:02:38.354+0000][info][gc,phases   ] GC(185)   Evacuate Collection Set: 0.84ms
[2026-07-18T17:02:38.358+0000][info][gc,phases   ] GC(185)   Post Evacuate Collection Set: 0.92ms
[2026-07-18T17:02:38.358+0000][info][gc,phases   ] GC(185)   Other: 0.29ms
[2026-07-18T17:02:38.363+0000][info][gc,heap     ] GC(185) Eden regions: 496->0(496)
[2026-07-18T17:02:38.363+0000][info][gc,heap     ] GC(185) Survivor regions: 0->0(62)
[2026-07-18T17:02:38.365+0000][info][gc,heap     ] GC(185) Old regions: 895->895
[2026-07-18T17:02:38.366+0000][info][gc,heap     ] GC(185) Humongous regions: 34->34
[2026-07-18T17:02:38.369+0000][info][gc,metaspace] GC(185) Metaspace: 405K(576K)->405K(576K) NonClass: 375K(448K)->375K(448K) Class: 29K(128K)->29K(128K)
[2026-07-18T17:02:38.370+0000][info][gc          ] GC(185) Pause Young (Normal) (G1 Evacuation Pause) 1424M->928M(1500M) 23.360ms
[2026-07-18T17:02:38.374+0000][info][gc,cpu      ] GC(185) User=0.00s Sys=0.00s Real=0.03s
[2026-07-18T17:02:38.695+0000][info][gc,start    ] GC(186) Pause Young (Concurrent Start) (G1 Evacuation Pause)
[2026-07-18T17:02:38.696+0000][info][gc,task     ] GC(186) Using 4 workers of 4 for evacuation
[2026-07-18T17:02:38.702+0000][info][gc,phases   ] GC(186)   Pre Evacuate Collection Set: 0.52ms
[2026-07-18T17:02:38.702+0000][info][gc,phases   ] GC(186)   Merge Heap Roots: 0.12ms
[2026-07-18T17:02:38.702+0000][info][gc,phases   ] GC(186)   Evacuate Collection Set: 1.20ms
[2026-07-18T17:02:38.702+0000][info][gc,phases   ] GC(186)   Post Evacuate Collection Set: 3.22ms
[2026-07-18T17:02:38.703+0000][info][gc,phases   ] GC(186)   Other: 0.72ms
[2026-07-18T17:02:38.703+0000][info][gc,heap     ] GC(186) Eden regions: 496->0(496)
[2026-07-18T17:02:38.703+0000][info][gc,heap     ] GC(186) Survivor regions: 0->0(62)
[2026-07-18T17:02:38.703+0000][info][gc,heap     ] GC(186) Old regions: 895->895
[2026-07-18T17:02:38.703+0000][info][gc,heap     ] GC(186) Humongous regions: 34->34
[2026-07-18T17:02:38.703+0000][info][gc,metaspace] GC(186) Metaspace: 405K(576K)->405K(576K) NonClass: 375K(448K)->375K(448K) Class: 29K(128K)->29K(128K)
[2026-07-18T17:02:38.703+0000][info][gc          ] GC(186) Pause Young (Concurrent Start) (G1 Evacuation Pause) 1424M->928M(1500M) 7.956ms
[2026-07-18T17:02:38.704+0000][info][gc,cpu      ] GC(186) User=0.00s Sys=0.00s Real=0.01s
[2026-07-18T17:02:38.704+0000][info][gc          ] GC(187) Concurrent Mark Cycle
[2026-07-18T17:02:38.704+0000][info][gc,marking  ] GC(187) Concurrent Scan Root Regions
[2026-07-18T17:02:38.705+0000][info][gc,marking  ] GC(187) Concurrent Scan Root Regions 0.473ms
[2026-07-18T17:02:38.705+0000][info][gc,marking  ] GC(187) Concurrent Mark
[2026-07-18T17:02:38.705+0000][info][gc,marking  ] GC(187) Concurrent Mark From Roots
[2026-07-18T17:02:38.706+0000][info][gc,task     ] GC(187) Using 1 workers of 1 for marking
[2026-07-18T17:02:39.275+0000][info][gc,start    ] GC(188) Pause Young (Normal) (G1 Evacuation Pause)
[2026-07-18T17:02:39.276+0000][info][gc,task     ] GC(188) Using 4 workers of 4 for evacuation
[2026-07-18T17:02:39.277+0000][info][gc,phases   ] GC(188)   Pre Evacuate Collection Set: 0.41ms
[2026-07-18T17:02:39.277+0000][info][gc,phases   ] GC(188)   Merge Heap Roots: 0.14ms
[2026-07-18T17:02:39.277+0000][info][gc,phases   ] GC(188)   Evacuate Collection Set: 0.26ms
[2026-07-18T17:02:39.278+0000][info][gc,phases   ] GC(188)   Post Evacuate Collection Set: 0.61ms
[2026-07-18T17:02:39.278+0000][info][gc,phases   ] GC(188)   Other: 0.18ms
[2026-07-18T17:02:39.278+0000][info][gc,heap     ] GC(188) Eden regions: 496->0(496)
[2026-07-18T17:02:39.278+0000][info][gc,heap     ] GC(188) Survivor regions: 0->0(62)
[2026-07-18T17:02:39.278+0000][info][gc,heap     ] GC(188) Old regions: 895->895
[2026-07-18T17:02:39.278+0000][info][gc,heap     ] GC(188) Humongous regions: 34->34
[2026-07-18T17:02:39.278+0000][info][gc,metaspace] GC(188) Metaspace: 405K(576K)->405K(576K) NonClass: 375K(448K)->375K(448K) Class: 29K(128K)->29K(128K)
[2026-07-18T17:02:39.278+0000][info][gc          ] GC(188) Pause Young (Normal) (G1 Evacuation Pause) 1424M->928M(1500M) 3.130ms
[2026-07-18T17:02:39.278+0000][info][gc,cpu      ] GC(188) User=0.00s Sys=0.00s Real=0.00s
[2026-07-18T17:02:39.380+0000][info][gc,marking  ] GC(187) Concurrent Mark From Roots 675.169ms
[2026-07-18T17:02:39.381+0000][info][gc,marking  ] GC(187) Concurrent Preclean
[2026-07-18T17:02:39.381+0000][info][gc,marking  ] GC(187) Concurrent Preclean 0.193ms
[2026-07-18T17:02:39.382+0000][info][gc,start    ] GC(187) Pause Remark
[2026-07-18T17:02:39.383+0000][info][gc          ] GC(187) Pause Remark 1007M->1007M(1500M) 1.523ms
[2026-07-18T17:02:39.383+0000][info][gc,cpu      ] GC(187) User=0.01s Sys=0.00s Real=0.00s
[2026-07-18T17:02:39.383+0000][info][gc,marking  ] GC(187) Concurrent Mark 678.545ms
[2026-07-18T17:02:39.387+0000][info][gc,marking  ] GC(187) Concurrent Rebuild Remembered Sets and Scrub Regions
[2026-07-18T17:02:39.848+0000][info][gc,start    ] GC(189) Pause Young (Normal) (G1 Evacuation Pause)
[2026-07-18T17:02:39.849+0000][info][gc,task     ] GC(189) Using 4 workers of 4 for evacuation
[2026-07-18T17:02:39.851+0000][info][gc,phases   ] GC(189)   Pre Evacuate Collection Set: 0.35ms
[2026-07-18T17:02:39.851+0000][info][gc,phases   ] GC(189)   Merge Heap Roots: 0.13ms
[2026-07-18T17:02:39.851+0000][info][gc,phases   ] GC(189)   Evacuate Collection Set: 0.39ms
[2026-07-18T17:02:39.852+0000][info][gc,phases   ] GC(189)   Post Evacuate Collection Set: 1.29ms
[2026-07-18T17:02:39.852+0000][info][gc,phases   ] GC(189)   Other: 0.32ms
[2026-07-18T17:02:39.853+0000][info][gc,heap     ] GC(189) Eden regions: 496->0(496)
[2026-07-18T17:02:39.853+0000][info][gc,heap     ] GC(189) Survivor regions: 0->0(62)
[2026-07-18T17:02:39.853+0000][info][gc,heap     ] GC(189) Old regions: 895->895
[2026-07-18T17:02:39.854+0000][info][gc,heap     ] GC(189) Humongous regions: 34->34
[2026-07-18T17:02:39.854+0000][info][gc,metaspace] GC(189) Metaspace: 405K(576K)->405K(576K) NonClass: 375K(448K)->375K(448K) Class: 29K(128K)->29K(128K)
[2026-07-18T17:02:39.854+0000][info][gc          ] GC(189) Pause Young (Normal) (G1 Evacuation Pause) 1424M->928M(1500M) 5.553ms
[2026-07-18T17:02:39.854+0000][info][gc,cpu      ] GC(189) User=0.00s Sys=0.00s Real=0.01s
[2026-07-18T17:02:39.859+0000][info][gc,marking  ] GC(187) Concurrent Rebuild Remembered Sets and Scrub Regions 472.679ms
[2026-07-18T17:02:39.864+0000][info][gc,start    ] GC(187) Pause Cleanup
[2026-07-18T17:02:39.864+0000][info][gc          ] GC(187) Pause Cleanup 941M->941M(1500M) 0.688ms
[2026-07-18T17:02:39.864+0000][info][gc,cpu      ] GC(187) User=0.01s Sys=0.00s Real=0.00s
[2026-07-18T17:02:39.867+0000][info][gc,marking  ] GC(187) Concurrent Clear Claimed Marks
[2026-07-18T17:02:39.867+0000][info][gc,marking  ] GC(187) Concurrent Clear Claimed Marks 0.177ms
[2026-07-18T17:02:39.867+0000][info][gc,marking  ] GC(187) Concurrent Cleanup for Next Mark
[2026-07-18T17:02:39.871+0000][info][gc,marking  ] GC(187) Concurrent Cleanup for Next Mark 3.259ms
[2026-07-18T17:02:39.871+0000][info][gc          ] GC(187) Concurrent Mark Cycle 1167.185ms
[2026-07-18T17:02:40.365+0000][info][gc,start    ] GC(190) Pause Young (Normal) (G1 Evacuation Pause)
[2026-07-18T17:02:40.365+0000][info][gc,task     ] GC(190) Using 4 workers of 4 for evacuation
[2026-07-18T17:02:40.370+0000][info][gc,phases   ] GC(190)   Pre Evacuate Collection Set: 0.60ms
[2026-07-18T17:02:40.371+0000][info][gc,phases   ] GC(190)   Merge Heap Roots: 0.08ms
[2026-07-18T17:02:40.371+0000][info][gc,phases   ] GC(190)   Evacuate Collection Set: 1.54ms
[2026-07-18T17:02:40.371+0000][info][gc,phases   ] GC(190)   Post Evacuate Collection Set: 1.89ms
[2026-07-18T17:02:40.371+0000][info][gc,phases   ] GC(190)   Other: 0.29ms
[2026-07-18T17:02:40.371+0000][info][gc,heap     ] GC(190) Eden regions: 496->0(496)
[2026-07-18T17:02:40.371+0000][info][gc,heap     ] GC(190) Survivor regions: 0->0(62)
[2026-07-18T17:02:40.372+0000][info][gc,heap     ] GC(190) Old regions: 895->895
[2026-07-18T17:02:40.372+0000][info][gc,heap     ] GC(190) Humongous regions: 34->34
[2026-07-18T17:02:40.372+0000][info][gc,metaspace] GC(190) Metaspace: 405K(576K)->405K(576K) NonClass: 375K(448K)->375K(448K) Class: 29K(128K)->29K(128K)
[2026-07-18T17:02:40.372+0000][info][gc          ] GC(190) Pause Young (Normal) (G1 Evacuation Pause) 1424M->928M(1500M) 6.724ms
[2026-07-18T17:02:40.372+0000][info][gc,cpu      ] GC(190) User=0.01s Sys=0.00s Real=0.01s
[2026-07-18T17:02:40.728+0000][info][gc,start    ] GC(191) Pause Young (Concurrent Start) (G1 Evacuation Pause)
[2026-07-18T17:02:40.728+0000][info][gc,task     ] GC(191) Using 4 workers of 4 for evacuation
[2026-07-18T17:02:40.733+0000][info][gc,phases   ] GC(191)   Pre Evacuate Collection Set: 2.46ms
[2026-07-18T17:02:40.733+0000][info][gc,phases   ] GC(191)   Merge Heap Roots: 0.20ms
[2026-07-18T17:02:40.733+0000][info][gc,phases   ] GC(191)   Evacuate Collection Set: 0.40ms
[2026-07-18T17:02:40.733+0000][info][gc,phases   ] GC(191)   Post Evacuate Collection Set: 1.03ms
[2026-07-18T17:02:40.734+0000][info][gc,phases   ] GC(191)   Other: 0.68ms
[2026-07-18T17:02:40.734+0000][info][gc,heap     ] GC(191) Eden regions: 496->0(496)
[2026-07-18T17:02:40.734+0000][info][gc,heap     ] GC(191) Survivor regions: 0->0(62)
[2026-07-18T17:02:40.735+0000][info][gc,heap     ] GC(191) Old regions: 895->895
[2026-07-18T17:02:40.735+0000][info][gc,heap     ] GC(191) Humongous regions: 34->34
[2026-07-18T17:02:40.735+0000][info][gc,metaspace] GC(191) Metaspace: 405K(576K)->405K(576K) NonClass: 375K(448K)->375K(448K) Class: 29K(128K)->29K(128K)
[2026-07-18T17:02:40.735+0000][info][gc          ] GC(191) Pause Young (Concurrent Start) (G1 Evacuation Pause) 1424M->928M(1500M) 7.252ms
[2026-07-18T17:02:40.735+0000][info][gc,cpu      ] GC(191) User=0.00s Sys=0.00s Real=0.01s
[2026-07-18T17:02:40.735+0000][info][gc          ] GC(192) Concurrent Mark Cycle
[2026-07-18T17:02:40.736+0000][info][gc,marking  ] GC(192) Concurrent Scan Root Regions
[2026-07-18T17:02:40.736+0000][info][gc,marking  ] GC(192) Concurrent Scan Root Regions 0.154ms
[2026-07-18T17:02:40.736+0000][info][gc,marking  ] GC(192) Concurrent Mark
[2026-07-18T17:02:40.736+0000][info][gc,marking  ] GC(192) Concurrent Mark From Roots
[2026-07-18T17:02:40.736+0000][info][gc,task     ] GC(192) Using 1 workers of 1 for marking
[2026-07-18T17:02:41.162+0000][info][gc,start    ] GC(193) Pause Young (Normal) (G1 Evacuation Pause)
[2026-07-18T17:02:41.163+0000][info][gc,task     ] GC(193) Using 4 workers of 4 for evacuation
[2026-07-18T17:02:41.169+0000][info][gc,phases   ] GC(193)   Pre Evacuate Collection Set: 1.31ms
[2026-07-18T17:02:41.169+0000][info][gc,phases   ] GC(193)   Merge Heap Roots: 0.25ms
[2026-07-18T17:02:41.170+0000][info][gc,phases   ] GC(193)   Evacuate Collection Set: 0.35ms
[2026-07-18T17:02:41.172+0000][info][gc,phases   ] GC(193)   Post Evacuate Collection Set: 3.98ms
[2026-07-18T17:02:41.172+0000][info][gc,phases   ] GC(193)   Other: 0.23ms
[2026-07-18T17:02:41.172+0000][info][gc,heap     ] GC(193) Eden regions: 496->0(496)
[2026-07-18T17:02:41.173+0000][info][gc,heap     ] GC(193) Survivor regions: 0->0(62)
[2026-07-18T17:02:41.174+0000][info][gc,heap     ] GC(193) Old regions: 895->895
[2026-07-18T17:02:41.174+0000][info][gc,heap     ] GC(193) Humongous regions: 34->34
[2026-07-18T17:02:41.177+0000][info][gc,metaspace] GC(193) Metaspace: 405K(576K)->405K(576K) NonClass: 375K(448K)->375K(448K) Class: 29K(128K)->29K(128K)
[2026-07-18T17:02:41.177+0000][info][gc          ] GC(193) Pause Young (Normal) (G1 Evacuation Pause) 1424M->928M(1500M) 15.264ms
[2026-07-18T17:02:41.178+0000][info][gc,cpu      ] GC(193) User=0.00s Sys=0.00s Real=0.01s
[2026-07-18T17:02:41.326+0000][info][gc,marking  ] GC(192) Concurrent Mark From Roots 589.490ms
[2026-07-18T17:02:41.329+0000][info][gc,marking  ] GC(192) Concurrent Preclean
[2026-07-18T17:02:41.331+0000][info][gc,marking  ] GC(192) Concurrent Preclean 2.330ms
[2026-07-18T17:02:41.334+0000][info][gc,start    ] GC(192) Pause Remark
[2026-07-18T17:02:41.337+0000][info][gc          ] GC(192) Pause Remark 1165M->1165M(1500M) 3.102ms
[2026-07-18T17:02:41.343+0000][info][gc,cpu      ] GC(192) User=0.00s Sys=0.00s Real=0.01s
[2026-07-18T17:02:41.345+0000][info][gc,marking  ] GC(192) Concurrent Mark 608.921ms
[2026-07-18T17:02:41.346+0000][info][gc,marking  ] GC(192) Concurrent Rebuild Remembered Sets and Scrub Regions
[2026-07-18T17:02:41.531+0000][info][gc,start    ] GC(194) Pause Young (Normal) (G1 Evacuation Pause)
[2026-07-18T17:02:41.533+0000][info][gc,task     ] GC(194) Using 4 workers of 4 for evacuation
[2026-07-18T17:02:41.538+0000][info][gc,phases   ] GC(194)   Pre Evacuate Collection Set: 1.06ms
[2026-07-18T17:02:41.538+0000][info][gc,phases   ] GC(194)   Merge Heap Roots: 1.06ms
[2026-07-18T17:02:41.538+0000][info][gc,phases   ] GC(194)   Evacuate Collection Set: 1.26ms
[2026-07-18T17:02:41.538+0000][info][gc,phases   ] GC(194)   Post Evacuate Collection Set: 1.15ms
[2026-07-18T17:02:41.539+0000][info][gc,phases   ] GC(194)   Other: 0.45ms
[2026-07-18T17:02:41.539+0000][info][gc,heap     ] GC(194) Eden regions: 496->0(496)
[2026-07-18T17:02:41.539+0000][info][gc,heap     ] GC(194) Survivor regions: 0->0(62)
[2026-07-18T17:02:41.539+0000][info][gc,heap     ] GC(194) Old regions: 895->895
[2026-07-18T17:02:41.539+0000][info][gc,heap     ] GC(194) Humongous regions: 34->34
[2026-07-18T17:02:41.539+0000][info][gc,metaspace] GC(194) Metaspace: 405K(576K)->405K(576K) NonClass: 375K(448K)->375K(448K) Class: 29K(128K)->29K(128K)
[2026-07-18T17:02:41.539+0000][info][gc          ] GC(194) Pause Young (Normal) (G1 Evacuation Pause) 1424M->928M(1500M) 8.748ms
[2026-07-18T17:02:41.540+0000][info][gc,cpu      ] GC(194) User=0.00s Sys=0.00s Real=0.01s
[2026-07-18T17:02:41.690+0000][info][gc,marking  ] GC(192) Concurrent Rebuild Remembered Sets and Scrub Regions 344.513ms
[2026-07-18T17:02:41.692+0000][info][gc,start    ] GC(192) Pause Cleanup
[2026-07-18T17:02:41.692+0000][info][gc          ] GC(192) Pause Cleanup 1144M->1144M(1500M) 0.589ms
[2026-07-18T17:02:41.692+0000][info][gc,cpu      ] GC(192) User=0.00s Sys=0.00s Real=0.00s
[2026-07-18T17:02:41.693+0000][info][gc,marking  ] GC(192) Concurrent Clear Claimed Marks
[2026-07-18T17:02:41.696+0000][info][gc,marking  ] GC(192) Concurrent Clear Claimed Marks 3.411ms
[2026-07-18T17:02:41.698+0000][info][gc,marking  ] GC(192) Concurrent Cleanup for Next Mark
[2026-07-18T17:02:41.702+0000][info][gc,marking  ] GC(192) Concurrent Cleanup for Next Mark 4.474ms
[2026-07-18T17:02:41.702+0000][info][gc          ] GC(192) Concurrent Mark Cycle 967.040ms
[2026-07-18T17:02:41.873+0000][info][gc,start    ] GC(195) Pause Young (Normal) (G1 Evacuation Pause)
[2026-07-18T17:02:41.873+0000][info][gc,task     ] GC(195) Using 4 workers of 4 for evacuation
[2026-07-18T17:02:41.878+0000][info][gc,phases   ] GC(195)   Pre Evacuate Collection Set: 0.52ms
[2026-07-18T17:02:41.878+0000][info][gc,phases   ] GC(195)   Merge Heap Roots: 0.74ms
[2026-07-18T17:02:41.880+0000][info][gc,phases   ] GC(195)   Evacuate Collection Set: 0.22ms
[2026-07-18T17:02:41.880+0000][info][gc,phases   ] GC(195)   Post Evacuate Collection Set: 0.53ms
[2026-07-18T17:02:41.880+0000][info][gc,phases   ] GC(195)   Other: 2.61ms
[2026-07-18T17:02:41.880+0000][info][gc,heap     ] GC(195) Eden regions: 496->0(496)
[2026-07-18T17:02:41.881+0000][info][gc,heap     ] GC(195) Survivor regions: 0->0(62)
[2026-07-18T17:02:41.881+0000][info][gc,heap     ] GC(195) Old regions: 895->895
[2026-07-18T17:02:41.886+0000][info][gc,heap     ] GC(195) Humongous regions: 34->34
[2026-07-18T17:02:41.886+0000][info][gc,metaspace] GC(195) Metaspace: 405K(576K)->405K(576K) NonClass: 375K(448K)->375K(448K) Class: 29K(128K)->29K(128K)
[2026-07-18T17:02:41.888+0000][info][gc          ] GC(195) Pause Young (Normal) (G1 Evacuation Pause) 1424M->928M(1500M) 14.830ms
[2026-07-18T17:02:41.889+0000][info][gc,cpu      ] GC(195) User=0.00s Sys=0.00s Real=0.01s
[2026-07-18T17:02:42.244+0000][info][gc,start    ] GC(196) Pause Young (Concurrent Start) (G1 Evacuation Pause)
[2026-07-18T17:02:42.245+0000][info][gc,task     ] GC(196) Using 4 workers of 4 for evacuation
[2026-07-18T17:02:42.248+0000][info][gc,phases   ] GC(196)   Pre Evacuate Collection Set: 1.39ms
[2026-07-18T17:02:42.248+0000][info][gc,phases   ] GC(196)   Merge Heap Roots: 0.12ms
[2026-07-18T17:02:42.248+0000][info][gc,phases   ] GC(196)   Evacuate Collection Set: 0.52ms
[2026-07-18T17:02:42.248+0000][info][gc,phases   ] GC(196)   Post Evacuate Collection Set: 0.61ms
[2026-07-18T17:02:42.248+0000][info][gc,phases   ] GC(196)   Other: 0.31ms
[2026-07-18T17:02:42.249+0000][info][gc,heap     ] GC(196) Eden regions: 496->0(496)
[2026-07-18T17:02:42.249+0000][info][gc,heap     ] GC(196) Survivor regions: 0->0(62)
[2026-07-18T17:02:42.249+0000][info][gc,heap     ] GC(196) Old regions: 895->895
[2026-07-18T17:02:42.249+0000][info][gc,heap     ] GC(196) Humongous regions: 34->34
[2026-07-18T17:02:42.249+0000][info][gc,metaspace] GC(196) Metaspace: 405K(576K)->405K(576K) NonClass: 375K(448K)->375K(448K) Class: 29K(128K)->29K(128K)
[2026-07-18T17:02:42.249+0000][info][gc          ] GC(196) Pause Young (Concurrent Start) (G1 Evacuation Pause) 1424M->928M(1500M) 4.750ms
[2026-07-18T17:02:42.249+0000][info][gc,cpu      ] GC(196) User=0.00s Sys=0.00s Real=0.00s
[2026-07-18T17:02:42.249+0000][info][gc          ] GC(197) Concurrent Mark Cycle
[2026-07-18T17:02:42.254+0000][info][gc,marking  ] GC(197) Concurrent Scan Root Regions
[2026-07-18T17:02:42.254+0000][info][gc,marking  ] GC(197) Concurrent Scan Root Regions 0.342ms
[2026-07-18T17:02:42.254+0000][info][gc,marking  ] GC(197) Concurrent Mark
[2026-07-18T17:02:42.254+0000][info][gc,marking  ] GC(197) Concurrent Mark From Roots
[2026-07-18T17:02:42.255+0000][info][gc,task     ] GC(197) Using 1 workers of 1 for marking
[2026-07-18T17:02:42.606+0000][info][gc,start    ] GC(198) Pause Young (Normal) (G1 Evacuation Pause)
[2026-07-18T17:02:42.607+0000][info][gc,task     ] GC(198) Using 4 workers of 4 for evacuation
[2026-07-18T17:02:42.609+0000][info][gc,phases   ] GC(198)   Pre Evacuate Collection Set: 0.59ms
[2026-07-18T17:02:42.609+0000][info][gc,phases   ] GC(198)   Merge Heap Roots: 0.06ms
[2026-07-18T17:02:42.609+0000][info][gc,phases   ] GC(198)   Evacuate Collection Set: 0.26ms
[2026-07-18T17:02:42.609+0000][info][gc,phases   ] GC(198)   Post Evacuate Collection Set: 0.40ms
[2026-07-18T17:02:42.610+0000][info][gc,phases   ] GC(198)   Other: 0.78ms
[2026-07-18T17:02:42.612+0000][info][gc,heap     ] GC(198) Eden regions: 496->0(496)
[2026-07-18T17:02:42.617+0000][info][gc,heap     ] GC(198) Survivor regions: 0->0(62)
[2026-07-18T17:02:42.618+0000][info][gc,heap     ] GC(198) Old regions: 895->895
[2026-07-18T17:02:42.619+0000][info][gc,heap     ] GC(198) Humongous regions: 34->34
[2026-07-18T17:02:42.619+0000][info][gc,metaspace] GC(198) Metaspace: 405K(576K)->405K(576K) NonClass: 375K(448K)->375K(448K) Class: 29K(128K)->29K(128K)
[2026-07-18T17:02:42.619+0000][info][gc          ] GC(198) Pause Young (Normal) (G1 Evacuation Pause) 1424M->928M(1500M) 12.916ms
[2026-07-18T17:02:42.619+0000][info][gc,cpu      ] GC(198) User=0.00s Sys=0.01s Real=0.01s
[2026-07-18T17:02:42.871+0000][info][gc,marking  ] GC(197) Concurrent Mark From Roots 616.206ms
[2026-07-18T17:02:42.871+0000][info][gc,marking  ] GC(197) Concurrent Preclean
[2026-07-18T17:02:42.872+0000][info][gc,marking  ] GC(197) Concurrent Preclean 0.506ms
[2026-07-18T17:02:42.876+0000][info][gc,start    ] GC(197) Pause Remark
[2026-07-18T17:02:42.884+0000][info][gc          ] GC(197) Pause Remark 1252M->1252M(1500M) 8.260ms
[2026-07-18T17:02:42.885+0000][info][gc,cpu      ] GC(197) User=0.01s Sys=0.00s Real=0.01s
[2026-07-18T17:02:42.885+0000][info][gc,marking  ] GC(197) Concurrent Mark 630.931ms
[2026-07-18T17:02:42.889+0000][info][gc,marking  ] GC(197) Concurrent Rebuild Remembered Sets and Scrub Regions
[2026-07-18T17:02:42.998+0000][info][gc,start    ] GC(199) Pause Young (Normal) (G1 Evacuation Pause)
[2026-07-18T17:02:42.998+0000][info][gc,task     ] GC(199) Using 4 workers of 4 for evacuation
[2026-07-18T17:02:43.001+0000][info][gc,phases   ] GC(199)   Pre Evacuate Collection Set: 0.36ms
[2026-07-18T17:02:43.001+0000][info][gc,phases   ] GC(199)   Merge Heap Roots: 0.12ms
[2026-07-18T17:02:43.001+0000][info][gc,phases   ] GC(199)   Evacuate Collection Set: 1.02ms
[2026-07-18T17:02:43.001+0000][info][gc,phases   ] GC(199)   Post Evacuate Collection Set: 1.24ms
[2026-07-18T17:02:43.001+0000][info][gc,phases   ] GC(199)   Other: 0.18ms
[2026-07-18T17:02:43.002+0000][info][gc,heap     ] GC(199) Eden regions: 496->0(496)
[2026-07-18T17:02:43.002+0000][info][gc,heap     ] GC(199) Survivor regions: 0->0(62)
[2026-07-18T17:02:43.002+0000][info][gc,heap     ] GC(199) Old regions: 895->895
[2026-07-18T17:02:43.003+0000][info][gc,heap     ] GC(199) Humongous regions: 34->34
[2026-07-18T17:02:43.003+0000][info][gc,metaspace] GC(199) Metaspace: 405K(576K)->405K(576K) NonClass: 375K(448K)->375K(448K) Class: 29K(128K)->29K(128K)
[2026-07-18T17:02:43.003+0000][info][gc          ] GC(199) Pause Young (Normal) (G1 Evacuation Pause) 1424M->928M(1500M) 5.424ms
[2026-07-18T17:02:43.003+0000][info][gc,cpu      ] GC(199) User=0.00s Sys=0.00s Real=0.01s
[2026-07-18T17:02:43.161+0000][info][gc,marking  ] GC(197) Concurrent Rebuild Remembered Sets and Scrub Regions 272.831ms
[2026-07-18T17:02:43.166+0000][info][gc,start    ] GC(197) Pause Cleanup
[2026-07-18T17:02:43.166+0000][info][gc          ] GC(197) Pause Cleanup 1162M->1162M(1500M) 0.602ms
[2026-07-18T17:02:43.166+0000][info][gc,cpu      ] GC(197) User=0.00s Sys=0.00s Real=0.00s
[2026-07-18T17:02:43.167+0000][info][gc,marking  ] GC(197) Concurrent Clear Claimed Marks
[2026-07-18T17:02:43.167+0000][info][gc,marking  ] GC(197) Concurrent Clear Claimed Marks 0.221ms
[2026-07-18T17:02:43.167+0000][info][gc,marking  ] GC(197) Concurrent Cleanup for Next Mark
[2026-07-18T17:02:43.172+0000][info][gc,marking  ] GC(197) Concurrent Cleanup for Next Mark 4.528ms
[2026-07-18T17:02:43.172+0000][info][gc          ] GC(197) Concurrent Mark Cycle 922.577ms
[2026-07-18T17:02:43.298+0000][info][gc,start    ] GC(200) Pause Young (Normal) (G1 Evacuation Pause)
[2026-07-18T17:02:43.298+0000][info][gc,task     ] GC(200) Using 4 workers of 4 for evacuation
[2026-07-18T17:02:43.305+0000][info][gc,phases   ] GC(200)   Pre Evacuate Collection Set: 0.96ms
[2026-07-18T17:02:43.305+0000][info][gc,phases   ] GC(200)   Merge Heap Roots: 0.13ms
[2026-07-18T17:02:43.306+0000][info][gc,phases   ] GC(200)   Evacuate Collection Set: 0.94ms
[2026-07-18T17:02:43.306+0000][info][gc,phases   ] GC(200)   Post Evacuate Collection Set: 1.10ms
[2026-07-18T17:02:43.306+0000][info][gc,phases   ] GC(200)   Other: 3.74ms
[2026-07-18T17:02:43.306+0000][info][gc,heap     ] GC(200) Eden regions: 496->0(496)
[2026-07-18T17:02:43.306+0000][info][gc,heap     ] GC(200) Survivor regions: 0->0(62)
[2026-07-18T17:02:43.306+0000][info][gc,heap     ] GC(200) Old regions: 895->895
[2026-07-18T17:02:43.307+0000][info][gc,heap     ] GC(200) Humongous regions: 34->34
[2026-07-18T17:02:43.307+0000][info][gc,metaspace] GC(200) Metaspace: 405K(576K)->405K(576K) NonClass: 375K(448K)->375K(448K) Class: 29K(128K)->29K(128K)
[2026-07-18T17:02:43.307+0000][info][gc          ] GC(200) Pause Young (Normal) (G1 Evacuation Pause) 1424M->928M(1500M) 9.219ms
[2026-07-18T17:02:43.307+0000][info][gc,cpu      ] GC(200) User=0.01s Sys=0.00s Real=0.01s
[2026-07-18T17:02:43.570+0000][info][gc,start    ] GC(201) Pause Young (Concurrent Start) (G1 Evacuation Pause)
[2026-07-18T17:02:43.570+0000][info][gc,task     ] GC(201) Using 4 workers of 4 for evacuation
[2026-07-18T17:02:43.575+0000][info][gc,phases   ] GC(201)   Pre Evacuate Collection Set: 0.60ms
[2026-07-18T17:02:43.575+0000][info][gc,phases   ] GC(201)   Merge Heap Roots: 0.20ms
[2026-07-18T17:02:43.575+0000][info][gc,phases   ] GC(201)   Evacuate Collection Set: 0.36ms
[2026-07-18T17:02:43.576+0000][info][gc,phases   ] GC(201)   Post Evacuate Collection Set: 3.13ms
[2026-07-18T17:02:43.576+0000][info][gc,phases   ] GC(201)   Other: 0.77ms
[2026-07-18T17:02:43.576+0000][info][gc,heap     ] GC(201) Eden regions: 496->0(496)
[2026-07-18T17:02:43.576+0000][info][gc,heap     ] GC(201) Survivor regions: 0->0(62)
[2026-07-18T17:02:43.576+0000][info][gc,heap     ] GC(201) Old regions: 895->895
[2026-07-18T17:02:43.576+0000][info][gc,heap     ] GC(201) Humongous regions: 34->34
[2026-07-18T17:02:43.576+0000][info][gc,metaspace] GC(201) Metaspace: 405K(576K)->405K(576K) NonClass: 375K(448K)->375K(448K) Class: 29K(128K)->29K(128K)
[2026-07-18T17:02:43.576+0000][info][gc          ] GC(201) Pause Young (Concurrent Start) (G1 Evacuation Pause) 1424M->928M(1500M) 6.779ms
[2026-07-18T17:02:43.576+0000][info][gc,cpu      ] GC(201) User=0.00s Sys=0.00s Real=0.01s
[2026-07-18T17:02:43.577+0000][info][gc          ] GC(202) Concurrent Mark Cycle
[2026-07-18T17:02:43.578+0000][info][gc,marking  ] GC(202) Concurrent Scan Root Regions
[2026-07-18T17:02:43.578+0000][info][gc,marking  ] GC(202) Concurrent Scan Root Regions 0.114ms
[2026-07-18T17:02:43.578+0000][info][gc,marking  ] GC(202) Concurrent Mark
[2026-07-18T17:02:43.581+0000][info][gc,marking  ] GC(202) Concurrent Mark From Roots
[2026-07-18T17:02:43.581+0000][info][gc,task     ] GC(202) Using 1 workers of 1 for marking
[2026-07-18T17:02:43.851+0000][info][gc,start    ] GC(203) Pause Young (Normal) (G1 Evacuation Pause)
[2026-07-18T17:02:43.853+0000][info][gc,task     ] GC(203) Using 4 workers of 4 for evacuation
[2026-07-18T17:02:43.859+0000][info][gc,phases   ] GC(203)   Pre Evacuate Collection Set: 0.48ms
[2026-07-18T17:02:43.863+0000][info][gc,phases   ] GC(203)   Merge Heap Roots: 0.18ms
[2026-07-18T17:02:43.867+0000][info][gc,phases   ] GC(203)   Evacuate Collection Set: 4.80ms
[2026-07-18T17:02:43.868+0000][info][gc,phases   ] GC(203)   Post Evacuate Collection Set: 0.45ms
[2026-07-18T17:02:43.869+0000][info][gc,phases   ] GC(203)   Other: 0.52ms
[2026-07-18T17:02:43.870+0000][info][gc,heap     ] GC(203) Eden regions: 496->0(496)
[2026-07-18T17:02:43.870+0000][info][gc,heap     ] GC(203) Survivor regions: 0->0(62)
[2026-07-18T17:02:43.870+0000][info][gc,heap     ] GC(203) Old regions: 895->895
[2026-07-18T17:02:43.870+0000][info][gc,heap     ] GC(203) Humongous regions: 34->34
[2026-07-18T17:02:43.870+0000][info][gc,metaspace] GC(203) Metaspace: 405K(576K)->405K(576K) NonClass: 375K(448K)->375K(448K) Class: 29K(128K)->29K(128K)
[2026-07-18T17:02:43.871+0000][info][gc          ] GC(203) Pause Young (Normal) (G1 Evacuation Pause) 1424M->928M(1500M) 20.165ms
[2026-07-18T17:02:43.871+0000][info][gc,cpu      ] GC(203) User=0.01s Sys=0.00s Real=0.02s
[2026-07-18T17:02:44.039+0000][info][gc,marking  ] GC(202) Concurrent Mark From Roots 458.911ms
[2026-07-18T17:02:44.040+0000][info][gc,marking  ] GC(202) Concurrent Preclean
[2026-07-18T17:02:44.040+0000][info][gc,marking  ] GC(202) Concurrent Preclean 0.271ms
[2026-07-18T17:02:44.047+0000][info][gc,start    ] GC(202) Pause Remark
[2026-07-18T17:02:44.048+0000][info][gc          ] GC(202) Pause Remark 1170M->1170M(1500M) 1.579ms
[2026-07-18T17:02:44.048+0000][info][gc,cpu      ] GC(202) User=0.00s Sys=0.00s Real=0.00s
[2026-07-18T17:02:44.049+0000][info][gc,marking  ] GC(202) Concurrent Mark 470.713ms
[2026-07-18T17:02:44.049+0000][info][gc,marking  ] GC(202) Concurrent Rebuild Remembered Sets and Scrub Regions
[2026-07-18T17:02:44.187+0000][info][gc,start    ] GC(204) Pause Young (Normal) (G1 Evacuation Pause)
[2026-07-18T17:02:44.188+0000][info][gc,task     ] GC(204) Using 4 workers of 4 for evacuation
[2026-07-18T17:02:44.193+0000][info][gc,phases   ] GC(204)   Pre Evacuate Collection Set: 1.41ms
[2026-07-18T17:02:44.194+0000][info][gc,phases   ] GC(204)   Merge Heap Roots: 0.17ms
[2026-07-18T17:02:44.194+0000][info][gc,phases   ] GC(204)   Evacuate Collection Set: 2.02ms
[2026-07-18T17:02:44.194+0000][info][gc,phases   ] GC(204)   Post Evacuate Collection Set: 1.36ms
[2026-07-18T17:02:44.194+0000][info][gc,phases   ] GC(204)   Other: 0.78ms
[2026-07-18T17:02:44.194+0000][info][gc,heap     ] GC(204) Eden regions: 496->0(496)
[2026-07-18T17:02:44.194+0000][info][gc,heap     ] GC(204) Survivor regions: 0->0(62)
[2026-07-18T17:02:44.194+0000][info][gc,heap     ] GC(204) Old regions: 895->895
[2026-07-18T17:02:44.194+0000][info][gc,heap     ] GC(204) Humongous regions: 34->34
[2026-07-18T17:02:44.194+0000][info][gc,metaspace] GC(204) Metaspace: 405K(576K)->405K(576K) NonClass: 375K(448K)->375K(448K) Class: 29K(128K)->29K(128K)
[2026-07-18T17:02:44.194+0000][info][gc          ] GC(204) Pause Young (Normal) (G1 Evacuation Pause) 1424M->928M(1500M) 7.734ms
[2026-07-18T17:02:44.194+0000][info][gc,cpu      ] GC(204) User=0.01s Sys=0.00s Real=0.01s
[2026-07-18T17:02:44.336+0000][info][gc,marking  ] GC(202) Concurrent Rebuild Remembered Sets and Scrub Regions 287.333ms
[2026-07-18T17:02:44.338+0000][info][gc,start    ] GC(202) Pause Cleanup
[2026-07-18T17:02:44.338+0000][info][gc          ] GC(202) Pause Cleanup 1218M->1218M(1500M) 0.443ms
[2026-07-18T17:02:44.338+0000][info][gc,cpu      ] GC(202) User=0.00s Sys=0.00s Real=0.00s
[2026-07-18T17:02:44.338+0000][info][gc,marking  ] GC(202) Concurrent Clear Claimed Marks
[2026-07-18T17:02:44.342+0000][info][gc,marking  ] GC(202) Concurrent Clear Claimed Marks 3.215ms
[2026-07-18T17:02:44.342+0000][info][gc,marking  ] GC(202) Concurrent Cleanup for Next Mark
[2026-07-18T17:02:44.343+0000][info][gc,marking  ] GC(202) Concurrent Cleanup for Next Mark 1.759ms
[2026-07-18T17:02:44.344+0000][info][gc          ] GC(202) Concurrent Mark Cycle 767.061ms
[2026-07-18T17:02:44.446+0000][info][gc,start    ] GC(205) Pause Young (Normal) (G1 Evacuation Pause)
[2026-07-18T17:02:44.447+0000][info][gc,task     ] GC(205) Using 4 workers of 4 for evacuation
[2026-07-18T17:02:44.450+0000][info][gc,phases   ] GC(205)   Pre Evacuate Collection Set: 0.97ms
[2026-07-18T17:02:44.450+0000][info][gc,phases   ] GC(205)   Merge Heap Roots: 0.12ms
[2026-07-18T17:02:44.452+0000][info][gc,phases   ] GC(205)   Evacuate Collection Set: 0.29ms
[2026-07-18T17:02:44.452+0000][info][gc,phases   ] GC(205)   Post Evacuate Collection Set: 1.38ms
[2026-07-18T17:02:44.452+0000][info][gc,phases   ] GC(205)   Other: 0.39ms
[2026-07-18T17:02:44.452+0000][info][gc,heap     ] GC(205) Eden regions: 496->0(496)
[2026-07-18T17:02:44.452+0000][info][gc,heap     ] GC(205) Survivor regions: 0->0(62)
[2026-07-18T17:02:44.453+0000][info][gc,heap     ] GC(205) Old regions: 895->895
[2026-07-18T17:02:44.453+0000][info][gc,heap     ] GC(205) Humongous regions: 34->34
[2026-07-18T17:02:44.453+0000][info][gc,metaspace] GC(205) Metaspace: 405K(576K)->405K(576K) NonClass: 375K(448K)->375K(448K) Class: 29K(128K)->29K(128K)
[2026-07-18T17:02:44.453+0000][info][gc          ] GC(205) Pause Young (Normal) (G1 Evacuation Pause) 1424M->928M(1500M) 6.727ms
[2026-07-18T17:02:44.453+0000][info][gc,cpu      ] GC(205) User=0.00s Sys=0.00s Real=0.01s
[2026-07-18T17:02:44.776+0000][info][gc,start    ] GC(206) Pause Young (Concurrent Start) (G1 Evacuation Pause)
[2026-07-18T17:02:44.776+0000][info][gc,task     ] GC(206) Using 4 workers of 4 for evacuation
[2026-07-18T17:02:44.779+0000][info][gc,phases   ] GC(206)   Pre Evacuate Collection Set: 0.61ms
[2026-07-18T17:02:44.780+0000][info][gc,phases   ] GC(206)   Merge Heap Roots: 0.16ms
[2026-07-18T17:02:44.780+0000][info][gc,phases   ] GC(206)   Evacuate Collection Set: 0.46ms
[2026-07-18T17:02:44.780+0000][info][gc,phases   ] GC(206)   Post Evacuate Collection Set: 1.07ms
[2026-07-18T17:02:44.780+0000][info][gc,phases   ] GC(206)   Other: 0.52ms
[2026-07-18T17:02:44.780+0000][info][gc,heap     ] GC(206) Eden regions: 496->0(496)
[2026-07-18T17:02:44.781+0000][info][gc,heap     ] GC(206) Survivor regions: 0->0(62)
[2026-07-18T17:02:44.781+0000][info][gc,heap     ] GC(206) Old regions: 895->895
[2026-07-18T17:02:44.781+0000][info][gc,heap     ] GC(206) Humongous regions: 34->34
[2026-07-18T17:02:44.781+0000][info][gc,metaspace] GC(206) Metaspace: 405K(576K)->405K(576K) NonClass: 375K(448K)->375K(448K) Class: 29K(128K)->29K(128K)
[2026-07-18T17:02:44.781+0000][info][gc          ] GC(206) Pause Young (Concurrent Start) (G1 Evacuation Pause) 1424M->928M(1500M) 5.234ms
[2026-07-18T17:02:44.781+0000][info][gc,cpu      ] GC(206) User=0.01s Sys=0.00s Real=0.00s
[2026-07-18T17:02:44.784+0000][info][gc          ] GC(207) Concurrent Mark Cycle
[2026-07-18T17:02:44.785+0000][info][gc,marking  ] GC(207) Concurrent Scan Root Regions
[2026-07-18T17:02:44.785+0000][info][gc,marking  ] GC(207) Concurrent Scan Root Regions 0.261ms
[2026-07-18T17:02:44.785+0000][info][gc,marking  ] GC(207) Concurrent Mark
[2026-07-18T17:02:44.785+0000][info][gc,marking  ] GC(207) Concurrent Mark From Roots
[2026-07-18T17:02:44.785+0000][info][gc,task     ] GC(207) Using 1 workers of 1 for marking
[2026-07-18T17:02:45.044+0000][info][gc,start    ] GC(208) Pause Young (Normal) (G1 Evacuation Pause)
[2026-07-18T17:02:45.045+0000][info][gc,task     ] GC(208) Using 4 workers of 4 for evacuation
[2026-07-18T17:02:45.051+0000][info][gc,phases   ] GC(208)   Pre Evacuate Collection Set: 1.47ms
[2026-07-18T17:02:45.051+0000][info][gc,phases   ] GC(208)   Merge Heap Roots: 0.13ms
[2026-07-18T17:02:45.051+0000][info][gc,phases   ] GC(208)   Evacuate Collection Set: 1.38ms
[2026-07-18T17:02:45.051+0000][info][gc,phases   ] GC(208)   Post Evacuate Collection Set: 0.99ms
[2026-07-18T17:02:45.052+0000][info][gc,phases   ] GC(208)   Other: 2.09ms
[2026-07-18T17:02:45.052+0000][info][gc,heap     ] GC(208) Eden regions: 496->0(496)
[2026-07-18T17:02:45.052+0000][info][gc,heap     ] GC(208) Survivor regions: 0->0(62)
[2026-07-18T17:02:45.052+0000][info][gc,heap     ] GC(208) Old regions: 895->895
[2026-07-18T17:02:45.052+0000][info][gc,heap     ] GC(208) Humongous regions: 34->34
[2026-07-18T17:02:45.053+0000][info][gc,metaspace] GC(208) Metaspace: 405K(576K)->405K(576K) NonClass: 375K(448K)->375K(448K) Class: 29K(128K)->29K(128K)
[2026-07-18T17:02:45.053+0000][info][gc          ] GC(208) Pause Young (Normal) (G1 Evacuation Pause) 1424M->928M(1500M) 8.655ms
[2026-07-18T17:02:45.053+0000][info][gc,cpu      ] GC(208) User=0.01s Sys=0.00s Real=0.01s
[2026-07-18T17:02:45.157+0000][info][gc,marking  ] GC(207) Concurrent Mark From Roots 372.031ms
[2026-07-18T17:02:45.158+0000][info][gc,marking  ] GC(207) Concurrent Preclean
[2026-07-18T17:02:45.158+0000][info][gc,marking  ] GC(207) Concurrent Preclean 0.091ms
[2026-07-18T17:02:45.158+0000][info][gc,start    ] GC(207) Pause Remark
[2026-07-18T17:02:45.159+0000][info][gc          ] GC(207) Pause Remark 1156M->1156M(1500M) 0.924ms
[2026-07-18T17:02:45.159+0000][info][gc,cpu      ] GC(207) User=0.00s Sys=0.00s Real=0.00s
[2026-07-18T17:02:45.159+0000][info][gc,marking  ] GC(207) Concurrent Mark 374.081ms
[2026-07-18T17:02:45.163+0000][info][gc,marking  ] GC(207) Concurrent Rebuild Remembered Sets and Scrub Regions
[2026-07-18T17:02:45.248+0000][info][gc,start    ] GC(209) Pause Young (Normal) (G1 Evacuation Pause)
[2026-07-18T17:02:45.248+0000][info][gc,task     ] GC(209) Using 4 workers of 4 for evacuation
[2026-07-18T17:02:45.249+0000][info][gc,phases   ] GC(209)   Pre Evacuate Collection Set: 0.28ms
[2026-07-18T17:02:45.249+0000][info][gc,phases   ] GC(209)   Merge Heap Roots: 0.07ms
[2026-07-18T17:02:45.249+0000][info][gc,phases   ] GC(209)   Evacuate Collection Set: 0.15ms
[2026-07-18T17:02:45.249+0000][info][gc,phases   ] GC(209)   Post Evacuate Collection Set: 0.35ms
[2026-07-18T17:02:45.249+0000][info][gc,phases   ] GC(209)   Other: 0.12ms
[2026-07-18T17:02:45.250+0000][info][gc,heap     ] GC(209) Eden regions: 496->0(496)
[2026-07-18T17:02:45.250+0000][info][gc,heap     ] GC(209) Survivor regions: 0->0(62)
[2026-07-18T17:02:45.250+0000][info][gc,heap     ] GC(209) Old regions: 895->895
[2026-07-18T17:02:45.250+0000][info][gc,heap     ] GC(209) Humongous regions: 34->34
[2026-07-18T17:02:45.250+0000][info][gc,metaspace] GC(209) Metaspace: 405K(576K)->405K(576K) NonClass: 375K(448K)->375K(448K) Class: 29K(128K)->29K(128K)
[2026-07-18T17:02:45.250+0000][info][gc          ] GC(209) Pause Young (Normal) (G1 Evacuation Pause) 1424M->928M(1500M) 1.668ms
[2026-07-18T17:02:45.250+0000][info][gc,cpu      ] GC(209) User=0.00s Sys=0.00s Real=0.00s
[2026-07-18T17:02:45.274+0000][info][gc,marking  ] GC(207) Concurrent Rebuild Remembered Sets and Scrub Regions 111.133ms
[2026-07-18T17:02:45.278+0000][info][gc,start    ] GC(207) Pause Cleanup
[2026-07-18T17:02:45.278+0000][info][gc          ] GC(207) Pause Cleanup 1012M->1012M(1500M) 0.287ms
[2026-07-18T17:02:45.278+0000][info][gc,cpu      ] GC(207) User=0.00s Sys=0.00s Real=0.00s
[2026-07-18T17:02:45.278+0000][info][gc,marking  ] GC(207) Concurrent Clear Claimed Marks
[2026-07-18T17:02:45.282+0000][info][gc,marking  ] GC(207) Concurrent Clear Claimed Marks 3.350ms
[2026-07-18T17:02:45.282+0000][info][gc,marking  ] GC(207) Concurrent Cleanup for Next Mark
[2026-07-18T17:02:45.283+0000][info][gc,marking  ] GC(207) Concurrent Cleanup for Next Mark 1.387ms
[2026-07-18T17:02:45.283+0000][info][gc          ] GC(207) Concurrent Mark Cycle 499.536ms
[2026-07-18T17:02:45.412+0000][info][gc,start    ] GC(210) Pause Young (Normal) (G1 Evacuation Pause)
[2026-07-18T17:02:45.412+0000][info][gc,task     ] GC(210) Using 4 workers of 4 for evacuation
[2026-07-18T17:02:45.414+0000][info][gc,phases   ] GC(210)   Pre Evacuate Collection Set: 0.55ms
[2026-07-18T17:02:45.414+0000][info][gc,phases   ] GC(210)   Merge Heap Roots: 0.11ms
[2026-07-18T17:02:45.414+0000][info][gc,phases   ] GC(210)   Evacuate Collection Set: 0.14ms
[2026-07-18T17:02:45.414+0000][info][gc,phases   ] GC(210)   Post Evacuate Collection Set: 0.56ms
[2026-07-18T17:02:45.414+0000][info][gc,phases   ] GC(210)   Other: 0.14ms
[2026-07-18T17:02:45.414+0000][info][gc,heap     ] GC(210) Eden regions: 496->0(496)
[2026-07-18T17:02:45.414+0000][info][gc,heap     ] GC(210) Survivor regions: 0->0(62)
[2026-07-18T17:02:45.414+0000][info][gc,heap     ] GC(210) Old regions: 895->895
[2026-07-18T17:02:45.414+0000][info][gc,heap     ] GC(210) Humongous regions: 34->34
[2026-07-18T17:02:45.414+0000][info][gc,metaspace] GC(210) Metaspace: 405K(576K)->405K(576K) NonClass: 375K(448K)->375K(448K) Class: 29K(128K)->29K(128K)
[2026-07-18T17:02:45.414+0000][info][gc          ] GC(210) Pause Young (Normal) (G1 Evacuation Pause) 1424M->928M(1500M) 2.344ms
[2026-07-18T17:02:45.414+0000][info][gc,cpu      ] GC(210) User=0.00s Sys=0.00s Real=0.00s
[2026-07-18T17:02:45.595+0000][info][gc,start    ] GC(211) Pause Young (Concurrent Start) (G1 Evacuation Pause)
[2026-07-18T17:02:45.595+0000][info][gc,task     ] GC(211) Using 4 workers of 4 for evacuation
[2026-07-18T17:02:45.599+0000][info][gc,phases   ] GC(211)   Pre Evacuate Collection Set: 0.70ms
[2026-07-18T17:02:45.599+0000][info][gc,phases   ] GC(211)   Merge Heap Roots: 1.53ms
[2026-07-18T17:02:45.599+0000][info][gc,phases   ] GC(211)   Evacuate Collection Set: 0.27ms
[2026-07-18T17:02:45.599+0000][info][gc,phases   ] GC(211)   Post Evacuate Collection Set: 0.47ms
[2026-07-18T17:02:45.599+0000][info][gc,phases   ] GC(211)   Other: 0.36ms
[2026-07-18T17:02:45.599+0000][info][gc,heap     ] GC(211) Eden regions: 496->0(496)
[2026-07-18T17:02:45.600+0000][info][gc,heap     ] GC(211) Survivor regions: 0->0(62)
[2026-07-18T17:02:45.600+0000][info][gc,heap     ] GC(211) Old regions: 895->895
[2026-07-18T17:02:45.600+0000][info][gc,heap     ] GC(211) Humongous regions: 34->34
[2026-07-18T17:02:45.600+0000][info][gc,metaspace] GC(211) Metaspace: 405K(576K)->405K(576K) NonClass: 375K(448K)->375K(448K) Class: 29K(128K)->29K(128K)
[2026-07-18T17:02:45.600+0000][info][gc          ] GC(211) Pause Young (Concurrent Start) (G1 Evacuation Pause) 1424M->928M(1500M) 4.761ms
[2026-07-18T17:02:45.600+0000][info][gc,cpu      ] GC(211) User=0.01s Sys=0.00s Real=0.00s
[2026-07-18T17:02:45.600+0000][info][gc          ] GC(212) Concurrent Mark Cycle
[2026-07-18T17:02:45.601+0000][info][gc,marking  ] GC(212) Concurrent Scan Root Regions
[2026-07-18T17:02:45.601+0000][info][gc,marking  ] GC(212) Concurrent Scan Root Regions 0.125ms
[2026-07-18T17:02:45.601+0000][info][gc,marking  ] GC(212) Concurrent Mark
[2026-07-18T17:02:45.602+0000][info][gc,marking  ] GC(212) Concurrent Mark From Roots
[2026-07-18T17:02:45.602+0000][info][gc,task     ] GC(212) Using 1 workers of 1 for marking
[2026-07-18T17:02:45.794+0000][info][gc,start    ] GC(213) Pause Young (Normal) (G1 Evacuation Pause)
[2026-07-18T17:02:45.794+0000][info][gc,task     ] GC(213) Using 4 workers of 4 for evacuation
[2026-07-18T17:02:45.795+0000][info][gc,phases   ] GC(213)   Pre Evacuate Collection Set: 0.30ms
[2026-07-18T17:02:45.795+0000][info][gc,phases   ] GC(213)   Merge Heap Roots: 0.09ms
[2026-07-18T17:02:45.795+0000][info][gc,phases   ] GC(213)   Evacuate Collection Set: 0.13ms
[2026-07-18T17:02:45.795+0000][info][gc,phases   ] GC(213)   Post Evacuate Collection Set: 0.38ms
[2026-07-18T17:02:45.795+0000][info][gc,phases   ] GC(213)   Other: 0.11ms
[2026-07-18T17:02:45.795+0000][info][gc,heap     ] GC(213) Eden regions: 496->0(496)
[2026-07-18T17:02:45.796+0000][info][gc,heap     ] GC(213) Survivor regions: 0->0(62)
[2026-07-18T17:02:45.796+0000][info][gc,heap     ] GC(213) Old regions: 895->895
[2026-07-18T17:02:45.796+0000][info][gc,heap     ] GC(213) Humongous regions: 34->34
[2026-07-18T17:02:45.796+0000][info][gc,metaspace] GC(213) Metaspace: 405K(576K)->405K(576K) NonClass: 375K(448K)->375K(448K) Class: 29K(128K)->29K(128K)
[2026-07-18T17:02:45.796+0000][info][gc          ] GC(213) Pause Young (Normal) (G1 Evacuation Pause) 1424M->928M(1500M) 1.844ms
[2026-07-18T17:02:45.796+0000][info][gc,cpu      ] GC(213) User=0.00s Sys=0.00s Real=0.00s
[2026-07-18T17:02:45.800+0000][info][gc,marking  ] GC(212) Concurrent Mark From Roots 198.736ms
[2026-07-18T17:02:45.802+0000][info][gc,marking  ] GC(212) Concurrent Preclean
[2026-07-18T17:02:45.802+0000][info][gc,marking  ] GC(212) Concurrent Preclean 0.137ms
[2026-07-18T17:02:45.804+0000][info][gc,start    ] GC(212) Pause Remark
[2026-07-18T17:02:45.805+0000][info][gc          ] GC(212) Pause Remark 944M->944M(1500M) 0.864ms
[2026-07-18T17:02:45.805+0000][info][gc,cpu      ] GC(212) User=0.00s Sys=0.00s Real=0.00s
[2026-07-18T17:02:45.805+0000][info][gc,marking  ] GC(212) Concurrent Mark 203.241ms
[2026-07-18T17:02:45.805+0000][info][gc,marking  ] GC(212) Concurrent Rebuild Remembered Sets and Scrub Regions
[2026-07-18T17:02:45.919+0000][info][gc,marking  ] GC(212) Concurrent Rebuild Remembered Sets and Scrub Regions 113.857ms
[2026-07-18T17:02:45.922+0000][info][gc,start    ] GC(212) Pause Cleanup
[2026-07-18T17:02:45.922+0000][info][gc          ] GC(212) Pause Cleanup 960M->960M(1500M) 0.436ms
[2026-07-18T17:02:45.922+0000][info][gc,cpu      ] GC(212) User=0.00s Sys=0.00s Real=0.00s
[2026-07-18T17:02:45.922+0000][info][gc,marking  ] GC(212) Concurrent Clear Claimed Marks
[2026-07-18T17:02:45.922+0000][info][gc,marking  ] GC(212) Concurrent Clear Claimed Marks 0.107ms
[2026-07-18T17:02:45.922+0000][info][gc,marking  ] GC(212) Concurrent Cleanup for Next Mark
[2026-07-18T17:02:45.924+0000][info][gc,marking  ] GC(212) Concurrent Cleanup for Next Mark 1.219ms
[2026-07-18T17:02:45.924+0000][info][gc          ] GC(212) Concurrent Mark Cycle 323.796ms
[2026-07-18T17:02:46.047+0000][info][gc,heap,exit] Heap
[2026-07-18T17:02:46.047+0000][info][gc,heap,exit]  garbage-first heap   total 1536000K, used 984116K [0x00000000a2400000, 0x0000000100000000)
[2026-07-18T17:02:46.047+0000][info][gc,heap,exit]   region size 1024K, 17 young (17408K), 0 survivors (0K)
[2026-07-18T17:02:46.047+0000][info][gc,heap,exit]  Metaspace       used 783K, committed 896K, reserved 1114112K
[2026-07-18T17:02:46.047+0000][info][gc,heap,exit]   class space    used 60K, committed 128K, reserved 1048576K
