[2026-07-18T17:02:46.704+0000][info][gc,init] CardTable entry size: 512
[2026-07-18T17:02:46.705+0000][info][gc     ] Using G1
[2026-07-18T17:02:46.730+0000][info][gc,init] Version: 21.0.11+10-LTS (release)
[2026-07-18T17:02:46.731+0000][info][gc,init] CPUs: 10 total, 4 available
[2026-07-18T17:02:46.731+0000][info][gc,init] Memory: 3072M
[2026-07-18T17:02:46.731+0000][info][gc,init] Large Page Support: Disabled
[2026-07-18T17:02:46.731+0000][info][gc,init] NUMA Support: Disabled
[2026-07-18T17:02:46.731+0000][info][gc,init] Compressed Oops: Enabled (32-bit)
[2026-07-18T17:02:46.731+0000][info][gc,init] Heap Region Size: 1M
[2026-07-18T17:02:46.731+0000][info][gc,init] Heap Min Capacity: 1500M
[2026-07-18T17:02:46.731+0000][info][gc,init] Heap Initial Capacity: 1500M
[2026-07-18T17:02:46.732+0000][info][gc,init] Heap Max Capacity: 1500M
[2026-07-18T17:02:46.732+0000][info][gc,init] Pre-touch: Disabled
[2026-07-18T17:02:46.732+0000][info][gc,init] Parallel Workers: 4
[2026-07-18T17:02:46.732+0000][info][gc,init] Concurrent Workers: 1
[2026-07-18T17:02:46.733+0000][info][gc,init] Concurrent Refinement Workers: 4
[2026-07-18T17:02:46.733+0000][info][gc,init] Periodic GC: Disabled
[2026-07-18T17:02:46.750+0000][info][gc,metaspace] CDS archive(s) mapped at: [0x0000009800000000-0x0000009800cb0000-0x0000009800cb0000), size 13303808, SharedBaseAddress: 0x0000009800000000, ArchiveRelocationMode: 1.
[2026-07-18T17:02:46.750+0000][info][gc,metaspace] Compressed class space mapped at: 0x0000009801000000-0x0000009841000000, reserved size: 1073741824
[2026-07-18T17:02:46.751+0000][info][gc,metaspace] Narrow klass base: 0x0000009800000000, Narrow klass shift: 0, Narrow klass range: 0x100000000
[2026-07-18T17:02:48.916+0000][info][gc,start    ] GC(0) Pause Young (Normal) (G1 Evacuation Pause)
[2026-07-18T17:02:48.928+0000][info][gc,task     ] GC(0) Using 4 workers of 4 for evacuation
[2026-07-18T17:02:48.931+0000][info][gc,phases   ] GC(0)   Pre Evacuate Collection Set: 0.78ms
[2026-07-18T17:02:48.931+0000][info][gc,phases   ] GC(0)   Merge Heap Roots: 0.05ms
[2026-07-18T17:02:48.931+0000][info][gc,phases   ] GC(0)   Evacuate Collection Set: 1.03ms
[2026-07-18T17:02:48.932+0000][info][gc,phases   ] GC(0)   Post Evacuate Collection Set: 0.68ms
[2026-07-18T17:02:48.932+0000][info][gc,phases   ] GC(0)   Other: 11.35ms
[2026-07-18T17:02:48.932+0000][info][gc,heap     ] GC(0) Eden regions: 75->0(84)
[2026-07-18T17:02:48.932+0000][info][gc,heap     ] GC(0) Survivor regions: 0->1(10)
[2026-07-18T17:02:48.932+0000][info][gc,heap     ] GC(0) Old regions: 2->2
[2026-07-18T17:02:48.932+0000][info][gc,heap     ] GC(0) Humongous regions: 16->16
[2026-07-18T17:02:48.933+0000][info][gc,metaspace] GC(0) Metaspace: 432K(576K)->432K(576K) NonClass: 401K(448K)->401K(448K) Class: 31K(128K)->31K(128K)
[2026-07-18T17:02:48.933+0000][info][gc          ] GC(0) Pause Young (Normal) (G1 Evacuation Pause) 92M->17M(1500M) 16.775ms
[2026-07-18T17:02:48.933+0000][info][gc,cpu      ] GC(0) User=0.01s Sys=0.01s Real=0.02s
[2026-07-18T17:02:48.976+0000][info][gc,start    ] GC(1) Pause Young (Normal) (G1 Evacuation Pause)
[2026-07-18T17:02:48.976+0000][info][gc,task     ] GC(1) Using 4 workers of 4 for evacuation
[2026-07-18T17:02:48.984+0000][info][gc,phases   ] GC(1)   Pre Evacuate Collection Set: 4.82ms
[2026-07-18T17:02:48.984+0000][info][gc,phases   ] GC(1)   Merge Heap Roots: 0.12ms
[2026-07-18T17:02:48.984+0000][info][gc,phases   ] GC(1)   Evacuate Collection Set: 1.74ms
[2026-07-18T17:02:48.985+0000][info][gc,phases   ] GC(1)   Post Evacuate Collection Set: 0.71ms
[2026-07-18T17:02:48.985+0000][info][gc,phases   ] GC(1)   Other: 0.38ms
[2026-07-18T17:02:48.985+0000][info][gc,heap     ] GC(1) Eden regions: 84->0(899)
[2026-07-18T17:02:48.985+0000][info][gc,heap     ] GC(1) Survivor regions: 1->1(11)
[2026-07-18T17:02:48.985+0000][info][gc,heap     ] GC(1) Old regions: 2->2
[2026-07-18T17:02:48.985+0000][info][gc,heap     ] GC(1) Humongous regions: 16->16
[2026-07-18T17:02:48.985+0000][info][gc,metaspace] GC(1) Metaspace: 432K(576K)->432K(576K) NonClass: 401K(448K)->401K(448K) Class: 31K(128K)->31K(128K)
[2026-07-18T17:02:48.986+0000][info][gc          ] GC(1) Pause Young (Normal) (G1 Evacuation Pause) 101M->17M(1500M) 10.021ms
[2026-07-18T17:02:48.986+0000][info][gc,cpu      ] GC(1) User=0.01s Sys=0.00s Real=0.01s
[2026-07-18T17:02:50.517+0000][info][gc,start    ] GC(2) Pause Young (Normal) (G1 Evacuation Pause)
[2026-07-18T17:02:50.519+0000][info][gc,task     ] GC(2) Using 4 workers of 4 for evacuation
[2026-07-18T17:02:50.554+0000][info][gc,phases   ] GC(2)   Pre Evacuate Collection Set: 6.44ms
[2026-07-18T17:02:50.556+0000][info][gc,phases   ] GC(2)   Merge Heap Roots: 4.44ms
[2026-07-18T17:02:50.558+0000][info][gc,phases   ] GC(2)   Evacuate Collection Set: 10.09ms
[2026-07-18T17:02:50.558+0000][info][gc,phases   ] GC(2)   Post Evacuate Collection Set: 13.52ms
[2026-07-18T17:02:50.559+0000][info][gc,phases   ] GC(2)   Other: 0.48ms
[2026-07-18T17:02:50.561+0000][info][gc,heap     ] GC(2) Eden regions: 899->0(899)
[2026-07-18T17:02:50.564+0000][info][gc,heap     ] GC(2) Survivor regions: 1->1(113)
[2026-07-18T17:02:50.565+0000][info][gc,heap     ] GC(2) Old regions: 2->2
[2026-07-18T17:02:50.568+0000][info][gc,heap     ] GC(2) Humongous regions: 16->16
[2026-07-18T17:02:50.568+0000][info][gc,metaspace] GC(2) Metaspace: 432K(576K)->432K(576K) NonClass: 401K(448K)->401K(448K) Class: 31K(128K)->31K(128K)
[2026-07-18T17:02:50.569+0000][info][gc          ] GC(2) Pause Young (Normal) (G1 Evacuation Pause) 916M->17M(1500M) 51.716ms
[2026-07-18T17:02:50.569+0000][info][gc,cpu      ] GC(2) User=0.02s Sys=0.01s Real=0.05s
[2026-07-18T17:02:51.102+0000][info][gc,start    ] GC(3) Pause Young (Normal) (G1 Evacuation Pause)
[2026-07-18T17:02:51.103+0000][info][gc,task     ] GC(3) Using 4 workers of 4 for evacuation
[2026-07-18T17:02:51.114+0000][info][gc,phases   ] GC(3)   Pre Evacuate Collection Set: 3.21ms
[2026-07-18T17:02:51.115+0000][info][gc,phases   ] GC(3)   Merge Heap Roots: 4.18ms
[2026-07-18T17:02:51.115+0000][info][gc,phases   ] GC(3)   Evacuate Collection Set: 1.57ms
[2026-07-18T17:02:51.115+0000][info][gc,phases   ] GC(3)   Post Evacuate Collection Set: 1.77ms
[2026-07-18T17:02:51.115+0000][info][gc,phases   ] GC(3)   Other: 0.45ms
[2026-07-18T17:02:51.116+0000][info][gc,heap     ] GC(3) Eden regions: 899->0(899)
[2026-07-18T17:02:51.116+0000][info][gc,heap     ] GC(3) Survivor regions: 1->1(113)
[2026-07-18T17:02:51.116+0000][info][gc,heap     ] GC(3) Old regions: 2->2
[2026-07-18T17:02:51.116+0000][info][gc,heap     ] GC(3) Humongous regions: 16->16
[2026-07-18T17:02:51.116+0000][info][gc,metaspace] GC(3) Metaspace: 432K(576K)->432K(576K) NonClass: 401K(448K)->401K(448K) Class: 31K(128K)->31K(128K)
[2026-07-18T17:02:51.116+0000][info][gc          ] GC(3) Pause Young (Normal) (G1 Evacuation Pause) 916M->17M(1500M) 14.059ms
[2026-07-18T17:02:51.116+0000][info][gc,cpu      ] GC(3) User=0.01s Sys=0.00s Real=0.01s
[2026-07-18T17:02:51.576+0000][info][gc,start    ] GC(4) Pause Young (Normal) (G1 Evacuation Pause)
[2026-07-18T17:02:51.579+0000][info][gc,task     ] GC(4) Using 4 workers of 4 for evacuation
[2026-07-18T17:02:51.583+0000][info][gc,phases   ] GC(4)   Pre Evacuate Collection Set: 0.67ms
[2026-07-18T17:02:51.583+0000][info][gc,phases   ] GC(4)   Merge Heap Roots: 0.22ms
[2026-07-18T17:02:51.584+0000][info][gc,phases   ] GC(4)   Evacuate Collection Set: 1.70ms
[2026-07-18T17:02:51.584+0000][info][gc,phases   ] GC(4)   Post Evacuate Collection Set: 1.56ms
[2026-07-18T17:02:51.584+0000][info][gc,phases   ] GC(4)   Other: 0.42ms
[2026-07-18T17:02:51.584+0000][info][gc,heap     ] GC(4) Eden regions: 899->0(899)
[2026-07-18T17:02:51.585+0000][info][gc,heap     ] GC(4) Survivor regions: 1->1(113)
[2026-07-18T17:02:51.585+0000][info][gc,heap     ] GC(4) Old regions: 2->2
[2026-07-18T17:02:51.585+0000][info][gc,heap     ] GC(4) Humongous regions: 16->16
[2026-07-18T17:02:51.585+0000][info][gc,metaspace] GC(4) Metaspace: 432K(576K)->432K(576K) NonClass: 401K(448K)->401K(448K) Class: 31K(128K)->31K(128K)
[2026-07-18T17:02:51.585+0000][info][gc          ] GC(4) Pause Young (Normal) (G1 Evacuation Pause) 916M->17M(1500M) 8.956ms
[2026-07-18T17:02:51.586+0000][info][gc,cpu      ] GC(4) User=0.00s Sys=0.00s Real=0.01s
[2026-07-18T17:02:51.932+0000][info][gc,start    ] GC(5) Pause Young (Normal) (G1 Evacuation Pause)
[2026-07-18T17:02:51.933+0000][info][gc,task     ] GC(5) Using 4 workers of 4 for evacuation
[2026-07-18T17:02:51.936+0000][info][gc,phases   ] GC(5)   Pre Evacuate Collection Set: 0.98ms
[2026-07-18T17:02:51.937+0000][info][gc,phases   ] GC(5)   Merge Heap Roots: 0.19ms
[2026-07-18T17:02:51.937+0000][info][gc,phases   ] GC(5)   Evacuate Collection Set: 0.96ms
[2026-07-18T17:02:51.937+0000][info][gc,phases   ] GC(5)   Post Evacuate Collection Set: 0.98ms
[2026-07-18T17:02:51.937+0000][info][gc,phases   ] GC(5)   Other: 0.32ms
[2026-07-18T17:02:51.937+0000][info][gc,heap     ] GC(5) Eden regions: 899->0(899)
[2026-07-18T17:02:51.938+0000][info][gc,heap     ] GC(5) Survivor regions: 1->1(113)
[2026-07-18T17:02:51.938+0000][info][gc,heap     ] GC(5) Old regions: 2->2
[2026-07-18T17:02:51.939+0000][info][gc,heap     ] GC(5) Humongous regions: 16->16
[2026-07-18T17:02:51.939+0000][info][gc,metaspace] GC(5) Metaspace: 432K(576K)->432K(576K) NonClass: 401K(448K)->401K(448K) Class: 31K(128K)->31K(128K)
[2026-07-18T17:02:51.939+0000][info][gc          ] GC(5) Pause Young (Normal) (G1 Evacuation Pause) 916M->17M(1500M) 6.607ms
[2026-07-18T17:02:51.939+0000][info][gc,cpu      ] GC(5) User=0.00s Sys=0.00s Real=0.00s
[2026-07-18T17:02:52.432+0000][info][gc,start    ] GC(6) Pause Young (Normal) (G1 Evacuation Pause)
[2026-07-18T17:02:52.433+0000][info][gc,task     ] GC(6) Using 4 workers of 4 for evacuation
[2026-07-18T17:02:52.438+0000][info][gc,phases   ] GC(6)   Pre Evacuate Collection Set: 0.62ms
[2026-07-18T17:02:52.439+0000][info][gc,phases   ] GC(6)   Merge Heap Roots: 0.21ms
[2026-07-18T17:02:52.439+0000][info][gc,phases   ] GC(6)   Evacuate Collection Set: 2.16ms
[2026-07-18T17:02:52.439+0000][info][gc,phases   ] GC(6)   Post Evacuate Collection Set: 1.42ms
[2026-07-18T17:02:52.439+0000][info][gc,phases   ] GC(6)   Other: 0.92ms
[2026-07-18T17:02:52.439+0000][info][gc,heap     ] GC(6) Eden regions: 899->0(899)
[2026-07-18T17:02:52.439+0000][info][gc,heap     ] GC(6) Survivor regions: 1->1(113)
[2026-07-18T17:02:52.439+0000][info][gc,heap     ] GC(6) Old regions: 2->2
[2026-07-18T17:02:52.439+0000][info][gc,heap     ] GC(6) Humongous regions: 16->16
[2026-07-18T17:02:52.439+0000][info][gc,metaspace] GC(6) Metaspace: 432K(576K)->432K(576K) NonClass: 401K(448K)->401K(448K) Class: 31K(128K)->31K(128K)
[2026-07-18T17:02:52.440+0000][info][gc          ] GC(6) Pause Young (Normal) (G1 Evacuation Pause) 916M->17M(1500M) 8.053ms
[2026-07-18T17:02:52.440+0000][info][gc,cpu      ] GC(6) User=0.00s Sys=0.00s Real=0.01s
[2026-07-18T17:02:52.990+0000][info][gc,start    ] GC(7) Pause Young (Normal) (G1 Evacuation Pause)
[2026-07-18T17:02:52.991+0000][info][gc,task     ] GC(7) Using 4 workers of 4 for evacuation
[2026-07-18T17:02:53.000+0000][info][gc,phases   ] GC(7)   Pre Evacuate Collection Set: 1.18ms
[2026-07-18T17:02:53.001+0000][info][gc,phases   ] GC(7)   Merge Heap Roots: 0.31ms
[2026-07-18T17:02:53.002+0000][info][gc,phases   ] GC(7)   Evacuate Collection Set: 6.19ms
[2026-07-18T17:02:53.005+0000][info][gc,phases   ] GC(7)   Post Evacuate Collection Set: 0.91ms
[2026-07-18T17:02:53.005+0000][info][gc,phases   ] GC(7)   Other: 0.32ms
[2026-07-18T17:02:53.006+0000][info][gc,heap     ] GC(7) Eden regions: 899->0(899)
[2026-07-18T17:02:53.006+0000][info][gc,heap     ] GC(7) Survivor regions: 1->1(113)
[2026-07-18T17:02:53.006+0000][info][gc,heap     ] GC(7) Old regions: 2->2
[2026-07-18T17:02:53.006+0000][info][gc,heap     ] GC(7) Humongous regions: 16->16
[2026-07-18T17:02:53.007+0000][info][gc,metaspace] GC(7) Metaspace: 432K(576K)->432K(576K) NonClass: 401K(448K)->401K(448K) Class: 31K(128K)->31K(128K)
[2026-07-18T17:02:53.007+0000][info][gc          ] GC(7) Pause Young (Normal) (G1 Evacuation Pause) 916M->17M(1500M) 16.501ms
[2026-07-18T17:02:53.008+0000][info][gc,cpu      ] GC(7) User=0.01s Sys=0.00s Real=0.02s
[2026-07-18T17:02:53.386+0000][info][gc,start    ] GC(8) Pause Young (Normal) (G1 Evacuation Pause)
[2026-07-18T17:02:53.386+0000][info][gc,task     ] GC(8) Using 4 workers of 4 for evacuation
[2026-07-18T17:02:53.391+0000][info][gc,phases   ] GC(8)   Pre Evacuate Collection Set: 1.09ms
[2026-07-18T17:02:53.391+0000][info][gc,phases   ] GC(8)   Merge Heap Roots: 0.27ms
[2026-07-18T17:02:53.391+0000][info][gc,phases   ] GC(8)   Evacuate Collection Set: 1.79ms
[2026-07-18T17:02:53.391+0000][info][gc,phases   ] GC(8)   Post Evacuate Collection Set: 0.77ms
[2026-07-18T17:02:53.391+0000][info][gc,phases   ] GC(8)   Other: 0.32ms
[2026-07-18T17:02:53.391+0000][info][gc,heap     ] GC(8) Eden regions: 899->0(899)
[2026-07-18T17:02:53.392+0000][info][gc,heap     ] GC(8) Survivor regions: 1->1(113)
[2026-07-18T17:02:53.392+0000][info][gc,heap     ] GC(8) Old regions: 2->2
[2026-07-18T17:02:53.392+0000][info][gc,heap     ] GC(8) Humongous regions: 16->16
[2026-07-18T17:02:53.392+0000][info][gc,metaspace] GC(8) Metaspace: 432K(576K)->432K(576K) NonClass: 401K(448K)->401K(448K) Class: 31K(128K)->31K(128K)
[2026-07-18T17:02:53.392+0000][info][gc          ] GC(8) Pause Young (Normal) (G1 Evacuation Pause) 916M->17M(1500M) 6.156ms
[2026-07-18T17:02:53.392+0000][info][gc,cpu      ] GC(8) User=0.00s Sys=0.00s Real=0.01s
[2026-07-18T17:02:53.699+0000][info][gc,start    ] GC(9) Pause Young (Normal) (G1 Evacuation Pause)
[2026-07-18T17:02:53.700+0000][info][gc,task     ] GC(9) Using 4 workers of 4 for evacuation
[2026-07-18T17:02:53.713+0000][info][gc,phases   ] GC(9)   Pre Evacuate Collection Set: 0.63ms
[2026-07-18T17:02:53.713+0000][info][gc,phases   ] GC(9)   Merge Heap Roots: 0.09ms
[2026-07-18T17:02:53.713+0000][info][gc,phases   ] GC(9)   Evacuate Collection Set: 4.61ms
[2026-07-18T17:02:53.714+0000][info][gc,phases   ] GC(9)   Post Evacuate Collection Set: 5.25ms
[2026-07-18T17:02:53.714+0000][info][gc,phases   ] GC(9)   Other: 2.94ms
[2026-07-18T17:02:53.714+0000][info][gc,heap     ] GC(9) Eden regions: 899->0(899)
[2026-07-18T17:02:53.714+0000][info][gc,heap     ] GC(9) Survivor regions: 1->1(113)
[2026-07-18T17:02:53.714+0000][info][gc,heap     ] GC(9) Old regions: 2->2
[2026-07-18T17:02:53.714+0000][info][gc,heap     ] GC(9) Humongous regions: 16->16
[2026-07-18T17:02:53.714+0000][info][gc,metaspace] GC(9) Metaspace: 432K(576K)->432K(576K) NonClass: 401K(448K)->401K(448K) Class: 31K(128K)->31K(128K)
[2026-07-18T17:02:53.714+0000][info][gc          ] GC(9) Pause Young (Normal) (G1 Evacuation Pause) 916M->17M(1500M) 14.573ms
[2026-07-18T17:02:53.714+0000][info][gc,cpu      ] GC(9) User=0.00s Sys=0.00s Real=0.02s
[2026-07-18T17:02:54.110+0000][info][gc,start    ] GC(10) Pause Young (Normal) (G1 Evacuation Pause)
[2026-07-18T17:02:54.110+0000][info][gc,task     ] GC(10) Using 4 workers of 4 for evacuation
[2026-07-18T17:02:54.115+0000][info][gc,phases   ] GC(10)   Pre Evacuate Collection Set: 1.60ms
[2026-07-18T17:02:54.116+0000][info][gc,phases   ] GC(10)   Merge Heap Roots: 0.33ms
[2026-07-18T17:02:54.116+0000][info][gc,phases   ] GC(10)   Evacuate Collection Set: 1.05ms
[2026-07-18T17:02:54.116+0000][info][gc,phases   ] GC(10)   Post Evacuate Collection Set: 1.43ms
[2026-07-18T17:02:54.116+0000][info][gc,phases   ] GC(10)   Other: 0.64ms
[2026-07-18T17:02:54.117+0000][info][gc,heap     ] GC(10) Eden regions: 899->0(899)
[2026-07-18T17:02:54.117+0000][info][gc,heap     ] GC(10) Survivor regions: 1->1(113)
[2026-07-18T17:02:54.118+0000][info][gc,heap     ] GC(10) Old regions: 2->2
[2026-07-18T17:02:54.118+0000][info][gc,heap     ] GC(10) Humongous regions: 16->16
[2026-07-18T17:02:54.118+0000][info][gc,metaspace] GC(10) Metaspace: 432K(576K)->432K(576K) NonClass: 401K(448K)->401K(448K) Class: 31K(128K)->31K(128K)
[2026-07-18T17:02:54.119+0000][info][gc          ] GC(10) Pause Young (Normal) (G1 Evacuation Pause) 916M->17M(1500M) 8.633ms
[2026-07-18T17:02:54.119+0000][info][gc,cpu      ] GC(10) User=0.00s Sys=0.00s Real=0.01s
[2026-07-18T17:02:54.725+0000][info][gc,start    ] GC(11) Pause Young (Normal) (G1 Evacuation Pause)
[2026-07-18T17:02:54.730+0000][info][gc,task     ] GC(11) Using 4 workers of 4 for evacuation
[2026-07-18T17:02:54.742+0000][info][gc,phases   ] GC(11)   Pre Evacuate Collection Set: 1.21ms
[2026-07-18T17:02:54.743+0000][info][gc,phases   ] GC(11)   Merge Heap Roots: 0.24ms
[2026-07-18T17:02:54.743+0000][info][gc,phases   ] GC(11)   Evacuate Collection Set: 1.60ms
[2026-07-18T17:02:54.743+0000][info][gc,phases   ] GC(11)   Post Evacuate Collection Set: 4.40ms
[2026-07-18T17:02:54.744+0000][info][gc,phases   ] GC(11)   Other: 5.38ms
[2026-07-18T17:02:54.750+0000][info][gc,heap     ] GC(11) Eden regions: 899->0(899)
[2026-07-18T17:02:54.755+0000][info][gc,heap     ] GC(11) Survivor regions: 1->1(113)
[2026-07-18T17:02:54.760+0000][info][gc,heap     ] GC(11) Old regions: 2->2
[2026-07-18T17:02:54.765+0000][info][gc,heap     ] GC(11) Humongous regions: 16->16
[2026-07-18T17:02:54.765+0000][info][gc,metaspace] GC(11) Metaspace: 432K(576K)->432K(576K) NonClass: 401K(448K)->401K(448K) Class: 31K(128K)->31K(128K)
[2026-07-18T17:02:54.765+0000][info][gc          ] GC(11) Pause Young (Normal) (G1 Evacuation Pause) 916M->17M(1500M) 40.195ms
[2026-07-18T17:02:54.775+0000][info][gc,cpu      ] GC(11) User=0.01s Sys=0.00s Real=0.05s
[2026-07-18T17:02:55.511+0000][info][gc,start    ] GC(12) Pause Young (Normal) (G1 Evacuation Pause)
[2026-07-18T17:02:55.511+0000][info][gc,task     ] GC(12) Using 4 workers of 4 for evacuation
[2026-07-18T17:02:55.528+0000][info][gc,phases   ] GC(12)   Pre Evacuate Collection Set: 2.41ms
[2026-07-18T17:02:55.528+0000][info][gc,phases   ] GC(12)   Merge Heap Roots: 0.63ms
[2026-07-18T17:02:55.529+0000][info][gc,phases   ] GC(12)   Evacuate Collection Set: 9.25ms
[2026-07-18T17:02:55.529+0000][info][gc,phases   ] GC(12)   Post Evacuate Collection Set: 1.42ms
[2026-07-18T17:02:55.529+0000][info][gc,phases   ] GC(12)   Other: 3.29ms
[2026-07-18T17:02:55.529+0000][info][gc,heap     ] GC(12) Eden regions: 899->0(899)
[2026-07-18T17:02:55.529+0000][info][gc,heap     ] GC(12) Survivor regions: 1->1(113)
[2026-07-18T17:02:55.529+0000][info][gc,heap     ] GC(12) Old regions: 2->2
[2026-07-18T17:02:55.529+0000][info][gc,heap     ] GC(12) Humongous regions: 16->16
[2026-07-18T17:02:55.529+0000][info][gc,metaspace] GC(12) Metaspace: 432K(576K)->432K(576K) NonClass: 401K(448K)->401K(448K) Class: 31K(128K)->31K(128K)
[2026-07-18T17:02:55.529+0000][info][gc          ] GC(12) Pause Young (Normal) (G1 Evacuation Pause) 916M->17M(1500M) 18.764ms
[2026-07-18T17:02:55.530+0000][info][gc,cpu      ] GC(12) User=0.01s Sys=0.00s Real=0.02s
[2026-07-18T17:02:56.175+0000][info][gc,start    ] GC(13) Pause Young (Normal) (G1 Evacuation Pause)
[2026-07-18T17:02:56.175+0000][info][gc,task     ] GC(13) Using 4 workers of 4 for evacuation
[2026-07-18T17:02:56.184+0000][info][gc,phases   ] GC(13)   Pre Evacuate Collection Set: 1.44ms
[2026-07-18T17:02:56.184+0000][info][gc,phases   ] GC(13)   Merge Heap Roots: 0.80ms
[2026-07-18T17:02:56.184+0000][info][gc,phases   ] GC(13)   Evacuate Collection Set: 3.05ms
[2026-07-18T17:02:56.184+0000][info][gc,phases   ] GC(13)   Post Evacuate Collection Set: 2.34ms
[2026-07-18T17:02:56.184+0000][info][gc,phases   ] GC(13)   Other: 0.58ms
[2026-07-18T17:02:56.184+0000][info][gc,heap     ] GC(13) Eden regions: 899->0(899)
[2026-07-18T17:02:56.184+0000][info][gc,heap     ] GC(13) Survivor regions: 1->1(113)
[2026-07-18T17:02:56.185+0000][info][gc,heap     ] GC(13) Old regions: 2->2
[2026-07-18T17:02:56.185+0000][info][gc,heap     ] GC(13) Humongous regions: 16->16
[2026-07-18T17:02:56.186+0000][info][gc,metaspace] GC(13) Metaspace: 432K(576K)->432K(576K) NonClass: 401K(448K)->401K(448K) Class: 31K(128K)->31K(128K)
[2026-07-18T17:02:56.186+0000][info][gc          ] GC(13) Pause Young (Normal) (G1 Evacuation Pause) 916M->17M(1500M) 11.802ms
[2026-07-18T17:02:56.187+0000][info][gc,cpu      ] GC(13) User=0.01s Sys=0.00s Real=0.01s
[2026-07-18T17:02:56.637+0000][info][gc,start    ] GC(14) Pause Young (Normal) (G1 Evacuation Pause)
[2026-07-18T17:02:56.637+0000][info][gc,task     ] GC(14) Using 4 workers of 4 for evacuation
[2026-07-18T17:02:56.650+0000][info][gc,phases   ] GC(14)   Pre Evacuate Collection Set: 4.47ms
[2026-07-18T17:02:56.650+0000][info][gc,phases   ] GC(14)   Merge Heap Roots: 1.15ms
[2026-07-18T17:02:56.651+0000][info][gc,phases   ] GC(14)   Evacuate Collection Set: 2.02ms
[2026-07-18T17:02:56.651+0000][info][gc,phases   ] GC(14)   Post Evacuate Collection Set: 4.41ms
[2026-07-18T17:02:56.651+0000][info][gc,phases   ] GC(14)   Other: 0.79ms
[2026-07-18T17:02:56.651+0000][info][gc,heap     ] GC(14) Eden regions: 899->0(899)
[2026-07-18T17:02:56.652+0000][info][gc,heap     ] GC(14) Survivor regions: 1->1(113)
[2026-07-18T17:02:56.653+0000][info][gc,heap     ] GC(14) Old regions: 2->2
[2026-07-18T17:02:56.653+0000][info][gc,heap     ] GC(14) Humongous regions: 16->16
[2026-07-18T17:02:56.653+0000][info][gc,metaspace] GC(14) Metaspace: 432K(576K)->432K(576K) NonClass: 401K(448K)->401K(448K) Class: 31K(128K)->31K(128K)
[2026-07-18T17:02:56.653+0000][info][gc          ] GC(14) Pause Young (Normal) (G1 Evacuation Pause) 916M->17M(1500M) 16.366ms
[2026-07-18T17:02:56.653+0000][info][gc,cpu      ] GC(14) User=0.01s Sys=0.00s Real=0.02s
[2026-07-18T17:02:57.182+0000][info][gc,start    ] GC(15) Pause Young (Normal) (G1 Evacuation Pause)
[2026-07-18T17:02:57.185+0000][info][gc,task     ] GC(15) Using 4 workers of 4 for evacuation
[2026-07-18T17:02:57.198+0000][info][gc,phases   ] GC(15)   Pre Evacuate Collection Set: 0.96ms
[2026-07-18T17:02:57.198+0000][info][gc,phases   ] GC(15)   Merge Heap Roots: 1.18ms
[2026-07-18T17:02:57.201+0000][info][gc,phases   ] GC(15)   Evacuate Collection Set: 3.16ms
[2026-07-18T17:02:57.204+0000][info][gc,phases   ] GC(15)   Post Evacuate Collection Set: 7.19ms
[2026-07-18T17:02:57.206+0000][info][gc,phases   ] GC(15)   Other: 0.53ms
[2026-07-18T17:02:57.212+0000][info][gc,heap     ] GC(15) Eden regions: 899->0(900)
[2026-07-18T17:02:57.219+0000][info][gc,heap     ] GC(15) Survivor regions: 1->0(113)
[2026-07-18T17:02:57.220+0000][info][gc,heap     ] GC(15) Old regions: 2->3
[2026-07-18T17:02:57.221+0000][info][gc,heap     ] GC(15) Humongous regions: 16->16
[2026-07-18T17:02:57.222+0000][info][gc,metaspace] GC(15) Metaspace: 432K(576K)->432K(576K) NonClass: 401K(448K)->401K(448K) Class: 31K(128K)->31K(128K)
[2026-07-18T17:02:57.222+0000][info][gc          ] GC(15) Pause Young (Normal) (G1 Evacuation Pause) 916M->17M(1500M) 39.833ms
[2026-07-18T17:02:57.224+0000][info][gc,cpu      ] GC(15) User=0.01s Sys=0.01s Real=0.04s
[2026-07-18T17:02:57.777+0000][info][gc,start    ] GC(16) Pause Young (Normal) (G1 Evacuation Pause)
[2026-07-18T17:02:57.778+0000][info][gc,task     ] GC(16) Using 4 workers of 4 for evacuation
[2026-07-18T17:02:57.784+0000][info][gc,phases   ] GC(16)   Pre Evacuate Collection Set: 1.30ms
[2026-07-18T17:02:57.784+0000][info][gc,phases   ] GC(16)   Merge Heap Roots: 0.23ms
[2026-07-18T17:02:57.784+0000][info][gc,phases   ] GC(16)   Evacuate Collection Set: 2.79ms
[2026-07-18T17:02:57.784+0000][info][gc,phases   ] GC(16)   Post Evacuate Collection Set: 1.06ms
[2026-07-18T17:02:57.784+0000][info][gc,phases   ] GC(16)   Other: 0.63ms
[2026-07-18T17:02:57.785+0000][info][gc,heap     ] GC(16) Eden regions: 900->0(900)
[2026-07-18T17:02:57.785+0000][info][gc,heap     ] GC(16) Survivor regions: 0->0(113)
[2026-07-18T17:02:57.788+0000][info][gc,heap     ] GC(16) Old regions: 3->3
[2026-07-18T17:02:57.789+0000][info][gc,heap     ] GC(16) Humongous regions: 16->16
[2026-07-18T17:02:57.789+0000][info][gc,metaspace] GC(16) Metaspace: 432K(576K)->432K(576K) NonClass: 401K(448K)->401K(448K) Class: 31K(128K)->31K(128K)
[2026-07-18T17:02:57.789+0000][info][gc          ] GC(16) Pause Young (Normal) (G1 Evacuation Pause) 917M->17M(1500M) 11.571ms
[2026-07-18T17:02:57.789+0000][info][gc,cpu      ] GC(16) User=0.01s Sys=0.00s Real=0.01s
[2026-07-18T17:02:58.267+0000][info][gc,start    ] GC(17) Pause Young (Normal) (G1 Evacuation Pause)
[2026-07-18T17:02:58.269+0000][info][gc,task     ] GC(17) Using 4 workers of 4 for evacuation
[2026-07-18T17:02:58.275+0000][info][gc,phases   ] GC(17)   Pre Evacuate Collection Set: 1.58ms
[2026-07-18T17:02:58.276+0000][info][gc,phases   ] GC(17)   Merge Heap Roots: 0.71ms
[2026-07-18T17:02:58.276+0000][info][gc,phases   ] GC(17)   Evacuate Collection Set: 0.91ms
[2026-07-18T17:02:58.276+0000][info][gc,phases   ] GC(17)   Post Evacuate Collection Set: 2.43ms
[2026-07-18T17:02:58.276+0000][info][gc,phases   ] GC(17)   Other: 0.92ms
[2026-07-18T17:02:58.276+0000][info][gc,heap     ] GC(17) Eden regions: 900->0(900)
[2026-07-18T17:02:58.276+0000][info][gc,heap     ] GC(17) Survivor regions: 0->0(113)
[2026-07-18T17:02:58.277+0000][info][gc,heap     ] GC(17) Old regions: 3->3
[2026-07-18T17:02:58.277+0000][info][gc,heap     ] GC(17) Humongous regions: 16->16
[2026-07-18T17:02:58.277+0000][info][gc,metaspace] GC(17) Metaspace: 432K(576K)->432K(576K) NonClass: 401K(448K)->401K(448K) Class: 31K(128K)->31K(128K)
[2026-07-18T17:02:58.277+0000][info][gc          ] GC(17) Pause Young (Normal) (G1 Evacuation Pause) 917M->17M(1500M) 10.128ms
[2026-07-18T17:02:58.277+0000][info][gc,cpu      ] GC(17) User=0.00s Sys=0.00s Real=0.01s
[2026-07-18T17:02:58.709+0000][info][gc,start    ] GC(18) Pause Young (Normal) (G1 Evacuation Pause)
[2026-07-18T17:02:58.712+0000][info][gc,task     ] GC(18) Using 4 workers of 4 for evacuation
[2026-07-18T17:02:58.716+0000][info][gc,phases   ] GC(18)   Pre Evacuate Collection Set: 1.18ms
[2026-07-18T17:02:58.716+0000][info][gc,phases   ] GC(18)   Merge Heap Roots: 0.23ms
[2026-07-18T17:02:58.716+0000][info][gc,phases   ] GC(18)   Evacuate Collection Set: 0.85ms
[2026-07-18T17:02:58.716+0000][info][gc,phases   ] GC(18)   Post Evacuate Collection Set: 0.99ms
[2026-07-18T17:02:58.717+0000][info][gc,phases   ] GC(18)   Other: 1.96ms
[2026-07-18T17:02:58.717+0000][info][gc,heap     ] GC(18) Eden regions: 900->0(900)
[2026-07-18T17:02:58.717+0000][info][gc,heap     ] GC(18) Survivor regions: 0->0(113)
[2026-07-18T17:02:58.718+0000][info][gc,heap     ] GC(18) Old regions: 3->3
[2026-07-18T17:02:58.718+0000][info][gc,heap     ] GC(18) Humongous regions: 16->16
[2026-07-18T17:02:58.718+0000][info][gc,metaspace] GC(18) Metaspace: 432K(576K)->432K(576K) NonClass: 401K(448K)->401K(448K) Class: 31K(128K)->31K(128K)
[2026-07-18T17:02:58.718+0000][info][gc          ] GC(18) Pause Young (Normal) (G1 Evacuation Pause) 917M->17M(1500M) 9.115ms
[2026-07-18T17:02:58.719+0000][info][gc,cpu      ] GC(18) User=0.00s Sys=0.00s Real=0.01s
[2026-07-18T17:02:59.054+0000][info][gc,start    ] GC(19) Pause Young (Normal) (G1 Evacuation Pause)
[2026-07-18T17:02:59.054+0000][info][gc,task     ] GC(19) Using 4 workers of 4 for evacuation
[2026-07-18T17:02:59.057+0000][info][gc,phases   ] GC(19)   Pre Evacuate Collection Set: 0.46ms
[2026-07-18T17:02:59.057+0000][info][gc,phases   ] GC(19)   Merge Heap Roots: 0.29ms
[2026-07-18T17:02:59.057+0000][info][gc,phases   ] GC(19)   Evacuate Collection Set: 0.27ms
[2026-07-18T17:02:59.058+0000][info][gc,phases   ] GC(19)   Post Evacuate Collection Set: 1.34ms
[2026-07-18T17:02:59.058+0000][info][gc,phases   ] GC(19)   Other: 0.75ms
[2026-07-18T17:02:59.058+0000][info][gc,heap     ] GC(19) Eden regions: 900->0(900)
[2026-07-18T17:02:59.058+0000][info][gc,heap     ] GC(19) Survivor regions: 0->0(113)
[2026-07-18T17:02:59.058+0000][info][gc,heap     ] GC(19) Old regions: 3->3
[2026-07-18T17:02:59.058+0000][info][gc,heap     ] GC(19) Humongous regions: 16->16
[2026-07-18T17:02:59.058+0000][info][gc,metaspace] GC(19) Metaspace: 432K(576K)->432K(576K) NonClass: 401K(448K)->401K(448K) Class: 31K(128K)->31K(128K)
[2026-07-18T17:02:59.058+0000][info][gc          ] GC(19) Pause Young (Normal) (G1 Evacuation Pause) 917M->17M(1500M) 4.497ms
[2026-07-18T17:02:59.059+0000][info][gc,cpu      ] GC(19) User=0.00s Sys=0.00s Real=0.00s
[2026-07-18T17:02:59.435+0000][info][gc,start    ] GC(20) Pause Young (Normal) (G1 Evacuation Pause)
[2026-07-18T17:02:59.436+0000][info][gc,task     ] GC(20) Using 4 workers of 4 for evacuation
[2026-07-18T17:02:59.438+0000][info][gc,phases   ] GC(20)   Pre Evacuate Collection Set: 0.33ms
[2026-07-18T17:02:59.438+0000][info][gc,phases   ] GC(20)   Merge Heap Roots: 0.12ms
[2026-07-18T17:02:59.438+0000][info][gc,phases   ] GC(20)   Evacuate Collection Set: 0.24ms
[2026-07-18T17:02:59.438+0000][info][gc,phases   ] GC(20)   Post Evacuate Collection Set: 1.04ms
[2026-07-18T17:02:59.438+0000][info][gc,phases   ] GC(20)   Other: 0.15ms
[2026-07-18T17:02:59.438+0000][info][gc,heap     ] GC(20) Eden regions: 900->0(900)
[2026-07-18T17:02:59.438+0000][info][gc,heap     ] GC(20) Survivor regions: 0->0(113)
[2026-07-18T17:02:59.438+0000][info][gc,heap     ] GC(20) Old regions: 3->3
[2026-07-18T17:02:59.438+0000][info][gc,heap     ] GC(20) Humongous regions: 16->16
[2026-07-18T17:02:59.438+0000][info][gc,metaspace] GC(20) Metaspace: 432K(576K)->432K(576K) NonClass: 401K(448K)->401K(448K) Class: 31K(128K)->31K(128K)
[2026-07-18T17:02:59.438+0000][info][gc          ] GC(20) Pause Young (Normal) (G1 Evacuation Pause) 917M->17M(1500M) 3.242ms
[2026-07-18T17:02:59.439+0000][info][gc,cpu      ] GC(20) User=0.00s Sys=0.00s Real=0.00s
[2026-07-18T17:02:59.773+0000][info][gc,start    ] GC(21) Pause Young (Normal) (G1 Evacuation Pause)
[2026-07-18T17:02:59.773+0000][info][gc,task     ] GC(21) Using 4 workers of 4 for evacuation
[2026-07-18T17:02:59.776+0000][info][gc,phases   ] GC(21)   Pre Evacuate Collection Set: 0.76ms
[2026-07-18T17:02:59.776+0000][info][gc,phases   ] GC(21)   Merge Heap Roots: 0.24ms
[2026-07-18T17:02:59.776+0000][info][gc,phases   ] GC(21)   Evacuate Collection Set: 0.91ms
[2026-07-18T17:02:59.777+0000][info][gc,phases   ] GC(21)   Post Evacuate Collection Set: 1.24ms
[2026-07-18T17:02:59.777+0000][info][gc,phases   ] GC(21)   Other: 0.16ms
[2026-07-18T17:02:59.777+0000][info][gc,heap     ] GC(21) Eden regions: 900->0(900)
[2026-07-18T17:02:59.777+0000][info][gc,heap     ] GC(21) Survivor regions: 0->0(113)
[2026-07-18T17:02:59.777+0000][info][gc,heap     ] GC(21) Old regions: 3->3
[2026-07-18T17:02:59.777+0000][info][gc,heap     ] GC(21) Humongous regions: 16->16
[2026-07-18T17:02:59.778+0000][info][gc,metaspace] GC(21) Metaspace: 432K(576K)->432K(576K) NonClass: 401K(448K)->401K(448K) Class: 31K(128K)->31K(128K)
[2026-07-18T17:02:59.778+0000][info][gc          ] GC(21) Pause Young (Normal) (G1 Evacuation Pause) 917M->17M(1500M) 5.068ms
[2026-07-18T17:02:59.778+0000][info][gc,cpu      ] GC(21) User=0.01s Sys=0.00s Real=0.00s
[2026-07-18T17:03:00.230+0000][info][gc,start    ] GC(22) Pause Young (Normal) (G1 Evacuation Pause)
[2026-07-18T17:03:00.233+0000][info][gc,task     ] GC(22) Using 4 workers of 4 for evacuation
[2026-07-18T17:03:00.237+0000][info][gc,phases   ] GC(22)   Pre Evacuate Collection Set: 1.23ms
[2026-07-18T17:03:00.237+0000][info][gc,phases   ] GC(22)   Merge Heap Roots: 0.28ms
[2026-07-18T17:03:00.239+0000][info][gc,phases   ] GC(22)   Evacuate Collection Set: 1.02ms
[2026-07-18T17:03:00.240+0000][info][gc,phases   ] GC(22)   Post Evacuate Collection Set: 1.09ms
[2026-07-18T17:03:00.241+0000][info][gc,phases   ] GC(22)   Other: 0.45ms
[2026-07-18T17:03:00.242+0000][info][gc,heap     ] GC(22) Eden regions: 900->0(900)
[2026-07-18T17:03:00.244+0000][info][gc,heap     ] GC(22) Survivor regions: 0->0(113)
[2026-07-18T17:03:00.244+0000][info][gc,heap     ] GC(22) Old regions: 3->3
[2026-07-18T17:03:00.244+0000][info][gc,heap     ] GC(22) Humongous regions: 16->16
[2026-07-18T17:03:00.244+0000][info][gc,metaspace] GC(22) Metaspace: 432K(576K)->432K(576K) NonClass: 401K(448K)->401K(448K) Class: 31K(128K)->31K(128K)
[2026-07-18T17:03:00.244+0000][info][gc          ] GC(22) Pause Young (Normal) (G1 Evacuation Pause) 917M->17M(1500M) 13.860ms
[2026-07-18T17:03:00.245+0000][info][gc,cpu      ] GC(22) User=0.00s Sys=0.00s Real=0.02s
[2026-07-18T17:03:00.744+0000][info][gc,start    ] GC(23) Pause Young (Normal) (G1 Evacuation Pause)
[2026-07-18T17:03:00.745+0000][info][gc,task     ] GC(23) Using 4 workers of 4 for evacuation
[2026-07-18T17:03:00.751+0000][info][gc,phases   ] GC(23)   Pre Evacuate Collection Set: 1.13ms
[2026-07-18T17:03:00.752+0000][info][gc,phases   ] GC(23)   Merge Heap Roots: 0.43ms
[2026-07-18T17:03:00.752+0000][info][gc,phases   ] GC(23)   Evacuate Collection Set: 0.63ms
[2026-07-18T17:03:00.754+0000][info][gc,phases   ] GC(23)   Post Evacuate Collection Set: 3.73ms
[2026-07-18T17:03:00.754+0000][info][gc,phases   ] GC(23)   Other: 0.27ms
[2026-07-18T17:03:00.754+0000][info][gc,heap     ] GC(23) Eden regions: 900->0(900)
[2026-07-18T17:03:00.754+0000][info][gc,heap     ] GC(23) Survivor regions: 0->0(113)
[2026-07-18T17:03:00.754+0000][info][gc,heap     ] GC(23) Old regions: 3->3
[2026-07-18T17:03:00.754+0000][info][gc,heap     ] GC(23) Humongous regions: 16->16
[2026-07-18T17:03:00.754+0000][info][gc,metaspace] GC(23) Metaspace: 432K(576K)->432K(576K) NonClass: 401K(448K)->401K(448K) Class: 31K(128K)->31K(128K)
[2026-07-18T17:03:00.754+0000][info][gc          ] GC(23) Pause Young (Normal) (G1 Evacuation Pause) 917M->17M(1500M) 10.394ms
[2026-07-18T17:03:00.754+0000][info][gc,cpu      ] GC(23) User=0.00s Sys=0.00s Real=0.01s
[2026-07-18T17:03:01.492+0000][info][gc,start    ] GC(24) Pause Young (Normal) (G1 Evacuation Pause)
[2026-07-18T17:03:01.492+0000][info][gc,task     ] GC(24) Using 4 workers of 4 for evacuation
[2026-07-18T17:03:01.505+0000][info][gc,phases   ] GC(24)   Pre Evacuate Collection Set: 2.29ms
[2026-07-18T17:03:01.506+0000][info][gc,phases   ] GC(24)   Merge Heap Roots: 0.48ms
[2026-07-18T17:03:01.506+0000][info][gc,phases   ] GC(24)   Evacuate Collection Set: 0.63ms
[2026-07-18T17:03:01.511+0000][info][gc,phases   ] GC(24)   Post Evacuate Collection Set: 9.13ms
[2026-07-18T17:03:01.512+0000][info][gc,phases   ] GC(24)   Other: 0.47ms
[2026-07-18T17:03:01.513+0000][info][gc,heap     ] GC(24) Eden regions: 900->0(900)
[2026-07-18T17:03:01.517+0000][info][gc,heap     ] GC(24) Survivor regions: 0->0(113)
[2026-07-18T17:03:01.523+0000][info][gc,heap     ] GC(24) Old regions: 3->3
[2026-07-18T17:03:01.525+0000][info][gc,heap     ] GC(24) Humongous regions: 16->16
[2026-07-18T17:03:01.527+0000][info][gc,metaspace] GC(24) Metaspace: 432K(576K)->432K(576K) NonClass: 401K(448K)->401K(448K) Class: 31K(128K)->31K(128K)
[2026-07-18T17:03:01.530+0000][info][gc          ] GC(24) Pause Young (Normal) (G1 Evacuation Pause) 917M->17M(1500M) 38.828ms
[2026-07-18T17:03:01.531+0000][info][gc,cpu      ] GC(24) User=0.01s Sys=0.01s Real=0.03s
[2026-07-18T17:03:02.143+0000][info][gc,start    ] GC(25) Pause Young (Normal) (G1 Evacuation Pause)
[2026-07-18T17:03:02.143+0000][info][gc,task     ] GC(25) Using 4 workers of 4 for evacuation
[2026-07-18T17:03:02.148+0000][info][gc,phases   ] GC(25)   Pre Evacuate Collection Set: 2.00ms
[2026-07-18T17:03:02.148+0000][info][gc,phases   ] GC(25)   Merge Heap Roots: 0.29ms
[2026-07-18T17:03:02.149+0000][info][gc,phases   ] GC(25)   Evacuate Collection Set: 0.55ms
[2026-07-18T17:03:02.149+0000][info][gc,phases   ] GC(25)   Post Evacuate Collection Set: 1.69ms
[2026-07-18T17:03:02.150+0000][info][gc,phases   ] GC(25)   Other: 0.29ms
[2026-07-18T17:03:02.150+0000][info][gc,heap     ] GC(25) Eden regions: 900->0(900)
[2026-07-18T17:03:02.150+0000][info][gc,heap     ] GC(25) Survivor regions: 0->0(113)
[2026-07-18T17:03:02.150+0000][info][gc,heap     ] GC(25) Old regions: 3->3
[2026-07-18T17:03:02.150+0000][info][gc,heap     ] GC(25) Humongous regions: 16->16
[2026-07-18T17:03:02.150+0000][info][gc,metaspace] GC(25) Metaspace: 432K(576K)->432K(576K) NonClass: 401K(448K)->401K(448K) Class: 31K(128K)->31K(128K)
[2026-07-18T17:03:02.150+0000][info][gc          ] GC(25) Pause Young (Normal) (G1 Evacuation Pause) 917M->17M(1500M) 7.356ms
[2026-07-18T17:03:02.150+0000][info][gc,cpu      ] GC(25) User=0.00s Sys=0.00s Real=0.00s
[2026-07-18T17:03:03.006+0000][info][gc,start    ] GC(26) Pause Young (Normal) (G1 Evacuation Pause)
[2026-07-18T17:03:03.007+0000][info][gc,task     ] GC(26) Using 4 workers of 4 for evacuation
[2026-07-18T17:03:03.014+0000][info][gc,phases   ] GC(26)   Pre Evacuate Collection Set: 2.25ms
[2026-07-18T17:03:03.014+0000][info][gc,phases   ] GC(26)   Merge Heap Roots: 0.54ms
[2026-07-18T17:03:03.014+0000][info][gc,phases   ] GC(26)   Evacuate Collection Set: 0.65ms
[2026-07-18T17:03:03.015+0000][info][gc,phases   ] GC(26)   Post Evacuate Collection Set: 2.99ms
[2026-07-18T17:03:03.016+0000][info][gc,phases   ] GC(26)   Other: 0.74ms
[2026-07-18T17:03:03.016+0000][info][gc,heap     ] GC(26) Eden regions: 900->0(900)
[2026-07-18T17:03:03.016+0000][info][gc,heap     ] GC(26) Survivor regions: 0->0(113)
[2026-07-18T17:03:03.017+0000][info][gc,heap     ] GC(26) Old regions: 3->3
[2026-07-18T17:03:03.017+0000][info][gc,heap     ] GC(26) Humongous regions: 16->16
[2026-07-18T17:03:03.018+0000][info][gc,metaspace] GC(26) Metaspace: 432K(576K)->432K(576K) NonClass: 401K(448K)->401K(448K) Class: 31K(128K)->31K(128K)
[2026-07-18T17:03:03.020+0000][info][gc          ] GC(26) Pause Young (Normal) (G1 Evacuation Pause) 917M->17M(1500M) 14.122ms
[2026-07-18T17:03:03.021+0000][info][gc,cpu      ] GC(26) User=0.00s Sys=0.00s Real=0.02s
[2026-07-18T17:03:03.446+0000][info][gc,start    ] GC(27) Pause Young (Normal) (G1 Evacuation Pause)
[2026-07-18T17:03:03.446+0000][info][gc,task     ] GC(27) Using 4 workers of 4 for evacuation
[2026-07-18T17:03:03.452+0000][info][gc,phases   ] GC(27)   Pre Evacuate Collection Set: 0.50ms
[2026-07-18T17:03:03.453+0000][info][gc,phases   ] GC(27)   Merge Heap Roots: 0.14ms
[2026-07-18T17:03:03.454+0000][info][gc,phases   ] GC(27)   Evacuate Collection Set: 0.89ms
[2026-07-18T17:03:03.454+0000][info][gc,phases   ] GC(27)   Post Evacuate Collection Set: 4.16ms
[2026-07-18T17:03:03.454+0000][info][gc,phases   ] GC(27)   Other: 0.68ms
[2026-07-18T17:03:03.456+0000][info][gc,heap     ] GC(27) Eden regions: 900->0(900)
[2026-07-18T17:03:03.457+0000][info][gc,heap     ] GC(27) Survivor regions: 0->0(113)
[2026-07-18T17:03:03.457+0000][info][gc,heap     ] GC(27) Old regions: 3->3
[2026-07-18T17:03:03.458+0000][info][gc,heap     ] GC(27) Humongous regions: 16->16
[2026-07-18T17:03:03.458+0000][info][gc,metaspace] GC(27) Metaspace: 432K(576K)->432K(576K) NonClass: 401K(448K)->401K(448K) Class: 31K(128K)->31K(128K)
[2026-07-18T17:03:03.458+0000][info][gc          ] GC(27) Pause Young (Normal) (G1 Evacuation Pause) 917M->17M(1500M) 12.426ms
[2026-07-18T17:03:03.458+0000][info][gc,cpu      ] GC(27) User=0.00s Sys=0.00s Real=0.01s
[2026-07-18T17:03:03.853+0000][info][gc,start    ] GC(28) Pause Young (Normal) (G1 Evacuation Pause)
[2026-07-18T17:03:03.853+0000][info][gc,task     ] GC(28) Using 4 workers of 4 for evacuation
[2026-07-18T17:03:03.856+0000][info][gc,phases   ] GC(28)   Pre Evacuate Collection Set: 0.63ms
[2026-07-18T17:03:03.856+0000][info][gc,phases   ] GC(28)   Merge Heap Roots: 0.24ms
[2026-07-18T17:03:03.856+0000][info][gc,phases   ] GC(28)   Evacuate Collection Set: 0.30ms
[2026-07-18T17:03:03.856+0000][info][gc,phases   ] GC(28)   Post Evacuate Collection Set: 0.97ms
[2026-07-18T17:03:03.856+0000][info][gc,phases   ] GC(28)   Other: 0.26ms
[2026-07-18T17:03:03.856+0000][info][gc,heap     ] GC(28) Eden regions: 900->0(900)
[2026-07-18T17:03:03.856+0000][info][gc,heap     ] GC(28) Survivor regions: 0->0(113)
[2026-07-18T17:03:03.856+0000][info][gc,heap     ] GC(28) Old regions: 3->3
[2026-07-18T17:03:03.856+0000][info][gc,heap     ] GC(28) Humongous regions: 16->16
[2026-07-18T17:03:03.856+0000][info][gc,metaspace] GC(28) Metaspace: 432K(576K)->432K(576K) NonClass: 401K(448K)->401K(448K) Class: 31K(128K)->31K(128K)
[2026-07-18T17:03:03.857+0000][info][gc          ] GC(28) Pause Young (Normal) (G1 Evacuation Pause) 917M->17M(1500M) 3.764ms
[2026-07-18T17:03:03.857+0000][info][gc,cpu      ] GC(28) User=0.00s Sys=0.00s Real=0.00s
[2026-07-18T17:03:04.212+0000][info][gc,start    ] GC(29) Pause Young (Normal) (G1 Evacuation Pause)
[2026-07-18T17:03:04.213+0000][info][gc,task     ] GC(29) Using 4 workers of 4 for evacuation
[2026-07-18T17:03:04.217+0000][info][gc,phases   ] GC(29)   Pre Evacuate Collection Set: 0.71ms
[2026-07-18T17:03:04.217+0000][info][gc,phases   ] GC(29)   Merge Heap Roots: 0.28ms
[2026-07-18T17:03:04.217+0000][info][gc,phases   ] GC(29)   Evacuate Collection Set: 0.23ms
[2026-07-18T17:03:04.218+0000][info][gc,phases   ] GC(29)   Post Evacuate Collection Set: 2.11ms
[2026-07-18T17:03:04.218+0000][info][gc,phases   ] GC(29)   Other: 0.31ms
[2026-07-18T17:03:04.218+0000][info][gc,heap     ] GC(29) Eden regions: 900->0(900)
[2026-07-18T17:03:04.218+0000][info][gc,heap     ] GC(29) Survivor regions: 0->0(113)
[2026-07-18T17:03:04.218+0000][info][gc,heap     ] GC(29) Old regions: 3->3
[2026-07-18T17:03:04.218+0000][info][gc,heap     ] GC(29) Humongous regions: 16->16
[2026-07-18T17:03:04.218+0000][info][gc,metaspace] GC(29) Metaspace: 432K(576K)->432K(576K) NonClass: 401K(448K)->401K(448K) Class: 31K(128K)->31K(128K)
[2026-07-18T17:03:04.219+0000][info][gc          ] GC(29) Pause Young (Normal) (G1 Evacuation Pause) 917M->17M(1500M) 6.457ms
[2026-07-18T17:03:04.219+0000][info][gc,cpu      ] GC(29) User=0.00s Sys=0.00s Real=0.00s
[2026-07-18T17:03:04.660+0000][info][gc,start    ] GC(30) Pause Young (Normal) (G1 Evacuation Pause)
[2026-07-18T17:03:04.661+0000][info][gc,task     ] GC(30) Using 4 workers of 4 for evacuation
[2026-07-18T17:03:04.666+0000][info][gc,phases   ] GC(30)   Pre Evacuate Collection Set: 0.86ms
[2026-07-18T17:03:04.667+0000][info][gc,phases   ] GC(30)   Merge Heap Roots: 1.18ms
[2026-07-18T17:03:04.673+0000][info][gc,phases   ] GC(30)   Evacuate Collection Set: 1.02ms
[2026-07-18T17:03:04.680+0000][info][gc,phases   ] GC(30)   Post Evacuate Collection Set: 2.17ms
[2026-07-18T17:03:04.681+0000][info][gc,phases   ] GC(30)   Other: 0.41ms
[2026-07-18T17:03:04.681+0000][info][gc,heap     ] GC(30) Eden regions: 900->0(900)
[2026-07-18T17:03:04.684+0000][info][gc,heap     ] GC(30) Survivor regions: 0->0(113)
[2026-07-18T17:03:04.684+0000][info][gc,heap     ] GC(30) Old regions: 3->3
[2026-07-18T17:03:04.686+0000][info][gc,heap     ] GC(30) Humongous regions: 16->16
[2026-07-18T17:03:04.687+0000][info][gc,metaspace] GC(30) Metaspace: 432K(576K)->432K(576K) NonClass: 401K(448K)->401K(448K) Class: 31K(128K)->31K(128K)
[2026-07-18T17:03:04.687+0000][info][gc          ] GC(30) Pause Young (Normal) (G1 Evacuation Pause) 917M->17M(1500M) 27.086ms
[2026-07-18T17:03:04.689+0000][info][gc,cpu      ] GC(30) User=0.00s Sys=0.01s Real=0.03s
[2026-07-18T17:03:05.160+0000][info][gc,start    ] GC(31) Pause Young (Normal) (G1 Evacuation Pause)
[2026-07-18T17:03:05.161+0000][info][gc,task     ] GC(31) Using 4 workers of 4 for evacuation
[2026-07-18T17:03:05.168+0000][info][gc,phases   ] GC(31)   Pre Evacuate Collection Set: 0.57ms
[2026-07-18T17:03:05.168+0000][info][gc,phases   ] GC(31)   Merge Heap Roots: 0.22ms
[2026-07-18T17:03:05.168+0000][info][gc,phases   ] GC(31)   Evacuate Collection Set: 0.23ms
[2026-07-18T17:03:05.168+0000][info][gc,phases   ] GC(31)   Post Evacuate Collection Set: 5.28ms
[2026-07-18T17:03:05.169+0000][info][gc,phases   ] GC(31)   Other: 0.73ms
[2026-07-18T17:03:05.169+0000][info][gc,heap     ] GC(31) Eden regions: 900->0(900)
[2026-07-18T17:03:05.169+0000][info][gc,heap     ] GC(31) Survivor regions: 0->0(113)
[2026-07-18T17:03:05.169+0000][info][gc,heap     ] GC(31) Old regions: 3->3
[2026-07-18T17:03:05.169+0000][info][gc,heap     ] GC(31) Humongous regions: 16->16
[2026-07-18T17:03:05.169+0000][info][gc,metaspace] GC(31) Metaspace: 432K(576K)->432K(576K) NonClass: 401K(448K)->401K(448K) Class: 31K(128K)->31K(128K)
[2026-07-18T17:03:05.170+0000][info][gc          ] GC(31) Pause Young (Normal) (G1 Evacuation Pause) 917M->17M(1500M) 9.399ms
[2026-07-18T17:03:05.170+0000][info][gc,cpu      ] GC(31) User=0.01s Sys=0.00s Real=0.01s
[2026-07-18T17:03:05.534+0000][info][gc,start    ] GC(32) Pause Young (Normal) (G1 Evacuation Pause)
[2026-07-18T17:03:05.537+0000][info][gc,task     ] GC(32) Using 4 workers of 4 for evacuation
[2026-07-18T17:03:05.546+0000][info][gc,phases   ] GC(32)   Pre Evacuate Collection Set: 0.70ms
[2026-07-18T17:03:05.546+0000][info][gc,phases   ] GC(32)   Merge Heap Roots: 0.58ms
[2026-07-18T17:03:05.546+0000][info][gc,phases   ] GC(32)   Evacuate Collection Set: 3.88ms
[2026-07-18T17:03:05.546+0000][info][gc,phases   ] GC(32)   Post Evacuate Collection Set: 2.09ms
[2026-07-18T17:03:05.546+0000][info][gc,phases   ] GC(32)   Other: 1.00ms
[2026-07-18T17:03:05.547+0000][info][gc,heap     ] GC(32) Eden regions: 900->0(900)
[2026-07-18T17:03:05.547+0000][info][gc,heap     ] GC(32) Survivor regions: 0->0(113)
[2026-07-18T17:03:05.547+0000][info][gc,heap     ] GC(32) Old regions: 3->3
[2026-07-18T17:03:05.547+0000][info][gc,heap     ] GC(32) Humongous regions: 16->16
[2026-07-18T17:03:05.547+0000][info][gc,metaspace] GC(32) Metaspace: 432K(576K)->432K(576K) NonClass: 401K(448K)->401K(448K) Class: 31K(128K)->31K(128K)
[2026-07-18T17:03:05.547+0000][info][gc          ] GC(32) Pause Young (Normal) (G1 Evacuation Pause) 917M->17M(1500M) 13.189ms
[2026-07-18T17:03:05.547+0000][info][gc,cpu      ] GC(32) User=0.01s Sys=0.00s Real=0.01s
[2026-07-18T17:03:06.035+0000][info][gc,start    ] GC(33) Pause Young (Normal) (G1 Evacuation Pause)
[2026-07-18T17:03:06.035+0000][info][gc,task     ] GC(33) Using 4 workers of 4 for evacuation
[2026-07-18T17:03:06.042+0000][info][gc,phases   ] GC(33)   Pre Evacuate Collection Set: 1.68ms
[2026-07-18T17:03:06.042+0000][info][gc,phases   ] GC(33)   Merge Heap Roots: 2.18ms
[2026-07-18T17:03:06.042+0000][info][gc,phases   ] GC(33)   Evacuate Collection Set: 1.21ms
[2026-07-18T17:03:06.042+0000][info][gc,phases   ] GC(33)   Post Evacuate Collection Set: 1.57ms
[2026-07-18T17:03:06.042+0000][info][gc,phases   ] GC(33)   Other: 0.25ms
[2026-07-18T17:03:06.043+0000][info][gc,heap     ] GC(33) Eden regions: 900->0(900)
[2026-07-18T17:03:06.043+0000][info][gc,heap     ] GC(33) Survivor regions: 0->0(113)
[2026-07-18T17:03:06.043+0000][info][gc,heap     ] GC(33) Old regions: 3->3
[2026-07-18T17:03:06.043+0000][info][gc,heap     ] GC(33) Humongous regions: 16->16
[2026-07-18T17:03:06.043+0000][info][gc,metaspace] GC(33) Metaspace: 432K(576K)->432K(576K) NonClass: 401K(448K)->401K(448K) Class: 31K(128K)->31K(128K)
[2026-07-18T17:03:06.043+0000][info][gc          ] GC(33) Pause Young (Normal) (G1 Evacuation Pause) 917M->17M(1500M) 8.321ms
[2026-07-18T17:03:06.043+0000][info][gc,cpu      ] GC(33) User=0.01s Sys=0.00s Real=0.01s
[2026-07-18T17:03:06.517+0000][info][gc,start    ] GC(34) Pause Young (Normal) (G1 Evacuation Pause)
[2026-07-18T17:03:06.518+0000][info][gc,task     ] GC(34) Using 4 workers of 4 for evacuation
[2026-07-18T17:03:06.526+0000][info][gc,phases   ] GC(34)   Pre Evacuate Collection Set: 1.59ms
[2026-07-18T17:03:06.527+0000][info][gc,phases   ] GC(34)   Merge Heap Roots: 0.23ms
[2026-07-18T17:03:06.527+0000][info][gc,phases   ] GC(34)   Evacuate Collection Set: 2.54ms
[2026-07-18T17:03:06.527+0000][info][gc,phases   ] GC(34)   Post Evacuate Collection Set: 3.36ms
[2026-07-18T17:03:06.527+0000][info][gc,phases   ] GC(34)   Other: 0.24ms
[2026-07-18T17:03:06.527+0000][info][gc,heap     ] GC(34) Eden regions: 900->0(900)
[2026-07-18T17:03:06.528+0000][info][gc,heap     ] GC(34) Survivor regions: 0->0(113)
[2026-07-18T17:03:06.528+0000][info][gc,heap     ] GC(34) Old regions: 3->3
[2026-07-18T17:03:06.528+0000][info][gc,heap     ] GC(34) Humongous regions: 16->16
[2026-07-18T17:03:06.528+0000][info][gc,metaspace] GC(34) Metaspace: 432K(576K)->432K(576K) NonClass: 401K(448K)->401K(448K) Class: 31K(128K)->31K(128K)
[2026-07-18T17:03:06.528+0000][info][gc          ] GC(34) Pause Young (Normal) (G1 Evacuation Pause) 917M->17M(1500M) 10.597ms
[2026-07-18T17:03:06.528+0000][info][gc,cpu      ] GC(34) User=0.01s Sys=0.00s Real=0.01s
[2026-07-18T17:03:07.002+0000][info][gc,start    ] GC(35) Pause Young (Normal) (G1 Evacuation Pause)
[2026-07-18T17:03:07.004+0000][info][gc,task     ] GC(35) Using 4 workers of 4 for evacuation
[2026-07-18T17:03:07.008+0000][info][gc,phases   ] GC(35)   Pre Evacuate Collection Set: 0.68ms
[2026-07-18T17:03:07.008+0000][info][gc,phases   ] GC(35)   Merge Heap Roots: 0.33ms
[2026-07-18T17:03:07.009+0000][info][gc,phases   ] GC(35)   Evacuate Collection Set: 1.19ms
[2026-07-18T17:03:07.010+0000][info][gc,phases   ] GC(35)   Post Evacuate Collection Set: 1.01ms
[2026-07-18T17:03:07.012+0000][info][gc,phases   ] GC(35)   Other: 0.61ms
[2026-07-18T17:03:07.013+0000][info][gc,heap     ] GC(35) Eden regions: 900->0(900)
[2026-07-18T17:03:07.014+0000][info][gc,heap     ] GC(35) Survivor regions: 0->0(113)
[2026-07-18T17:03:07.015+0000][info][gc,heap     ] GC(35) Old regions: 3->3
[2026-07-18T17:03:07.015+0000][info][gc,heap     ] GC(35) Humongous regions: 16->16
[2026-07-18T17:03:07.015+0000][info][gc,metaspace] GC(35) Metaspace: 432K(576K)->432K(576K) NonClass: 401K(448K)->401K(448K) Class: 31K(128K)->31K(128K)
[2026-07-18T17:03:07.016+0000][info][gc          ] GC(35) Pause Young (Normal) (G1 Evacuation Pause) 917M->17M(1500M) 13.080ms
[2026-07-18T17:03:07.016+0000][info][gc,cpu      ] GC(35) User=0.00s Sys=0.00s Real=0.01s
[2026-07-18T17:03:07.505+0000][info][gc,start    ] GC(36) Pause Young (Normal) (G1 Evacuation Pause)
[2026-07-18T17:03:07.506+0000][info][gc,task     ] GC(36) Using 4 workers of 4 for evacuation
[2026-07-18T17:03:07.508+0000][info][gc,phases   ] GC(36)   Pre Evacuate Collection Set: 0.42ms
[2026-07-18T17:03:07.508+0000][info][gc,phases   ] GC(36)   Merge Heap Roots: 0.28ms
[2026-07-18T17:03:07.508+0000][info][gc,phases   ] GC(36)   Evacuate Collection Set: 0.37ms
[2026-07-18T17:03:07.508+0000][info][gc,phases   ] GC(36)   Post Evacuate Collection Set: 0.65ms
[2026-07-18T17:03:07.508+0000][info][gc,phases   ] GC(36)   Other: 0.23ms
[2026-07-18T17:03:07.508+0000][info][gc,heap     ] GC(36) Eden regions: 900->0(900)
[2026-07-18T17:03:07.508+0000][info][gc,heap     ] GC(36) Survivor regions: 0->0(113)
[2026-07-18T17:03:07.508+0000][info][gc,heap     ] GC(36) Old regions: 3->3
[2026-07-18T17:03:07.508+0000][info][gc,heap     ] GC(36) Humongous regions: 16->16
[2026-07-18T17:03:07.508+0000][info][gc,metaspace] GC(36) Metaspace: 432K(576K)->432K(576K) NonClass: 401K(448K)->401K(448K) Class: 31K(128K)->31K(128K)
[2026-07-18T17:03:07.509+0000][info][gc          ] GC(36) Pause Young (Normal) (G1 Evacuation Pause) 917M->17M(1500M) 3.059ms
[2026-07-18T17:03:07.509+0000][info][gc,cpu      ] GC(36) User=0.00s Sys=0.00s Real=0.00s
[2026-07-18T17:03:07.978+0000][info][gc,start    ] GC(37) Pause Young (Normal) (G1 Evacuation Pause)
[2026-07-18T17:03:07.978+0000][info][gc,task     ] GC(37) Using 4 workers of 4 for evacuation
[2026-07-18T17:03:07.982+0000][info][gc,phases   ] GC(37)   Pre Evacuate Collection Set: 0.43ms
[2026-07-18T17:03:07.982+0000][info][gc,phases   ] GC(37)   Merge Heap Roots: 0.26ms
[2026-07-18T17:03:07.982+0000][info][gc,phases   ] GC(37)   Evacuate Collection Set: 0.53ms
[2026-07-18T17:03:07.982+0000][info][gc,phases   ] GC(37)   Post Evacuate Collection Set: 2.06ms
[2026-07-18T17:03:07.982+0000][info][gc,phases   ] GC(37)   Other: 0.30ms
[2026-07-18T17:03:07.983+0000][info][gc,heap     ] GC(37) Eden regions: 900->0(900)
[2026-07-18T17:03:07.983+0000][info][gc,heap     ] GC(37) Survivor regions: 0->0(113)
[2026-07-18T17:03:07.983+0000][info][gc,heap     ] GC(37) Old regions: 3->3
[2026-07-18T17:03:07.983+0000][info][gc,heap     ] GC(37) Humongous regions: 16->16
[2026-07-18T17:03:07.983+0000][info][gc,metaspace] GC(37) Metaspace: 432K(576K)->432K(576K) NonClass: 401K(448K)->401K(448K) Class: 31K(128K)->31K(128K)
[2026-07-18T17:03:07.983+0000][info][gc          ] GC(37) Pause Young (Normal) (G1 Evacuation Pause) 917M->17M(1500M) 5.141ms
[2026-07-18T17:03:07.983+0000][info][gc,cpu      ] GC(37) User=0.00s Sys=0.01s Real=0.01s
[2026-07-18T17:03:08.237+0000][info][gc,start    ] GC(38) Pause Young (Normal) (G1 Evacuation Pause)
[2026-07-18T17:03:08.237+0000][info][gc,task     ] GC(38) Using 4 workers of 4 for evacuation
[2026-07-18T17:03:08.239+0000][info][gc,phases   ] GC(38)   Pre Evacuate Collection Set: 0.41ms
[2026-07-18T17:03:08.239+0000][info][gc,phases   ] GC(38)   Merge Heap Roots: 0.21ms
[2026-07-18T17:03:08.239+0000][info][gc,phases   ] GC(38)   Evacuate Collection Set: 0.27ms
[2026-07-18T17:03:08.239+0000][info][gc,phases   ] GC(38)   Post Evacuate Collection Set: 0.78ms
[2026-07-18T17:03:08.239+0000][info][gc,phases   ] GC(38)   Other: 0.14ms
[2026-07-18T17:03:08.240+0000][info][gc,heap     ] GC(38) Eden regions: 900->0(900)
[2026-07-18T17:03:08.240+0000][info][gc,heap     ] GC(38) Survivor regions: 0->0(113)
[2026-07-18T17:03:08.240+0000][info][gc,heap     ] GC(38) Old regions: 3->3
[2026-07-18T17:03:08.240+0000][info][gc,heap     ] GC(38) Humongous regions: 16->16
[2026-07-18T17:03:08.240+0000][info][gc,metaspace] GC(38) Metaspace: 432K(576K)->432K(576K) NonClass: 401K(448K)->401K(448K) Class: 31K(128K)->31K(128K)
[2026-07-18T17:03:08.240+0000][info][gc          ] GC(38) Pause Young (Normal) (G1 Evacuation Pause) 917M->17M(1500M) 3.194ms
[2026-07-18T17:03:08.240+0000][info][gc,cpu      ] GC(38) User=0.00s Sys=0.00s Real=0.00s
[2026-07-18T17:03:08.571+0000][info][gc,start    ] GC(39) Pause Young (Normal) (G1 Evacuation Pause)
[2026-07-18T17:03:08.572+0000][info][gc,task     ] GC(39) Using 4 workers of 4 for evacuation
[2026-07-18T17:03:08.575+0000][info][gc,phases   ] GC(39)   Pre Evacuate Collection Set: 0.86ms
[2026-07-18T17:03:08.575+0000][info][gc,phases   ] GC(39)   Merge Heap Roots: 0.22ms
[2026-07-18T17:03:08.575+0000][info][gc,phases   ] GC(39)   Evacuate Collection Set: 0.75ms
[2026-07-18T17:03:08.575+0000][info][gc,phases   ] GC(39)   Post Evacuate Collection Set: 0.69ms
[2026-07-18T17:03:08.576+0000][info][gc,phases   ] GC(39)   Other: 0.65ms
[2026-07-18T17:03:08.576+0000][info][gc,heap     ] GC(39) Eden regions: 900->0(900)
[2026-07-18T17:03:08.576+0000][info][gc,heap     ] GC(39) Survivor regions: 0->0(113)
[2026-07-18T17:03:08.576+0000][info][gc,heap     ] GC(39) Old regions: 3->3
[2026-07-18T17:03:08.576+0000][info][gc,heap     ] GC(39) Humongous regions: 16->16
[2026-07-18T17:03:08.576+0000][info][gc,metaspace] GC(39) Metaspace: 432K(576K)->432K(576K) NonClass: 401K(448K)->401K(448K) Class: 31K(128K)->31K(128K)
[2026-07-18T17:03:08.576+0000][info][gc          ] GC(39) Pause Young (Normal) (G1 Evacuation Pause) 917M->17M(1500M) 5.240ms
[2026-07-18T17:03:08.576+0000][info][gc,cpu      ] GC(39) User=0.00s Sys=0.00s Real=0.01s
[2026-07-18T17:03:08.974+0000][info][gc,start    ] GC(40) Pause Young (Normal) (G1 Evacuation Pause)
[2026-07-18T17:03:08.974+0000][info][gc,task     ] GC(40) Using 4 workers of 4 for evacuation
[2026-07-18T17:03:08.978+0000][info][gc,phases   ] GC(40)   Pre Evacuate Collection Set: 1.10ms
[2026-07-18T17:03:08.978+0000][info][gc,phases   ] GC(40)   Merge Heap Roots: 0.21ms
[2026-07-18T17:03:08.978+0000][info][gc,phases   ] GC(40)   Evacuate Collection Set: 0.55ms
[2026-07-18T17:03:08.978+0000][info][gc,phases   ] GC(40)   Post Evacuate Collection Set: 0.87ms
[2026-07-18T17:03:08.978+0000][info][gc,phases   ] GC(40)   Other: 0.58ms
[2026-07-18T17:03:08.978+0000][info][gc,heap     ] GC(40) Eden regions: 900->0(900)
[2026-07-18T17:03:08.978+0000][info][gc,heap     ] GC(40) Survivor regions: 0->0(113)
[2026-07-18T17:03:08.978+0000][info][gc,heap     ] GC(40) Old regions: 3->3
[2026-07-18T17:03:08.978+0000][info][gc,heap     ] GC(40) Humongous regions: 16->16
[2026-07-18T17:03:08.978+0000][info][gc,metaspace] GC(40) Metaspace: 432K(576K)->432K(576K) NonClass: 401K(448K)->401K(448K) Class: 31K(128K)->31K(128K)
[2026-07-18T17:03:08.978+0000][info][gc          ] GC(40) Pause Young (Normal) (G1 Evacuation Pause) 917M->17M(1500M) 4.474ms
[2026-07-18T17:03:08.978+0000][info][gc,cpu      ] GC(40) User=0.00s Sys=0.01s Real=0.00s
[2026-07-18T17:03:09.393+0000][info][gc,start    ] GC(41) Pause Young (Normal) (G1 Evacuation Pause)
[2026-07-18T17:03:09.393+0000][info][gc,task     ] GC(41) Using 4 workers of 4 for evacuation
[2026-07-18T17:03:09.394+0000][info][gc,phases   ] GC(41)   Pre Evacuate Collection Set: 0.39ms
[2026-07-18T17:03:09.395+0000][info][gc,phases   ] GC(41)   Merge Heap Roots: 0.16ms
[2026-07-18T17:03:09.395+0000][info][gc,phases   ] GC(41)   Evacuate Collection Set: 0.14ms
[2026-07-18T17:03:09.395+0000][info][gc,phases   ] GC(41)   Post Evacuate Collection Set: 0.61ms
[2026-07-18T17:03:09.395+0000][info][gc,phases   ] GC(41)   Other: 0.14ms
[2026-07-18T17:03:09.395+0000][info][gc,heap     ] GC(41) Eden regions: 900->0(900)
[2026-07-18T17:03:09.395+0000][info][gc,heap     ] GC(41) Survivor regions: 0->0(113)
[2026-07-18T17:03:09.395+0000][info][gc,heap     ] GC(41) Old regions: 3->3
[2026-07-18T17:03:09.395+0000][info][gc,heap     ] GC(41) Humongous regions: 16->16
[2026-07-18T17:03:09.395+0000][info][gc,metaspace] GC(41) Metaspace: 432K(576K)->432K(576K) NonClass: 401K(448K)->401K(448K) Class: 31K(128K)->31K(128K)
[2026-07-18T17:03:09.395+0000][info][gc          ] GC(41) Pause Young (Normal) (G1 Evacuation Pause) 917M->17M(1500M) 2.459ms
[2026-07-18T17:03:09.395+0000][info][gc,cpu      ] GC(41) User=0.00s Sys=0.00s Real=0.00s
[2026-07-18T17:03:09.564+0000][info][gc,start    ] GC(42) Pause Young (Normal) (G1 Evacuation Pause)
[2026-07-18T17:03:09.564+0000][info][gc,task     ] GC(42) Using 4 workers of 4 for evacuation
[2026-07-18T17:03:09.565+0000][info][gc,phases   ] GC(42)   Pre Evacuate Collection Set: 0.31ms
[2026-07-18T17:03:09.566+0000][info][gc,phases   ] GC(42)   Merge Heap Roots: 0.18ms
[2026-07-18T17:03:09.566+0000][info][gc,phases   ] GC(42)   Evacuate Collection Set: 0.19ms
[2026-07-18T17:03:09.566+0000][info][gc,phases   ] GC(42)   Post Evacuate Collection Set: 0.42ms
[2026-07-18T17:03:09.566+0000][info][gc,phases   ] GC(42)   Other: 0.12ms
[2026-07-18T17:03:09.566+0000][info][gc,heap     ] GC(42) Eden regions: 900->0(900)
[2026-07-18T17:03:09.566+0000][info][gc,heap     ] GC(42) Survivor regions: 0->0(113)
[2026-07-18T17:03:09.566+0000][info][gc,heap     ] GC(42) Old regions: 3->3
[2026-07-18T17:03:09.566+0000][info][gc,heap     ] GC(42) Humongous regions: 16->16
[2026-07-18T17:03:09.566+0000][info][gc,metaspace] GC(42) Metaspace: 432K(576K)->432K(576K) NonClass: 401K(448K)->401K(448K) Class: 31K(128K)->31K(128K)
[2026-07-18T17:03:09.566+0000][info][gc          ] GC(42) Pause Young (Normal) (G1 Evacuation Pause) 917M->17M(1500M) 1.975ms
[2026-07-18T17:03:09.566+0000][info][gc,cpu      ] GC(42) User=0.00s Sys=0.00s Real=0.00s
[2026-07-18T17:03:09.716+0000][info][gc,start    ] GC(43) Pause Young (Normal) (G1 Evacuation Pause)
[2026-07-18T17:03:09.716+0000][info][gc,task     ] GC(43) Using 4 workers of 4 for evacuation
[2026-07-18T17:03:09.718+0000][info][gc,phases   ] GC(43)   Pre Evacuate Collection Set: 0.28ms
[2026-07-18T17:03:09.718+0000][info][gc,phases   ] GC(43)   Merge Heap Roots: 0.10ms
[2026-07-18T17:03:09.718+0000][info][gc,phases   ] GC(43)   Evacuate Collection Set: 0.15ms
[2026-07-18T17:03:09.718+0000][info][gc,phases   ] GC(43)   Post Evacuate Collection Set: 0.52ms
[2026-07-18T17:03:09.718+0000][info][gc,phases   ] GC(43)   Other: 0.14ms
[2026-07-18T17:03:09.718+0000][info][gc,heap     ] GC(43) Eden regions: 900->0(900)
[2026-07-18T17:03:09.718+0000][info][gc,heap     ] GC(43) Survivor regions: 0->0(113)
[2026-07-18T17:03:09.718+0000][info][gc,heap     ] GC(43) Old regions: 3->3
[2026-07-18T17:03:09.718+0000][info][gc,heap     ] GC(43) Humongous regions: 16->16
[2026-07-18T17:03:09.718+0000][info][gc,metaspace] GC(43) Metaspace: 432K(576K)->432K(576K) NonClass: 401K(448K)->401K(448K) Class: 31K(128K)->31K(128K)
[2026-07-18T17:03:09.718+0000][info][gc          ] GC(43) Pause Young (Normal) (G1 Evacuation Pause) 917M->17M(1500M) 2.022ms
[2026-07-18T17:03:09.718+0000][info][gc,cpu      ] GC(43) User=0.00s Sys=0.00s Real=0.00s
[2026-07-18T17:03:09.927+0000][info][gc,start    ] GC(44) Pause Young (Normal) (G1 Evacuation Pause)
[2026-07-18T17:03:09.927+0000][info][gc,task     ] GC(44) Using 4 workers of 4 for evacuation
[2026-07-18T17:03:09.933+0000][info][gc,phases   ] GC(44)   Pre Evacuate Collection Set: 1.06ms
[2026-07-18T17:03:09.933+0000][info][gc,phases   ] GC(44)   Merge Heap Roots: 0.56ms
[2026-07-18T17:03:09.933+0000][info][gc,phases   ] GC(44)   Evacuate Collection Set: 2.29ms
[2026-07-18T17:03:09.934+0000][info][gc,phases   ] GC(44)   Post Evacuate Collection Set: 1.40ms
[2026-07-18T17:03:09.934+0000][info][gc,phases   ] GC(44)   Other: 0.37ms
[2026-07-18T17:03:09.934+0000][info][gc,heap     ] GC(44) Eden regions: 900->0(900)
[2026-07-18T17:03:09.934+0000][info][gc,heap     ] GC(44) Survivor regions: 0->0(113)
[2026-07-18T17:03:09.934+0000][info][gc,heap     ] GC(44) Old regions: 3->3
[2026-07-18T17:03:09.934+0000][info][gc,heap     ] GC(44) Humongous regions: 16->16
[2026-07-18T17:03:09.934+0000][info][gc,metaspace] GC(44) Metaspace: 432K(576K)->432K(576K) NonClass: 401K(448K)->401K(448K) Class: 31K(128K)->31K(128K)
[2026-07-18T17:03:09.935+0000][info][gc          ] GC(44) Pause Young (Normal) (G1 Evacuation Pause) 917M->17M(1500M) 7.974ms
[2026-07-18T17:03:09.935+0000][info][gc,cpu      ] GC(44) User=0.00s Sys=0.00s Real=0.01s
[2026-07-18T17:03:10.527+0000][info][gc,start    ] GC(45) Pause Young (Normal) (G1 Evacuation Pause)
[2026-07-18T17:03:10.527+0000][info][gc,task     ] GC(45) Using 4 workers of 4 for evacuation
[2026-07-18T17:03:10.530+0000][info][gc,phases   ] GC(45)   Pre Evacuate Collection Set: 0.57ms
[2026-07-18T17:03:10.530+0000][info][gc,phases   ] GC(45)   Merge Heap Roots: 0.18ms
[2026-07-18T17:03:10.530+0000][info][gc,phases   ] GC(45)   Evacuate Collection Set: 0.37ms
[2026-07-18T17:03:10.530+0000][info][gc,phases   ] GC(45)   Post Evacuate Collection Set: 0.88ms
[2026-07-18T17:03:10.530+0000][info][gc,phases   ] GC(45)   Other: 0.20ms
[2026-07-18T17:03:10.530+0000][info][gc,heap     ] GC(45) Eden regions: 900->0(900)
[2026-07-18T17:03:10.530+0000][info][gc,heap     ] GC(45) Survivor regions: 0->0(113)
[2026-07-18T17:03:10.531+0000][info][gc,heap     ] GC(45) Old regions: 3->3
[2026-07-18T17:03:10.531+0000][info][gc,heap     ] GC(45) Humongous regions: 16->16
[2026-07-18T17:03:10.531+0000][info][gc,metaspace] GC(45) Metaspace: 432K(576K)->432K(576K) NonClass: 401K(448K)->401K(448K) Class: 31K(128K)->31K(128K)
[2026-07-18T17:03:10.531+0000][info][gc          ] GC(45) Pause Young (Normal) (G1 Evacuation Pause) 917M->17M(1500M) 3.824ms
[2026-07-18T17:03:10.531+0000][info][gc,cpu      ] GC(45) User=0.01s Sys=0.00s Real=0.00s
[2026-07-18T17:03:11.160+0000][info][gc,start    ] GC(46) Pause Young (Normal) (G1 Evacuation Pause)
[2026-07-18T17:03:11.160+0000][info][gc,task     ] GC(46) Using 4 workers of 4 for evacuation
[2026-07-18T17:03:11.165+0000][info][gc,phases   ] GC(46)   Pre Evacuate Collection Set: 1.70ms
[2026-07-18T17:03:11.165+0000][info][gc,phases   ] GC(46)   Merge Heap Roots: 0.24ms
[2026-07-18T17:03:11.165+0000][info][gc,phases   ] GC(46)   Evacuate Collection Set: 0.21ms
[2026-07-18T17:03:11.165+0000][info][gc,phases   ] GC(46)   Post Evacuate Collection Set: 2.13ms
[2026-07-18T17:03:11.165+0000][info][gc,phases   ] GC(46)   Other: 0.39ms
[2026-07-18T17:03:11.165+0000][info][gc,heap     ] GC(46) Eden regions: 900->0(900)
[2026-07-18T17:03:11.165+0000][info][gc,heap     ] GC(46) Survivor regions: 0->0(113)
[2026-07-18T17:03:11.165+0000][info][gc,heap     ] GC(46) Old regions: 3->3
[2026-07-18T17:03:11.166+0000][info][gc,heap     ] GC(46) Humongous regions: 16->16
[2026-07-18T17:03:11.166+0000][info][gc,metaspace] GC(46) Metaspace: 432K(576K)->432K(576K) NonClass: 401K(448K)->401K(448K) Class: 31K(128K)->31K(128K)
[2026-07-18T17:03:11.166+0000][info][gc          ] GC(46) Pause Young (Normal) (G1 Evacuation Pause) 917M->17M(1500M) 6.225ms
[2026-07-18T17:03:11.166+0000][info][gc,cpu      ] GC(46) User=0.00s Sys=0.00s Real=0.01s
[2026-07-18T17:03:11.446+0000][info][gc,start    ] GC(47) Pause Young (Normal) (G1 Evacuation Pause)
[2026-07-18T17:03:11.447+0000][info][gc,task     ] GC(47) Using 4 workers of 4 for evacuation
[2026-07-18T17:03:11.451+0000][info][gc,phases   ] GC(47)   Pre Evacuate Collection Set: 0.86ms
[2026-07-18T17:03:11.451+0000][info][gc,phases   ] GC(47)   Merge Heap Roots: 0.15ms
[2026-07-18T17:03:11.451+0000][info][gc,phases   ] GC(47)   Evacuate Collection Set: 1.25ms
[2026-07-18T17:03:11.451+0000][info][gc,phases   ] GC(47)   Post Evacuate Collection Set: 0.87ms
[2026-07-18T17:03:11.452+0000][info][gc,phases   ] GC(47)   Other: 0.87ms
[2026-07-18T17:03:11.452+0000][info][gc,heap     ] GC(47) Eden regions: 900->0(900)
[2026-07-18T17:03:11.452+0000][info][gc,heap     ] GC(47) Survivor regions: 0->0(113)
[2026-07-18T17:03:11.452+0000][info][gc,heap     ] GC(47) Old regions: 3->3
[2026-07-18T17:03:11.452+0000][info][gc,heap     ] GC(47) Humongous regions: 16->16
[2026-07-18T17:03:11.452+0000][info][gc,metaspace] GC(47) Metaspace: 432K(576K)->432K(576K) NonClass: 401K(448K)->401K(448K) Class: 31K(128K)->31K(128K)
[2026-07-18T17:03:11.453+0000][info][gc          ] GC(47) Pause Young (Normal) (G1 Evacuation Pause) 917M->17M(1500M) 6.760ms
[2026-07-18T17:03:11.453+0000][info][gc,cpu      ] GC(47) User=0.00s Sys=0.00s Real=0.01s
[2026-07-18T17:03:11.782+0000][info][gc,start    ] GC(48) Pause Young (Normal) (G1 Evacuation Pause)
[2026-07-18T17:03:11.783+0000][info][gc,task     ] GC(48) Using 4 workers of 4 for evacuation
[2026-07-18T17:03:11.791+0000][info][gc,phases   ] GC(48)   Pre Evacuate Collection Set: 3.74ms
[2026-07-18T17:03:11.793+0000][info][gc,phases   ] GC(48)   Merge Heap Roots: 0.33ms
[2026-07-18T17:03:11.793+0000][info][gc,phases   ] GC(48)   Evacuate Collection Set: 0.61ms
[2026-07-18T17:03:11.793+0000][info][gc,phases   ] GC(48)   Post Evacuate Collection Set: 2.90ms
[2026-07-18T17:03:11.793+0000][info][gc,phases   ] GC(48)   Other: 0.81ms
[2026-07-18T17:03:11.794+0000][info][gc,heap     ] GC(48) Eden regions: 900->0(900)
[2026-07-18T17:03:11.794+0000][info][gc,heap     ] GC(48) Survivor regions: 0->0(113)
[2026-07-18T17:03:11.794+0000][info][gc,heap     ] GC(48) Old regions: 3->3
[2026-07-18T17:03:11.794+0000][info][gc,heap     ] GC(48) Humongous regions: 16->16
[2026-07-18T17:03:11.794+0000][info][gc,metaspace] GC(48) Metaspace: 432K(576K)->432K(576K) NonClass: 401K(448K)->401K(448K) Class: 31K(128K)->31K(128K)
[2026-07-18T17:03:11.794+0000][info][gc          ] GC(48) Pause Young (Normal) (G1 Evacuation Pause) 917M->17M(1500M) 12.433ms
[2026-07-18T17:03:11.794+0000][info][gc,cpu      ] GC(48) User=0.01s Sys=0.01s Real=0.01s
[2026-07-18T17:03:12.198+0000][info][gc,start    ] GC(49) Pause Young (Normal) (G1 Evacuation Pause)
[2026-07-18T17:03:12.198+0000][info][gc,task     ] GC(49) Using 4 workers of 4 for evacuation
[2026-07-18T17:03:12.200+0000][info][gc,phases   ] GC(49)   Pre Evacuate Collection Set: 0.68ms
[2026-07-18T17:03:12.200+0000][info][gc,phases   ] GC(49)   Merge Heap Roots: 0.12ms
[2026-07-18T17:03:12.200+0000][info][gc,phases   ] GC(49)   Evacuate Collection Set: 0.19ms
[2026-07-18T17:03:12.200+0000][info][gc,phases   ] GC(49)   Post Evacuate Collection Set: 0.67ms
[2026-07-18T17:03:12.200+0000][info][gc,phases   ] GC(49)   Other: 0.18ms
[2026-07-18T17:03:12.201+0000][info][gc,heap     ] GC(49) Eden regions: 900->0(900)
[2026-07-18T17:03:12.201+0000][info][gc,heap     ] GC(49) Survivor regions: 0->0(113)
[2026-07-18T17:03:12.201+0000][info][gc,heap     ] GC(49) Old regions: 3->3
[2026-07-18T17:03:12.201+0000][info][gc,heap     ] GC(49) Humongous regions: 16->16
[2026-07-18T17:03:12.201+0000][info][gc,metaspace] GC(49) Metaspace: 432K(576K)->432K(576K) NonClass: 401K(448K)->401K(448K) Class: 31K(128K)->31K(128K)
[2026-07-18T17:03:12.201+0000][info][gc          ] GC(49) Pause Young (Normal) (G1 Evacuation Pause) 917M->17M(1500M) 3.130ms
[2026-07-18T17:03:12.201+0000][info][gc,cpu      ] GC(49) User=0.01s Sys=0.00s Real=0.00s
[2026-07-18T17:03:12.529+0000][info][gc,start    ] GC(50) Pause Young (Normal) (G1 Evacuation Pause)
[2026-07-18T17:03:12.530+0000][info][gc,task     ] GC(50) Using 4 workers of 4 for evacuation
[2026-07-18T17:03:12.542+0000][info][gc,phases   ] GC(50)   Pre Evacuate Collection Set: 1.41ms
[2026-07-18T17:03:12.543+0000][info][gc,phases   ] GC(50)   Merge Heap Roots: 0.35ms
[2026-07-18T17:03:12.543+0000][info][gc,phases   ] GC(50)   Evacuate Collection Set: 4.12ms
[2026-07-18T17:03:12.543+0000][info][gc,phases   ] GC(50)   Post Evacuate Collection Set: 1.94ms
[2026-07-18T17:03:12.543+0000][info][gc,phases   ] GC(50)   Other: 4.92ms
[2026-07-18T17:03:12.543+0000][info][gc,heap     ] GC(50) Eden regions: 900->0(900)
[2026-07-18T17:03:12.544+0000][info][gc,heap     ] GC(50) Survivor regions: 0->0(113)
[2026-07-18T17:03:12.544+0000][info][gc,heap     ] GC(50) Old regions: 3->3
[2026-07-18T17:03:12.544+0000][info][gc,heap     ] GC(50) Humongous regions: 16->16
[2026-07-18T17:03:12.544+0000][info][gc,metaspace] GC(50) Metaspace: 432K(576K)->432K(576K) NonClass: 401K(448K)->401K(448K) Class: 31K(128K)->31K(128K)
[2026-07-18T17:03:12.544+0000][info][gc          ] GC(50) Pause Young (Normal) (G1 Evacuation Pause) 917M->17M(1500M) 15.389ms
[2026-07-18T17:03:12.545+0000][info][gc,cpu      ] GC(50) User=0.01s Sys=0.00s Real=0.02s
[2026-07-18T17:03:12.867+0000][info][gc,start    ] GC(51) Pause Young (Normal) (G1 Evacuation Pause)
[2026-07-18T17:03:12.868+0000][info][gc,task     ] GC(51) Using 4 workers of 4 for evacuation
[2026-07-18T17:03:12.875+0000][info][gc,phases   ] GC(51)   Pre Evacuate Collection Set: 0.73ms
[2026-07-18T17:03:12.875+0000][info][gc,phases   ] GC(51)   Merge Heap Roots: 0.20ms
[2026-07-18T17:03:12.875+0000][info][gc,phases   ] GC(51)   Evacuate Collection Set: 3.66ms
[2026-07-18T17:03:12.875+0000][info][gc,phases   ] GC(51)   Post Evacuate Collection Set: 1.22ms
[2026-07-18T17:03:12.875+0000][info][gc,phases   ] GC(51)   Other: 0.46ms
[2026-07-18T17:03:12.875+0000][info][gc,heap     ] GC(51) Eden regions: 900->0(900)
[2026-07-18T17:03:12.875+0000][info][gc,heap     ] GC(51) Survivor regions: 0->0(113)
[2026-07-18T17:03:12.875+0000][info][gc,heap     ] GC(51) Old regions: 3->3
[2026-07-18T17:03:12.876+0000][info][gc,heap     ] GC(51) Humongous regions: 16->16
[2026-07-18T17:03:12.877+0000][info][gc,metaspace] GC(51) Metaspace: 432K(576K)->432K(576K) NonClass: 401K(448K)->401K(448K) Class: 31K(128K)->31K(128K)
[2026-07-18T17:03:12.877+0000][info][gc          ] GC(51) Pause Young (Normal) (G1 Evacuation Pause) 917M->17M(1500M) 10.043ms
[2026-07-18T17:03:12.878+0000][info][gc,cpu      ] GC(51) User=0.00s Sys=0.00s Real=0.01s
[2026-07-18T17:03:13.173+0000][info][gc,start    ] GC(52) Pause Young (Normal) (G1 Evacuation Pause)
[2026-07-18T17:03:13.174+0000][info][gc,task     ] GC(52) Using 4 workers of 4 for evacuation
[2026-07-18T17:03:13.176+0000][info][gc,phases   ] GC(52)   Pre Evacuate Collection Set: 0.65ms
[2026-07-18T17:03:13.176+0000][info][gc,phases   ] GC(52)   Merge Heap Roots: 0.12ms
[2026-07-18T17:03:13.176+0000][info][gc,phases   ] GC(52)   Evacuate Collection Set: 0.16ms
[2026-07-18T17:03:13.176+0000][info][gc,phases   ] GC(52)   Post Evacuate Collection Set: 0.90ms
[2026-07-18T17:03:13.176+0000][info][gc,phases   ] GC(52)   Other: 0.22ms
[2026-07-18T17:03:13.176+0000][info][gc,heap     ] GC(52) Eden regions: 900->0(900)
[2026-07-18T17:03:13.177+0000][info][gc,heap     ] GC(52) Survivor regions: 0->0(113)
[2026-07-18T17:03:13.177+0000][info][gc,heap     ] GC(52) Old regions: 3->3
[2026-07-18T17:03:13.177+0000][info][gc,heap     ] GC(52) Humongous regions: 16->16
[2026-07-18T17:03:13.180+0000][info][gc,metaspace] GC(52) Metaspace: 432K(576K)->432K(576K) NonClass: 401K(448K)->401K(448K) Class: 31K(128K)->31K(128K)
[2026-07-18T17:03:13.181+0000][info][gc          ] GC(52) Pause Young (Normal) (G1 Evacuation Pause) 917M->17M(1500M) 7.187ms
[2026-07-18T17:03:13.181+0000][info][gc,cpu      ] GC(52) User=0.00s Sys=0.00s Real=0.00s
[2026-07-18T17:03:13.445+0000][info][gc,start    ] GC(53) Pause Young (Normal) (G1 Evacuation Pause)
[2026-07-18T17:03:13.445+0000][info][gc,task     ] GC(53) Using 4 workers of 4 for evacuation
[2026-07-18T17:03:13.447+0000][info][gc,phases   ] GC(53)   Pre Evacuate Collection Set: 0.38ms
[2026-07-18T17:03:13.447+0000][info][gc,phases   ] GC(53)   Merge Heap Roots: 0.18ms
[2026-07-18T17:03:13.447+0000][info][gc,phases   ] GC(53)   Evacuate Collection Set: 0.24ms
[2026-07-18T17:03:13.447+0000][info][gc,phases   ] GC(53)   Post Evacuate Collection Set: 0.56ms
[2026-07-18T17:03:13.448+0000][info][gc,phases   ] GC(53)   Other: 0.35ms
[2026-07-18T17:03:13.448+0000][info][gc,heap     ] GC(53) Eden regions: 900->0(900)
[2026-07-18T17:03:13.448+0000][info][gc,heap     ] GC(53) Survivor regions: 0->0(113)
[2026-07-18T17:03:13.448+0000][info][gc,heap     ] GC(53) Old regions: 3->3
[2026-07-18T17:03:13.448+0000][info][gc,heap     ] GC(53) Humongous regions: 16->16
[2026-07-18T17:03:13.448+0000][info][gc,metaspace] GC(53) Metaspace: 432K(576K)->432K(576K) NonClass: 401K(448K)->401K(448K) Class: 31K(128K)->31K(128K)
[2026-07-18T17:03:13.448+0000][info][gc          ] GC(53) Pause Young (Normal) (G1 Evacuation Pause) 917M->17M(1500M) 2.701ms
[2026-07-18T17:03:13.448+0000][info][gc,cpu      ] GC(53) User=0.01s Sys=0.00s Real=0.00s
[2026-07-18T17:03:13.784+0000][info][gc,start    ] GC(54) Pause Young (Normal) (G1 Evacuation Pause)
[2026-07-18T17:03:13.785+0000][info][gc,task     ] GC(54) Using 4 workers of 4 for evacuation
[2026-07-18T17:03:13.789+0000][info][gc,phases   ] GC(54)   Pre Evacuate Collection Set: 1.93ms
[2026-07-18T17:03:13.789+0000][info][gc,phases   ] GC(54)   Merge Heap Roots: 0.25ms
[2026-07-18T17:03:13.790+0000][info][gc,phases   ] GC(54)   Evacuate Collection Set: 0.80ms
[2026-07-18T17:03:13.790+0000][info][gc,phases   ] GC(54)   Post Evacuate Collection Set: 1.06ms
[2026-07-18T17:03:13.790+0000][info][gc,phases   ] GC(54)   Other: 0.41ms
[2026-07-18T17:03:13.790+0000][info][gc,heap     ] GC(54) Eden regions: 900->0(900)
[2026-07-18T17:03:13.791+0000][info][gc,heap     ] GC(54) Survivor regions: 0->0(113)
[2026-07-18T17:03:13.791+0000][info][gc,heap     ] GC(54) Old regions: 3->3
[2026-07-18T17:03:13.791+0000][info][gc,heap     ] GC(54) Humongous regions: 16->16
[2026-07-18T17:03:13.791+0000][info][gc,metaspace] GC(54) Metaspace: 432K(576K)->432K(576K) NonClass: 401K(448K)->401K(448K) Class: 31K(128K)->31K(128K)
[2026-07-18T17:03:13.791+0000][info][gc          ] GC(54) Pause Young (Normal) (G1 Evacuation Pause) 917M->17M(1500M) 6.868ms
[2026-07-18T17:03:13.791+0000][info][gc,cpu      ] GC(54) User=0.01s Sys=0.00s Real=0.01s
[2026-07-18T17:03:14.123+0000][info][gc,start    ] GC(55) Pause Young (Normal) (G1 Evacuation Pause)
[2026-07-18T17:03:14.123+0000][info][gc,task     ] GC(55) Using 4 workers of 4 for evacuation
[2026-07-18T17:03:14.124+0000][info][gc,phases   ] GC(55)   Pre Evacuate Collection Set: 0.46ms
[2026-07-18T17:03:14.124+0000][info][gc,phases   ] GC(55)   Merge Heap Roots: 0.13ms
[2026-07-18T17:03:14.124+0000][info][gc,phases   ] GC(55)   Evacuate Collection Set: 0.19ms
[2026-07-18T17:03:14.125+0000][info][gc,phases   ] GC(55)   Post Evacuate Collection Set: 0.72ms
[2026-07-18T17:03:14.125+0000][info][gc,phases   ] GC(55)   Other: 0.13ms
[2026-07-18T17:03:14.125+0000][info][gc,heap     ] GC(55) Eden regions: 900->0(900)
[2026-07-18T17:03:14.125+0000][info][gc,heap     ] GC(55) Survivor regions: 0->0(113)
[2026-07-18T17:03:14.125+0000][info][gc,heap     ] GC(55) Old regions: 3->3
[2026-07-18T17:03:14.125+0000][info][gc,heap     ] GC(55) Humongous regions: 16->16
[2026-07-18T17:03:14.125+0000][info][gc,metaspace] GC(55) Metaspace: 432K(576K)->432K(576K) NonClass: 401K(448K)->401K(448K) Class: 31K(128K)->31K(128K)
[2026-07-18T17:03:14.125+0000][info][gc          ] GC(55) Pause Young (Normal) (G1 Evacuation Pause) 917M->17M(1500M) 2.366ms
[2026-07-18T17:03:14.125+0000][info][gc,cpu      ] GC(55) User=0.00s Sys=0.00s Real=0.00s
[2026-07-18T17:03:14.513+0000][info][gc,start    ] GC(56) Pause Young (Normal) (G1 Evacuation Pause)
[2026-07-18T17:03:14.514+0000][info][gc,task     ] GC(56) Using 4 workers of 4 for evacuation
[2026-07-18T17:03:14.528+0000][info][gc,phases   ] GC(56)   Pre Evacuate Collection Set: 4.61ms
[2026-07-18T17:03:14.528+0000][info][gc,phases   ] GC(56)   Merge Heap Roots: 1.49ms
[2026-07-18T17:03:14.532+0000][info][gc,phases   ] GC(56)   Evacuate Collection Set: 2.73ms
[2026-07-18T17:03:14.535+0000][info][gc,phases   ] GC(56)   Post Evacuate Collection Set: 4.40ms
[2026-07-18T17:03:14.537+0000][info][gc,phases   ] GC(56)   Other: 0.55ms
[2026-07-18T17:03:14.538+0000][info][gc,heap     ] GC(56) Eden regions: 900->0(900)
[2026-07-18T17:03:14.542+0000][info][gc,heap     ] GC(56) Survivor regions: 0->0(113)
[2026-07-18T17:03:14.542+0000][info][gc,heap     ] GC(56) Old regions: 3->3
[2026-07-18T17:03:14.543+0000][info][gc,heap     ] GC(56) Humongous regions: 16->16
[2026-07-18T17:03:14.544+0000][info][gc,metaspace] GC(56) Metaspace: 432K(576K)->432K(576K) NonClass: 401K(448K)->401K(448K) Class: 31K(128K)->31K(128K)
[2026-07-18T17:03:14.544+0000][info][gc          ] GC(56) Pause Young (Normal) (G1 Evacuation Pause) 917M->17M(1500M) 30.692ms
[2026-07-18T17:03:14.550+0000][info][gc,cpu      ] GC(56) User=0.01s Sys=0.00s Real=0.03s
[2026-07-18T17:03:15.080+0000][info][gc,start    ] GC(57) Pause Young (Normal) (G1 Evacuation Pause)
[2026-07-18T17:03:15.081+0000][info][gc,task     ] GC(57) Using 4 workers of 4 for evacuation
[2026-07-18T17:03:15.084+0000][info][gc,phases   ] GC(57)   Pre Evacuate Collection Set: 0.37ms
[2026-07-18T17:03:15.084+0000][info][gc,phases   ] GC(57)   Merge Heap Roots: 0.88ms
[2026-07-18T17:03:15.084+0000][info][gc,phases   ] GC(57)   Evacuate Collection Set: 0.44ms
[2026-07-18T17:03:15.084+0000][info][gc,phases   ] GC(57)   Post Evacuate Collection Set: 1.39ms
[2026-07-18T17:03:15.084+0000][info][gc,phases   ] GC(57)   Other: 0.20ms
[2026-07-18T17:03:15.084+0000][info][gc,heap     ] GC(57) Eden regions: 900->0(900)
[2026-07-18T17:03:15.085+0000][info][gc,heap     ] GC(57) Survivor regions: 0->0(113)
[2026-07-18T17:03:15.085+0000][info][gc,heap     ] GC(57) Old regions: 3->3
[2026-07-18T17:03:15.085+0000][info][gc,heap     ] GC(57) Humongous regions: 16->16
[2026-07-18T17:03:15.085+0000][info][gc,metaspace] GC(57) Metaspace: 432K(576K)->432K(576K) NonClass: 401K(448K)->401K(448K) Class: 31K(128K)->31K(128K)
[2026-07-18T17:03:15.085+0000][info][gc          ] GC(57) Pause Young (Normal) (G1 Evacuation Pause) 917M->17M(1500M) 4.859ms
[2026-07-18T17:03:15.085+0000][info][gc,cpu      ] GC(57) User=0.00s Sys=0.00s Real=0.01s
[2026-07-18T17:03:15.731+0000][info][gc,start    ] GC(58) Pause Young (Normal) (G1 Evacuation Pause)
[2026-07-18T17:03:15.731+0000][info][gc,task     ] GC(58) Using 4 workers of 4 for evacuation
[2026-07-18T17:03:15.765+0000][info][gc,phases   ] GC(58)   Pre Evacuate Collection Set: 1.68ms
[2026-07-18T17:03:15.766+0000][info][gc,phases   ] GC(58)   Merge Heap Roots: 0.35ms
[2026-07-18T17:03:15.766+0000][info][gc,phases   ] GC(58)   Evacuate Collection Set: 25.78ms
[2026-07-18T17:03:15.766+0000][info][gc,phases   ] GC(58)   Post Evacuate Collection Set: 6.09ms
[2026-07-18T17:03:15.767+0000][info][gc,phases   ] GC(58)   Other: 0.51ms
[2026-07-18T17:03:15.767+0000][info][gc,heap     ] GC(58) Eden regions: 900->0(900)
[2026-07-18T17:03:15.767+0000][info][gc,heap     ] GC(58) Survivor regions: 0->0(113)
[2026-07-18T17:03:15.767+0000][info][gc,heap     ] GC(58) Old regions: 3->3
[2026-07-18T17:03:15.767+0000][info][gc,heap     ] GC(58) Humongous regions: 16->16
[2026-07-18T17:03:15.767+0000][info][gc,metaspace] GC(58) Metaspace: 432K(576K)->432K(576K) NonClass: 401K(448K)->401K(448K) Class: 31K(128K)->31K(128K)
[2026-07-18T17:03:15.767+0000][info][gc          ] GC(58) Pause Young (Normal) (G1 Evacuation Pause) 917M->17M(1500M) 36.381ms
[2026-07-18T17:03:15.767+0000][info][gc,cpu      ] GC(58) User=0.02s Sys=0.00s Real=0.04s
[2026-07-18T17:03:16.281+0000][info][gc,start    ] GC(59) Pause Young (Normal) (G1 Evacuation Pause)
[2026-07-18T17:03:16.282+0000][info][gc,task     ] GC(59) Using 4 workers of 4 for evacuation
[2026-07-18T17:03:16.284+0000][info][gc,phases   ] GC(59)   Pre Evacuate Collection Set: 0.47ms
[2026-07-18T17:03:16.284+0000][info][gc,phases   ] GC(59)   Merge Heap Roots: 0.93ms
[2026-07-18T17:03:16.284+0000][info][gc,phases   ] GC(59)   Evacuate Collection Set: 0.31ms
[2026-07-18T17:03:16.284+0000][info][gc,phases   ] GC(59)   Post Evacuate Collection Set: 0.70ms
[2026-07-18T17:03:16.284+0000][info][gc,phases   ] GC(59)   Other: 0.15ms
[2026-07-18T17:03:16.284+0000][info][gc,heap     ] GC(59) Eden regions: 900->0(900)
[2026-07-18T17:03:16.285+0000][info][gc,heap     ] GC(59) Survivor regions: 0->0(113)
[2026-07-18T17:03:16.285+0000][info][gc,heap     ] GC(59) Old regions: 3->3
[2026-07-18T17:03:16.285+0000][info][gc,heap     ] GC(59) Humongous regions: 16->16
[2026-07-18T17:03:16.285+0000][info][gc,metaspace] GC(59) Metaspace: 432K(576K)->432K(576K) NonClass: 401K(448K)->401K(448K) Class: 31K(128K)->31K(128K)
[2026-07-18T17:03:16.285+0000][info][gc          ] GC(59) Pause Young (Normal) (G1 Evacuation Pause) 917M->17M(1500M) 3.388ms
[2026-07-18T17:03:16.285+0000][info][gc,cpu      ] GC(59) User=0.01s Sys=0.00s Real=0.00s
[2026-07-18T17:03:16.883+0000][info][gc,start    ] GC(60) Pause Young (Normal) (G1 Evacuation Pause)
[2026-07-18T17:03:16.884+0000][info][gc,task     ] GC(60) Using 4 workers of 4 for evacuation
[2026-07-18T17:03:16.891+0000][info][gc,phases   ] GC(60)   Pre Evacuate Collection Set: 0.69ms
[2026-07-18T17:03:16.893+0000][info][gc,phases   ] GC(60)   Merge Heap Roots: 0.32ms
[2026-07-18T17:03:16.894+0000][info][gc,phases   ] GC(60)   Evacuate Collection Set: 3.20ms
[2026-07-18T17:03:16.894+0000][info][gc,phases   ] GC(60)   Post Evacuate Collection Set: 1.88ms
[2026-07-18T17:03:16.894+0000][info][gc,phases   ] GC(60)   Other: 0.56ms
[2026-07-18T17:03:16.894+0000][info][gc,heap     ] GC(60) Eden regions: 900->0(900)
[2026-07-18T17:03:16.894+0000][info][gc,heap     ] GC(60) Survivor regions: 0->0(113)
[2026-07-18T17:03:16.894+0000][info][gc,heap     ] GC(60) Old regions: 3->3
[2026-07-18T17:03:16.895+0000][info][gc,heap     ] GC(60) Humongous regions: 16->16
[2026-07-18T17:03:16.895+0000][info][gc,metaspace] GC(60) Metaspace: 432K(576K)->432K(576K) NonClass: 401K(448K)->401K(448K) Class: 31K(128K)->31K(128K)
[2026-07-18T17:03:16.895+0000][info][gc          ] GC(60) Pause Young (Normal) (G1 Evacuation Pause) 917M->17M(1500M) 11.330ms
[2026-07-18T17:03:16.895+0000][info][gc,cpu      ] GC(60) User=0.01s Sys=0.00s Real=0.01s
[2026-07-18T17:03:17.218+0000][info][gc,start    ] GC(61) Pause Young (Normal) (G1 Evacuation Pause)
[2026-07-18T17:03:17.218+0000][info][gc,task     ] GC(61) Using 4 workers of 4 for evacuation
[2026-07-18T17:03:17.227+0000][info][gc,phases   ] GC(61)   Pre Evacuate Collection Set: 1.28ms
[2026-07-18T17:03:17.228+0000][info][gc,phases   ] GC(61)   Merge Heap Roots: 0.27ms
[2026-07-18T17:03:17.229+0000][info][gc,phases   ] GC(61)   Evacuate Collection Set: 4.78ms
[2026-07-18T17:03:17.229+0000][info][gc,phases   ] GC(61)   Post Evacuate Collection Set: 2.52ms
[2026-07-18T17:03:17.229+0000][info][gc,phases   ] GC(61)   Other: 0.18ms
[2026-07-18T17:03:17.234+0000][info][gc,heap     ] GC(61) Eden regions: 900->0(900)
[2026-07-18T17:03:17.234+0000][info][gc,heap     ] GC(61) Survivor regions: 0->0(113)
[2026-07-18T17:03:17.234+0000][info][gc,heap     ] GC(61) Old regions: 3->3
[2026-07-18T17:03:17.234+0000][info][gc,heap     ] GC(61) Humongous regions: 16->16
[2026-07-18T17:03:17.234+0000][info][gc,metaspace] GC(61) Metaspace: 432K(576K)->432K(576K) NonClass: 401K(448K)->401K(448K) Class: 31K(128K)->31K(128K)
[2026-07-18T17:03:17.234+0000][info][gc          ] GC(61) Pause Young (Normal) (G1 Evacuation Pause) 917M->17M(1500M) 16.467ms
[2026-07-18T17:03:17.234+0000][info][gc,cpu      ] GC(61) User=0.01s Sys=0.01s Real=0.02s
[2026-07-18T17:03:17.686+0000][info][gc,start    ] GC(62) Pause Young (Normal) (G1 Evacuation Pause)
[2026-07-18T17:03:17.686+0000][info][gc,task     ] GC(62) Using 4 workers of 4 for evacuation
[2026-07-18T17:03:17.704+0000][info][gc,phases   ] GC(62)   Pre Evacuate Collection Set: 0.55ms
[2026-07-18T17:03:17.705+0000][info][gc,phases   ] GC(62)   Merge Heap Roots: 0.15ms
[2026-07-18T17:03:17.710+0000][info][gc,phases   ] GC(62)   Evacuate Collection Set: 9.69ms
[2026-07-18T17:03:17.713+0000][info][gc,phases   ] GC(62)   Post Evacuate Collection Set: 6.99ms
[2026-07-18T17:03:17.719+0000][info][gc,phases   ] GC(62)   Other: 0.36ms
[2026-07-18T17:03:17.720+0000][info][gc,heap     ] GC(62) Eden regions: 900->0(900)
[2026-07-18T17:03:17.720+0000][info][gc,heap     ] GC(62) Survivor regions: 0->0(113)
[2026-07-18T17:03:17.720+0000][info][gc,heap     ] GC(62) Old regions: 3->3
[2026-07-18T17:03:17.720+0000][info][gc,heap     ] GC(62) Humongous regions: 16->16
[2026-07-18T17:03:17.720+0000][info][gc,metaspace] GC(62) Metaspace: 432K(576K)->432K(576K) NonClass: 401K(448K)->401K(448K) Class: 31K(128K)->31K(128K)
[2026-07-18T17:03:17.720+0000][info][gc          ] GC(62) Pause Young (Normal) (G1 Evacuation Pause) 917M->17M(1500M) 34.776ms
[2026-07-18T17:03:17.721+0000][info][gc,cpu      ] GC(62) User=0.01s Sys=0.00s Real=0.03s
[2026-07-18T17:03:18.061+0000][info][gc,start    ] GC(63) Pause Young (Normal) (G1 Evacuation Pause)
[2026-07-18T17:03:18.063+0000][info][gc,task     ] GC(63) Using 4 workers of 4 for evacuation
[2026-07-18T17:03:18.073+0000][info][gc,phases   ] GC(63)   Pre Evacuate Collection Set: 0.71ms
[2026-07-18T17:03:18.073+0000][info][gc,phases   ] GC(63)   Merge Heap Roots: 6.74ms
[2026-07-18T17:03:18.073+0000][info][gc,phases   ] GC(63)   Evacuate Collection Set: 0.23ms
[2026-07-18T17:03:18.075+0000][info][gc,phases   ] GC(63)   Post Evacuate Collection Set: 1.07ms
[2026-07-18T17:03:18.075+0000][info][gc,phases   ] GC(63)   Other: 0.74ms
[2026-07-18T17:03:18.075+0000][info][gc,heap     ] GC(63) Eden regions: 900->0(900)
[2026-07-18T17:03:18.075+0000][info][gc,heap     ] GC(63) Survivor regions: 0->0(113)
[2026-07-18T17:03:18.075+0000][info][gc,heap     ] GC(63) Old regions: 3->3
[2026-07-18T17:03:18.075+0000][info][gc,heap     ] GC(63) Humongous regions: 16->16
[2026-07-18T17:03:18.075+0000][info][gc,metaspace] GC(63) Metaspace: 432K(576K)->432K(576K) NonClass: 401K(448K)->401K(448K) Class: 31K(128K)->31K(128K)
[2026-07-18T17:03:18.075+0000][info][gc          ] GC(63) Pause Young (Normal) (G1 Evacuation Pause) 917M->17M(1500M) 14.230ms
[2026-07-18T17:03:18.076+0000][info][gc,cpu      ] GC(63) User=0.01s Sys=0.00s Real=0.02s
[2026-07-18T17:03:18.486+0000][info][gc,start    ] GC(64) Pause Young (Normal) (G1 Evacuation Pause)
[2026-07-18T17:03:18.486+0000][info][gc,task     ] GC(64) Using 4 workers of 4 for evacuation
[2026-07-18T17:03:18.488+0000][info][gc,phases   ] GC(64)   Pre Evacuate Collection Set: 0.55ms
[2026-07-18T17:03:18.489+0000][info][gc,phases   ] GC(64)   Merge Heap Roots: 0.20ms
[2026-07-18T17:03:18.489+0000][info][gc,phases   ] GC(64)   Evacuate Collection Set: 0.24ms
[2026-07-18T17:03:18.489+0000][info][gc,phases   ] GC(64)   Post Evacuate Collection Set: 0.84ms
[2026-07-18T17:03:18.489+0000][info][gc,phases   ] GC(64)   Other: 0.20ms
[2026-07-18T17:03:18.489+0000][info][gc,heap     ] GC(64) Eden regions: 900->0(900)
[2026-07-18T17:03:18.489+0000][info][gc,heap     ] GC(64) Survivor regions: 0->0(113)
[2026-07-18T17:03:18.489+0000][info][gc,heap     ] GC(64) Old regions: 3->3
[2026-07-18T17:03:18.489+0000][info][gc,heap     ] GC(64) Humongous regions: 16->16
[2026-07-18T17:03:18.489+0000][info][gc,metaspace] GC(64) Metaspace: 432K(576K)->432K(576K) NonClass: 401K(448K)->401K(448K) Class: 31K(128K)->31K(128K)
[2026-07-18T17:03:18.489+0000][info][gc          ] GC(64) Pause Young (Normal) (G1 Evacuation Pause) 917M->17M(1500M) 3.184ms
[2026-07-18T17:03:18.489+0000][info][gc,cpu      ] GC(64) User=0.00s Sys=0.00s Real=0.00s
[2026-07-18T17:03:18.796+0000][info][gc,start    ] GC(65) Pause Young (Normal) (G1 Evacuation Pause)
[2026-07-18T17:03:18.796+0000][info][gc,task     ] GC(65) Using 4 workers of 4 for evacuation
[2026-07-18T17:03:18.809+0000][info][gc,phases   ] GC(65)   Pre Evacuate Collection Set: 2.39ms
[2026-07-18T17:03:18.810+0000][info][gc,phases   ] GC(65)   Merge Heap Roots: 0.42ms
[2026-07-18T17:03:18.810+0000][info][gc,phases   ] GC(65)   Evacuate Collection Set: 1.39ms
[2026-07-18T17:03:18.810+0000][info][gc,phases   ] GC(65)   Post Evacuate Collection Set: 1.06ms
[2026-07-18T17:03:18.810+0000][info][gc,phases   ] GC(65)   Other: 7.65ms
[2026-07-18T17:03:18.810+0000][info][gc,heap     ] GC(65) Eden regions: 900->0(900)
[2026-07-18T17:03:18.810+0000][info][gc,heap     ] GC(65) Survivor regions: 0->0(113)
[2026-07-18T17:03:18.811+0000][info][gc,heap     ] GC(65) Old regions: 3->3
[2026-07-18T17:03:18.811+0000][info][gc,heap     ] GC(65) Humongous regions: 16->16
[2026-07-18T17:03:18.811+0000][info][gc,metaspace] GC(65) Metaspace: 432K(576K)->432K(576K) NonClass: 401K(448K)->401K(448K) Class: 31K(128K)->31K(128K)
[2026-07-18T17:03:18.811+0000][info][gc          ] GC(65) Pause Young (Normal) (G1 Evacuation Pause) 917M->17M(1500M) 15.559ms
[2026-07-18T17:03:18.811+0000][info][gc,cpu      ] GC(65) User=0.00s Sys=0.00s Real=0.02s
[2026-07-18T17:03:19.163+0000][info][gc,start    ] GC(66) Pause Young (Normal) (G1 Evacuation Pause)
[2026-07-18T17:03:19.164+0000][info][gc,task     ] GC(66) Using 4 workers of 4 for evacuation
[2026-07-18T17:03:19.166+0000][info][gc,phases   ] GC(66)   Pre Evacuate Collection Set: 0.28ms
[2026-07-18T17:03:19.166+0000][info][gc,phases   ] GC(66)   Merge Heap Roots: 0.17ms
[2026-07-18T17:03:19.166+0000][info][gc,phases   ] GC(66)   Evacuate Collection Set: 0.27ms
[2026-07-18T17:03:19.166+0000][info][gc,phases   ] GC(66)   Post Evacuate Collection Set: 1.01ms
[2026-07-18T17:03:19.166+0000][info][gc,phases   ] GC(66)   Other: 0.14ms
[2026-07-18T17:03:19.166+0000][info][gc,heap     ] GC(66) Eden regions: 900->0(900)
[2026-07-18T17:03:19.166+0000][info][gc,heap     ] GC(66) Survivor regions: 0->0(113)
[2026-07-18T17:03:19.166+0000][info][gc,heap     ] GC(66) Old regions: 3->3
[2026-07-18T17:03:19.166+0000][info][gc,heap     ] GC(66) Humongous regions: 16->16
[2026-07-18T17:03:19.166+0000][info][gc,metaspace] GC(66) Metaspace: 432K(576K)->432K(576K) NonClass: 401K(448K)->401K(448K) Class: 31K(128K)->31K(128K)
[2026-07-18T17:03:19.166+0000][info][gc          ] GC(66) Pause Young (Normal) (G1 Evacuation Pause) 917M->17M(1500M) 3.420ms
[2026-07-18T17:03:19.166+0000][info][gc,cpu      ] GC(66) User=0.00s Sys=0.00s Real=0.00s
[2026-07-18T17:03:19.470+0000][info][gc,start    ] GC(67) Pause Young (Normal) (G1 Evacuation Pause)
[2026-07-18T17:03:19.471+0000][info][gc,task     ] GC(67) Using 4 workers of 4 for evacuation
[2026-07-18T17:03:19.479+0000][info][gc,phases   ] GC(67)   Pre Evacuate Collection Set: 0.54ms
[2026-07-18T17:03:19.481+0000][info][gc,phases   ] GC(67)   Merge Heap Roots: 0.61ms
[2026-07-18T17:03:19.483+0000][info][gc,phases   ] GC(67)   Evacuate Collection Set: 3.08ms
[2026-07-18T17:03:19.483+0000][info][gc,phases   ] GC(67)   Post Evacuate Collection Set: 3.90ms
[2026-07-18T17:03:19.483+0000][info][gc,phases   ] GC(67)   Other: 0.37ms
[2026-07-18T17:03:19.483+0000][info][gc,heap     ] GC(67) Eden regions: 900->0(900)
[2026-07-18T17:03:19.483+0000][info][gc,heap     ] GC(67) Survivor regions: 0->0(113)
[2026-07-18T17:03:19.483+0000][info][gc,heap     ] GC(67) Old regions: 3->3
[2026-07-18T17:03:19.483+0000][info][gc,heap     ] GC(67) Humongous regions: 16->16
[2026-07-18T17:03:19.484+0000][info][gc,metaspace] GC(67) Metaspace: 432K(576K)->432K(576K) NonClass: 401K(448K)->401K(448K) Class: 31K(128K)->31K(128K)
[2026-07-18T17:03:19.484+0000][info][gc          ] GC(67) Pause Young (Normal) (G1 Evacuation Pause) 917M->17M(1500M) 13.770ms
[2026-07-18T17:03:19.484+0000][info][gc,cpu      ] GC(67) User=0.01s Sys=0.00s Real=0.02s
[2026-07-18T17:03:19.821+0000][info][gc,start    ] GC(68) Pause Young (Normal) (G1 Evacuation Pause)
[2026-07-18T17:03:19.822+0000][info][gc,task     ] GC(68) Using 4 workers of 4 for evacuation
[2026-07-18T17:03:19.830+0000][info][gc,phases   ] GC(68)   Pre Evacuate Collection Set: 2.63ms
[2026-07-18T17:03:19.831+0000][info][gc,phases   ] GC(68)   Merge Heap Roots: 0.66ms
[2026-07-18T17:03:19.831+0000][info][gc,phases   ] GC(68)   Evacuate Collection Set: 1.34ms
[2026-07-18T17:03:19.838+0000][info][gc,phases   ] GC(68)   Post Evacuate Collection Set: 2.34ms
[2026-07-18T17:03:19.839+0000][info][gc,phases   ] GC(68)   Other: 1.65ms
[2026-07-18T17:03:19.839+0000][info][gc,heap     ] GC(68) Eden regions: 900->0(900)
[2026-07-18T17:03:19.839+0000][info][gc,heap     ] GC(68) Survivor regions: 0->0(113)
[2026-07-18T17:03:19.839+0000][info][gc,heap     ] GC(68) Old regions: 3->3
[2026-07-18T17:03:19.839+0000][info][gc,heap     ] GC(68) Humongous regions: 16->16
[2026-07-18T17:03:19.839+0000][info][gc,metaspace] GC(68) Metaspace: 432K(576K)->432K(576K) NonClass: 401K(448K)->401K(448K) Class: 31K(128K)->31K(128K)
[2026-07-18T17:03:19.839+0000][info][gc          ] GC(68) Pause Young (Normal) (G1 Evacuation Pause) 917M->17M(1500M) 18.267ms
[2026-07-18T17:03:19.839+0000][info][gc,cpu      ] GC(68) User=0.01s Sys=0.00s Real=0.02s
[2026-07-18T17:03:20.132+0000][info][gc,start    ] GC(69) Pause Young (Normal) (G1 Evacuation Pause)
[2026-07-18T17:03:20.133+0000][info][gc,task     ] GC(69) Using 4 workers of 4 for evacuation
[2026-07-18T17:03:20.136+0000][info][gc,phases   ] GC(69)   Pre Evacuate Collection Set: 0.64ms
[2026-07-18T17:03:20.136+0000][info][gc,phases   ] GC(69)   Merge Heap Roots: 0.44ms
[2026-07-18T17:03:20.137+0000][info][gc,phases   ] GC(69)   Evacuate Collection Set: 1.22ms
[2026-07-18T17:03:20.137+0000][info][gc,phases   ] GC(69)   Post Evacuate Collection Set: 0.75ms
[2026-07-18T17:03:20.137+0000][info][gc,phases   ] GC(69)   Other: 0.38ms
[2026-07-18T17:03:20.137+0000][info][gc,heap     ] GC(69) Eden regions: 900->0(900)
[2026-07-18T17:03:20.137+0000][info][gc,heap     ] GC(69) Survivor regions: 0->0(113)
[2026-07-18T17:03:20.137+0000][info][gc,heap     ] GC(69) Old regions: 3->3
[2026-07-18T17:03:20.137+0000][info][gc,heap     ] GC(69) Humongous regions: 16->16
[2026-07-18T17:03:20.137+0000][info][gc,metaspace] GC(69) Metaspace: 432K(576K)->432K(576K) NonClass: 401K(448K)->401K(448K) Class: 31K(128K)->31K(128K)
[2026-07-18T17:03:20.137+0000][info][gc          ] GC(69) Pause Young (Normal) (G1 Evacuation Pause) 917M->17M(1500M) 4.926ms
[2026-07-18T17:03:20.137+0000][info][gc,cpu      ] GC(69) User=0.01s Sys=0.00s Real=0.00s
[2026-07-18T17:03:20.410+0000][info][gc,start    ] GC(70) Pause Young (Normal) (G1 Evacuation Pause)
[2026-07-18T17:03:20.410+0000][info][gc,task     ] GC(70) Using 4 workers of 4 for evacuation
[2026-07-18T17:03:20.414+0000][info][gc,phases   ] GC(70)   Pre Evacuate Collection Set: 0.56ms
[2026-07-18T17:03:20.415+0000][info][gc,phases   ] GC(70)   Merge Heap Roots: 0.20ms
[2026-07-18T17:03:20.415+0000][info][gc,phases   ] GC(70)   Evacuate Collection Set: 2.22ms
[2026-07-18T17:03:20.415+0000][info][gc,phases   ] GC(70)   Post Evacuate Collection Set: 1.01ms
[2026-07-18T17:03:20.415+0000][info][gc,phases   ] GC(70)   Other: 0.33ms
[2026-07-18T17:03:20.416+0000][info][gc,heap     ] GC(70) Eden regions: 900->0(900)
[2026-07-18T17:03:20.416+0000][info][gc,heap     ] GC(70) Survivor regions: 0->0(113)
[2026-07-18T17:03:20.416+0000][info][gc,heap     ] GC(70) Old regions: 3->3
[2026-07-18T17:03:20.416+0000][info][gc,heap     ] GC(70) Humongous regions: 16->16
[2026-07-18T17:03:20.416+0000][info][gc,metaspace] GC(70) Metaspace: 432K(576K)->432K(576K) NonClass: 401K(448K)->401K(448K) Class: 31K(128K)->31K(128K)
[2026-07-18T17:03:20.417+0000][info][gc          ] GC(70) Pause Young (Normal) (G1 Evacuation Pause) 917M->17M(1500M) 6.904ms
[2026-07-18T17:03:20.417+0000][info][gc,cpu      ] GC(70) User=0.00s Sys=0.01s Real=0.01s
[2026-07-18T17:03:20.731+0000][info][gc,start    ] GC(71) Pause Young (Normal) (G1 Evacuation Pause)
[2026-07-18T17:03:20.731+0000][info][gc,task     ] GC(71) Using 4 workers of 4 for evacuation
[2026-07-18T17:03:20.734+0000][info][gc,phases   ] GC(71)   Pre Evacuate Collection Set: 0.62ms
[2026-07-18T17:03:20.734+0000][info][gc,phases   ] GC(71)   Merge Heap Roots: 0.13ms
[2026-07-18T17:03:20.734+0000][info][gc,phases   ] GC(71)   Evacuate Collection Set: 0.16ms
[2026-07-18T17:03:20.734+0000][info][gc,phases   ] GC(71)   Post Evacuate Collection Set: 1.04ms
[2026-07-18T17:03:20.734+0000][info][gc,phases   ] GC(71)   Other: 0.38ms
[2026-07-18T17:03:20.734+0000][info][gc,heap     ] GC(71) Eden regions: 900->0(900)
[2026-07-18T17:03:20.734+0000][info][gc,heap     ] GC(71) Survivor regions: 0->0(113)
[2026-07-18T17:03:20.734+0000][info][gc,heap     ] GC(71) Old regions: 3->3
[2026-07-18T17:03:20.734+0000][info][gc,heap     ] GC(71) Humongous regions: 16->16
[2026-07-18T17:03:20.734+0000][info][gc,metaspace] GC(71) Metaspace: 432K(576K)->432K(576K) NonClass: 401K(448K)->401K(448K) Class: 31K(128K)->31K(128K)
[2026-07-18T17:03:20.734+0000][info][gc          ] GC(71) Pause Young (Normal) (G1 Evacuation Pause) 917M->17M(1500M) 3.571ms
[2026-07-18T17:03:20.735+0000][info][gc,cpu      ] GC(71) User=0.01s Sys=0.00s Real=0.01s
[2026-07-18T17:03:21.008+0000][info][gc,start    ] GC(72) Pause Young (Normal) (G1 Evacuation Pause)
[2026-07-18T17:03:21.008+0000][info][gc,task     ] GC(72) Using 4 workers of 4 for evacuation
[2026-07-18T17:03:21.011+0000][info][gc,phases   ] GC(72)   Pre Evacuate Collection Set: 0.40ms
[2026-07-18T17:03:21.012+0000][info][gc,phases   ] GC(72)   Merge Heap Roots: 0.16ms
[2026-07-18T17:03:21.015+0000][info][gc,phases   ] GC(72)   Evacuate Collection Set: 1.46ms
[2026-07-18T17:03:21.023+0000][info][gc,phases   ] GC(72)   Post Evacuate Collection Set: 1.19ms
[2026-07-18T17:03:21.024+0000][info][gc,phases   ] GC(72)   Other: 0.18ms
[2026-07-18T17:03:21.024+0000][info][gc,heap     ] GC(72) Eden regions: 900->0(900)
[2026-07-18T17:03:21.024+0000][info][gc,heap     ] GC(72) Survivor regions: 0->0(113)
[2026-07-18T17:03:21.024+0000][info][gc,heap     ] GC(72) Old regions: 3->3
[2026-07-18T17:03:21.024+0000][info][gc,heap     ] GC(72) Humongous regions: 16->16
[2026-07-18T17:03:21.024+0000][info][gc,metaspace] GC(72) Metaspace: 432K(576K)->432K(576K) NonClass: 401K(448K)->401K(448K) Class: 31K(128K)->31K(128K)
[2026-07-18T17:03:21.024+0000][info][gc          ] GC(72) Pause Young (Normal) (G1 Evacuation Pause) 917M->17M(1500M) 16.554ms
[2026-07-18T17:03:21.024+0000][info][gc,cpu      ] GC(72) User=0.01s Sys=0.00s Real=0.02s
[2026-07-18T17:03:21.306+0000][info][gc,start    ] GC(73) Pause Young (Normal) (G1 Evacuation Pause)
[2026-07-18T17:03:21.306+0000][info][gc,task     ] GC(73) Using 4 workers of 4 for evacuation
[2026-07-18T17:03:21.309+0000][info][gc,phases   ] GC(73)   Pre Evacuate Collection Set: 0.61ms
[2026-07-18T17:03:21.309+0000][info][gc,phases   ] GC(73)   Merge Heap Roots: 0.30ms
[2026-07-18T17:03:21.309+0000][info][gc,phases   ] GC(73)   Evacuate Collection Set: 1.14ms
[2026-07-18T17:03:21.309+0000][info][gc,phases   ] GC(73)   Post Evacuate Collection Set: 0.57ms
[2026-07-18T17:03:21.309+0000][info][gc,phases   ] GC(73)   Other: 0.26ms
[2026-07-18T17:03:21.309+0000][info][gc,heap     ] GC(73) Eden regions: 900->0(900)
[2026-07-18T17:03:21.309+0000][info][gc,heap     ] GC(73) Survivor regions: 0->0(113)
[2026-07-18T17:03:21.310+0000][info][gc,heap     ] GC(73) Old regions: 3->3
[2026-07-18T17:03:21.310+0000][info][gc,heap     ] GC(73) Humongous regions: 16->16
[2026-07-18T17:03:21.310+0000][info][gc,metaspace] GC(73) Metaspace: 432K(576K)->432K(576K) NonClass: 401K(448K)->401K(448K) Class: 31K(128K)->31K(128K)
[2026-07-18T17:03:21.310+0000][info][gc          ] GC(73) Pause Young (Normal) (G1 Evacuation Pause) 917M->17M(1500M) 3.986ms
[2026-07-18T17:03:21.310+0000][info][gc,cpu      ] GC(73) User=0.00s Sys=0.00s Real=0.00s
[2026-07-18T17:03:21.593+0000][info][gc,start    ] GC(74) Pause Young (Normal) (G1 Evacuation Pause)
[2026-07-18T17:03:21.593+0000][info][gc,task     ] GC(74) Using 4 workers of 4 for evacuation
[2026-07-18T17:03:21.595+0000][info][gc,phases   ] GC(74)   Pre Evacuate Collection Set: 0.40ms
[2026-07-18T17:03:21.595+0000][info][gc,phases   ] GC(74)   Merge Heap Roots: 0.23ms
[2026-07-18T17:03:21.596+0000][info][gc,phases   ] GC(74)   Evacuate Collection Set: 0.18ms
[2026-07-18T17:03:21.596+0000][info][gc,phases   ] GC(74)   Post Evacuate Collection Set: 1.20ms
[2026-07-18T17:03:21.596+0000][info][gc,phases   ] GC(74)   Other: 0.18ms
[2026-07-18T17:03:21.596+0000][info][gc,heap     ] GC(74) Eden regions: 900->0(900)
[2026-07-18T17:03:21.596+0000][info][gc,heap     ] GC(74) Survivor regions: 0->0(113)
[2026-07-18T17:03:21.596+0000][info][gc,heap     ] GC(74) Old regions: 3->3
[2026-07-18T17:03:21.596+0000][info][gc,heap     ] GC(74) Humongous regions: 16->16
[2026-07-18T17:03:21.596+0000][info][gc,metaspace] GC(74) Metaspace: 432K(576K)->432K(576K) NonClass: 401K(448K)->401K(448K) Class: 31K(128K)->31K(128K)
[2026-07-18T17:03:21.596+0000][info][gc          ] GC(74) Pause Young (Normal) (G1 Evacuation Pause) 917M->17M(1500M) 3.378ms
[2026-07-18T17:03:21.596+0000][info][gc,cpu      ] GC(74) User=0.00s Sys=0.00s Real=0.00s
[2026-07-18T17:03:22.076+0000][info][gc,start    ] GC(75) Pause Young (Normal) (G1 Evacuation Pause)
[2026-07-18T17:03:22.077+0000][info][gc,task     ] GC(75) Using 4 workers of 4 for evacuation
[2026-07-18T17:03:22.080+0000][info][gc,phases   ] GC(75)   Pre Evacuate Collection Set: 0.59ms
[2026-07-18T17:03:22.080+0000][info][gc,phases   ] GC(75)   Merge Heap Roots: 0.28ms
[2026-07-18T17:03:22.080+0000][info][gc,phases   ] GC(75)   Evacuate Collection Set: 0.78ms
[2026-07-18T17:03:22.080+0000][info][gc,phases   ] GC(75)   Post Evacuate Collection Set: 0.95ms
[2026-07-18T17:03:22.080+0000][info][gc,phases   ] GC(75)   Other: 0.30ms
[2026-07-18T17:03:22.080+0000][info][gc,heap     ] GC(75) Eden regions: 900->0(900)
[2026-07-18T17:03:22.080+0000][info][gc,heap     ] GC(75) Survivor regions: 0->0(113)
[2026-07-18T17:03:22.081+0000][info][gc,heap     ] GC(75) Old regions: 3->3
[2026-07-18T17:03:22.081+0000][info][gc,heap     ] GC(75) Humongous regions: 16->16
[2026-07-18T17:03:22.081+0000][info][gc,metaspace] GC(75) Metaspace: 432K(576K)->432K(576K) NonClass: 401K(448K)->401K(448K) Class: 31K(128K)->31K(128K)
[2026-07-18T17:03:22.081+0000][info][gc          ] GC(75) Pause Young (Normal) (G1 Evacuation Pause) 917M->17M(1500M) 4.649ms
[2026-07-18T17:03:22.081+0000][info][gc,cpu      ] GC(75) User=0.01s Sys=0.00s Real=0.00s
[2026-07-18T17:03:22.402+0000][info][gc,start    ] GC(76) Pause Young (Normal) (G1 Evacuation Pause)
[2026-07-18T17:03:22.403+0000][info][gc,task     ] GC(76) Using 4 workers of 4 for evacuation
[2026-07-18T17:03:22.409+0000][info][gc,phases   ] GC(76)   Pre Evacuate Collection Set: 0.62ms
[2026-07-18T17:03:22.409+0000][info][gc,phases   ] GC(76)   Merge Heap Roots: 0.16ms
[2026-07-18T17:03:22.409+0000][info][gc,phases   ] GC(76)   Evacuate Collection Set: 0.41ms
[2026-07-18T17:03:22.409+0000][info][gc,phases   ] GC(76)   Post Evacuate Collection Set: 1.04ms
[2026-07-18T17:03:22.409+0000][info][gc,phases   ] GC(76)   Other: 3.19ms
[2026-07-18T17:03:22.409+0000][info][gc,heap     ] GC(76) Eden regions: 900->0(900)
[2026-07-18T17:03:22.409+0000][info][gc,heap     ] GC(76) Survivor regions: 0->0(113)
[2026-07-18T17:03:22.409+0000][info][gc,heap     ] GC(76) Old regions: 3->3
[2026-07-18T17:03:22.409+0000][info][gc,heap     ] GC(76) Humongous regions: 16->16
[2026-07-18T17:03:22.409+0000][info][gc,metaspace] GC(76) Metaspace: 432K(576K)->432K(576K) NonClass: 401K(448K)->401K(448K) Class: 31K(128K)->31K(128K)
[2026-07-18T17:03:22.409+0000][info][gc          ] GC(76) Pause Young (Normal) (G1 Evacuation Pause) 917M->17M(1500M) 7.019ms
[2026-07-18T17:03:22.409+0000][info][gc,cpu      ] GC(76) User=0.00s Sys=0.00s Real=0.00s
[2026-07-18T17:03:23.683+0000][info][gc,start    ] GC(77) Pause Young (Normal) (G1 Evacuation Pause)
[2026-07-18T17:03:23.685+0000][info][gc,task     ] GC(77) Using 4 workers of 4 for evacuation
[2026-07-18T17:03:23.700+0000][info][gc,phases   ] GC(77)   Pre Evacuate Collection Set: 3.54ms
[2026-07-18T17:03:23.704+0000][info][gc,phases   ] GC(77)   Merge Heap Roots: 1.70ms
[2026-07-18T17:03:23.706+0000][info][gc,phases   ] GC(77)   Evacuate Collection Set: 1.14ms
[2026-07-18T17:03:23.707+0000][info][gc,phases   ] GC(77)   Post Evacuate Collection Set: 6.62ms
[2026-07-18T17:03:23.708+0000][info][gc,phases   ] GC(77)   Other: 2.48ms
[2026-07-18T17:03:23.710+0000][info][gc,heap     ] GC(77) Eden regions: 900->0(900)
[2026-07-18T17:03:23.710+0000][info][gc,heap     ] GC(77) Survivor regions: 0->0(113)
[2026-07-18T17:03:23.711+0000][info][gc,heap     ] GC(77) Old regions: 3->3
[2026-07-18T17:03:23.712+0000][info][gc,heap     ] GC(77) Humongous regions: 16->16
[2026-07-18T17:03:23.713+0000][info][gc,metaspace] GC(77) Metaspace: 432K(576K)->432K(576K) NonClass: 401K(448K)->401K(448K) Class: 31K(128K)->31K(128K)
[2026-07-18T17:03:23.713+0000][info][gc          ] GC(77) Pause Young (Normal) (G1 Evacuation Pause) 917M->17M(1500M) 30.068ms
[2026-07-18T17:03:23.714+0000][info][gc,cpu      ] GC(77) User=0.02s Sys=0.00s Real=0.03s
[2026-07-18T17:03:26.350+0000][info][gc,start    ] GC(78) Pause Young (Normal) (G1 Evacuation Pause)
[2026-07-18T17:03:26.354+0000][info][gc,task     ] GC(78) Using 4 workers of 4 for evacuation
[2026-07-18T17:03:26.357+0000][info][gc,phases   ] GC(78)   Pre Evacuate Collection Set: 0.78ms
[2026-07-18T17:03:26.357+0000][info][gc,phases   ] GC(78)   Merge Heap Roots: 0.18ms
[2026-07-18T17:03:26.357+0000][info][gc,phases   ] GC(78)   Evacuate Collection Set: 0.43ms
[2026-07-18T17:03:26.357+0000][info][gc,phases   ] GC(78)   Post Evacuate Collection Set: 1.00ms
[2026-07-18T17:03:26.357+0000][info][gc,phases   ] GC(78)   Other: 0.60ms
[2026-07-18T17:03:26.357+0000][info][gc,heap     ] GC(78) Eden regions: 900->0(900)
[2026-07-18T17:03:26.357+0000][info][gc,heap     ] GC(78) Survivor regions: 0->0(113)
[2026-07-18T17:03:26.357+0000][info][gc,heap     ] GC(78) Old regions: 3->3
[2026-07-18T17:03:26.357+0000][info][gc,heap     ] GC(78) Humongous regions: 16->16
[2026-07-18T17:03:26.358+0000][info][gc,metaspace] GC(78) Metaspace: 432K(576K)->432K(576K) NonClass: 401K(448K)->401K(448K) Class: 31K(128K)->31K(128K)
[2026-07-18T17:03:26.358+0000][info][gc          ] GC(78) Pause Young (Normal) (G1 Evacuation Pause) 917M->17M(1500M) 7.171ms
[2026-07-18T17:03:26.358+0000][info][gc,cpu      ] GC(78) User=0.01s Sys=0.00s Real=0.00s
[2026-07-18T17:03:28.379+0000][info][gc,start    ] GC(79) Pause Young (Normal) (G1 Evacuation Pause)
[2026-07-18T17:03:28.382+0000][info][gc,task     ] GC(79) Using 4 workers of 4 for evacuation
[2026-07-18T17:03:28.408+0000][info][gc,phases   ] GC(79)   Pre Evacuate Collection Set: 10.34ms
[2026-07-18T17:03:28.409+0000][info][gc,phases   ] GC(79)   Merge Heap Roots: 6.30ms
[2026-07-18T17:03:28.410+0000][info][gc,phases   ] GC(79)   Evacuate Collection Set: 2.51ms
[2026-07-18T17:03:28.410+0000][info][gc,phases   ] GC(79)   Post Evacuate Collection Set: 5.71ms
[2026-07-18T17:03:28.411+0000][info][gc,phases   ] GC(79)   Other: 0.69ms
[2026-07-18T17:03:28.421+0000][info][gc,heap     ] GC(79) Eden regions: 900->0(900)
[2026-07-18T17:03:28.421+0000][info][gc,heap     ] GC(79) Survivor regions: 0->0(113)
[2026-07-18T17:03:28.421+0000][info][gc,heap     ] GC(79) Old regions: 3->3
[2026-07-18T17:03:28.427+0000][info][gc,heap     ] GC(79) Humongous regions: 16->16
[2026-07-18T17:03:28.428+0000][info][gc,metaspace] GC(79) Metaspace: 432K(576K)->432K(576K) NonClass: 401K(448K)->401K(448K) Class: 31K(128K)->31K(128K)
[2026-07-18T17:03:28.431+0000][info][gc          ] GC(79) Pause Young (Normal) (G1 Evacuation Pause) 917M->17M(1500M) 52.495ms
[2026-07-18T17:03:28.436+0000][info][gc,cpu      ] GC(79) User=0.02s Sys=0.00s Real=0.06s
[2026-07-18T17:03:29.127+0000][info][gc,start    ] GC(80) Pause Young (Normal) (G1 Evacuation Pause)
[2026-07-18T17:03:29.127+0000][info][gc,task     ] GC(80) Using 4 workers of 4 for evacuation
[2026-07-18T17:03:29.129+0000][info][gc,phases   ] GC(80)   Pre Evacuate Collection Set: 0.54ms
[2026-07-18T17:03:29.129+0000][info][gc,phases   ] GC(80)   Merge Heap Roots: 0.21ms
[2026-07-18T17:03:29.130+0000][info][gc,phases   ] GC(80)   Evacuate Collection Set: 0.30ms
[2026-07-18T17:03:29.130+0000][info][gc,phases   ] GC(80)   Post Evacuate Collection Set: 0.82ms
[2026-07-18T17:03:29.130+0000][info][gc,phases   ] GC(80)   Other: 0.36ms
[2026-07-18T17:03:29.130+0000][info][gc,heap     ] GC(80) Eden regions: 900->0(900)
[2026-07-18T17:03:29.130+0000][info][gc,heap     ] GC(80) Survivor regions: 0->0(113)
[2026-07-18T17:03:29.130+0000][info][gc,heap     ] GC(80) Old regions: 3->3
[2026-07-18T17:03:29.130+0000][info][gc,heap     ] GC(80) Humongous regions: 16->16
[2026-07-18T17:03:29.130+0000][info][gc,metaspace] GC(80) Metaspace: 432K(576K)->432K(576K) NonClass: 401K(448K)->401K(448K) Class: 31K(128K)->31K(128K)
[2026-07-18T17:03:29.130+0000][info][gc          ] GC(80) Pause Young (Normal) (G1 Evacuation Pause) 917M->17M(1500M) 3.515ms
[2026-07-18T17:03:29.130+0000][info][gc,cpu      ] GC(80) User=0.00s Sys=0.00s Real=0.01s
[2026-07-18T17:03:29.503+0000][info][gc,start    ] GC(81) Pause Young (Normal) (G1 Evacuation Pause)
[2026-07-18T17:03:29.504+0000][info][gc,task     ] GC(81) Using 4 workers of 4 for evacuation
[2026-07-18T17:03:29.508+0000][info][gc,phases   ] GC(81)   Pre Evacuate Collection Set: 0.29ms
[2026-07-18T17:03:29.508+0000][info][gc,phases   ] GC(81)   Merge Heap Roots: 0.24ms
[2026-07-18T17:03:29.509+0000][info][gc,phases   ] GC(81)   Evacuate Collection Set: 2.76ms
[2026-07-18T17:03:29.509+0000][info][gc,phases   ] GC(81)   Post Evacuate Collection Set: 0.80ms
[2026-07-18T17:03:29.509+0000][info][gc,phases   ] GC(81)   Other: 0.14ms
[2026-07-18T17:03:29.509+0000][info][gc,heap     ] GC(81) Eden regions: 900->0(900)
[2026-07-18T17:03:29.509+0000][info][gc,heap     ] GC(81) Survivor regions: 0->0(113)
[2026-07-18T17:03:29.509+0000][info][gc,heap     ] GC(81) Old regions: 3->3
[2026-07-18T17:03:29.509+0000][info][gc,heap     ] GC(81) Humongous regions: 16->16
[2026-07-18T17:03:29.509+0000][info][gc,metaspace] GC(81) Metaspace: 432K(576K)->432K(576K) NonClass: 401K(448K)->401K(448K) Class: 31K(128K)->31K(128K)
[2026-07-18T17:03:29.510+0000][info][gc          ] GC(81) Pause Young (Normal) (G1 Evacuation Pause) 917M->17M(1500M) 6.152ms
[2026-07-18T17:03:29.510+0000][info][gc,cpu      ] GC(81) User=0.01s Sys=0.00s Real=0.01s
[2026-07-18T17:03:30.625+0000][info][gc,start    ] GC(82) Pause Young (Normal) (G1 Evacuation Pause)
[2026-07-18T17:03:30.664+0000][info][gc,task     ] GC(82) Using 4 workers of 4 for evacuation
[2026-07-18T17:03:30.836+0000][info][gc,phases   ] GC(82)   Pre Evacuate Collection Set: 92.09ms
[2026-07-18T17:03:30.837+0000][info][gc,phases   ] GC(82)   Merge Heap Roots: 21.87ms
[2026-07-18T17:03:30.837+0000][info][gc,phases   ] GC(82)   Evacuate Collection Set: 22.14ms
[2026-07-18T17:03:30.838+0000][info][gc,phases   ] GC(82)   Post Evacuate Collection Set: 15.23ms
[2026-07-18T17:03:30.838+0000][info][gc,phases   ] GC(82)   Other: 20.38ms
[2026-07-18T17:03:30.838+0000][info][gc,heap     ] GC(82) Eden regions: 900->0(900)
[2026-07-18T17:03:30.839+0000][info][gc,heap     ] GC(82) Survivor regions: 0->0(113)
[2026-07-18T17:03:30.839+0000][info][gc,heap     ] GC(82) Old regions: 3->3
[2026-07-18T17:03:30.840+0000][info][gc,heap     ] GC(82) Humongous regions: 16->16
[2026-07-18T17:03:30.847+0000][info][gc,metaspace] GC(82) Metaspace: 432K(576K)->432K(576K) NonClass: 401K(448K)->401K(448K) Class: 31K(128K)->31K(128K)
[2026-07-18T17:03:30.854+0000][info][gc          ] GC(82) Pause Young (Normal) (G1 Evacuation Pause) 917M->17M(1500M) 229.497ms
[2026-07-18T17:03:30.868+0000][info][gc,cpu      ] GC(82) User=0.09s Sys=0.01s Real=0.24s
[2026-07-18T17:03:32.187+0000][info][gc,start    ] GC(83) Pause Young (Normal) (G1 Evacuation Pause)
[2026-07-18T17:03:32.188+0000][info][gc,task     ] GC(83) Using 4 workers of 4 for evacuation
[2026-07-18T17:03:32.193+0000][info][gc,phases   ] GC(83)   Pre Evacuate Collection Set: 0.78ms
[2026-07-18T17:03:32.193+0000][info][gc,phases   ] GC(83)   Merge Heap Roots: 0.51ms
[2026-07-18T17:03:32.193+0000][info][gc,phases   ] GC(83)   Evacuate Collection Set: 1.35ms
[2026-07-18T17:03:32.194+0000][info][gc,phases   ] GC(83)   Post Evacuate Collection Set: 1.84ms
[2026-07-18T17:03:32.194+0000][info][gc,phases   ] GC(83)   Other: 0.36ms
[2026-07-18T17:03:32.194+0000][info][gc,heap     ] GC(83) Eden regions: 900->0(900)
[2026-07-18T17:03:32.195+0000][info][gc,heap     ] GC(83) Survivor regions: 0->0(113)
[2026-07-18T17:03:32.195+0000][info][gc,heap     ] GC(83) Old regions: 3->3
[2026-07-18T17:03:32.195+0000][info][gc,heap     ] GC(83) Humongous regions: 16->16
[2026-07-18T17:03:32.195+0000][info][gc,metaspace] GC(83) Metaspace: 432K(576K)->432K(576K) NonClass: 401K(448K)->401K(448K) Class: 31K(128K)->31K(128K)
[2026-07-18T17:03:32.196+0000][info][gc          ] GC(83) Pause Young (Normal) (G1 Evacuation Pause) 917M->17M(1500M) 8.697ms
[2026-07-18T17:03:32.196+0000][info][gc,cpu      ] GC(83) User=0.01s Sys=0.00s Real=0.01s
[2026-07-18T17:03:34.731+0000][info][gc,start    ] GC(84) Pause Young (Normal) (G1 Evacuation Pause)
[2026-07-18T17:03:34.731+0000][info][gc,task     ] GC(84) Using 4 workers of 4 for evacuation
[2026-07-18T17:03:34.734+0000][info][gc,phases   ] GC(84)   Pre Evacuate Collection Set: 0.82ms
[2026-07-18T17:03:34.734+0000][info][gc,phases   ] GC(84)   Merge Heap Roots: 0.17ms
[2026-07-18T17:03:34.734+0000][info][gc,phases   ] GC(84)   Evacuate Collection Set: 0.34ms
[2026-07-18T17:03:34.734+0000][info][gc,phases   ] GC(84)   Post Evacuate Collection Set: 0.75ms
[2026-07-18T17:03:34.734+0000][info][gc,phases   ] GC(84)   Other: 0.26ms
[2026-07-18T17:03:34.734+0000][info][gc,heap     ] GC(84) Eden regions: 900->0(900)
[2026-07-18T17:03:34.734+0000][info][gc,heap     ] GC(84) Survivor regions: 0->0(113)
[2026-07-18T17:03:34.734+0000][info][gc,heap     ] GC(84) Old regions: 3->3
[2026-07-18T17:03:34.734+0000][info][gc,heap     ] GC(84) Humongous regions: 16->16
[2026-07-18T17:03:34.734+0000][info][gc,metaspace] GC(84) Metaspace: 432K(576K)->432K(576K) NonClass: 401K(448K)->401K(448K) Class: 31K(128K)->31K(128K)
[2026-07-18T17:03:34.735+0000][info][gc          ] GC(84) Pause Young (Normal) (G1 Evacuation Pause) 917M->17M(1500M) 3.741ms
[2026-07-18T17:03:34.735+0000][info][gc,cpu      ] GC(84) User=0.01s Sys=0.00s Real=0.00s
[2026-07-18T17:03:35.371+0000][info][gc,start    ] GC(85) Pause Young (Normal) (G1 Evacuation Pause)
[2026-07-18T17:03:35.372+0000][info][gc,task     ] GC(85) Using 4 workers of 4 for evacuation
[2026-07-18T17:03:35.373+0000][info][gc,phases   ] GC(85)   Pre Evacuate Collection Set: 0.53ms
[2026-07-18T17:03:35.374+0000][info][gc,phases   ] GC(85)   Merge Heap Roots: 0.20ms
[2026-07-18T17:03:35.375+0000][info][gc,phases   ] GC(85)   Evacuate Collection Set: 0.43ms
[2026-07-18T17:03:35.375+0000][info][gc,phases   ] GC(85)   Post Evacuate Collection Set: 0.63ms
[2026-07-18T17:03:35.375+0000][info][gc,phases   ] GC(85)   Other: 0.12ms
[2026-07-18T17:03:35.375+0000][info][gc,heap     ] GC(85) Eden regions: 900->0(900)
[2026-07-18T17:03:35.375+0000][info][gc,heap     ] GC(85) Survivor regions: 0->0(113)
[2026-07-18T17:03:35.375+0000][info][gc,heap     ] GC(85) Old regions: 3->3
[2026-07-18T17:03:35.375+0000][info][gc,heap     ] GC(85) Humongous regions: 16->16
[2026-07-18T17:03:35.375+0000][info][gc,metaspace] GC(85) Metaspace: 432K(576K)->432K(576K) NonClass: 401K(448K)->401K(448K) Class: 31K(128K)->31K(128K)
[2026-07-18T17:03:35.376+0000][info][gc          ] GC(85) Pause Young (Normal) (G1 Evacuation Pause) 917M->17M(1500M) 4.588ms
[2026-07-18T17:03:35.376+0000][info][gc,cpu      ] GC(85) User=0.00s Sys=0.01s Real=0.00s
[2026-07-18T17:03:35.656+0000][info][gc,start    ] GC(86) Pause Young (Normal) (G1 Evacuation Pause)
[2026-07-18T17:03:35.667+0000][info][gc,task     ] GC(86) Using 4 workers of 4 for evacuation
[2026-07-18T17:03:35.702+0000][info][gc,phases   ] GC(86)   Pre Evacuate Collection Set: 1.20ms
[2026-07-18T17:03:35.704+0000][info][gc,phases   ] GC(86)   Merge Heap Roots: 0.32ms
[2026-07-18T17:03:35.709+0000][info][gc,phases   ] GC(86)   Evacuate Collection Set: 3.62ms
[2026-07-18T17:03:35.718+0000][info][gc,phases   ] GC(86)   Post Evacuate Collection Set: 14.24ms
[2026-07-18T17:03:35.728+0000][info][gc,phases   ] GC(86)   Other: 15.99ms
[2026-07-18T17:03:35.761+0000][info][gc,heap     ] GC(86) Eden regions: 900->0(900)
[2026-07-18T17:03:35.765+0000][info][gc,heap     ] GC(86) Survivor regions: 0->0(113)
[2026-07-18T17:03:35.768+0000][info][gc,heap     ] GC(86) Old regions: 3->3
[2026-07-18T17:03:35.772+0000][info][gc,heap     ] GC(86) Humongous regions: 16->16
[2026-07-18T17:03:35.773+0000][info][gc,metaspace] GC(86) Metaspace: 432K(576K)->432K(576K) NonClass: 401K(448K)->401K(448K) Class: 31K(128K)->31K(128K)
[2026-07-18T17:03:35.775+0000][info][gc          ] GC(86) Pause Young (Normal) (G1 Evacuation Pause) 917M->17M(1500M) 118.323ms
[2026-07-18T17:03:35.775+0000][info][gc,cpu      ] GC(86) User=0.02s Sys=0.01s Real=0.12s
[2026-07-18T17:03:36.746+0000][info][gc,start    ] GC(87) Pause Young (Normal) (G1 Evacuation Pause)
[2026-07-18T17:03:36.746+0000][info][gc,task     ] GC(87) Using 4 workers of 4 for evacuation
[2026-07-18T17:03:36.747+0000][info][gc,phases   ] GC(87)   Pre Evacuate Collection Set: 0.37ms
[2026-07-18T17:03:36.747+0000][info][gc,phases   ] GC(87)   Merge Heap Roots: 0.14ms
[2026-07-18T17:03:36.747+0000][info][gc,phases   ] GC(87)   Evacuate Collection Set: 0.16ms
[2026-07-18T17:03:36.747+0000][info][gc,phases   ] GC(87)   Post Evacuate Collection Set: 0.44ms
[2026-07-18T17:03:36.747+0000][info][gc,phases   ] GC(87)   Other: 0.12ms
[2026-07-18T17:03:36.747+0000][info][gc,heap     ] GC(87) Eden regions: 900->0(900)
[2026-07-18T17:03:36.747+0000][info][gc,heap     ] GC(87) Survivor regions: 0->0(113)
[2026-07-18T17:03:36.748+0000][info][gc,heap     ] GC(87) Old regions: 3->3
[2026-07-18T17:03:36.748+0000][info][gc,heap     ] GC(87) Humongous regions: 16->16
[2026-07-18T17:03:36.748+0000][info][gc,metaspace] GC(87) Metaspace: 432K(576K)->432K(576K) NonClass: 401K(448K)->401K(448K) Class: 31K(128K)->31K(128K)
[2026-07-18T17:03:36.748+0000][info][gc          ] GC(87) Pause Young (Normal) (G1 Evacuation Pause) 917M->17M(1500M) 2.034ms
[2026-07-18T17:03:36.748+0000][info][gc,cpu      ] GC(87) User=0.00s Sys=0.00s Real=0.00s
[2026-07-18T17:03:36.947+0000][info][gc,start    ] GC(88) Pause Young (Normal) (G1 Evacuation Pause)
[2026-07-18T17:03:36.948+0000][info][gc,task     ] GC(88) Using 4 workers of 4 for evacuation
[2026-07-18T17:03:36.949+0000][info][gc,phases   ] GC(88)   Pre Evacuate Collection Set: 0.46ms
[2026-07-18T17:03:36.949+0000][info][gc,phases   ] GC(88)   Merge Heap Roots: 0.15ms
[2026-07-18T17:03:36.949+0000][info][gc,phases   ] GC(88)   Evacuate Collection Set: 0.17ms
[2026-07-18T17:03:36.949+0000][info][gc,phases   ] GC(88)   Post Evacuate Collection Set: 0.51ms
[2026-07-18T17:03:36.949+0000][info][gc,phases   ] GC(88)   Other: 0.11ms
[2026-07-18T17:03:36.949+0000][info][gc,heap     ] GC(88) Eden regions: 900->0(900)
[2026-07-18T17:03:36.949+0000][info][gc,heap     ] GC(88) Survivor regions: 0->0(113)
[2026-07-18T17:03:36.949+0000][info][gc,heap     ] GC(88) Old regions: 3->3
[2026-07-18T17:03:36.949+0000][info][gc,heap     ] GC(88) Humongous regions: 16->16
[2026-07-18T17:03:36.950+0000][info][gc,metaspace] GC(88) Metaspace: 432K(576K)->432K(576K) NonClass: 401K(448K)->401K(448K) Class: 31K(128K)->31K(128K)
[2026-07-18T17:03:36.950+0000][info][gc          ] GC(88) Pause Young (Normal) (G1 Evacuation Pause) 917M->17M(1500M) 2.081ms
[2026-07-18T17:03:36.950+0000][info][gc,cpu      ] GC(88) User=0.01s Sys=0.00s Real=0.01s
[2026-07-18T17:03:37.575+0000][info][gc,heap,exit] Heap
[2026-07-18T17:03:37.575+0000][info][gc,heap,exit]  garbage-first heap   total 1536000K, used 658835K [0x00000000a2400000, 0x0000000100000000)
[2026-07-18T17:03:37.575+0000][info][gc,heap,exit]   region size 1024K, 610 young (624640K), 0 survivors (0K)
[2026-07-18T17:03:37.575+0000][info][gc,heap,exit]  Metaspace       used 815K, committed 960K, reserved 1114112K
[2026-07-18T17:03:37.576+0000][info][gc,heap,exit]   class space    used 61K, committed 128K, reserved 1048576K
