[2026-07-19T19:47:23.405+0000][info][gc] Using G1
[2026-07-19T19:47:24.656+0000][info][gc] GC(0) Pause Full (System.gc()) 4M->2M(192M) 2.570ms
[2026-07-19T19:47:26.163+0000][info][gc] GC(1) Pause Full (System.gc()) 3M->2M(192M) 1.989ms
[2026-07-19T19:47:27.673+0000][info][gc] GC(2) Pause Full (System.gc()) 3M->2M(192M) 1.878ms
[2026-07-19T19:47:29.184+0000][info][gc] GC(3) Pause Full (System.gc()) 3M->2M(192M) 1.810ms
[2026-07-19T19:47:30.694+0000][info][gc] GC(4) Pause Full (System.gc()) 3M->2M(192M) 1.957ms
[2026-07-19T19:47:32.204+0000][info][gc] GC(5) Pause Full (System.gc()) 3M->2M(192M) 1.843ms
[2026-07-19T19:47:33.718+0000][info][gc] GC(6) Pause Full (System.gc()) 3M->2M(192M) 1.897ms
[2026-07-19T19:47:35.229+0000][info][gc] GC(7) Pause Full (System.gc()) 3M->2M(192M) 1.828ms
[2026-07-19T19:47:36.739+0000][info][gc] GC(8) Pause Full (System.gc()) 3M->2M(192M) 1.882ms
[2026-07-19T19:47:38.247+0000][info][gc] GC(9) Pause Full (System.gc()) 3M->2M(192M) 1.863ms
[2026-07-19T19:47:39.759+0000][info][gc] GC(10) Pause Full (System.gc()) 3M->2M(192M) 1.878ms
[2026-07-19T19:47:41.275+0000][info][gc] GC(11) Pause Full (System.gc()) 3M->2M(192M) 2.422ms
[2026-07-19T19:47:42.786+0000][info][gc] GC(12) Pause Full (System.gc()) 3M->2M(192M) 1.937ms
[2026-07-19T19:47:44.301+0000][info][gc] GC(13) Pause Full (System.gc()) 3M->2M(192M) 1.945ms
[2026-07-19T19:47:45.812+0000][info][gc] GC(14) Pause Full (System.gc()) 3M->2M(192M) 1.883ms
[2026-07-19T19:47:47.327+0000][info][gc] GC(15) Pause Full (System.gc()) 3M->2M(192M) 2.643ms
[2026-07-19T19:47:48.836+0000][info][gc] GC(16) Pause Full (System.gc()) 3M->2M(192M) 1.825ms
[2026-07-19T19:47:50.346+0000][info][gc] GC(17) Pause Full (System.gc()) 3M->2M(192M) 3.020ms
[2026-07-19T19:47:51.860+0000][info][gc] GC(18) Pause Full (System.gc()) 3M->2M(192M) 1.925ms
[2026-07-19T19:47:53.372+0000][info][gc] GC(19) Pause Full (System.gc()) 3M->2M(192M) 2.027ms
[2026-07-19T19:47:54.885+0000][info][gc] GC(20) Pause Full (System.gc()) 3M->2M(192M) 2.857ms
[2026-07-19T19:47:56.398+0000][info][gc] GC(21) Pause Full (System.gc()) 3M->2M(192M) 1.898ms
[2026-07-19T19:47:57.909+0000][info][gc] GC(22) Pause Full (System.gc()) 3M->2M(192M) 2.710ms
[2026-07-19T19:47:59.421+0000][info][gc] GC(23) Pause Full (System.gc()) 3M->2M(192M) 1.920ms
[2026-07-19T19:48:00.937+0000][info][gc] GC(24) Pause Full (System.gc()) 3M->2M(192M) 2.052ms
[2026-07-19T19:48:02.447+0000][info][gc] GC(25) Pause Full (System.gc()) 3M->2M(192M) 1.977ms
[2026-07-19T19:48:03.956+0000][info][gc] GC(26) Pause Full (System.gc()) 3M->2M(192M) 1.936ms
[2026-07-19T19:48:05.468+0000][info][gc] GC(27) Pause Full (System.gc()) 3M->2M(192M) 1.945ms
[2026-07-19T19:48:06.978+0000][info][gc] GC(28) Pause Full (System.gc()) 3M->2M(192M) 1.933ms
[2026-07-19T19:48:08.490+0000][info][gc] GC(29) Pause Full (System.gc()) 3M->2M(192M) 1.943ms
[2026-07-19T19:48:09.999+0000][info][gc] GC(30) Pause Full (System.gc()) 3M->2M(192M) 1.936ms
[2026-07-19T19:48:11.519+0000][info][gc] GC(31) Pause Full (System.gc()) 3M->2M(192M) 1.951ms
[2026-07-19T19:48:13.028+0000][info][gc] GC(32) Pause Full (System.gc()) 3M->2M(192M) 1.980ms
[2026-07-19T19:48:14.538+0000][info][gc] GC(33) Pause Full (System.gc()) 3M->2M(192M) 1.975ms
[2026-07-19T19:48:16.048+0000][info][gc] GC(34) Pause Full (System.gc()) 3M->2M(192M) 1.982ms
[2026-07-19T19:48:17.557+0000][info][gc] GC(35) Pause Full (System.gc()) 3M->2M(192M) 2.049ms
[2026-07-19T19:48:19.071+0000][info][gc] GC(36) Pause Full (System.gc()) 3M->2M(192M) 1.961ms
[2026-07-19T19:48:20.579+0000][info][gc] GC(37) Pause Full (System.gc()) 3M->2M(192M) 1.928ms
[2026-07-19T19:48:22.089+0000][info][gc] GC(38) Pause Full (System.gc()) 3M->2M(192M) 1.992ms
[2026-07-19T19:48:23.597+0000][info][gc] GC(39) Pause Full (System.gc()) 3M->2M(192M) 2.043ms
[2026-07-19T19:48:25.105+0000][info][gc] GC(40) Pause Full (System.gc()) 3M->2M(192M) 2.001ms
[2026-07-19T19:48:26.613+0000][info][gc] GC(41) Pause Full (System.gc()) 3M->2M(192M) 2.016ms
[2026-07-19T19:48:28.123+0000][info][gc] GC(42) Pause Full (System.gc()) 3M->2M(192M) 2.031ms
[2026-07-19T19:48:29.633+0000][info][gc] GC(43) Pause Full (System.gc()) 3M->2M(192M) 2.664ms
[2026-07-19T19:48:31.146+0000][info][gc] GC(44) Pause Full (System.gc()) 3M->2M(192M) 2.032ms
[2026-07-19T19:48:32.657+0000][info][gc] GC(45) Pause Full (System.gc()) 3M->2M(192M) 2.013ms
[2026-07-19T19:48:34.166+0000][info][gc] GC(46) Pause Full (System.gc()) 3M->2M(192M) 1.988ms
[2026-07-19T19:48:35.677+0000][info][gc] GC(47) Pause Full (System.gc()) 3M->2M(192M) 2.677ms
[2026-07-19T19:48:37.190+0000][info][gc] GC(48) Pause Full (System.gc()) 3M->2M(192M) 3.504ms
[2026-07-19T19:48:38.700+0000][info][gc] GC(49) Pause Full (System.gc()) 3M->2M(192M) 2.238ms
[2026-07-19T19:48:40.210+0000][info][gc] GC(50) Pause Full (System.gc()) 3M->2M(192M) 2.018ms
[2026-07-19T19:48:41.720+0000][info][gc] GC(51) Pause Full (System.gc()) 3M->2M(192M) 2.116ms
[2026-07-19T19:48:43.229+0000][info][gc] GC(52) Pause Full (System.gc()) 3M->2M(192M) 2.055ms
[2026-07-19T19:48:44.739+0000][info][gc] GC(53) Pause Full (System.gc()) 3M->2M(192M) 2.015ms
[2026-07-19T19:48:46.249+0000][info][gc] GC(54) Pause Full (System.gc()) 3M->2M(192M) 2.916ms
[2026-07-19T19:48:47.763+0000][info][gc] GC(55) Pause Full (System.gc()) 3M->2M(192M) 2.709ms
[2026-07-19T19:48:49.274+0000][info][gc] GC(56) Pause Full (System.gc()) 3M->2M(192M) 2.244ms
[2026-07-19T19:48:50.786+0000][info][gc] GC(57) Pause Full (System.gc()) 3M->2M(192M) 2.079ms
[2026-07-19T19:48:52.295+0000][info][gc] GC(58) Pause Full (System.gc()) 3M->2M(192M) 2.012ms
[2026-07-19T19:48:53.805+0000][info][gc] GC(59) Pause Full (System.gc()) 3M->2M(192M) 2.046ms
[2026-07-19T19:48:55.315+0000][info][gc] GC(60) Pause Full (System.gc()) 3M->2M(192M) 2.042ms
[2026-07-19T19:48:56.825+0000][info][gc] GC(61) Pause Full (System.gc()) 3M->2M(192M) 2.184ms
[2026-07-19T19:48:58.335+0000][info][gc] GC(62) Pause Full (System.gc()) 3M->2M(192M) 2.024ms
[2026-07-19T19:48:59.844+0000][info][gc] GC(63) Pause Full (System.gc()) 3M->2M(192M) 2.075ms
[2026-07-19T19:49:01.353+0000][info][gc] GC(64) Pause Full (System.gc()) 3M->2M(192M) 2.007ms
[2026-07-19T19:49:02.863+0000][info][gc] GC(65) Pause Full (System.gc()) 3M->2M(192M) 2.709ms
[2026-07-19T19:49:04.375+0000][info][gc] GC(66) Pause Full (System.gc()) 3M->2M(192M) 2.028ms
[2026-07-19T19:49:05.885+0000][info][gc] GC(67) Pause Full (System.gc()) 3M->2M(192M) 2.162ms
[2026-07-19T19:49:07.396+0000][info][gc] GC(68) Pause Full (System.gc()) 3M->2M(192M) 2.267ms
[2026-07-19T19:49:08.905+0000][info][gc] GC(69) Pause Full (System.gc()) 3M->2M(192M) 3.015ms
[2026-07-19T19:49:10.418+0000][info][gc] GC(70) Pause Full (System.gc()) 3M->2M(192M) 2.288ms
[2026-07-19T19:49:11.930+0000][info][gc] GC(71) Pause Full (System.gc()) 3M->2M(192M) 2.953ms
[2026-07-19T19:49:13.446+0000][info][gc] GC(72) Pause Full (System.gc()) 3M->2M(192M) 2.121ms
[2026-07-19T19:49:14.954+0000][info][gc] GC(73) Pause Full (System.gc()) 3M->2M(192M) 2.142ms
[2026-07-19T19:49:16.469+0000][info][gc] GC(74) Pause Full (System.gc()) 3M->2M(192M) 2.197ms
[2026-07-19T19:49:17.978+0000][info][gc] GC(75) Pause Full (System.gc()) 3M->2M(192M) 2.113ms
[2026-07-19T19:49:19.487+0000][info][gc] GC(76) Pause Full (System.gc()) 3M->2M(192M) 2.115ms
[2026-07-19T19:49:21.000+0000][info][gc] GC(77) Pause Full (System.gc()) 3M->2M(192M) 2.104ms
[2026-07-19T19:49:22.510+0000][info][gc] GC(78) Pause Full (System.gc()) 3M->2M(192M) 2.066ms
[2026-07-19T19:49:24.023+0000][info][gc] GC(79) Pause Full (System.gc()) 3M->2M(192M) 2.067ms
[2026-07-19T19:49:25.531+0000][info][gc] GC(80) Pause Full (System.gc()) 3M->2M(192M) 3.141ms
[2026-07-19T19:49:27.039+0000][info][gc] GC(81) Pause Full (System.gc()) 3M->2M(192M) 2.237ms
[2026-07-19T19:49:28.552+0000][info][gc] GC(82) Pause Full (System.gc()) 3M->2M(192M) 2.164ms
[2026-07-19T19:49:30.064+0000][info][gc] GC(83) Pause Full (System.gc()) 3M->2M(192M) 3.415ms
[2026-07-19T19:49:31.576+0000][info][gc] GC(84) Pause Full (System.gc()) 3M->2M(192M) 2.235ms
[2026-07-19T19:49:33.094+0000][info][gc] GC(85) Pause Full (System.gc()) 3M->2M(192M) 2.108ms
[2026-07-19T19:49:34.610+0000][info][gc] GC(86) Pause Full (System.gc()) 3M->2M(192M) 2.119ms
[2026-07-19T19:49:36.121+0000][info][gc] GC(87) Pause Full (System.gc()) 3M->2M(192M) 2.084ms
[2026-07-19T19:49:37.631+0000][info][gc] GC(88) Pause Full (System.gc()) 3M->2M(192M) 2.681ms
[2026-07-19T19:49:39.141+0000][info][gc] GC(89) Pause Full (System.gc()) 3M->2M(192M) 2.084ms
[2026-07-19T19:49:40.655+0000][info][gc] GC(90) Pause Full (System.gc()) 3M->2M(192M) 2.186ms
[2026-07-19T19:49:42.164+0000][info][gc] GC(91) Pause Full (System.gc()) 3M->2M(192M) 2.199ms
[2026-07-19T19:49:43.673+0000][info][gc] GC(92) Pause Full (System.gc()) 3M->2M(192M) 2.110ms
[2026-07-19T19:49:45.181+0000][info][gc] GC(93) Pause Full (System.gc()) 3M->2M(192M) 2.111ms
[2026-07-19T19:49:46.692+0000][info][gc] GC(94) Pause Full (System.gc()) 3M->2M(192M) 2.220ms
[2026-07-19T19:49:48.201+0000][info][gc] GC(95) Pause Full (System.gc()) 3M->2M(192M) 2.138ms
[2026-07-19T19:49:49.714+0000][info][gc] GC(96) Pause Full (System.gc()) 3M->2M(192M) 2.126ms
[2026-07-19T19:49:51.223+0000][info][gc] GC(97) Pause Full (System.gc()) 3M->2M(192M) 2.114ms
[2026-07-19T19:49:52.732+0000][info][gc] GC(98) Pause Full (System.gc()) 3M->2M(192M) 2.605ms
[2026-07-19T19:49:54.244+0000][info][gc] GC(99) Pause Full (System.gc()) 3M->2M(192M) 2.096ms
[2026-07-19T19:49:55.754+0000][info][gc] GC(100) Pause Full (System.gc()) 3M->2M(192M) 3.082ms
[2026-07-19T19:49:57.265+0000][info][gc] GC(101) Pause Full (System.gc()) 3M->2M(192M) 2.201ms
[2026-07-19T19:49:58.777+0000][info][gc] GC(102) Pause Full (System.gc()) 3M->2M(192M) 2.090ms
[2026-07-19T19:50:00.291+0000][info][gc] GC(103) Pause Full (System.gc()) 3M->2M(192M) 2.806ms
[2026-07-19T19:50:01.809+0000][info][gc] GC(104) Pause Full (System.gc()) 3M->2M(192M) 2.203ms
[2026-07-19T19:50:03.321+0000][info][gc] GC(105) Pause Full (System.gc()) 3M->2M(192M) 2.147ms
[2026-07-19T19:50:04.829+0000][info][gc] GC(106) Pause Full (System.gc()) 3M->2M(192M) 2.240ms
[2026-07-19T19:50:06.340+0000][info][gc] GC(107) Pause Full (System.gc()) 3M->2M(192M) 2.431ms
[2026-07-19T19:50:07.852+0000][info][gc] GC(108) Pause Full (System.gc()) 3M->2M(192M) 2.282ms
[2026-07-19T19:50:09.362+0000][info][gc] GC(109) Pause Full (System.gc()) 3M->2M(192M) 3.556ms
[2026-07-19T19:50:10.876+0000][info][gc] GC(110) Pause Full (System.gc()) 3M->2M(192M) 2.216ms
[2026-07-19T19:50:12.385+0000][info][gc] GC(111) Pause Full (System.gc()) 3M->2M(192M) 2.137ms
[2026-07-19T19:50:13.897+0000][info][gc] GC(112) Pause Full (System.gc()) 3M->2M(192M) 2.251ms
[2026-07-19T19:50:15.409+0000][info][gc] GC(113) Pause Full (System.gc()) 3M->2M(192M) 2.710ms
[2026-07-19T19:50:16.919+0000][info][gc] GC(114) Pause Full (System.gc()) 3M->2M(192M) 2.348ms
[2026-07-19T19:50:18.432+0000][info][gc] GC(115) Pause Full (System.gc()) 3M->2M(192M) 2.292ms
[2026-07-19T19:50:19.944+0000][info][gc] GC(116) Pause Full (System.gc()) 3M->2M(192M) 3.249ms
[2026-07-19T19:50:21.459+0000][info][gc] GC(117) Pause Full (System.gc()) 3M->2M(192M) 2.582ms
[2026-07-19T19:50:22.971+0000][info][gc] GC(118) Pause Full (System.gc()) 3M->2M(192M) 3.034ms
[2026-07-19T19:50:24.481+0000][info][gc] GC(119) Pause Full (System.gc()) 3M->2M(192M) 2.246ms
[2026-07-19T19:50:24.786+0000][info][gc] GC(120) Pause Full (System.gc()) 3M->2M(192M) 2.549ms
