[2026-07-18T17:20:11.365+0000][info][gc,init] CardTable entry size: 512
[2026-07-18T17:20:11.365+0000][info][gc     ] Using G1
[2026-07-18T17:20:11.367+0000][info][gc,init] Version: 21.0.11+10-LTS (release)
[2026-07-18T17:20:11.367+0000][info][gc,init] CPUs: 10 total, 4 available
[2026-07-18T17:20:11.367+0000][info][gc,init] Memory: 3072M
[2026-07-18T17:20:11.367+0000][info][gc,init] Large Page Support: Disabled
[2026-07-18T17:20:11.367+0000][info][gc,init] NUMA Support: Disabled
[2026-07-18T17:20:11.368+0000][info][gc,init] Compressed Oops: Enabled (32-bit)
[2026-07-18T17:20:11.368+0000][info][gc,init] Heap Region Size: 1M
[2026-07-18T17:20:11.368+0000][info][gc,init] Heap Min Capacity: 1500M
[2026-07-18T17:20:11.368+0000][info][gc,init] Heap Initial Capacity: 1500M
[2026-07-18T17:20:11.368+0000][info][gc,init] Heap Max Capacity: 1500M
[2026-07-18T17:20:11.368+0000][info][gc,init] Pre-touch: Disabled
[2026-07-18T17:20:11.369+0000][info][gc,init] Parallel Workers: 4
[2026-07-18T17:20:11.369+0000][info][gc,init] Concurrent Workers: 1
[2026-07-18T17:20:11.369+0000][info][gc,init] Concurrent Refinement Workers: 4
[2026-07-18T17:20:11.369+0000][info][gc,init] Periodic GC: Disabled
[2026-07-18T17:20:11.375+0000][info][gc,metaspace] CDS archive(s) mapped at: [0x0000002000000000-0x0000002000cb0000-0x0000002000cb0000), size 13303808, SharedBaseAddress: 0x0000002000000000, ArchiveRelocationMode: 1.
[2026-07-18T17:20:11.375+0000][info][gc,metaspace] Compressed class space mapped at: 0x0000002001000000-0x0000002041000000, reserved size: 1073741824
[2026-07-18T17:20:11.375+0000][info][gc,metaspace] Narrow klass base: 0x0000002000000000, Narrow klass shift: 0, Narrow klass range: 0x100000000
[2026-07-18T17:20:11.570+0000][info][gc,start    ] GC(0) Pause Young (Normal) (G1 Evacuation Pause)
[2026-07-18T17:20:11.570+0000][info][gc,task     ] GC(0) Using 4 workers of 4 for evacuation
[2026-07-18T17:20:11.571+0000][info][gc,phases   ] GC(0)   Pre Evacuate Collection Set: 0.17ms
[2026-07-18T17:20:11.571+0000][info][gc,phases   ] GC(0)   Merge Heap Roots: 0.03ms
[2026-07-18T17:20:11.571+0000][info][gc,phases   ] GC(0)   Evacuate Collection Set: 0.76ms
[2026-07-18T17:20:11.572+0000][info][gc,phases   ] GC(0)   Post Evacuate Collection Set: 0.20ms
[2026-07-18T17:20:11.572+0000][info][gc,phases   ] GC(0)   Other: 0.43ms
[2026-07-18T17:20:11.572+0000][info][gc,heap     ] GC(0) Eden regions: 75->0(84)
[2026-07-18T17:20:11.572+0000][info][gc,heap     ] GC(0) Survivor regions: 0->1(10)
[2026-07-18T17:20:11.572+0000][info][gc,heap     ] GC(0) Old regions: 2->2
[2026-07-18T17:20:11.572+0000][info][gc,heap     ] GC(0) Humongous regions: 16->16
[2026-07-18T17:20:11.572+0000][info][gc,metaspace] GC(0) Metaspace: 435K(640K)->435K(640K) NonClass: 404K(512K)->404K(512K) Class: 31K(128K)->31K(128K)
[2026-07-18T17:20:11.572+0000][info][gc          ] GC(0) Pause Young (Normal) (G1 Evacuation Pause) 92M->17M(1500M) 2.089ms
[2026-07-18T17:20:11.572+0000][info][gc,cpu      ] GC(0) User=0.00s Sys=0.00s Real=0.00s
[2026-07-18T17:20:11.583+0000][info][gc,start    ] GC(1) Pause Young (Normal) (G1 Evacuation Pause)
[2026-07-18T17:20:11.583+0000][info][gc,task     ] GC(1) Using 4 workers of 4 for evacuation
[2026-07-18T17:20:11.585+0000][info][gc,phases   ] GC(1)   Pre Evacuate Collection Set: 0.18ms
[2026-07-18T17:20:11.585+0000][info][gc,phases   ] GC(1)   Merge Heap Roots: 0.04ms
[2026-07-18T17:20:11.585+0000][info][gc,phases   ] GC(1)   Evacuate Collection Set: 1.05ms
[2026-07-18T17:20:11.585+0000][info][gc,phases   ] GC(1)   Post Evacuate Collection Set: 0.17ms
[2026-07-18T17:20:11.585+0000][info][gc,phases   ] GC(1)   Other: 0.06ms
[2026-07-18T17:20:11.585+0000][info][gc,heap     ] GC(1) Eden regions: 84->0(899)
[2026-07-18T17:20:11.585+0000][info][gc,heap     ] GC(1) Survivor regions: 1->1(11)
[2026-07-18T17:20:11.585+0000][info][gc,heap     ] GC(1) Old regions: 2->2
[2026-07-18T17:20:11.585+0000][info][gc,heap     ] GC(1) Humongous regions: 16->16
[2026-07-18T17:20:11.585+0000][info][gc,metaspace] GC(1) Metaspace: 435K(640K)->435K(640K) NonClass: 404K(512K)->404K(512K) Class: 31K(128K)->31K(128K)
[2026-07-18T17:20:11.585+0000][info][gc          ] GC(1) Pause Young (Normal) (G1 Evacuation Pause) 101M->17M(1500M) 1.932ms
[2026-07-18T17:20:11.585+0000][info][gc,cpu      ] GC(1) User=0.01s Sys=0.00s Real=0.01s
[2026-07-18T17:20:11.704+0000][info][gc,start    ] GC(2) Pause Young (Normal) (G1 Evacuation Pause)
[2026-07-18T17:20:11.704+0000][info][gc,task     ] GC(2) Using 4 workers of 4 for evacuation
[2026-07-18T17:20:11.706+0000][info][gc,phases   ] GC(2)   Pre Evacuate Collection Set: 0.18ms
[2026-07-18T17:20:11.706+0000][info][gc,phases   ] GC(2)   Merge Heap Roots: 0.10ms
[2026-07-18T17:20:11.706+0000][info][gc,phases   ] GC(2)   Evacuate Collection Set: 1.14ms
[2026-07-18T17:20:11.706+0000][info][gc,phases   ] GC(2)   Post Evacuate Collection Set: 0.32ms
[2026-07-18T17:20:11.706+0000][info][gc,phases   ] GC(2)   Other: 0.10ms
[2026-07-18T17:20:11.706+0000][info][gc,heap     ] GC(2) Eden regions: 899->0(899)
[2026-07-18T17:20:11.706+0000][info][gc,heap     ] GC(2) Survivor regions: 1->1(113)
[2026-07-18T17:20:11.706+0000][info][gc,heap     ] GC(2) Old regions: 2->2
[2026-07-18T17:20:11.706+0000][info][gc,heap     ] GC(2) Humongous regions: 16->16
[2026-07-18T17:20:11.706+0000][info][gc,metaspace] GC(2) Metaspace: 435K(640K)->435K(640K) NonClass: 404K(512K)->404K(512K) Class: 31K(128K)->31K(128K)
[2026-07-18T17:20:11.706+0000][info][gc          ] GC(2) Pause Young (Normal) (G1 Evacuation Pause) 916M->17M(1500M) 2.244ms
[2026-07-18T17:20:11.706+0000][info][gc,cpu      ] GC(2) User=0.00s Sys=0.00s Real=0.00s
[2026-07-18T17:20:11.825+0000][info][gc,start    ] GC(3) Pause Young (Normal) (G1 Evacuation Pause)
[2026-07-18T17:20:11.825+0000][info][gc,task     ] GC(3) Using 4 workers of 4 for evacuation
[2026-07-18T17:20:11.826+0000][info][gc,phases   ] GC(3)   Pre Evacuate Collection Set: 0.17ms
[2026-07-18T17:20:11.827+0000][info][gc,phases   ] GC(3)   Merge Heap Roots: 0.10ms
[2026-07-18T17:20:11.827+0000][info][gc,phases   ] GC(3)   Evacuate Collection Set: 1.04ms
[2026-07-18T17:20:11.827+0000][info][gc,phases   ] GC(3)   Post Evacuate Collection Set: 0.30ms
[2026-07-18T17:20:11.827+0000][info][gc,phases   ] GC(3)   Other: 0.07ms
[2026-07-18T17:20:11.827+0000][info][gc,heap     ] GC(3) Eden regions: 899->0(899)
[2026-07-18T17:20:11.827+0000][info][gc,heap     ] GC(3) Survivor regions: 1->1(113)
[2026-07-18T17:20:11.827+0000][info][gc,heap     ] GC(3) Old regions: 2->2
[2026-07-18T17:20:11.827+0000][info][gc,heap     ] GC(3) Humongous regions: 16->16
[2026-07-18T17:20:11.827+0000][info][gc,metaspace] GC(3) Metaspace: 435K(640K)->435K(640K) NonClass: 404K(512K)->404K(512K) Class: 31K(128K)->31K(128K)
[2026-07-18T17:20:11.827+0000][info][gc          ] GC(3) Pause Young (Normal) (G1 Evacuation Pause) 916M->17M(1500M) 2.125ms
[2026-07-18T17:20:11.827+0000][info][gc,cpu      ] GC(3) User=0.00s Sys=0.00s Real=0.00s
[2026-07-18T17:20:11.953+0000][info][gc,start    ] GC(4) Pause Young (Normal) (G1 Evacuation Pause)
[2026-07-18T17:20:11.953+0000][info][gc,task     ] GC(4) Using 4 workers of 4 for evacuation
[2026-07-18T17:20:11.955+0000][info][gc,phases   ] GC(4)   Pre Evacuate Collection Set: 0.19ms
[2026-07-18T17:20:11.955+0000][info][gc,phases   ] GC(4)   Merge Heap Roots: 0.05ms
[2026-07-18T17:20:11.955+0000][info][gc,phases   ] GC(4)   Evacuate Collection Set: 1.05ms
[2026-07-18T17:20:11.955+0000][info][gc,phases   ] GC(4)   Post Evacuate Collection Set: 0.37ms
[2026-07-18T17:20:11.955+0000][info][gc,phases   ] GC(4)   Other: 0.05ms
[2026-07-18T17:20:11.955+0000][info][gc,heap     ] GC(4) Eden regions: 899->0(899)
[2026-07-18T17:20:11.955+0000][info][gc,heap     ] GC(4) Survivor regions: 1->1(113)
[2026-07-18T17:20:11.955+0000][info][gc,heap     ] GC(4) Old regions: 2->2
[2026-07-18T17:20:11.955+0000][info][gc,heap     ] GC(4) Humongous regions: 16->16
[2026-07-18T17:20:11.955+0000][info][gc,metaspace] GC(4) Metaspace: 435K(640K)->435K(640K) NonClass: 404K(512K)->404K(512K) Class: 31K(128K)->31K(128K)
[2026-07-18T17:20:11.955+0000][info][gc          ] GC(4) Pause Young (Normal) (G1 Evacuation Pause) 916M->17M(1500M) 2.006ms
[2026-07-18T17:20:11.955+0000][info][gc,cpu      ] GC(4) User=0.00s Sys=0.00s Real=0.01s
[2026-07-18T17:20:12.078+0000][info][gc,start    ] GC(5) Pause Young (Normal) (G1 Evacuation Pause)
[2026-07-18T17:20:12.078+0000][info][gc,task     ] GC(5) Using 4 workers of 4 for evacuation
[2026-07-18T17:20:12.080+0000][info][gc,phases   ] GC(5)   Pre Evacuate Collection Set: 0.20ms
[2026-07-18T17:20:12.080+0000][info][gc,phases   ] GC(5)   Merge Heap Roots: 0.09ms
[2026-07-18T17:20:12.080+0000][info][gc,phases   ] GC(5)   Evacuate Collection Set: 1.07ms
[2026-07-18T17:20:12.080+0000][info][gc,phases   ] GC(5)   Post Evacuate Collection Set: 0.32ms
[2026-07-18T17:20:12.080+0000][info][gc,phases   ] GC(5)   Other: 0.08ms
[2026-07-18T17:20:12.080+0000][info][gc,heap     ] GC(5) Eden regions: 899->0(899)
[2026-07-18T17:20:12.080+0000][info][gc,heap     ] GC(5) Survivor regions: 1->1(113)
[2026-07-18T17:20:12.080+0000][info][gc,heap     ] GC(5) Old regions: 2->2
[2026-07-18T17:20:12.080+0000][info][gc,heap     ] GC(5) Humongous regions: 16->16
[2026-07-18T17:20:12.080+0000][info][gc,metaspace] GC(5) Metaspace: 435K(640K)->435K(640K) NonClass: 404K(512K)->404K(512K) Class: 31K(128K)->31K(128K)
[2026-07-18T17:20:12.080+0000][info][gc          ] GC(5) Pause Young (Normal) (G1 Evacuation Pause) 916M->17M(1500M) 2.224ms
[2026-07-18T17:20:12.080+0000][info][gc,cpu      ] GC(5) User=0.00s Sys=0.00s Real=0.00s
[2026-07-18T17:20:12.207+0000][info][gc,start    ] GC(6) Pause Young (Normal) (G1 Evacuation Pause)
[2026-07-18T17:20:12.207+0000][info][gc,task     ] GC(6) Using 4 workers of 4 for evacuation
[2026-07-18T17:20:12.208+0000][info][gc,phases   ] GC(6)   Pre Evacuate Collection Set: 0.17ms
[2026-07-18T17:20:12.208+0000][info][gc,phases   ] GC(6)   Merge Heap Roots: 0.10ms
[2026-07-18T17:20:12.209+0000][info][gc,phases   ] GC(6)   Evacuate Collection Set: 1.05ms
[2026-07-18T17:20:12.209+0000][info][gc,phases   ] GC(6)   Post Evacuate Collection Set: 0.30ms
[2026-07-18T17:20:12.209+0000][info][gc,phases   ] GC(6)   Other: 0.08ms
[2026-07-18T17:20:12.209+0000][info][gc,heap     ] GC(6) Eden regions: 899->0(899)
[2026-07-18T17:20:12.209+0000][info][gc,heap     ] GC(6) Survivor regions: 1->1(113)
[2026-07-18T17:20:12.209+0000][info][gc,heap     ] GC(6) Old regions: 2->2
[2026-07-18T17:20:12.209+0000][info][gc,heap     ] GC(6) Humongous regions: 16->16
[2026-07-18T17:20:12.209+0000][info][gc,metaspace] GC(6) Metaspace: 435K(640K)->435K(640K) NonClass: 404K(512K)->404K(512K) Class: 31K(128K)->31K(128K)
[2026-07-18T17:20:12.209+0000][info][gc          ] GC(6) Pause Young (Normal) (G1 Evacuation Pause) 916M->17M(1500M) 2.125ms
[2026-07-18T17:20:12.209+0000][info][gc,cpu      ] GC(6) User=0.01s Sys=0.00s Real=0.00s
[2026-07-18T17:20:12.327+0000][info][gc,start    ] GC(7) Pause Young (Normal) (G1 Evacuation Pause)
[2026-07-18T17:20:12.327+0000][info][gc,task     ] GC(7) Using 4 workers of 4 for evacuation
[2026-07-18T17:20:12.329+0000][info][gc,phases   ] GC(7)   Pre Evacuate Collection Set: 0.22ms
[2026-07-18T17:20:12.329+0000][info][gc,phases   ] GC(7)   Merge Heap Roots: 0.06ms
[2026-07-18T17:20:12.329+0000][info][gc,phases   ] GC(7)   Evacuate Collection Set: 1.13ms
[2026-07-18T17:20:12.329+0000][info][gc,phases   ] GC(7)   Post Evacuate Collection Set: 0.38ms
[2026-07-18T17:20:12.329+0000][info][gc,phases   ] GC(7)   Other: 0.07ms
[2026-07-18T17:20:12.329+0000][info][gc,heap     ] GC(7) Eden regions: 899->0(899)
[2026-07-18T17:20:12.329+0000][info][gc,heap     ] GC(7) Survivor regions: 1->1(113)
[2026-07-18T17:20:12.329+0000][info][gc,heap     ] GC(7) Old regions: 2->2
[2026-07-18T17:20:12.329+0000][info][gc,heap     ] GC(7) Humongous regions: 16->16
[2026-07-18T17:20:12.329+0000][info][gc,metaspace] GC(7) Metaspace: 435K(640K)->435K(640K) NonClass: 404K(512K)->404K(512K) Class: 31K(128K)->31K(128K)
[2026-07-18T17:20:12.329+0000][info][gc          ] GC(7) Pause Young (Normal) (G1 Evacuation Pause) 916M->17M(1500M) 2.277ms
[2026-07-18T17:20:12.329+0000][info][gc,cpu      ] GC(7) User=0.00s Sys=0.00s Real=0.00s
[2026-07-18T17:20:12.451+0000][info][gc,start    ] GC(8) Pause Young (Normal) (G1 Evacuation Pause)
[2026-07-18T17:20:12.451+0000][info][gc,task     ] GC(8) Using 4 workers of 4 for evacuation
[2026-07-18T17:20:12.453+0000][info][gc,phases   ] GC(8)   Pre Evacuate Collection Set: 0.19ms
[2026-07-18T17:20:12.453+0000][info][gc,phases   ] GC(8)   Merge Heap Roots: 0.07ms
[2026-07-18T17:20:12.453+0000][info][gc,phases   ] GC(8)   Evacuate Collection Set: 1.08ms
[2026-07-18T17:20:12.453+0000][info][gc,phases   ] GC(8)   Post Evacuate Collection Set: 0.32ms
[2026-07-18T17:20:12.453+0000][info][gc,phases   ] GC(8)   Other: 0.07ms
[2026-07-18T17:20:12.453+0000][info][gc,heap     ] GC(8) Eden regions: 899->0(899)
[2026-07-18T17:20:12.453+0000][info][gc,heap     ] GC(8) Survivor regions: 1->1(113)
[2026-07-18T17:20:12.453+0000][info][gc,heap     ] GC(8) Old regions: 2->2
[2026-07-18T17:20:12.453+0000][info][gc,heap     ] GC(8) Humongous regions: 16->16
[2026-07-18T17:20:12.453+0000][info][gc,metaspace] GC(8) Metaspace: 435K(640K)->435K(640K) NonClass: 404K(512K)->404K(512K) Class: 31K(128K)->31K(128K)
[2026-07-18T17:20:12.453+0000][info][gc          ] GC(8) Pause Young (Normal) (G1 Evacuation Pause) 916M->17M(1500M) 2.127ms
[2026-07-18T17:20:12.453+0000][info][gc,cpu      ] GC(8) User=0.00s Sys=0.00s Real=0.00s
[2026-07-18T17:20:12.594+0000][info][gc,start    ] GC(9) Pause Young (Normal) (G1 Evacuation Pause)
[2026-07-18T17:20:12.594+0000][info][gc,task     ] GC(9) Using 4 workers of 4 for evacuation
[2026-07-18T17:20:12.595+0000][info][gc,phases   ] GC(9)   Pre Evacuate Collection Set: 0.15ms
[2026-07-18T17:20:12.595+0000][info][gc,phases   ] GC(9)   Merge Heap Roots: 0.11ms
[2026-07-18T17:20:12.595+0000][info][gc,phases   ] GC(9)   Evacuate Collection Set: 1.04ms
[2026-07-18T17:20:12.595+0000][info][gc,phases   ] GC(9)   Post Evacuate Collection Set: 0.30ms
[2026-07-18T17:20:12.596+0000][info][gc,phases   ] GC(9)   Other: 0.07ms
[2026-07-18T17:20:12.596+0000][info][gc,heap     ] GC(9) Eden regions: 899->0(899)
[2026-07-18T17:20:12.596+0000][info][gc,heap     ] GC(9) Survivor regions: 1->1(113)
[2026-07-18T17:20:12.596+0000][info][gc,heap     ] GC(9) Old regions: 2->2
[2026-07-18T17:20:12.596+0000][info][gc,heap     ] GC(9) Humongous regions: 16->16
[2026-07-18T17:20:12.596+0000][info][gc,metaspace] GC(9) Metaspace: 435K(640K)->435K(640K) NonClass: 404K(512K)->404K(512K) Class: 31K(128K)->31K(128K)
[2026-07-18T17:20:12.596+0000][info][gc          ] GC(9) Pause Young (Normal) (G1 Evacuation Pause) 916M->17M(1500M) 2.113ms
[2026-07-18T17:20:12.596+0000][info][gc,cpu      ] GC(9) User=0.00s Sys=0.00s Real=0.01s
[2026-07-18T17:20:12.712+0000][info][gc,start    ] GC(10) Pause Young (Normal) (G1 Evacuation Pause)
[2026-07-18T17:20:12.712+0000][info][gc,task     ] GC(10) Using 4 workers of 4 for evacuation
[2026-07-18T17:20:12.714+0000][info][gc,phases   ] GC(10)   Pre Evacuate Collection Set: 0.16ms
[2026-07-18T17:20:12.714+0000][info][gc,phases   ] GC(10)   Merge Heap Roots: 0.10ms
[2026-07-18T17:20:12.714+0000][info][gc,phases   ] GC(10)   Evacuate Collection Set: 1.04ms
[2026-07-18T17:20:12.714+0000][info][gc,phases   ] GC(10)   Post Evacuate Collection Set: 0.30ms
[2026-07-18T17:20:12.714+0000][info][gc,phases   ] GC(10)   Other: 0.07ms
[2026-07-18T17:20:12.714+0000][info][gc,heap     ] GC(10) Eden regions: 899->0(899)
[2026-07-18T17:20:12.714+0000][info][gc,heap     ] GC(10) Survivor regions: 1->1(113)
[2026-07-18T17:20:12.714+0000][info][gc,heap     ] GC(10) Old regions: 2->2
[2026-07-18T17:20:12.714+0000][info][gc,heap     ] GC(10) Humongous regions: 16->16
[2026-07-18T17:20:12.714+0000][info][gc,metaspace] GC(10) Metaspace: 435K(640K)->435K(640K) NonClass: 404K(512K)->404K(512K) Class: 31K(128K)->31K(128K)
[2026-07-18T17:20:12.714+0000][info][gc          ] GC(10) Pause Young (Normal) (G1 Evacuation Pause) 916M->17M(1500M) 2.112ms
[2026-07-18T17:20:12.714+0000][info][gc,cpu      ] GC(10) User=0.01s Sys=0.00s Real=0.01s
[2026-07-18T17:20:12.831+0000][info][gc,start    ] GC(11) Pause Young (Normal) (G1 Evacuation Pause)
[2026-07-18T17:20:12.831+0000][info][gc,task     ] GC(11) Using 4 workers of 4 for evacuation
[2026-07-18T17:20:12.833+0000][info][gc,phases   ] GC(11)   Pre Evacuate Collection Set: 0.19ms
[2026-07-18T17:20:12.833+0000][info][gc,phases   ] GC(11)   Merge Heap Roots: 0.05ms
[2026-07-18T17:20:12.833+0000][info][gc,phases   ] GC(11)   Evacuate Collection Set: 1.03ms
[2026-07-18T17:20:12.833+0000][info][gc,phases   ] GC(11)   Post Evacuate Collection Set: 0.32ms
[2026-07-18T17:20:12.833+0000][info][gc,phases   ] GC(11)   Other: 0.14ms
[2026-07-18T17:20:12.833+0000][info][gc,heap     ] GC(11) Eden regions: 899->0(899)
[2026-07-18T17:20:12.833+0000][info][gc,heap     ] GC(11) Survivor regions: 1->1(113)
[2026-07-18T17:20:12.833+0000][info][gc,heap     ] GC(11) Old regions: 2->2
[2026-07-18T17:20:12.833+0000][info][gc,heap     ] GC(11) Humongous regions: 16->16
[2026-07-18T17:20:12.833+0000][info][gc,metaspace] GC(11) Metaspace: 435K(640K)->435K(640K) NonClass: 404K(512K)->404K(512K) Class: 31K(128K)->31K(128K)
[2026-07-18T17:20:12.833+0000][info][gc          ] GC(11) Pause Young (Normal) (G1 Evacuation Pause) 916M->17M(1500M) 2.141ms
[2026-07-18T17:20:12.833+0000][info][gc,cpu      ] GC(11) User=0.01s Sys=0.00s Real=0.00s
[2026-07-18T17:20:12.949+0000][info][gc,start    ] GC(12) Pause Young (Normal) (G1 Evacuation Pause)
[2026-07-18T17:20:12.949+0000][info][gc,task     ] GC(12) Using 4 workers of 4 for evacuation
[2026-07-18T17:20:12.951+0000][info][gc,phases   ] GC(12)   Pre Evacuate Collection Set: 0.17ms
[2026-07-18T17:20:12.951+0000][info][gc,phases   ] GC(12)   Merge Heap Roots: 0.11ms
[2026-07-18T17:20:12.951+0000][info][gc,phases   ] GC(12)   Evacuate Collection Set: 1.02ms
[2026-07-18T17:20:12.951+0000][info][gc,phases   ] GC(12)   Post Evacuate Collection Set: 0.30ms
[2026-07-18T17:20:12.951+0000][info][gc,phases   ] GC(12)   Other: 0.08ms
[2026-07-18T17:20:12.951+0000][info][gc,heap     ] GC(12) Eden regions: 899->0(899)
[2026-07-18T17:20:12.951+0000][info][gc,heap     ] GC(12) Survivor regions: 1->1(113)
[2026-07-18T17:20:12.951+0000][info][gc,heap     ] GC(12) Old regions: 2->2
[2026-07-18T17:20:12.951+0000][info][gc,heap     ] GC(12) Humongous regions: 16->16
[2026-07-18T17:20:12.951+0000][info][gc,metaspace] GC(12) Metaspace: 435K(640K)->435K(640K) NonClass: 404K(512K)->404K(512K) Class: 31K(128K)->31K(128K)
[2026-07-18T17:20:12.951+0000][info][gc          ] GC(12) Pause Young (Normal) (G1 Evacuation Pause) 916M->17M(1500M) 2.011ms
[2026-07-18T17:20:12.951+0000][info][gc,cpu      ] GC(12) User=0.01s Sys=0.00s Real=0.00s
[2026-07-18T17:20:13.071+0000][info][gc,start    ] GC(13) Pause Young (Normal) (G1 Evacuation Pause)
[2026-07-18T17:20:13.071+0000][info][gc,task     ] GC(13) Using 4 workers of 4 for evacuation
[2026-07-18T17:20:13.073+0000][info][gc,phases   ] GC(13)   Pre Evacuate Collection Set: 0.18ms
[2026-07-18T17:20:13.073+0000][info][gc,phases   ] GC(13)   Merge Heap Roots: 0.10ms
[2026-07-18T17:20:13.073+0000][info][gc,phases   ] GC(13)   Evacuate Collection Set: 1.01ms
[2026-07-18T17:20:13.073+0000][info][gc,phases   ] GC(13)   Post Evacuate Collection Set: 0.31ms
[2026-07-18T17:20:13.073+0000][info][gc,phases   ] GC(13)   Other: 0.09ms
[2026-07-18T17:20:13.073+0000][info][gc,heap     ] GC(13) Eden regions: 899->0(899)
[2026-07-18T17:20:13.073+0000][info][gc,heap     ] GC(13) Survivor regions: 1->1(113)
[2026-07-18T17:20:13.073+0000][info][gc,heap     ] GC(13) Old regions: 2->2
[2026-07-18T17:20:13.073+0000][info][gc,heap     ] GC(13) Humongous regions: 16->16
[2026-07-18T17:20:13.073+0000][info][gc,metaspace] GC(13) Metaspace: 435K(640K)->435K(640K) NonClass: 404K(512K)->404K(512K) Class: 31K(128K)->31K(128K)
[2026-07-18T17:20:13.073+0000][info][gc          ] GC(13) Pause Young (Normal) (G1 Evacuation Pause) 916M->17M(1500M) 2.133ms
[2026-07-18T17:20:13.073+0000][info][gc,cpu      ] GC(13) User=0.00s Sys=0.00s Real=0.00s
[2026-07-18T17:20:13.190+0000][info][gc,start    ] GC(14) Pause Young (Normal) (G1 Evacuation Pause)
[2026-07-18T17:20:13.190+0000][info][gc,task     ] GC(14) Using 4 workers of 4 for evacuation
[2026-07-18T17:20:13.192+0000][info][gc,phases   ] GC(14)   Pre Evacuate Collection Set: 0.17ms
[2026-07-18T17:20:13.192+0000][info][gc,phases   ] GC(14)   Merge Heap Roots: 0.12ms
[2026-07-18T17:20:13.192+0000][info][gc,phases   ] GC(14)   Evacuate Collection Set: 1.09ms
[2026-07-18T17:20:13.192+0000][info][gc,phases   ] GC(14)   Post Evacuate Collection Set: 0.48ms
[2026-07-18T17:20:13.193+0000][info][gc,phases   ] GC(14)   Other: 0.13ms
[2026-07-18T17:20:13.193+0000][info][gc,heap     ] GC(14) Eden regions: 899->0(899)
[2026-07-18T17:20:13.193+0000][info][gc,heap     ] GC(14) Survivor regions: 1->1(113)
[2026-07-18T17:20:13.193+0000][info][gc,heap     ] GC(14) Old regions: 2->2
[2026-07-18T17:20:13.193+0000][info][gc,heap     ] GC(14) Humongous regions: 16->16
[2026-07-18T17:20:13.193+0000][info][gc,metaspace] GC(14) Metaspace: 435K(640K)->435K(640K) NonClass: 404K(512K)->404K(512K) Class: 31K(128K)->31K(128K)
[2026-07-18T17:20:13.193+0000][info][gc          ] GC(14) Pause Young (Normal) (G1 Evacuation Pause) 916M->17M(1500M) 2.403ms
[2026-07-18T17:20:13.193+0000][info][gc,cpu      ] GC(14) User=0.00s Sys=0.00s Real=0.00s
[2026-07-18T17:20:13.309+0000][info][gc,start    ] GC(15) Pause Young (Normal) (G1 Evacuation Pause)
[2026-07-18T17:20:13.309+0000][info][gc,task     ] GC(15) Using 4 workers of 4 for evacuation
[2026-07-18T17:20:13.310+0000][info][gc,phases   ] GC(15)   Pre Evacuate Collection Set: 0.16ms
[2026-07-18T17:20:13.311+0000][info][gc,phases   ] GC(15)   Merge Heap Roots: 0.05ms
[2026-07-18T17:20:13.311+0000][info][gc,phases   ] GC(15)   Evacuate Collection Set: 1.17ms
[2026-07-18T17:20:13.311+0000][info][gc,phases   ] GC(15)   Post Evacuate Collection Set: 0.28ms
[2026-07-18T17:20:13.311+0000][info][gc,phases   ] GC(15)   Other: 0.07ms
[2026-07-18T17:20:13.311+0000][info][gc,heap     ] GC(15) Eden regions: 899->0(900)
[2026-07-18T17:20:13.311+0000][info][gc,heap     ] GC(15) Survivor regions: 1->0(113)
[2026-07-18T17:20:13.311+0000][info][gc,heap     ] GC(15) Old regions: 2->3
[2026-07-18T17:20:13.311+0000][info][gc,heap     ] GC(15) Humongous regions: 16->16
[2026-07-18T17:20:13.311+0000][info][gc,metaspace] GC(15) Metaspace: 435K(640K)->435K(640K) NonClass: 404K(512K)->404K(512K) Class: 31K(128K)->31K(128K)
[2026-07-18T17:20:13.311+0000][info][gc          ] GC(15) Pause Young (Normal) (G1 Evacuation Pause) 916M->17M(1500M) 2.148ms
[2026-07-18T17:20:13.311+0000][info][gc,cpu      ] GC(15) User=0.00s Sys=0.00s Real=0.00s
[2026-07-18T17:20:13.427+0000][info][gc,start    ] GC(16) Pause Young (Normal) (G1 Evacuation Pause)
[2026-07-18T17:20:13.427+0000][info][gc,task     ] GC(16) Using 4 workers of 4 for evacuation
[2026-07-18T17:20:13.427+0000][info][gc,phases   ] GC(16)   Pre Evacuate Collection Set: 0.19ms
[2026-07-18T17:20:13.427+0000][info][gc,phases   ] GC(16)   Merge Heap Roots: 0.10ms
[2026-07-18T17:20:13.428+0000][info][gc,phases   ] GC(16)   Evacuate Collection Set: 0.10ms
[2026-07-18T17:20:13.428+0000][info][gc,phases   ] GC(16)   Post Evacuate Collection Set: 0.26ms
[2026-07-18T17:20:13.428+0000][info][gc,phases   ] GC(16)   Other: 0.07ms
[2026-07-18T17:20:13.428+0000][info][gc,heap     ] GC(16) Eden regions: 900->0(900)
[2026-07-18T17:20:13.428+0000][info][gc,heap     ] GC(16) Survivor regions: 0->0(113)
[2026-07-18T17:20:13.428+0000][info][gc,heap     ] GC(16) Old regions: 3->3
[2026-07-18T17:20:13.428+0000][info][gc,heap     ] GC(16) Humongous regions: 16->16
[2026-07-18T17:20:13.428+0000][info][gc,metaspace] GC(16) Metaspace: 435K(640K)->435K(640K) NonClass: 404K(512K)->404K(512K) Class: 31K(128K)->31K(128K)
[2026-07-18T17:20:13.428+0000][info][gc          ] GC(16) Pause Young (Normal) (G1 Evacuation Pause) 917M->17M(1500M) 1.103ms
[2026-07-18T17:20:13.428+0000][info][gc,cpu      ] GC(16) User=0.00s Sys=0.00s Real=0.00s
[2026-07-18T17:20:13.546+0000][info][gc,start    ] GC(17) Pause Young (Normal) (G1 Evacuation Pause)
[2026-07-18T17:20:13.546+0000][info][gc,task     ] GC(17) Using 4 workers of 4 for evacuation
[2026-07-18T17:20:13.546+0000][info][gc,phases   ] GC(17)   Pre Evacuate Collection Set: 0.17ms
[2026-07-18T17:20:13.546+0000][info][gc,phases   ] GC(17)   Merge Heap Roots: 0.10ms
[2026-07-18T17:20:13.546+0000][info][gc,phases   ] GC(17)   Evacuate Collection Set: 0.09ms
[2026-07-18T17:20:13.546+0000][info][gc,phases   ] GC(17)   Post Evacuate Collection Set: 0.26ms
[2026-07-18T17:20:13.546+0000][info][gc,phases   ] GC(17)   Other: 0.07ms
[2026-07-18T17:20:13.547+0000][info][gc,heap     ] GC(17) Eden regions: 900->0(900)
[2026-07-18T17:20:13.547+0000][info][gc,heap     ] GC(17) Survivor regions: 0->0(113)
[2026-07-18T17:20:13.547+0000][info][gc,heap     ] GC(17) Old regions: 3->3
[2026-07-18T17:20:13.547+0000][info][gc,heap     ] GC(17) Humongous regions: 16->16
[2026-07-18T17:20:13.547+0000][info][gc,metaspace] GC(17) Metaspace: 435K(640K)->435K(640K) NonClass: 404K(512K)->404K(512K) Class: 31K(128K)->31K(128K)
[2026-07-18T17:20:13.547+0000][info][gc          ] GC(17) Pause Young (Normal) (G1 Evacuation Pause) 917M->17M(1500M) 1.141ms
[2026-07-18T17:20:13.547+0000][info][gc,cpu      ] GC(17) User=0.00s Sys=0.00s Real=0.00s
[2026-07-18T17:20:13.662+0000][info][gc,start    ] GC(18) Pause Young (Normal) (G1 Evacuation Pause)
[2026-07-18T17:20:13.662+0000][info][gc,task     ] GC(18) Using 4 workers of 4 for evacuation
[2026-07-18T17:20:13.662+0000][info][gc,phases   ] GC(18)   Pre Evacuate Collection Set: 0.19ms
[2026-07-18T17:20:13.662+0000][info][gc,phases   ] GC(18)   Merge Heap Roots: 0.11ms
[2026-07-18T17:20:13.662+0000][info][gc,phases   ] GC(18)   Evacuate Collection Set: 0.10ms
[2026-07-18T17:20:13.662+0000][info][gc,phases   ] GC(18)   Post Evacuate Collection Set: 0.27ms
[2026-07-18T17:20:13.662+0000][info][gc,phases   ] GC(18)   Other: 0.07ms
[2026-07-18T17:20:13.663+0000][info][gc,heap     ] GC(18) Eden regions: 900->0(900)
[2026-07-18T17:20:13.663+0000][info][gc,heap     ] GC(18) Survivor regions: 0->0(113)
[2026-07-18T17:20:13.663+0000][info][gc,heap     ] GC(18) Old regions: 3->3
[2026-07-18T17:20:13.663+0000][info][gc,heap     ] GC(18) Humongous regions: 16->16
[2026-07-18T17:20:13.663+0000][info][gc,metaspace] GC(18) Metaspace: 435K(640K)->435K(640K) NonClass: 404K(512K)->404K(512K) Class: 31K(128K)->31K(128K)
[2026-07-18T17:20:13.663+0000][info][gc          ] GC(18) Pause Young (Normal) (G1 Evacuation Pause) 917M->17M(1500M) 1.117ms
[2026-07-18T17:20:13.663+0000][info][gc,cpu      ] GC(18) User=0.00s Sys=0.00s Real=0.00s
[2026-07-18T17:20:13.778+0000][info][gc,start    ] GC(19) Pause Young (Normal) (G1 Evacuation Pause)
[2026-07-18T17:20:13.778+0000][info][gc,task     ] GC(19) Using 4 workers of 4 for evacuation
[2026-07-18T17:20:13.778+0000][info][gc,phases   ] GC(19)   Pre Evacuate Collection Set: 0.19ms
[2026-07-18T17:20:13.778+0000][info][gc,phases   ] GC(19)   Merge Heap Roots: 0.05ms
[2026-07-18T17:20:13.778+0000][info][gc,phases   ] GC(19)   Evacuate Collection Set: 0.11ms
[2026-07-18T17:20:13.778+0000][info][gc,phases   ] GC(19)   Post Evacuate Collection Set: 0.27ms
[2026-07-18T17:20:13.778+0000][info][gc,phases   ] GC(19)   Other: 0.06ms
[2026-07-18T17:20:13.779+0000][info][gc,heap     ] GC(19) Eden regions: 900->0(900)
[2026-07-18T17:20:13.779+0000][info][gc,heap     ] GC(19) Survivor regions: 0->0(113)
[2026-07-18T17:20:13.779+0000][info][gc,heap     ] GC(19) Old regions: 3->3
[2026-07-18T17:20:13.779+0000][info][gc,heap     ] GC(19) Humongous regions: 16->16
[2026-07-18T17:20:13.779+0000][info][gc,metaspace] GC(19) Metaspace: 435K(640K)->435K(640K) NonClass: 404K(512K)->404K(512K) Class: 31K(128K)->31K(128K)
[2026-07-18T17:20:13.779+0000][info][gc          ] GC(19) Pause Young (Normal) (G1 Evacuation Pause) 917M->17M(1500M) 1.076ms
[2026-07-18T17:20:13.779+0000][info][gc,cpu      ] GC(19) User=0.01s Sys=0.00s Real=0.00s
[2026-07-18T17:20:13.893+0000][info][gc,start    ] GC(20) Pause Young (Normal) (G1 Evacuation Pause)
[2026-07-18T17:20:13.894+0000][info][gc,task     ] GC(20) Using 4 workers of 4 for evacuation
[2026-07-18T17:20:13.894+0000][info][gc,phases   ] GC(20)   Pre Evacuate Collection Set: 0.18ms
[2026-07-18T17:20:13.894+0000][info][gc,phases   ] GC(20)   Merge Heap Roots: 0.09ms
[2026-07-18T17:20:13.894+0000][info][gc,phases   ] GC(20)   Evacuate Collection Set: 0.10ms
[2026-07-18T17:20:13.894+0000][info][gc,phases   ] GC(20)   Post Evacuate Collection Set: 0.26ms
[2026-07-18T17:20:13.894+0000][info][gc,phases   ] GC(20)   Other: 0.06ms
[2026-07-18T17:20:13.894+0000][info][gc,heap     ] GC(20) Eden regions: 900->0(900)
[2026-07-18T17:20:13.894+0000][info][gc,heap     ] GC(20) Survivor regions: 0->0(113)
[2026-07-18T17:20:13.894+0000][info][gc,heap     ] GC(20) Old regions: 3->3
[2026-07-18T17:20:13.894+0000][info][gc,heap     ] GC(20) Humongous regions: 16->16
[2026-07-18T17:20:13.895+0000][info][gc,metaspace] GC(20) Metaspace: 435K(640K)->435K(640K) NonClass: 404K(512K)->404K(512K) Class: 31K(128K)->31K(128K)
[2026-07-18T17:20:13.895+0000][info][gc          ] GC(20) Pause Young (Normal) (G1 Evacuation Pause) 917M->17M(1500M) 1.127ms
[2026-07-18T17:20:13.895+0000][info][gc,cpu      ] GC(20) User=0.00s Sys=0.00s Real=0.01s
[2026-07-18T17:20:14.013+0000][info][gc,start    ] GC(21) Pause Young (Normal) (G1 Evacuation Pause)
[2026-07-18T17:20:14.013+0000][info][gc,task     ] GC(21) Using 4 workers of 4 for evacuation
[2026-07-18T17:20:14.014+0000][info][gc,phases   ] GC(21)   Pre Evacuate Collection Set: 0.25ms
[2026-07-18T17:20:14.014+0000][info][gc,phases   ] GC(21)   Merge Heap Roots: 0.13ms
[2026-07-18T17:20:14.014+0000][info][gc,phases   ] GC(21)   Evacuate Collection Set: 0.16ms
[2026-07-18T17:20:14.014+0000][info][gc,phases   ] GC(21)   Post Evacuate Collection Set: 0.29ms
[2026-07-18T17:20:14.014+0000][info][gc,phases   ] GC(21)   Other: 0.14ms
[2026-07-18T17:20:14.014+0000][info][gc,heap     ] GC(21) Eden regions: 900->0(900)
[2026-07-18T17:20:14.014+0000][info][gc,heap     ] GC(21) Survivor regions: 0->0(113)
[2026-07-18T17:20:14.014+0000][info][gc,heap     ] GC(21) Old regions: 3->3
[2026-07-18T17:20:14.014+0000][info][gc,heap     ] GC(21) Humongous regions: 16->16
[2026-07-18T17:20:14.015+0000][info][gc,metaspace] GC(21) Metaspace: 435K(640K)->435K(640K) NonClass: 404K(512K)->404K(512K) Class: 31K(128K)->31K(128K)
[2026-07-18T17:20:14.015+0000][info][gc          ] GC(21) Pause Young (Normal) (G1 Evacuation Pause) 917M->17M(1500M) 1.673ms
[2026-07-18T17:20:14.015+0000][info][gc,cpu      ] GC(21) User=0.00s Sys=0.00s Real=0.01s
[2026-07-18T17:20:14.137+0000][info][gc,start    ] GC(22) Pause Young (Normal) (G1 Evacuation Pause)
[2026-07-18T17:20:14.137+0000][info][gc,task     ] GC(22) Using 4 workers of 4 for evacuation
[2026-07-18T17:20:14.139+0000][info][gc,phases   ] GC(22)   Pre Evacuate Collection Set: 0.26ms
[2026-07-18T17:20:14.139+0000][info][gc,phases   ] GC(22)   Merge Heap Roots: 0.13ms
[2026-07-18T17:20:14.139+0000][info][gc,phases   ] GC(22)   Evacuate Collection Set: 0.14ms
[2026-07-18T17:20:14.139+0000][info][gc,phases   ] GC(22)   Post Evacuate Collection Set: 0.30ms
[2026-07-18T17:20:14.139+0000][info][gc,phases   ] GC(22)   Other: 0.20ms
[2026-07-18T17:20:14.139+0000][info][gc,heap     ] GC(22) Eden regions: 900->0(900)
[2026-07-18T17:20:14.139+0000][info][gc,heap     ] GC(22) Survivor regions: 0->0(113)
[2026-07-18T17:20:14.139+0000][info][gc,heap     ] GC(22) Old regions: 3->3
[2026-07-18T17:20:14.139+0000][info][gc,heap     ] GC(22) Humongous regions: 16->16
[2026-07-18T17:20:14.139+0000][info][gc,metaspace] GC(22) Metaspace: 435K(640K)->435K(640K) NonClass: 404K(512K)->404K(512K) Class: 31K(128K)->31K(128K)
[2026-07-18T17:20:14.139+0000][info][gc          ] GC(22) Pause Young (Normal) (G1 Evacuation Pause) 917M->17M(1500M) 1.502ms
[2026-07-18T17:20:14.139+0000][info][gc,cpu      ] GC(22) User=0.01s Sys=0.00s Real=0.00s
[2026-07-18T17:20:14.264+0000][info][gc,start    ] GC(23) Pause Young (Normal) (G1 Evacuation Pause)
[2026-07-18T17:20:14.264+0000][info][gc,task     ] GC(23) Using 4 workers of 4 for evacuation
[2026-07-18T17:20:14.264+0000][info][gc,phases   ] GC(23)   Pre Evacuate Collection Set: 0.17ms
[2026-07-18T17:20:14.265+0000][info][gc,phases   ] GC(23)   Merge Heap Roots: 0.10ms
[2026-07-18T17:20:14.265+0000][info][gc,phases   ] GC(23)   Evacuate Collection Set: 0.09ms
[2026-07-18T17:20:14.265+0000][info][gc,phases   ] GC(23)   Post Evacuate Collection Set: 0.26ms
[2026-07-18T17:20:14.265+0000][info][gc,phases   ] GC(23)   Other: 0.07ms
[2026-07-18T17:20:14.265+0000][info][gc,heap     ] GC(23) Eden regions: 900->0(900)
[2026-07-18T17:20:14.265+0000][info][gc,heap     ] GC(23) Survivor regions: 0->0(113)
[2026-07-18T17:20:14.265+0000][info][gc,heap     ] GC(23) Old regions: 3->3
[2026-07-18T17:20:14.265+0000][info][gc,heap     ] GC(23) Humongous regions: 16->16
[2026-07-18T17:20:14.265+0000][info][gc,metaspace] GC(23) Metaspace: 435K(640K)->435K(640K) NonClass: 404K(512K)->404K(512K) Class: 31K(128K)->31K(128K)
[2026-07-18T17:20:14.265+0000][info][gc          ] GC(23) Pause Young (Normal) (G1 Evacuation Pause) 917M->17M(1500M) 1.223ms
[2026-07-18T17:20:14.265+0000][info][gc,cpu      ] GC(23) User=0.00s Sys=0.00s Real=0.01s
[2026-07-18T17:20:14.382+0000][info][gc,start    ] GC(24) Pause Young (Normal) (G1 Evacuation Pause)
[2026-07-18T17:20:14.382+0000][info][gc,task     ] GC(24) Using 4 workers of 4 for evacuation
[2026-07-18T17:20:14.383+0000][info][gc,phases   ] GC(24)   Pre Evacuate Collection Set: 0.21ms
[2026-07-18T17:20:14.383+0000][info][gc,phases   ] GC(24)   Merge Heap Roots: 0.07ms
[2026-07-18T17:20:14.383+0000][info][gc,phases   ] GC(24)   Evacuate Collection Set: 0.09ms
[2026-07-18T17:20:14.383+0000][info][gc,phases   ] GC(24)   Post Evacuate Collection Set: 0.27ms
[2026-07-18T17:20:14.383+0000][info][gc,phases   ] GC(24)   Other: 0.07ms
[2026-07-18T17:20:14.383+0000][info][gc,heap     ] GC(24) Eden regions: 900->0(900)
[2026-07-18T17:20:14.383+0000][info][gc,heap     ] GC(24) Survivor regions: 0->0(113)
[2026-07-18T17:20:14.383+0000][info][gc,heap     ] GC(24) Old regions: 3->3
[2026-07-18T17:20:14.383+0000][info][gc,heap     ] GC(24) Humongous regions: 16->16
[2026-07-18T17:20:14.383+0000][info][gc,metaspace] GC(24) Metaspace: 435K(640K)->435K(640K) NonClass: 404K(512K)->404K(512K) Class: 31K(128K)->31K(128K)
[2026-07-18T17:20:14.383+0000][info][gc          ] GC(24) Pause Young (Normal) (G1 Evacuation Pause) 917M->17M(1500M) 1.151ms
[2026-07-18T17:20:14.383+0000][info][gc,cpu      ] GC(24) User=0.00s Sys=0.00s Real=0.00s
[2026-07-18T17:20:14.497+0000][info][gc,start    ] GC(25) Pause Young (Normal) (G1 Evacuation Pause)
[2026-07-18T17:20:14.497+0000][info][gc,task     ] GC(25) Using 4 workers of 4 for evacuation
[2026-07-18T17:20:14.498+0000][info][gc,phases   ] GC(25)   Pre Evacuate Collection Set: 0.16ms
[2026-07-18T17:20:14.498+0000][info][gc,phases   ] GC(25)   Merge Heap Roots: 0.08ms
[2026-07-18T17:20:14.498+0000][info][gc,phases   ] GC(25)   Evacuate Collection Set: 0.10ms
[2026-07-18T17:20:14.498+0000][info][gc,phases   ] GC(25)   Post Evacuate Collection Set: 0.27ms
[2026-07-18T17:20:14.498+0000][info][gc,phases   ] GC(25)   Other: 0.06ms
[2026-07-18T17:20:14.498+0000][info][gc,heap     ] GC(25) Eden regions: 900->0(900)
[2026-07-18T17:20:14.498+0000][info][gc,heap     ] GC(25) Survivor regions: 0->0(113)
[2026-07-18T17:20:14.498+0000][info][gc,heap     ] GC(25) Old regions: 3->3
[2026-07-18T17:20:14.498+0000][info][gc,heap     ] GC(25) Humongous regions: 16->16
[2026-07-18T17:20:14.498+0000][info][gc,metaspace] GC(25) Metaspace: 435K(640K)->435K(640K) NonClass: 404K(512K)->404K(512K) Class: 31K(128K)->31K(128K)
[2026-07-18T17:20:14.498+0000][info][gc          ] GC(25) Pause Young (Normal) (G1 Evacuation Pause) 917M->17M(1500M) 1.092ms
[2026-07-18T17:20:14.498+0000][info][gc,cpu      ] GC(25) User=0.00s Sys=0.00s Real=0.00s
[2026-07-18T17:20:14.613+0000][info][gc,start    ] GC(26) Pause Young (Normal) (G1 Evacuation Pause)
[2026-07-18T17:20:14.613+0000][info][gc,task     ] GC(26) Using 4 workers of 4 for evacuation
[2026-07-18T17:20:14.614+0000][info][gc,phases   ] GC(26)   Pre Evacuate Collection Set: 0.17ms
[2026-07-18T17:20:14.614+0000][info][gc,phases   ] GC(26)   Merge Heap Roots: 0.10ms
[2026-07-18T17:20:14.614+0000][info][gc,phases   ] GC(26)   Evacuate Collection Set: 0.10ms
[2026-07-18T17:20:14.614+0000][info][gc,phases   ] GC(26)   Post Evacuate Collection Set: 0.26ms
[2026-07-18T17:20:14.614+0000][info][gc,phases   ] GC(26)   Other: 0.07ms
[2026-07-18T17:20:14.614+0000][info][gc,heap     ] GC(26) Eden regions: 900->0(900)
[2026-07-18T17:20:14.614+0000][info][gc,heap     ] GC(26) Survivor regions: 0->0(113)
[2026-07-18T17:20:14.614+0000][info][gc,heap     ] GC(26) Old regions: 3->3
[2026-07-18T17:20:14.614+0000][info][gc,heap     ] GC(26) Humongous regions: 16->16
[2026-07-18T17:20:14.614+0000][info][gc,metaspace] GC(26) Metaspace: 435K(640K)->435K(640K) NonClass: 404K(512K)->404K(512K) Class: 31K(128K)->31K(128K)
[2026-07-18T17:20:14.614+0000][info][gc          ] GC(26) Pause Young (Normal) (G1 Evacuation Pause) 917M->17M(1500M) 1.136ms
[2026-07-18T17:20:14.614+0000][info][gc,cpu      ] GC(26) User=0.00s Sys=0.00s Real=0.01s
[2026-07-18T17:20:14.727+0000][info][gc,start    ] GC(27) Pause Young (Normal) (G1 Evacuation Pause)
[2026-07-18T17:20:14.727+0000][info][gc,task     ] GC(27) Using 4 workers of 4 for evacuation
[2026-07-18T17:20:14.728+0000][info][gc,phases   ] GC(27)   Pre Evacuate Collection Set: 0.15ms
[2026-07-18T17:20:14.728+0000][info][gc,phases   ] GC(27)   Merge Heap Roots: 0.05ms
[2026-07-18T17:20:14.728+0000][info][gc,phases   ] GC(27)   Evacuate Collection Set: 0.14ms
[2026-07-18T17:20:14.728+0000][info][gc,phases   ] GC(27)   Post Evacuate Collection Set: 0.31ms
[2026-07-18T17:20:14.728+0000][info][gc,phases   ] GC(27)   Other: 0.06ms
[2026-07-18T17:20:14.728+0000][info][gc,heap     ] GC(27) Eden regions: 900->0(900)
[2026-07-18T17:20:14.728+0000][info][gc,heap     ] GC(27) Survivor regions: 0->0(113)
[2026-07-18T17:20:14.728+0000][info][gc,heap     ] GC(27) Old regions: 3->3
[2026-07-18T17:20:14.728+0000][info][gc,heap     ] GC(27) Humongous regions: 16->16
[2026-07-18T17:20:14.728+0000][info][gc,metaspace] GC(27) Metaspace: 435K(640K)->435K(640K) NonClass: 404K(512K)->404K(512K) Class: 31K(128K)->31K(128K)
[2026-07-18T17:20:14.728+0000][info][gc          ] GC(27) Pause Young (Normal) (G1 Evacuation Pause) 917M->17M(1500M) 1.085ms
[2026-07-18T17:20:14.728+0000][info][gc,cpu      ] GC(27) User=0.00s Sys=0.00s Real=0.00s
[2026-07-18T17:20:14.842+0000][info][gc,start    ] GC(28) Pause Young (Normal) (G1 Evacuation Pause)
[2026-07-18T17:20:14.843+0000][info][gc,task     ] GC(28) Using 4 workers of 4 for evacuation
[2026-07-18T17:20:14.843+0000][info][gc,phases   ] GC(28)   Pre Evacuate Collection Set: 0.16ms
[2026-07-18T17:20:14.843+0000][info][gc,phases   ] GC(28)   Merge Heap Roots: 0.09ms
[2026-07-18T17:20:14.843+0000][info][gc,phases   ] GC(28)   Evacuate Collection Set: 0.10ms
[2026-07-18T17:20:14.843+0000][info][gc,phases   ] GC(28)   Post Evacuate Collection Set: 0.27ms
[2026-07-18T17:20:14.843+0000][info][gc,phases   ] GC(28)   Other: 0.08ms
[2026-07-18T17:20:14.843+0000][info][gc,heap     ] GC(28) Eden regions: 900->0(900)
[2026-07-18T17:20:14.843+0000][info][gc,heap     ] GC(28) Survivor regions: 0->0(113)
[2026-07-18T17:20:14.843+0000][info][gc,heap     ] GC(28) Old regions: 3->3
[2026-07-18T17:20:14.843+0000][info][gc,heap     ] GC(28) Humongous regions: 16->16
[2026-07-18T17:20:14.843+0000][info][gc,metaspace] GC(28) Metaspace: 435K(640K)->435K(640K) NonClass: 404K(512K)->404K(512K) Class: 31K(128K)->31K(128K)
[2026-07-18T17:20:14.844+0000][info][gc          ] GC(28) Pause Young (Normal) (G1 Evacuation Pause) 917M->17M(1500M) 1.111ms
[2026-07-18T17:20:14.844+0000][info][gc,cpu      ] GC(28) User=0.00s Sys=0.00s Real=0.00s
[2026-07-18T17:20:14.957+0000][info][gc,start    ] GC(29) Pause Young (Normal) (G1 Evacuation Pause)
[2026-07-18T17:20:14.957+0000][info][gc,task     ] GC(29) Using 4 workers of 4 for evacuation
[2026-07-18T17:20:14.958+0000][info][gc,phases   ] GC(29)   Pre Evacuate Collection Set: 0.16ms
[2026-07-18T17:20:14.958+0000][info][gc,phases   ] GC(29)   Merge Heap Roots: 0.08ms
[2026-07-18T17:20:14.958+0000][info][gc,phases   ] GC(29)   Evacuate Collection Set: 0.10ms
[2026-07-18T17:20:14.958+0000][info][gc,phases   ] GC(29)   Post Evacuate Collection Set: 0.27ms
[2026-07-18T17:20:14.958+0000][info][gc,phases   ] GC(29)   Other: 0.06ms
[2026-07-18T17:20:14.958+0000][info][gc,heap     ] GC(29) Eden regions: 900->0(900)
[2026-07-18T17:20:14.958+0000][info][gc,heap     ] GC(29) Survivor regions: 0->0(113)
[2026-07-18T17:20:14.958+0000][info][gc,heap     ] GC(29) Old regions: 3->3
[2026-07-18T17:20:14.958+0000][info][gc,heap     ] GC(29) Humongous regions: 16->16
[2026-07-18T17:20:14.958+0000][info][gc,metaspace] GC(29) Metaspace: 435K(640K)->435K(640K) NonClass: 404K(512K)->404K(512K) Class: 31K(128K)->31K(128K)
[2026-07-18T17:20:14.958+0000][info][gc          ] GC(29) Pause Young (Normal) (G1 Evacuation Pause) 917M->17M(1500M) 1.108ms
[2026-07-18T17:20:14.958+0000][info][gc,cpu      ] GC(29) User=0.00s Sys=0.00s Real=0.00s
[2026-07-18T17:20:15.077+0000][info][gc,start    ] GC(30) Pause Young (Normal) (G1 Evacuation Pause)
[2026-07-18T17:20:15.077+0000][info][gc,task     ] GC(30) Using 4 workers of 4 for evacuation
[2026-07-18T17:20:15.078+0000][info][gc,phases   ] GC(30)   Pre Evacuate Collection Set: 0.20ms
[2026-07-18T17:20:15.078+0000][info][gc,phases   ] GC(30)   Merge Heap Roots: 0.06ms
[2026-07-18T17:20:15.078+0000][info][gc,phases   ] GC(30)   Evacuate Collection Set: 0.11ms
[2026-07-18T17:20:15.078+0000][info][gc,phases   ] GC(30)   Post Evacuate Collection Set: 0.27ms
[2026-07-18T17:20:15.078+0000][info][gc,phases   ] GC(30)   Other: 0.07ms
[2026-07-18T17:20:15.078+0000][info][gc,heap     ] GC(30) Eden regions: 900->0(900)
[2026-07-18T17:20:15.078+0000][info][gc,heap     ] GC(30) Survivor regions: 0->0(113)
[2026-07-18T17:20:15.078+0000][info][gc,heap     ] GC(30) Old regions: 3->3
[2026-07-18T17:20:15.078+0000][info][gc,heap     ] GC(30) Humongous regions: 16->16
[2026-07-18T17:20:15.078+0000][info][gc,metaspace] GC(30) Metaspace: 435K(640K)->435K(640K) NonClass: 404K(512K)->404K(512K) Class: 31K(128K)->31K(128K)
[2026-07-18T17:20:15.078+0000][info][gc          ] GC(30) Pause Young (Normal) (G1 Evacuation Pause) 917M->17M(1500M) 1.214ms
[2026-07-18T17:20:15.078+0000][info][gc,cpu      ] GC(30) User=0.00s Sys=0.01s Real=0.00s
[2026-07-18T17:20:15.195+0000][info][gc,start    ] GC(31) Pause Young (Normal) (G1 Evacuation Pause)
[2026-07-18T17:20:15.195+0000][info][gc,task     ] GC(31) Using 4 workers of 4 for evacuation
[2026-07-18T17:20:15.196+0000][info][gc,phases   ] GC(31)   Pre Evacuate Collection Set: 0.15ms
[2026-07-18T17:20:15.196+0000][info][gc,phases   ] GC(31)   Merge Heap Roots: 0.11ms
[2026-07-18T17:20:15.196+0000][info][gc,phases   ] GC(31)   Evacuate Collection Set: 0.10ms
[2026-07-18T17:20:15.196+0000][info][gc,phases   ] GC(31)   Post Evacuate Collection Set: 0.27ms
[2026-07-18T17:20:15.196+0000][info][gc,phases   ] GC(31)   Other: 0.07ms
[2026-07-18T17:20:15.196+0000][info][gc,heap     ] GC(31) Eden regions: 900->0(900)
[2026-07-18T17:20:15.196+0000][info][gc,heap     ] GC(31) Survivor regions: 0->0(113)
[2026-07-18T17:20:15.196+0000][info][gc,heap     ] GC(31) Old regions: 3->3
[2026-07-18T17:20:15.196+0000][info][gc,heap     ] GC(31) Humongous regions: 16->16
[2026-07-18T17:20:15.196+0000][info][gc,metaspace] GC(31) Metaspace: 435K(640K)->435K(640K) NonClass: 404K(512K)->404K(512K) Class: 31K(128K)->31K(128K)
[2026-07-18T17:20:15.196+0000][info][gc          ] GC(31) Pause Young (Normal) (G1 Evacuation Pause) 917M->17M(1500M) 1.138ms
[2026-07-18T17:20:15.196+0000][info][gc,cpu      ] GC(31) User=0.00s Sys=0.00s Real=0.00s
[2026-07-18T17:20:15.312+0000][info][gc,start    ] GC(32) Pause Young (Normal) (G1 Evacuation Pause)
[2026-07-18T17:20:15.313+0000][info][gc,task     ] GC(32) Using 4 workers of 4 for evacuation
[2026-07-18T17:20:15.313+0000][info][gc,phases   ] GC(32)   Pre Evacuate Collection Set: 0.17ms
[2026-07-18T17:20:15.313+0000][info][gc,phases   ] GC(32)   Merge Heap Roots: 0.11ms
[2026-07-18T17:20:15.313+0000][info][gc,phases   ] GC(32)   Evacuate Collection Set: 0.11ms
[2026-07-18T17:20:15.313+0000][info][gc,phases   ] GC(32)   Post Evacuate Collection Set: 0.30ms
[2026-07-18T17:20:15.313+0000][info][gc,phases   ] GC(32)   Other: 0.07ms
[2026-07-18T17:20:15.313+0000][info][gc,heap     ] GC(32) Eden regions: 900->0(900)
[2026-07-18T17:20:15.313+0000][info][gc,heap     ] GC(32) Survivor regions: 0->0(113)
[2026-07-18T17:20:15.314+0000][info][gc,heap     ] GC(32) Old regions: 3->3
[2026-07-18T17:20:15.314+0000][info][gc,heap     ] GC(32) Humongous regions: 16->16
[2026-07-18T17:20:15.314+0000][info][gc,metaspace] GC(32) Metaspace: 435K(640K)->435K(640K) NonClass: 404K(512K)->404K(512K) Class: 31K(128K)->31K(128K)
[2026-07-18T17:20:15.314+0000][info][gc          ] GC(32) Pause Young (Normal) (G1 Evacuation Pause) 917M->17M(1500M) 1.227ms
[2026-07-18T17:20:15.314+0000][info][gc,cpu      ] GC(32) User=0.00s Sys=0.00s Real=0.00s
[2026-07-18T17:20:15.428+0000][info][gc,start    ] GC(33) Pause Young (Normal) (G1 Evacuation Pause)
[2026-07-18T17:20:15.428+0000][info][gc,task     ] GC(33) Using 4 workers of 4 for evacuation
[2026-07-18T17:20:15.429+0000][info][gc,phases   ] GC(33)   Pre Evacuate Collection Set: 0.16ms
[2026-07-18T17:20:15.429+0000][info][gc,phases   ] GC(33)   Merge Heap Roots: 0.10ms
[2026-07-18T17:20:15.429+0000][info][gc,phases   ] GC(33)   Evacuate Collection Set: 0.10ms
[2026-07-18T17:20:15.429+0000][info][gc,phases   ] GC(33)   Post Evacuate Collection Set: 0.27ms
[2026-07-18T17:20:15.429+0000][info][gc,phases   ] GC(33)   Other: 0.06ms
[2026-07-18T17:20:15.429+0000][info][gc,heap     ] GC(33) Eden regions: 900->0(900)
[2026-07-18T17:20:15.429+0000][info][gc,heap     ] GC(33) Survivor regions: 0->0(113)
[2026-07-18T17:20:15.429+0000][info][gc,heap     ] GC(33) Old regions: 3->3
[2026-07-18T17:20:15.429+0000][info][gc,heap     ] GC(33) Humongous regions: 16->16
[2026-07-18T17:20:15.429+0000][info][gc,metaspace] GC(33) Metaspace: 435K(640K)->435K(640K) NonClass: 404K(512K)->404K(512K) Class: 31K(128K)->31K(128K)
[2026-07-18T17:20:15.429+0000][info][gc          ] GC(33) Pause Young (Normal) (G1 Evacuation Pause) 917M->17M(1500M) 1.063ms
[2026-07-18T17:20:15.429+0000][info][gc,cpu      ] GC(33) User=0.00s Sys=0.00s Real=0.00s
[2026-07-18T17:20:15.545+0000][info][gc,start    ] GC(34) Pause Young (Normal) (G1 Evacuation Pause)
[2026-07-18T17:20:15.545+0000][info][gc,task     ] GC(34) Using 4 workers of 4 for evacuation
[2026-07-18T17:20:15.546+0000][info][gc,phases   ] GC(34)   Pre Evacuate Collection Set: 0.14ms
[2026-07-18T17:20:15.546+0000][info][gc,phases   ] GC(34)   Merge Heap Roots: 0.12ms
[2026-07-18T17:20:15.546+0000][info][gc,phases   ] GC(34)   Evacuate Collection Set: 0.10ms
[2026-07-18T17:20:15.546+0000][info][gc,phases   ] GC(34)   Post Evacuate Collection Set: 0.27ms
[2026-07-18T17:20:15.546+0000][info][gc,phases   ] GC(34)   Other: 0.06ms
[2026-07-18T17:20:15.546+0000][info][gc,heap     ] GC(34) Eden regions: 900->0(900)
[2026-07-18T17:20:15.546+0000][info][gc,heap     ] GC(34) Survivor regions: 0->0(113)
[2026-07-18T17:20:15.546+0000][info][gc,heap     ] GC(34) Old regions: 3->3
[2026-07-18T17:20:15.546+0000][info][gc,heap     ] GC(34) Humongous regions: 16->16
[2026-07-18T17:20:15.546+0000][info][gc,metaspace] GC(34) Metaspace: 435K(640K)->435K(640K) NonClass: 404K(512K)->404K(512K) Class: 31K(128K)->31K(128K)
[2026-07-18T17:20:15.546+0000][info][gc          ] GC(34) Pause Young (Normal) (G1 Evacuation Pause) 917M->17M(1500M) 1.085ms
[2026-07-18T17:20:15.546+0000][info][gc,cpu      ] GC(34) User=0.00s Sys=0.00s Real=0.00s
[2026-07-18T17:20:15.660+0000][info][gc,start    ] GC(35) Pause Young (Normal) (G1 Evacuation Pause)
[2026-07-18T17:20:15.660+0000][info][gc,task     ] GC(35) Using 4 workers of 4 for evacuation
[2026-07-18T17:20:15.661+0000][info][gc,phases   ] GC(35)   Pre Evacuate Collection Set: 0.17ms
[2026-07-18T17:20:15.661+0000][info][gc,phases   ] GC(35)   Merge Heap Roots: 0.11ms
[2026-07-18T17:20:15.661+0000][info][gc,phases   ] GC(35)   Evacuate Collection Set: 0.10ms
[2026-07-18T17:20:15.661+0000][info][gc,phases   ] GC(35)   Post Evacuate Collection Set: 0.26ms
[2026-07-18T17:20:15.661+0000][info][gc,phases   ] GC(35)   Other: 0.07ms
[2026-07-18T17:20:15.661+0000][info][gc,heap     ] GC(35) Eden regions: 900->0(900)
[2026-07-18T17:20:15.661+0000][info][gc,heap     ] GC(35) Survivor regions: 0->0(113)
[2026-07-18T17:20:15.661+0000][info][gc,heap     ] GC(35) Old regions: 3->3
[2026-07-18T17:20:15.661+0000][info][gc,heap     ] GC(35) Humongous regions: 16->16
[2026-07-18T17:20:15.661+0000][info][gc,metaspace] GC(35) Metaspace: 435K(640K)->435K(640K) NonClass: 404K(512K)->404K(512K) Class: 31K(128K)->31K(128K)
[2026-07-18T17:20:15.661+0000][info][gc          ] GC(35) Pause Young (Normal) (G1 Evacuation Pause) 917M->17M(1500M) 1.188ms
[2026-07-18T17:20:15.661+0000][info][gc,cpu      ] GC(35) User=0.00s Sys=0.00s Real=0.00s
[2026-07-18T17:20:15.776+0000][info][gc,start    ] GC(36) Pause Young (Normal) (G1 Evacuation Pause)
[2026-07-18T17:20:15.777+0000][info][gc,task     ] GC(36) Using 4 workers of 4 for evacuation
[2026-07-18T17:20:15.777+0000][info][gc,phases   ] GC(36)   Pre Evacuate Collection Set: 0.18ms
[2026-07-18T17:20:15.777+0000][info][gc,phases   ] GC(36)   Merge Heap Roots: 0.11ms
[2026-07-18T17:20:15.777+0000][info][gc,phases   ] GC(36)   Evacuate Collection Set: 0.10ms
[2026-07-18T17:20:15.777+0000][info][gc,phases   ] GC(36)   Post Evacuate Collection Set: 0.27ms
[2026-07-18T17:20:15.777+0000][info][gc,phases   ] GC(36)   Other: 0.08ms
[2026-07-18T17:20:15.777+0000][info][gc,heap     ] GC(36) Eden regions: 900->0(900)
[2026-07-18T17:20:15.777+0000][info][gc,heap     ] GC(36) Survivor regions: 0->0(113)
[2026-07-18T17:20:15.778+0000][info][gc,heap     ] GC(36) Old regions: 3->3
[2026-07-18T17:20:15.778+0000][info][gc,heap     ] GC(36) Humongous regions: 16->16
[2026-07-18T17:20:15.778+0000][info][gc,metaspace] GC(36) Metaspace: 435K(640K)->435K(640K) NonClass: 404K(512K)->404K(512K) Class: 31K(128K)->31K(128K)
[2026-07-18T17:20:15.778+0000][info][gc          ] GC(36) Pause Young (Normal) (G1 Evacuation Pause) 917M->17M(1500M) 1.148ms
[2026-07-18T17:20:15.778+0000][info][gc,cpu      ] GC(36) User=0.00s Sys=0.00s Real=0.00s
[2026-07-18T17:20:15.893+0000][info][gc,start    ] GC(37) Pause Young (Normal) (G1 Evacuation Pause)
[2026-07-18T17:20:15.893+0000][info][gc,task     ] GC(37) Using 4 workers of 4 for evacuation
[2026-07-18T17:20:15.893+0000][info][gc,phases   ] GC(37)   Pre Evacuate Collection Set: 0.16ms
[2026-07-18T17:20:15.894+0000][info][gc,phases   ] GC(37)   Merge Heap Roots: 0.10ms
[2026-07-18T17:20:15.894+0000][info][gc,phases   ] GC(37)   Evacuate Collection Set: 0.10ms
[2026-07-18T17:20:15.894+0000][info][gc,phases   ] GC(37)   Post Evacuate Collection Set: 0.26ms
[2026-07-18T17:20:15.894+0000][info][gc,phases   ] GC(37)   Other: 0.06ms
[2026-07-18T17:20:15.894+0000][info][gc,heap     ] GC(37) Eden regions: 900->0(900)
[2026-07-18T17:20:15.894+0000][info][gc,heap     ] GC(37) Survivor regions: 0->0(113)
[2026-07-18T17:20:15.894+0000][info][gc,heap     ] GC(37) Old regions: 3->3
[2026-07-18T17:20:15.894+0000][info][gc,heap     ] GC(37) Humongous regions: 16->16
[2026-07-18T17:20:15.894+0000][info][gc,metaspace] GC(37) Metaspace: 435K(640K)->435K(640K) NonClass: 404K(512K)->404K(512K) Class: 31K(128K)->31K(128K)
[2026-07-18T17:20:15.894+0000][info][gc          ] GC(37) Pause Young (Normal) (G1 Evacuation Pause) 917M->17M(1500M) 1.135ms
[2026-07-18T17:20:15.894+0000][info][gc,cpu      ] GC(37) User=0.00s Sys=0.00s Real=0.01s
[2026-07-18T17:20:16.008+0000][info][gc,start    ] GC(38) Pause Young (Normal) (G1 Evacuation Pause)
[2026-07-18T17:20:16.008+0000][info][gc,task     ] GC(38) Using 4 workers of 4 for evacuation
[2026-07-18T17:20:16.009+0000][info][gc,phases   ] GC(38)   Pre Evacuate Collection Set: 0.16ms
[2026-07-18T17:20:16.009+0000][info][gc,phases   ] GC(38)   Merge Heap Roots: 0.11ms
[2026-07-18T17:20:16.009+0000][info][gc,phases   ] GC(38)   Evacuate Collection Set: 0.10ms
[2026-07-18T17:20:16.009+0000][info][gc,phases   ] GC(38)   Post Evacuate Collection Set: 0.26ms
[2026-07-18T17:20:16.009+0000][info][gc,phases   ] GC(38)   Other: 0.06ms
[2026-07-18T17:20:16.009+0000][info][gc,heap     ] GC(38) Eden regions: 900->0(900)
[2026-07-18T17:20:16.009+0000][info][gc,heap     ] GC(38) Survivor regions: 0->0(113)
[2026-07-18T17:20:16.009+0000][info][gc,heap     ] GC(38) Old regions: 3->3
[2026-07-18T17:20:16.009+0000][info][gc,heap     ] GC(38) Humongous regions: 16->16
[2026-07-18T17:20:16.009+0000][info][gc,metaspace] GC(38) Metaspace: 435K(640K)->435K(640K) NonClass: 404K(512K)->404K(512K) Class: 31K(128K)->31K(128K)
[2026-07-18T17:20:16.009+0000][info][gc          ] GC(38) Pause Young (Normal) (G1 Evacuation Pause) 917M->17M(1500M) 1.146ms
[2026-07-18T17:20:16.009+0000][info][gc,cpu      ] GC(38) User=0.00s Sys=0.00s Real=0.00s
[2026-07-18T17:20:16.126+0000][info][gc,start    ] GC(39) Pause Young (Normal) (G1 Evacuation Pause)
[2026-07-18T17:20:16.126+0000][info][gc,task     ] GC(39) Using 4 workers of 4 for evacuation
[2026-07-18T17:20:16.127+0000][info][gc,phases   ] GC(39)   Pre Evacuate Collection Set: 0.16ms
[2026-07-18T17:20:16.127+0000][info][gc,phases   ] GC(39)   Merge Heap Roots: 0.10ms
[2026-07-18T17:20:16.127+0000][info][gc,phases   ] GC(39)   Evacuate Collection Set: 0.09ms
[2026-07-18T17:20:16.127+0000][info][gc,phases   ] GC(39)   Post Evacuate Collection Set: 0.26ms
[2026-07-18T17:20:16.127+0000][info][gc,phases   ] GC(39)   Other: 0.05ms
[2026-07-18T17:20:16.127+0000][info][gc,heap     ] GC(39) Eden regions: 900->0(900)
[2026-07-18T17:20:16.127+0000][info][gc,heap     ] GC(39) Survivor regions: 0->0(113)
[2026-07-18T17:20:16.127+0000][info][gc,heap     ] GC(39) Old regions: 3->3
[2026-07-18T17:20:16.127+0000][info][gc,heap     ] GC(39) Humongous regions: 16->16
[2026-07-18T17:20:16.127+0000][info][gc,metaspace] GC(39) Metaspace: 435K(640K)->435K(640K) NonClass: 404K(512K)->404K(512K) Class: 31K(128K)->31K(128K)
[2026-07-18T17:20:16.127+0000][info][gc          ] GC(39) Pause Young (Normal) (G1 Evacuation Pause) 917M->17M(1500M) 1.059ms
[2026-07-18T17:20:16.127+0000][info][gc,cpu      ] GC(39) User=0.00s Sys=0.00s Real=0.00s
[2026-07-18T17:20:16.241+0000][info][gc,start    ] GC(40) Pause Young (Normal) (G1 Evacuation Pause)
[2026-07-18T17:20:16.241+0000][info][gc,task     ] GC(40) Using 4 workers of 4 for evacuation
[2026-07-18T17:20:16.241+0000][info][gc,phases   ] GC(40)   Pre Evacuate Collection Set: 0.15ms
[2026-07-18T17:20:16.241+0000][info][gc,phases   ] GC(40)   Merge Heap Roots: 0.10ms
[2026-07-18T17:20:16.242+0000][info][gc,phases   ] GC(40)   Evacuate Collection Set: 0.10ms
[2026-07-18T17:20:16.242+0000][info][gc,phases   ] GC(40)   Post Evacuate Collection Set: 0.27ms
[2026-07-18T17:20:16.242+0000][info][gc,phases   ] GC(40)   Other: 0.06ms
[2026-07-18T17:20:16.242+0000][info][gc,heap     ] GC(40) Eden regions: 900->0(900)
[2026-07-18T17:20:16.242+0000][info][gc,heap     ] GC(40) Survivor regions: 0->0(113)
[2026-07-18T17:20:16.242+0000][info][gc,heap     ] GC(40) Old regions: 3->3
[2026-07-18T17:20:16.242+0000][info][gc,heap     ] GC(40) Humongous regions: 16->16
[2026-07-18T17:20:16.242+0000][info][gc,metaspace] GC(40) Metaspace: 435K(640K)->435K(640K) NonClass: 404K(512K)->404K(512K) Class: 31K(128K)->31K(128K)
[2026-07-18T17:20:16.242+0000][info][gc          ] GC(40) Pause Young (Normal) (G1 Evacuation Pause) 917M->17M(1500M) 1.076ms
[2026-07-18T17:20:16.242+0000][info][gc,cpu      ] GC(40) User=0.00s Sys=0.00s Real=0.00s
[2026-07-18T17:20:16.357+0000][info][gc,start    ] GC(41) Pause Young (Normal) (G1 Evacuation Pause)
[2026-07-18T17:20:16.357+0000][info][gc,task     ] GC(41) Using 4 workers of 4 for evacuation
[2026-07-18T17:20:16.358+0000][info][gc,phases   ] GC(41)   Pre Evacuate Collection Set: 0.18ms
[2026-07-18T17:20:16.358+0000][info][gc,phases   ] GC(41)   Merge Heap Roots: 0.05ms
[2026-07-18T17:20:16.358+0000][info][gc,phases   ] GC(41)   Evacuate Collection Set: 0.11ms
[2026-07-18T17:20:16.358+0000][info][gc,phases   ] GC(41)   Post Evacuate Collection Set: 0.26ms
[2026-07-18T17:20:16.358+0000][info][gc,phases   ] GC(41)   Other: 0.06ms
[2026-07-18T17:20:16.358+0000][info][gc,heap     ] GC(41) Eden regions: 900->0(900)
[2026-07-18T17:20:16.358+0000][info][gc,heap     ] GC(41) Survivor regions: 0->0(113)
[2026-07-18T17:20:16.358+0000][info][gc,heap     ] GC(41) Old regions: 3->3
[2026-07-18T17:20:16.358+0000][info][gc,heap     ] GC(41) Humongous regions: 16->16
[2026-07-18T17:20:16.358+0000][info][gc,metaspace] GC(41) Metaspace: 435K(640K)->435K(640K) NonClass: 404K(512K)->404K(512K) Class: 31K(128K)->31K(128K)
[2026-07-18T17:20:16.358+0000][info][gc          ] GC(41) Pause Young (Normal) (G1 Evacuation Pause) 917M->17M(1500M) 1.119ms
[2026-07-18T17:20:16.358+0000][info][gc,cpu      ] GC(41) User=0.00s Sys=0.00s Real=0.00s
[2026-07-18T17:20:16.473+0000][info][gc,start    ] GC(42) Pause Young (Normal) (G1 Evacuation Pause)
[2026-07-18T17:20:16.473+0000][info][gc,task     ] GC(42) Using 4 workers of 4 for evacuation
[2026-07-18T17:20:16.474+0000][info][gc,phases   ] GC(42)   Pre Evacuate Collection Set: 0.18ms
[2026-07-18T17:20:16.474+0000][info][gc,phases   ] GC(42)   Merge Heap Roots: 0.10ms
[2026-07-18T17:20:16.474+0000][info][gc,phases   ] GC(42)   Evacuate Collection Set: 0.09ms
[2026-07-18T17:20:16.474+0000][info][gc,phases   ] GC(42)   Post Evacuate Collection Set: 0.26ms
[2026-07-18T17:20:16.474+0000][info][gc,phases   ] GC(42)   Other: 0.07ms
[2026-07-18T17:20:16.474+0000][info][gc,heap     ] GC(42) Eden regions: 900->0(900)
[2026-07-18T17:20:16.474+0000][info][gc,heap     ] GC(42) Survivor regions: 0->0(113)
[2026-07-18T17:20:16.474+0000][info][gc,heap     ] GC(42) Old regions: 3->3
[2026-07-18T17:20:16.474+0000][info][gc,heap     ] GC(42) Humongous regions: 16->16
[2026-07-18T17:20:16.474+0000][info][gc,metaspace] GC(42) Metaspace: 435K(640K)->435K(640K) NonClass: 404K(512K)->404K(512K) Class: 31K(128K)->31K(128K)
[2026-07-18T17:20:16.474+0000][info][gc          ] GC(42) Pause Young (Normal) (G1 Evacuation Pause) 917M->17M(1500M) 1.091ms
[2026-07-18T17:20:16.474+0000][info][gc,cpu      ] GC(42) User=0.00s Sys=0.00s Real=0.01s
[2026-07-18T17:20:16.591+0000][info][gc,start    ] GC(43) Pause Young (Normal) (G1 Evacuation Pause)
[2026-07-18T17:20:16.592+0000][info][gc,task     ] GC(43) Using 4 workers of 4 for evacuation
[2026-07-18T17:20:16.592+0000][info][gc,phases   ] GC(43)   Pre Evacuate Collection Set: 0.17ms
[2026-07-18T17:20:16.592+0000][info][gc,phases   ] GC(43)   Merge Heap Roots: 0.07ms
[2026-07-18T17:20:16.592+0000][info][gc,phases   ] GC(43)   Evacuate Collection Set: 0.09ms
[2026-07-18T17:20:16.592+0000][info][gc,phases   ] GC(43)   Post Evacuate Collection Set: 0.26ms
[2026-07-18T17:20:16.592+0000][info][gc,phases   ] GC(43)   Other: 0.06ms
[2026-07-18T17:20:16.592+0000][info][gc,heap     ] GC(43) Eden regions: 900->0(900)
[2026-07-18T17:20:16.592+0000][info][gc,heap     ] GC(43) Survivor regions: 0->0(113)
[2026-07-18T17:20:16.592+0000][info][gc,heap     ] GC(43) Old regions: 3->3
[2026-07-18T17:20:16.592+0000][info][gc,heap     ] GC(43) Humongous regions: 16->16
[2026-07-18T17:20:16.592+0000][info][gc,metaspace] GC(43) Metaspace: 435K(640K)->435K(640K) NonClass: 404K(512K)->404K(512K) Class: 31K(128K)->31K(128K)
[2026-07-18T17:20:16.593+0000][info][gc          ] GC(43) Pause Young (Normal) (G1 Evacuation Pause) 917M->17M(1500M) 1.065ms
[2026-07-18T17:20:16.593+0000][info][gc,cpu      ] GC(43) User=0.00s Sys=0.00s Real=0.00s
[2026-07-18T17:20:16.706+0000][info][gc,start    ] GC(44) Pause Young (Normal) (G1 Evacuation Pause)
[2026-07-18T17:20:16.706+0000][info][gc,task     ] GC(44) Using 4 workers of 4 for evacuation
[2026-07-18T17:20:16.707+0000][info][gc,phases   ] GC(44)   Pre Evacuate Collection Set: 0.15ms
[2026-07-18T17:20:16.707+0000][info][gc,phases   ] GC(44)   Merge Heap Roots: 0.11ms
[2026-07-18T17:20:16.707+0000][info][gc,phases   ] GC(44)   Evacuate Collection Set: 0.09ms
[2026-07-18T17:20:16.707+0000][info][gc,phases   ] GC(44)   Post Evacuate Collection Set: 0.29ms
[2026-07-18T17:20:16.707+0000][info][gc,phases   ] GC(44)   Other: 0.06ms
[2026-07-18T17:20:16.707+0000][info][gc,heap     ] GC(44) Eden regions: 900->0(900)
[2026-07-18T17:20:16.707+0000][info][gc,heap     ] GC(44) Survivor regions: 0->0(113)
[2026-07-18T17:20:16.707+0000][info][gc,heap     ] GC(44) Old regions: 3->3
[2026-07-18T17:20:16.707+0000][info][gc,heap     ] GC(44) Humongous regions: 16->16
[2026-07-18T17:20:16.707+0000][info][gc,metaspace] GC(44) Metaspace: 435K(640K)->435K(640K) NonClass: 404K(512K)->404K(512K) Class: 31K(128K)->31K(128K)
[2026-07-18T17:20:16.707+0000][info][gc          ] GC(44) Pause Young (Normal) (G1 Evacuation Pause) 917M->17M(1500M) 1.148ms
[2026-07-18T17:20:16.707+0000][info][gc,cpu      ] GC(44) User=0.00s Sys=0.00s Real=0.00s
[2026-07-18T17:20:16.823+0000][info][gc,start    ] GC(45) Pause Young (Normal) (G1 Evacuation Pause)
[2026-07-18T17:20:16.823+0000][info][gc,task     ] GC(45) Using 4 workers of 4 for evacuation
[2026-07-18T17:20:16.824+0000][info][gc,phases   ] GC(45)   Pre Evacuate Collection Set: 0.16ms
[2026-07-18T17:20:16.824+0000][info][gc,phases   ] GC(45)   Merge Heap Roots: 0.11ms
[2026-07-18T17:20:16.824+0000][info][gc,phases   ] GC(45)   Evacuate Collection Set: 0.09ms
[2026-07-18T17:20:16.824+0000][info][gc,phases   ] GC(45)   Post Evacuate Collection Set: 0.26ms
[2026-07-18T17:20:16.824+0000][info][gc,phases   ] GC(45)   Other: 0.06ms
[2026-07-18T17:20:16.824+0000][info][gc,heap     ] GC(45) Eden regions: 900->0(900)
[2026-07-18T17:20:16.824+0000][info][gc,heap     ] GC(45) Survivor regions: 0->0(113)
[2026-07-18T17:20:16.824+0000][info][gc,heap     ] GC(45) Old regions: 3->3
[2026-07-18T17:20:16.824+0000][info][gc,heap     ] GC(45) Humongous regions: 16->16
[2026-07-18T17:20:16.824+0000][info][gc,metaspace] GC(45) Metaspace: 435K(640K)->435K(640K) NonClass: 404K(512K)->404K(512K) Class: 31K(128K)->31K(128K)
[2026-07-18T17:20:16.824+0000][info][gc          ] GC(45) Pause Young (Normal) (G1 Evacuation Pause) 917M->17M(1500M) 1.119ms
[2026-07-18T17:20:16.825+0000][info][gc,cpu      ] GC(45) User=0.00s Sys=0.00s Real=0.01s
[2026-07-18T17:20:16.939+0000][info][gc,start    ] GC(46) Pause Young (Normal) (G1 Evacuation Pause)
[2026-07-18T17:20:16.939+0000][info][gc,task     ] GC(46) Using 4 workers of 4 for evacuation
[2026-07-18T17:20:16.940+0000][info][gc,phases   ] GC(46)   Pre Evacuate Collection Set: 0.16ms
[2026-07-18T17:20:16.940+0000][info][gc,phases   ] GC(46)   Merge Heap Roots: 0.11ms
[2026-07-18T17:20:16.940+0000][info][gc,phases   ] GC(46)   Evacuate Collection Set: 0.10ms
[2026-07-18T17:20:16.940+0000][info][gc,phases   ] GC(46)   Post Evacuate Collection Set: 0.26ms
[2026-07-18T17:20:16.940+0000][info][gc,phases   ] GC(46)   Other: 0.07ms
[2026-07-18T17:20:16.940+0000][info][gc,heap     ] GC(46) Eden regions: 900->0(900)
[2026-07-18T17:20:16.940+0000][info][gc,heap     ] GC(46) Survivor regions: 0->0(113)
[2026-07-18T17:20:16.940+0000][info][gc,heap     ] GC(46) Old regions: 3->3
[2026-07-18T17:20:16.940+0000][info][gc,heap     ] GC(46) Humongous regions: 16->16
[2026-07-18T17:20:16.940+0000][info][gc,metaspace] GC(46) Metaspace: 435K(640K)->435K(640K) NonClass: 404K(512K)->404K(512K) Class: 31K(128K)->31K(128K)
[2026-07-18T17:20:16.940+0000][info][gc          ] GC(46) Pause Young (Normal) (G1 Evacuation Pause) 917M->17M(1500M) 1.088ms
[2026-07-18T17:20:16.940+0000][info][gc,cpu      ] GC(46) User=0.00s Sys=0.01s Real=0.00s
[2026-07-18T17:20:17.055+0000][info][gc,start    ] GC(47) Pause Young (Normal) (G1 Evacuation Pause)
[2026-07-18T17:20:17.056+0000][info][gc,task     ] GC(47) Using 4 workers of 4 for evacuation
[2026-07-18T17:20:17.057+0000][info][gc,phases   ] GC(47)   Pre Evacuate Collection Set: 0.28ms
[2026-07-18T17:20:17.057+0000][info][gc,phases   ] GC(47)   Merge Heap Roots: 0.16ms
[2026-07-18T17:20:17.057+0000][info][gc,phases   ] GC(47)   Evacuate Collection Set: 0.17ms
[2026-07-18T17:20:17.057+0000][info][gc,phases   ] GC(47)   Post Evacuate Collection Set: 0.30ms
[2026-07-18T17:20:17.057+0000][info][gc,phases   ] GC(47)   Other: 0.07ms
[2026-07-18T17:20:17.057+0000][info][gc,heap     ] GC(47) Eden regions: 900->0(900)
[2026-07-18T17:20:17.057+0000][info][gc,heap     ] GC(47) Survivor regions: 0->0(113)
[2026-07-18T17:20:17.057+0000][info][gc,heap     ] GC(47) Old regions: 3->3
[2026-07-18T17:20:17.057+0000][info][gc,heap     ] GC(47) Humongous regions: 16->16
[2026-07-18T17:20:17.057+0000][info][gc,metaspace] GC(47) Metaspace: 435K(640K)->435K(640K) NonClass: 404K(512K)->404K(512K) Class: 31K(128K)->31K(128K)
[2026-07-18T17:20:17.057+0000][info][gc          ] GC(47) Pause Young (Normal) (G1 Evacuation Pause) 917M->17M(1500M) 1.441ms
[2026-07-18T17:20:17.057+0000][info][gc,cpu      ] GC(47) User=0.01s Sys=0.00s Real=0.00s
[2026-07-18T17:20:17.172+0000][info][gc,start    ] GC(48) Pause Young (Normal) (G1 Evacuation Pause)
[2026-07-18T17:20:17.172+0000][info][gc,task     ] GC(48) Using 4 workers of 4 for evacuation
[2026-07-18T17:20:17.173+0000][info][gc,phases   ] GC(48)   Pre Evacuate Collection Set: 0.16ms
[2026-07-18T17:20:17.173+0000][info][gc,phases   ] GC(48)   Merge Heap Roots: 0.10ms
[2026-07-18T17:20:17.173+0000][info][gc,phases   ] GC(48)   Evacuate Collection Set: 0.09ms
[2026-07-18T17:20:17.173+0000][info][gc,phases   ] GC(48)   Post Evacuate Collection Set: 0.26ms
[2026-07-18T17:20:17.173+0000][info][gc,phases   ] GC(48)   Other: 0.07ms
[2026-07-18T17:20:17.173+0000][info][gc,heap     ] GC(48) Eden regions: 900->0(900)
[2026-07-18T17:20:17.173+0000][info][gc,heap     ] GC(48) Survivor regions: 0->0(113)
[2026-07-18T17:20:17.173+0000][info][gc,heap     ] GC(48) Old regions: 3->3
[2026-07-18T17:20:17.173+0000][info][gc,heap     ] GC(48) Humongous regions: 16->16
[2026-07-18T17:20:17.173+0000][info][gc,metaspace] GC(48) Metaspace: 435K(640K)->435K(640K) NonClass: 404K(512K)->404K(512K) Class: 31K(128K)->31K(128K)
[2026-07-18T17:20:17.173+0000][info][gc          ] GC(48) Pause Young (Normal) (G1 Evacuation Pause) 917M->17M(1500M) 1.081ms
[2026-07-18T17:20:17.173+0000][info][gc,cpu      ] GC(48) User=0.00s Sys=0.00s Real=0.00s
[2026-07-18T17:20:17.291+0000][info][gc,start    ] GC(49) Pause Young (Normal) (G1 Evacuation Pause)
[2026-07-18T17:20:17.291+0000][info][gc,task     ] GC(49) Using 4 workers of 4 for evacuation
[2026-07-18T17:20:17.292+0000][info][gc,phases   ] GC(49)   Pre Evacuate Collection Set: 0.19ms
[2026-07-18T17:20:17.292+0000][info][gc,phases   ] GC(49)   Merge Heap Roots: 0.09ms
[2026-07-18T17:20:17.292+0000][info][gc,phases   ] GC(49)   Evacuate Collection Set: 0.15ms
[2026-07-18T17:20:17.293+0000][info][gc,phases   ] GC(49)   Post Evacuate Collection Set: 0.44ms
[2026-07-18T17:20:17.293+0000][info][gc,phases   ] GC(49)   Other: 0.14ms
[2026-07-18T17:20:17.293+0000][info][gc,heap     ] GC(49) Eden regions: 900->0(900)
[2026-07-18T17:20:17.293+0000][info][gc,heap     ] GC(49) Survivor regions: 0->0(113)
[2026-07-18T17:20:17.293+0000][info][gc,heap     ] GC(49) Old regions: 3->3
[2026-07-18T17:20:17.293+0000][info][gc,heap     ] GC(49) Humongous regions: 16->16
[2026-07-18T17:20:17.293+0000][info][gc,metaspace] GC(49) Metaspace: 435K(640K)->435K(640K) NonClass: 404K(512K)->404K(512K) Class: 31K(128K)->31K(128K)
[2026-07-18T17:20:17.293+0000][info][gc          ] GC(49) Pause Young (Normal) (G1 Evacuation Pause) 917M->17M(1500M) 1.801ms
[2026-07-18T17:20:17.293+0000][info][gc,cpu      ] GC(49) User=0.00s Sys=0.00s Real=0.00s
[2026-07-18T17:20:17.416+0000][info][gc,start    ] GC(50) Pause Young (Normal) (G1 Evacuation Pause)
[2026-07-18T17:20:17.416+0000][info][gc,task     ] GC(50) Using 4 workers of 4 for evacuation
[2026-07-18T17:20:17.417+0000][info][gc,phases   ] GC(50)   Pre Evacuate Collection Set: 0.21ms
[2026-07-18T17:20:17.417+0000][info][gc,phases   ] GC(50)   Merge Heap Roots: 0.06ms
[2026-07-18T17:20:17.417+0000][info][gc,phases   ] GC(50)   Evacuate Collection Set: 0.15ms
[2026-07-18T17:20:17.417+0000][info][gc,phases   ] GC(50)   Post Evacuate Collection Set: 0.35ms
[2026-07-18T17:20:17.417+0000][info][gc,phases   ] GC(50)   Other: 0.12ms
[2026-07-18T17:20:17.417+0000][info][gc,heap     ] GC(50) Eden regions: 900->0(900)
[2026-07-18T17:20:17.417+0000][info][gc,heap     ] GC(50) Survivor regions: 0->0(113)
[2026-07-18T17:20:17.417+0000][info][gc,heap     ] GC(50) Old regions: 3->3
[2026-07-18T17:20:17.417+0000][info][gc,heap     ] GC(50) Humongous regions: 16->16
[2026-07-18T17:20:17.417+0000][info][gc,metaspace] GC(50) Metaspace: 435K(640K)->435K(640K) NonClass: 404K(512K)->404K(512K) Class: 31K(128K)->31K(128K)
[2026-07-18T17:20:17.417+0000][info][gc          ] GC(50) Pause Young (Normal) (G1 Evacuation Pause) 917M->17M(1500M) 1.276ms
[2026-07-18T17:20:17.417+0000][info][gc,cpu      ] GC(50) User=0.01s Sys=0.00s Real=0.00s
[2026-07-18T17:20:17.541+0000][info][gc,start    ] GC(51) Pause Young (Normal) (G1 Evacuation Pause)
[2026-07-18T17:20:17.541+0000][info][gc,task     ] GC(51) Using 4 workers of 4 for evacuation
[2026-07-18T17:20:17.542+0000][info][gc,phases   ] GC(51)   Pre Evacuate Collection Set: 0.24ms
[2026-07-18T17:20:17.542+0000][info][gc,phases   ] GC(51)   Merge Heap Roots: 0.09ms
[2026-07-18T17:20:17.542+0000][info][gc,phases   ] GC(51)   Evacuate Collection Set: 0.13ms
[2026-07-18T17:20:17.542+0000][info][gc,phases   ] GC(51)   Post Evacuate Collection Set: 0.31ms
[2026-07-18T17:20:17.542+0000][info][gc,phases   ] GC(51)   Other: 0.10ms
[2026-07-18T17:20:17.542+0000][info][gc,heap     ] GC(51) Eden regions: 900->0(900)
[2026-07-18T17:20:17.542+0000][info][gc,heap     ] GC(51) Survivor regions: 0->0(113)
[2026-07-18T17:20:17.542+0000][info][gc,heap     ] GC(51) Old regions: 3->3
[2026-07-18T17:20:17.542+0000][info][gc,heap     ] GC(51) Humongous regions: 16->16
[2026-07-18T17:20:17.542+0000][info][gc,metaspace] GC(51) Metaspace: 435K(640K)->435K(640K) NonClass: 404K(512K)->404K(512K) Class: 31K(128K)->31K(128K)
[2026-07-18T17:20:17.542+0000][info][gc          ] GC(51) Pause Young (Normal) (G1 Evacuation Pause) 917M->17M(1500M) 1.337ms
[2026-07-18T17:20:17.542+0000][info][gc,cpu      ] GC(51) User=0.00s Sys=0.00s Real=0.00s
[2026-07-18T17:20:17.659+0000][info][gc,start    ] GC(52) Pause Young (Normal) (G1 Evacuation Pause)
[2026-07-18T17:20:17.659+0000][info][gc,task     ] GC(52) Using 4 workers of 4 for evacuation
[2026-07-18T17:20:17.660+0000][info][gc,phases   ] GC(52)   Pre Evacuate Collection Set: 0.17ms
[2026-07-18T17:20:17.660+0000][info][gc,phases   ] GC(52)   Merge Heap Roots: 0.10ms
[2026-07-18T17:20:17.660+0000][info][gc,phases   ] GC(52)   Evacuate Collection Set: 0.10ms
[2026-07-18T17:20:17.660+0000][info][gc,phases   ] GC(52)   Post Evacuate Collection Set: 0.26ms
[2026-07-18T17:20:17.660+0000][info][gc,phases   ] GC(52)   Other: 0.07ms
[2026-07-18T17:20:17.660+0000][info][gc,heap     ] GC(52) Eden regions: 900->0(900)
[2026-07-18T17:20:17.660+0000][info][gc,heap     ] GC(52) Survivor regions: 0->0(113)
[2026-07-18T17:20:17.660+0000][info][gc,heap     ] GC(52) Old regions: 3->3
[2026-07-18T17:20:17.660+0000][info][gc,heap     ] GC(52) Humongous regions: 16->16
[2026-07-18T17:20:17.660+0000][info][gc,metaspace] GC(52) Metaspace: 435K(640K)->435K(640K) NonClass: 404K(512K)->404K(512K) Class: 31K(128K)->31K(128K)
[2026-07-18T17:20:17.660+0000][info][gc          ] GC(52) Pause Young (Normal) (G1 Evacuation Pause) 917M->17M(1500M) 1.139ms
[2026-07-18T17:20:17.660+0000][info][gc,cpu      ] GC(52) User=0.00s Sys=0.00s Real=0.00s
[2026-07-18T17:20:17.775+0000][info][gc,start    ] GC(53) Pause Young (Normal) (G1 Evacuation Pause)
[2026-07-18T17:20:17.775+0000][info][gc,task     ] GC(53) Using 4 workers of 4 for evacuation
[2026-07-18T17:20:17.776+0000][info][gc,phases   ] GC(53)   Pre Evacuate Collection Set: 0.17ms
[2026-07-18T17:20:17.776+0000][info][gc,phases   ] GC(53)   Merge Heap Roots: 0.11ms
[2026-07-18T17:20:17.776+0000][info][gc,phases   ] GC(53)   Evacuate Collection Set: 0.10ms
[2026-07-18T17:20:17.776+0000][info][gc,phases   ] GC(53)   Post Evacuate Collection Set: 0.27ms
[2026-07-18T17:20:17.776+0000][info][gc,phases   ] GC(53)   Other: 0.06ms
[2026-07-18T17:20:17.776+0000][info][gc,heap     ] GC(53) Eden regions: 900->0(900)
[2026-07-18T17:20:17.776+0000][info][gc,heap     ] GC(53) Survivor regions: 0->0(113)
[2026-07-18T17:20:17.776+0000][info][gc,heap     ] GC(53) Old regions: 3->3
[2026-07-18T17:20:17.776+0000][info][gc,heap     ] GC(53) Humongous regions: 16->16
[2026-07-18T17:20:17.776+0000][info][gc,metaspace] GC(53) Metaspace: 435K(640K)->435K(640K) NonClass: 404K(512K)->404K(512K) Class: 31K(128K)->31K(128K)
[2026-07-18T17:20:17.776+0000][info][gc          ] GC(53) Pause Young (Normal) (G1 Evacuation Pause) 917M->17M(1500M) 1.122ms
[2026-07-18T17:20:17.776+0000][info][gc,cpu      ] GC(53) User=0.01s Sys=0.00s Real=0.00s
[2026-07-18T17:20:17.892+0000][info][gc,start    ] GC(54) Pause Young (Normal) (G1 Evacuation Pause)
[2026-07-18T17:20:17.892+0000][info][gc,task     ] GC(54) Using 4 workers of 4 for evacuation
[2026-07-18T17:20:17.893+0000][info][gc,phases   ] GC(54)   Pre Evacuate Collection Set: 0.16ms
[2026-07-18T17:20:17.893+0000][info][gc,phases   ] GC(54)   Merge Heap Roots: 0.10ms
[2026-07-18T17:20:17.893+0000][info][gc,phases   ] GC(54)   Evacuate Collection Set: 0.10ms
[2026-07-18T17:20:17.893+0000][info][gc,phases   ] GC(54)   Post Evacuate Collection Set: 0.25ms
[2026-07-18T17:20:17.893+0000][info][gc,phases   ] GC(54)   Other: 0.06ms
[2026-07-18T17:20:17.893+0000][info][gc,heap     ] GC(54) Eden regions: 900->0(900)
[2026-07-18T17:20:17.893+0000][info][gc,heap     ] GC(54) Survivor regions: 0->0(113)
[2026-07-18T17:20:17.893+0000][info][gc,heap     ] GC(54) Old regions: 3->3
[2026-07-18T17:20:17.893+0000][info][gc,heap     ] GC(54) Humongous regions: 16->16
[2026-07-18T17:20:17.893+0000][info][gc,metaspace] GC(54) Metaspace: 435K(640K)->435K(640K) NonClass: 404K(512K)->404K(512K) Class: 31K(128K)->31K(128K)
[2026-07-18T17:20:17.893+0000][info][gc          ] GC(54) Pause Young (Normal) (G1 Evacuation Pause) 917M->17M(1500M) 1.085ms
[2026-07-18T17:20:17.893+0000][info][gc,cpu      ] GC(54) User=0.00s Sys=0.00s Real=0.00s
[2026-07-18T17:20:18.009+0000][info][gc,start    ] GC(55) Pause Young (Normal) (G1 Evacuation Pause)
[2026-07-18T17:20:18.009+0000][info][gc,task     ] GC(55) Using 4 workers of 4 for evacuation
[2026-07-18T17:20:18.010+0000][info][gc,phases   ] GC(55)   Pre Evacuate Collection Set: 0.16ms
[2026-07-18T17:20:18.010+0000][info][gc,phases   ] GC(55)   Merge Heap Roots: 0.11ms
[2026-07-18T17:20:18.010+0000][info][gc,phases   ] GC(55)   Evacuate Collection Set: 0.11ms
[2026-07-18T17:20:18.010+0000][info][gc,phases   ] GC(55)   Post Evacuate Collection Set: 0.27ms
[2026-07-18T17:20:18.010+0000][info][gc,phases   ] GC(55)   Other: 0.06ms
[2026-07-18T17:20:18.010+0000][info][gc,heap     ] GC(55) Eden regions: 900->0(900)
[2026-07-18T17:20:18.010+0000][info][gc,heap     ] GC(55) Survivor regions: 0->0(113)
[2026-07-18T17:20:18.010+0000][info][gc,heap     ] GC(55) Old regions: 3->3
[2026-07-18T17:20:18.010+0000][info][gc,heap     ] GC(55) Humongous regions: 16->16
[2026-07-18T17:20:18.010+0000][info][gc,metaspace] GC(55) Metaspace: 435K(640K)->435K(640K) NonClass: 404K(512K)->404K(512K) Class: 31K(128K)->31K(128K)
[2026-07-18T17:20:18.010+0000][info][gc          ] GC(55) Pause Young (Normal) (G1 Evacuation Pause) 917M->17M(1500M) 1.119ms
[2026-07-18T17:20:18.010+0000][info][gc,cpu      ] GC(55) User=0.00s Sys=0.00s Real=0.00s
[2026-07-18T17:20:18.127+0000][info][gc,start    ] GC(56) Pause Young (Normal) (G1 Evacuation Pause)
[2026-07-18T17:20:18.127+0000][info][gc,task     ] GC(56) Using 4 workers of 4 for evacuation
[2026-07-18T17:20:18.127+0000][info][gc,phases   ] GC(56)   Pre Evacuate Collection Set: 0.19ms
[2026-07-18T17:20:18.127+0000][info][gc,phases   ] GC(56)   Merge Heap Roots: 0.10ms
[2026-07-18T17:20:18.127+0000][info][gc,phases   ] GC(56)   Evacuate Collection Set: 0.09ms
[2026-07-18T17:20:18.128+0000][info][gc,phases   ] GC(56)   Post Evacuate Collection Set: 0.29ms
[2026-07-18T17:20:18.128+0000][info][gc,phases   ] GC(56)   Other: 0.07ms
[2026-07-18T17:20:18.128+0000][info][gc,heap     ] GC(56) Eden regions: 900->0(900)
[2026-07-18T17:20:18.128+0000][info][gc,heap     ] GC(56) Survivor regions: 0->0(113)
[2026-07-18T17:20:18.128+0000][info][gc,heap     ] GC(56) Old regions: 3->3
[2026-07-18T17:20:18.128+0000][info][gc,heap     ] GC(56) Humongous regions: 16->16
[2026-07-18T17:20:18.128+0000][info][gc,metaspace] GC(56) Metaspace: 435K(640K)->435K(640K) NonClass: 404K(512K)->404K(512K) Class: 31K(128K)->31K(128K)
[2026-07-18T17:20:18.128+0000][info][gc          ] GC(56) Pause Young (Normal) (G1 Evacuation Pause) 917M->17M(1500M) 1.104ms
[2026-07-18T17:20:18.128+0000][info][gc,cpu      ] GC(56) User=0.00s Sys=0.00s Real=0.00s
[2026-07-18T17:20:18.260+0000][info][gc,start    ] GC(57) Pause Young (Normal) (G1 Evacuation Pause)
[2026-07-18T17:20:18.260+0000][info][gc,task     ] GC(57) Using 4 workers of 4 for evacuation
[2026-07-18T17:20:18.261+0000][info][gc,phases   ] GC(57)   Pre Evacuate Collection Set: 0.19ms
[2026-07-18T17:20:18.261+0000][info][gc,phases   ] GC(57)   Merge Heap Roots: 0.11ms
[2026-07-18T17:20:18.261+0000][info][gc,phases   ] GC(57)   Evacuate Collection Set: 0.11ms
[2026-07-18T17:20:18.261+0000][info][gc,phases   ] GC(57)   Post Evacuate Collection Set: 0.30ms
[2026-07-18T17:20:18.261+0000][info][gc,phases   ] GC(57)   Other: 0.07ms
[2026-07-18T17:20:18.261+0000][info][gc,heap     ] GC(57) Eden regions: 900->0(900)
[2026-07-18T17:20:18.261+0000][info][gc,heap     ] GC(57) Survivor regions: 0->0(113)
[2026-07-18T17:20:18.261+0000][info][gc,heap     ] GC(57) Old regions: 3->3
[2026-07-18T17:20:18.261+0000][info][gc,heap     ] GC(57) Humongous regions: 16->16
[2026-07-18T17:20:18.261+0000][info][gc,metaspace] GC(57) Metaspace: 435K(640K)->435K(640K) NonClass: 404K(512K)->404K(512K) Class: 31K(128K)->31K(128K)
[2026-07-18T17:20:18.261+0000][info][gc          ] GC(57) Pause Young (Normal) (G1 Evacuation Pause) 917M->17M(1500M) 1.241ms
[2026-07-18T17:20:18.261+0000][info][gc,cpu      ] GC(57) User=0.00s Sys=0.00s Real=0.00s
[2026-07-18T17:20:18.407+0000][info][gc,start    ] GC(58) Pause Young (Normal) (G1 Evacuation Pause)
[2026-07-18T17:20:18.407+0000][info][gc,task     ] GC(58) Using 4 workers of 4 for evacuation
[2026-07-18T17:20:18.408+0000][info][gc,phases   ] GC(58)   Pre Evacuate Collection Set: 0.17ms
[2026-07-18T17:20:18.408+0000][info][gc,phases   ] GC(58)   Merge Heap Roots: 0.10ms
[2026-07-18T17:20:18.408+0000][info][gc,phases   ] GC(58)   Evacuate Collection Set: 0.09ms
[2026-07-18T17:20:18.408+0000][info][gc,phases   ] GC(58)   Post Evacuate Collection Set: 0.26ms
[2026-07-18T17:20:18.408+0000][info][gc,phases   ] GC(58)   Other: 0.07ms
[2026-07-18T17:20:18.408+0000][info][gc,heap     ] GC(58) Eden regions: 900->0(900)
[2026-07-18T17:20:18.408+0000][info][gc,heap     ] GC(58) Survivor regions: 0->0(113)
[2026-07-18T17:20:18.408+0000][info][gc,heap     ] GC(58) Old regions: 3->3
[2026-07-18T17:20:18.408+0000][info][gc,heap     ] GC(58) Humongous regions: 16->16
[2026-07-18T17:20:18.408+0000][info][gc,metaspace] GC(58) Metaspace: 435K(640K)->435K(640K) NonClass: 404K(512K)->404K(512K) Class: 31K(128K)->31K(128K)
[2026-07-18T17:20:18.408+0000][info][gc          ] GC(58) Pause Young (Normal) (G1 Evacuation Pause) 917M->17M(1500M) 1.122ms
[2026-07-18T17:20:18.408+0000][info][gc,cpu      ] GC(58) User=0.00s Sys=0.00s Real=0.00s
[2026-07-18T17:20:18.522+0000][info][gc,start    ] GC(59) Pause Young (Normal) (G1 Evacuation Pause)
[2026-07-18T17:20:18.523+0000][info][gc,task     ] GC(59) Using 4 workers of 4 for evacuation
[2026-07-18T17:20:18.523+0000][info][gc,phases   ] GC(59)   Pre Evacuate Collection Set: 0.25ms
[2026-07-18T17:20:18.523+0000][info][gc,phases   ] GC(59)   Merge Heap Roots: 0.05ms
[2026-07-18T17:20:18.523+0000][info][gc,phases   ] GC(59)   Evacuate Collection Set: 0.14ms
[2026-07-18T17:20:18.523+0000][info][gc,phases   ] GC(59)   Post Evacuate Collection Set: 0.33ms
[2026-07-18T17:20:18.524+0000][info][gc,phases   ] GC(59)   Other: 0.07ms
[2026-07-18T17:20:18.524+0000][info][gc,heap     ] GC(59) Eden regions: 900->0(900)
[2026-07-18T17:20:18.524+0000][info][gc,heap     ] GC(59) Survivor regions: 0->0(113)
[2026-07-18T17:20:18.524+0000][info][gc,heap     ] GC(59) Old regions: 3->3
[2026-07-18T17:20:18.524+0000][info][gc,heap     ] GC(59) Humongous regions: 16->16
[2026-07-18T17:20:18.524+0000][info][gc,metaspace] GC(59) Metaspace: 435K(640K)->435K(640K) NonClass: 404K(512K)->404K(512K) Class: 31K(128K)->31K(128K)
[2026-07-18T17:20:18.524+0000][info][gc          ] GC(59) Pause Young (Normal) (G1 Evacuation Pause) 917M->17M(1500M) 1.152ms
[2026-07-18T17:20:18.524+0000][info][gc,cpu      ] GC(59) User=0.00s Sys=0.00s Real=0.00s
[2026-07-18T17:20:18.637+0000][info][gc,start    ] GC(60) Pause Young (Normal) (G1 Evacuation Pause)
[2026-07-18T17:20:18.637+0000][info][gc,task     ] GC(60) Using 4 workers of 4 for evacuation
[2026-07-18T17:20:18.637+0000][info][gc,phases   ] GC(60)   Pre Evacuate Collection Set: 0.16ms
[2026-07-18T17:20:18.637+0000][info][gc,phases   ] GC(60)   Merge Heap Roots: 0.10ms
[2026-07-18T17:20:18.637+0000][info][gc,phases   ] GC(60)   Evacuate Collection Set: 0.09ms
[2026-07-18T17:20:18.637+0000][info][gc,phases   ] GC(60)   Post Evacuate Collection Set: 0.25ms
[2026-07-18T17:20:18.637+0000][info][gc,phases   ] GC(60)   Other: 0.06ms
[2026-07-18T17:20:18.638+0000][info][gc,heap     ] GC(60) Eden regions: 900->0(900)
[2026-07-18T17:20:18.638+0000][info][gc,heap     ] GC(60) Survivor regions: 0->0(113)
[2026-07-18T17:20:18.638+0000][info][gc,heap     ] GC(60) Old regions: 3->3
[2026-07-18T17:20:18.638+0000][info][gc,heap     ] GC(60) Humongous regions: 16->16
[2026-07-18T17:20:18.638+0000][info][gc,metaspace] GC(60) Metaspace: 435K(640K)->435K(640K) NonClass: 404K(512K)->404K(512K) Class: 31K(128K)->31K(128K)
[2026-07-18T17:20:18.638+0000][info][gc          ] GC(60) Pause Young (Normal) (G1 Evacuation Pause) 917M->17M(1500M) 1.081ms
[2026-07-18T17:20:18.638+0000][info][gc,cpu      ] GC(60) User=0.00s Sys=0.00s Real=0.00s
[2026-07-18T17:20:18.749+0000][info][gc,start    ] GC(61) Pause Young (Normal) (G1 Evacuation Pause)
[2026-07-18T17:20:18.750+0000][info][gc,task     ] GC(61) Using 4 workers of 4 for evacuation
[2026-07-18T17:20:18.750+0000][info][gc,phases   ] GC(61)   Pre Evacuate Collection Set: 0.16ms
[2026-07-18T17:20:18.750+0000][info][gc,phases   ] GC(61)   Merge Heap Roots: 0.06ms
[2026-07-18T17:20:18.750+0000][info][gc,phases   ] GC(61)   Evacuate Collection Set: 0.10ms
[2026-07-18T17:20:18.750+0000][info][gc,phases   ] GC(61)   Post Evacuate Collection Set: 0.27ms
[2026-07-18T17:20:18.750+0000][info][gc,phases   ] GC(61)   Other: 0.06ms
[2026-07-18T17:20:18.750+0000][info][gc,heap     ] GC(61) Eden regions: 900->0(900)
[2026-07-18T17:20:18.750+0000][info][gc,heap     ] GC(61) Survivor regions: 0->0(113)
[2026-07-18T17:20:18.750+0000][info][gc,heap     ] GC(61) Old regions: 3->3
[2026-07-18T17:20:18.750+0000][info][gc,heap     ] GC(61) Humongous regions: 16->16
[2026-07-18T17:20:18.751+0000][info][gc,metaspace] GC(61) Metaspace: 435K(640K)->435K(640K) NonClass: 404K(512K)->404K(512K) Class: 31K(128K)->31K(128K)
[2026-07-18T17:20:18.751+0000][info][gc          ] GC(61) Pause Young (Normal) (G1 Evacuation Pause) 917M->17M(1500M) 1.068ms
[2026-07-18T17:20:18.751+0000][info][gc,cpu      ] GC(61) User=0.00s Sys=0.00s Real=0.00s
[2026-07-18T17:20:18.863+0000][info][gc,start    ] GC(62) Pause Young (Normal) (G1 Evacuation Pause)
[2026-07-18T17:20:18.863+0000][info][gc,task     ] GC(62) Using 4 workers of 4 for evacuation
[2026-07-18T17:20:18.863+0000][info][gc,phases   ] GC(62)   Pre Evacuate Collection Set: 0.16ms
[2026-07-18T17:20:18.863+0000][info][gc,phases   ] GC(62)   Merge Heap Roots: 0.10ms
[2026-07-18T17:20:18.863+0000][info][gc,phases   ] GC(62)   Evacuate Collection Set: 0.10ms
[2026-07-18T17:20:18.863+0000][info][gc,phases   ] GC(62)   Post Evacuate Collection Set: 0.26ms
[2026-07-18T17:20:18.863+0000][info][gc,phases   ] GC(62)   Other: 0.06ms
[2026-07-18T17:20:18.863+0000][info][gc,heap     ] GC(62) Eden regions: 900->0(900)
[2026-07-18T17:20:18.864+0000][info][gc,heap     ] GC(62) Survivor regions: 0->0(113)
[2026-07-18T17:20:18.864+0000][info][gc,heap     ] GC(62) Old regions: 3->3
[2026-07-18T17:20:18.864+0000][info][gc,heap     ] GC(62) Humongous regions: 16->16
[2026-07-18T17:20:18.864+0000][info][gc,metaspace] GC(62) Metaspace: 435K(640K)->435K(640K) NonClass: 404K(512K)->404K(512K) Class: 31K(128K)->31K(128K)
[2026-07-18T17:20:18.864+0000][info][gc          ] GC(62) Pause Young (Normal) (G1 Evacuation Pause) 917M->17M(1500M) 1.083ms
[2026-07-18T17:20:18.864+0000][info][gc,cpu      ] GC(62) User=0.00s Sys=0.00s Real=0.00s
[2026-07-18T17:20:18.976+0000][info][gc,start    ] GC(63) Pause Young (Normal) (G1 Evacuation Pause)
[2026-07-18T17:20:18.976+0000][info][gc,task     ] GC(63) Using 4 workers of 4 for evacuation
[2026-07-18T17:20:18.977+0000][info][gc,phases   ] GC(63)   Pre Evacuate Collection Set: 0.16ms
[2026-07-18T17:20:18.977+0000][info][gc,phases   ] GC(63)   Merge Heap Roots: 0.10ms
[2026-07-18T17:20:18.977+0000][info][gc,phases   ] GC(63)   Evacuate Collection Set: 0.10ms
[2026-07-18T17:20:18.977+0000][info][gc,phases   ] GC(63)   Post Evacuate Collection Set: 0.26ms
[2026-07-18T17:20:18.977+0000][info][gc,phases   ] GC(63)   Other: 0.10ms
[2026-07-18T17:20:18.977+0000][info][gc,heap     ] GC(63) Eden regions: 900->0(900)
[2026-07-18T17:20:18.977+0000][info][gc,heap     ] GC(63) Survivor regions: 0->0(113)
[2026-07-18T17:20:18.977+0000][info][gc,heap     ] GC(63) Old regions: 3->3
[2026-07-18T17:20:18.977+0000][info][gc,heap     ] GC(63) Humongous regions: 16->16
[2026-07-18T17:20:18.977+0000][info][gc,metaspace] GC(63) Metaspace: 435K(640K)->435K(640K) NonClass: 404K(512K)->404K(512K) Class: 31K(128K)->31K(128K)
[2026-07-18T17:20:18.977+0000][info][gc          ] GC(63) Pause Young (Normal) (G1 Evacuation Pause) 917M->17M(1500M) 1.043ms
[2026-07-18T17:20:18.977+0000][info][gc,cpu      ] GC(63) User=0.01s Sys=0.00s Real=0.00s
[2026-07-18T17:20:19.091+0000][info][gc,start    ] GC(64) Pause Young (Normal) (G1 Evacuation Pause)
[2026-07-18T17:20:19.091+0000][info][gc,task     ] GC(64) Using 4 workers of 4 for evacuation
[2026-07-18T17:20:19.092+0000][info][gc,phases   ] GC(64)   Pre Evacuate Collection Set: 0.16ms
[2026-07-18T17:20:19.092+0000][info][gc,phases   ] GC(64)   Merge Heap Roots: 0.11ms
[2026-07-18T17:20:19.092+0000][info][gc,phases   ] GC(64)   Evacuate Collection Set: 0.10ms
[2026-07-18T17:20:19.092+0000][info][gc,phases   ] GC(64)   Post Evacuate Collection Set: 0.26ms
[2026-07-18T17:20:19.092+0000][info][gc,phases   ] GC(64)   Other: 0.07ms
[2026-07-18T17:20:19.092+0000][info][gc,heap     ] GC(64) Eden regions: 900->0(900)
[2026-07-18T17:20:19.092+0000][info][gc,heap     ] GC(64) Survivor regions: 0->0(113)
[2026-07-18T17:20:19.092+0000][info][gc,heap     ] GC(64) Old regions: 3->3
[2026-07-18T17:20:19.092+0000][info][gc,heap     ] GC(64) Humongous regions: 16->16
[2026-07-18T17:20:19.092+0000][info][gc,metaspace] GC(64) Metaspace: 435K(640K)->435K(640K) NonClass: 404K(512K)->404K(512K) Class: 31K(128K)->31K(128K)
[2026-07-18T17:20:19.092+0000][info][gc          ] GC(64) Pause Young (Normal) (G1 Evacuation Pause) 917M->17M(1500M) 1.115ms
[2026-07-18T17:20:19.093+0000][info][gc,cpu      ] GC(64) User=0.00s Sys=0.00s Real=0.00s
[2026-07-18T17:20:19.205+0000][info][gc,start    ] GC(65) Pause Young (Normal) (G1 Evacuation Pause)
[2026-07-18T17:20:19.205+0000][info][gc,task     ] GC(65) Using 4 workers of 4 for evacuation
[2026-07-18T17:20:19.206+0000][info][gc,phases   ] GC(65)   Pre Evacuate Collection Set: 0.15ms
[2026-07-18T17:20:19.206+0000][info][gc,phases   ] GC(65)   Merge Heap Roots: 0.10ms
[2026-07-18T17:20:19.206+0000][info][gc,phases   ] GC(65)   Evacuate Collection Set: 0.10ms
[2026-07-18T17:20:19.206+0000][info][gc,phases   ] GC(65)   Post Evacuate Collection Set: 0.27ms
[2026-07-18T17:20:19.206+0000][info][gc,phases   ] GC(65)   Other: 0.07ms
[2026-07-18T17:20:19.206+0000][info][gc,heap     ] GC(65) Eden regions: 900->0(900)
[2026-07-18T17:20:19.206+0000][info][gc,heap     ] GC(65) Survivor regions: 0->0(113)
[2026-07-18T17:20:19.206+0000][info][gc,heap     ] GC(65) Old regions: 3->3
[2026-07-18T17:20:19.206+0000][info][gc,heap     ] GC(65) Humongous regions: 16->16
[2026-07-18T17:20:19.206+0000][info][gc,metaspace] GC(65) Metaspace: 435K(640K)->435K(640K) NonClass: 404K(512K)->404K(512K) Class: 31K(128K)->31K(128K)
[2026-07-18T17:20:19.206+0000][info][gc          ] GC(65) Pause Young (Normal) (G1 Evacuation Pause) 917M->17M(1500M) 1.132ms
[2026-07-18T17:20:19.206+0000][info][gc,cpu      ] GC(65) User=0.00s Sys=0.00s Real=0.00s
[2026-07-18T17:20:19.320+0000][info][gc,start    ] GC(66) Pause Young (Normal) (G1 Evacuation Pause)
[2026-07-18T17:20:19.320+0000][info][gc,task     ] GC(66) Using 4 workers of 4 for evacuation
[2026-07-18T17:20:19.321+0000][info][gc,phases   ] GC(66)   Pre Evacuate Collection Set: 0.16ms
[2026-07-18T17:20:19.321+0000][info][gc,phases   ] GC(66)   Merge Heap Roots: 0.05ms
[2026-07-18T17:20:19.321+0000][info][gc,phases   ] GC(66)   Evacuate Collection Set: 0.11ms
[2026-07-18T17:20:19.321+0000][info][gc,phases   ] GC(66)   Post Evacuate Collection Set: 0.28ms
[2026-07-18T17:20:19.321+0000][info][gc,phases   ] GC(66)   Other: 0.06ms
[2026-07-18T17:20:19.321+0000][info][gc,heap     ] GC(66) Eden regions: 900->0(900)
[2026-07-18T17:20:19.321+0000][info][gc,heap     ] GC(66) Survivor regions: 0->0(113)
[2026-07-18T17:20:19.321+0000][info][gc,heap     ] GC(66) Old regions: 3->3
[2026-07-18T17:20:19.321+0000][info][gc,heap     ] GC(66) Humongous regions: 16->16
[2026-07-18T17:20:19.321+0000][info][gc,metaspace] GC(66) Metaspace: 435K(640K)->435K(640K) NonClass: 404K(512K)->404K(512K) Class: 31K(128K)->31K(128K)
[2026-07-18T17:20:19.321+0000][info][gc          ] GC(66) Pause Young (Normal) (G1 Evacuation Pause) 917M->17M(1500M) 1.095ms
[2026-07-18T17:20:19.321+0000][info][gc,cpu      ] GC(66) User=0.00s Sys=0.00s Real=0.00s
[2026-07-18T17:20:19.436+0000][info][gc,start    ] GC(67) Pause Young (Normal) (G1 Evacuation Pause)
[2026-07-18T17:20:19.436+0000][info][gc,task     ] GC(67) Using 4 workers of 4 for evacuation
[2026-07-18T17:20:19.436+0000][info][gc,phases   ] GC(67)   Pre Evacuate Collection Set: 0.15ms
[2026-07-18T17:20:19.436+0000][info][gc,phases   ] GC(67)   Merge Heap Roots: 0.06ms
[2026-07-18T17:20:19.436+0000][info][gc,phases   ] GC(67)   Evacuate Collection Set: 0.06ms
[2026-07-18T17:20:19.436+0000][info][gc,phases   ] GC(67)   Post Evacuate Collection Set: 0.17ms
[2026-07-18T17:20:19.436+0000][info][gc,phases   ] GC(67)   Other: 0.05ms
[2026-07-18T17:20:19.436+0000][info][gc,heap     ] GC(67) Eden regions: 900->0(900)
[2026-07-18T17:20:19.436+0000][info][gc,heap     ] GC(67) Survivor regions: 0->0(113)
[2026-07-18T17:20:19.436+0000][info][gc,heap     ] GC(67) Old regions: 3->3
[2026-07-18T17:20:19.436+0000][info][gc,heap     ] GC(67) Humongous regions: 16->16
[2026-07-18T17:20:19.436+0000][info][gc,metaspace] GC(67) Metaspace: 435K(640K)->435K(640K) NonClass: 404K(512K)->404K(512K) Class: 31K(128K)->31K(128K)
[2026-07-18T17:20:19.436+0000][info][gc          ] GC(67) Pause Young (Normal) (G1 Evacuation Pause) 917M->17M(1500M) 0.743ms
[2026-07-18T17:20:19.436+0000][info][gc,cpu      ] GC(67) User=0.00s Sys=0.00s Real=0.00s
[2026-07-18T17:20:19.559+0000][info][gc,start    ] GC(68) Pause Young (Normal) (G1 Evacuation Pause)
[2026-07-18T17:20:19.559+0000][info][gc,task     ] GC(68) Using 4 workers of 4 for evacuation
[2026-07-18T17:20:19.560+0000][info][gc,phases   ] GC(68)   Pre Evacuate Collection Set: 0.13ms
[2026-07-18T17:20:19.560+0000][info][gc,phases   ] GC(68)   Merge Heap Roots: 0.06ms
[2026-07-18T17:20:19.560+0000][info][gc,phases   ] GC(68)   Evacuate Collection Set: 0.06ms
[2026-07-18T17:20:19.560+0000][info][gc,phases   ] GC(68)   Post Evacuate Collection Set: 0.18ms
[2026-07-18T17:20:19.560+0000][info][gc,phases   ] GC(68)   Other: 0.07ms
[2026-07-18T17:20:19.560+0000][info][gc,heap     ] GC(68) Eden regions: 900->0(900)
[2026-07-18T17:20:19.560+0000][info][gc,heap     ] GC(68) Survivor regions: 0->0(113)
[2026-07-18T17:20:19.560+0000][info][gc,heap     ] GC(68) Old regions: 3->3
[2026-07-18T17:20:19.560+0000][info][gc,heap     ] GC(68) Humongous regions: 16->16
[2026-07-18T17:20:19.560+0000][info][gc,metaspace] GC(68) Metaspace: 435K(640K)->435K(640K) NonClass: 404K(512K)->404K(512K) Class: 31K(128K)->31K(128K)
[2026-07-18T17:20:19.560+0000][info][gc          ] GC(68) Pause Young (Normal) (G1 Evacuation Pause) 917M->17M(1500M) 0.795ms
[2026-07-18T17:20:19.560+0000][info][gc,cpu      ] GC(68) User=0.00s Sys=0.00s Real=0.00s
[2026-07-18T17:20:19.677+0000][info][gc,start    ] GC(69) Pause Young (Normal) (G1 Evacuation Pause)
[2026-07-18T17:20:19.677+0000][info][gc,task     ] GC(69) Using 4 workers of 4 for evacuation
[2026-07-18T17:20:19.677+0000][info][gc,phases   ] GC(69)   Pre Evacuate Collection Set: 0.12ms
[2026-07-18T17:20:19.677+0000][info][gc,phases   ] GC(69)   Merge Heap Roots: 0.08ms
[2026-07-18T17:20:19.677+0000][info][gc,phases   ] GC(69)   Evacuate Collection Set: 0.06ms
[2026-07-18T17:20:19.677+0000][info][gc,phases   ] GC(69)   Post Evacuate Collection Set: 0.18ms
[2026-07-18T17:20:19.677+0000][info][gc,phases   ] GC(69)   Other: 0.05ms
[2026-07-18T17:20:19.677+0000][info][gc,heap     ] GC(69) Eden regions: 900->0(900)
[2026-07-18T17:20:19.677+0000][info][gc,heap     ] GC(69) Survivor regions: 0->0(113)
[2026-07-18T17:20:19.677+0000][info][gc,heap     ] GC(69) Old regions: 3->3
[2026-07-18T17:20:19.677+0000][info][gc,heap     ] GC(69) Humongous regions: 16->16
[2026-07-18T17:20:19.677+0000][info][gc,metaspace] GC(69) Metaspace: 435K(640K)->435K(640K) NonClass: 404K(512K)->404K(512K) Class: 31K(128K)->31K(128K)
[2026-07-18T17:20:19.677+0000][info][gc          ] GC(69) Pause Young (Normal) (G1 Evacuation Pause) 917M->17M(1500M) 0.782ms
[2026-07-18T17:20:19.677+0000][info][gc,cpu      ] GC(69) User=0.01s Sys=0.00s Real=0.00s
[2026-07-18T17:20:19.795+0000][info][gc,start    ] GC(70) Pause Young (Normal) (G1 Evacuation Pause)
[2026-07-18T17:20:19.796+0000][info][gc,task     ] GC(70) Using 4 workers of 4 for evacuation
[2026-07-18T17:20:19.796+0000][info][gc,phases   ] GC(70)   Pre Evacuate Collection Set: 0.14ms
[2026-07-18T17:20:19.796+0000][info][gc,phases   ] GC(70)   Merge Heap Roots: 0.09ms
[2026-07-18T17:20:19.796+0000][info][gc,phases   ] GC(70)   Evacuate Collection Set: 0.07ms
[2026-07-18T17:20:19.796+0000][info][gc,phases   ] GC(70)   Post Evacuate Collection Set: 0.23ms
[2026-07-18T17:20:19.796+0000][info][gc,phases   ] GC(70)   Other: 0.07ms
[2026-07-18T17:20:19.796+0000][info][gc,heap     ] GC(70) Eden regions: 900->0(900)
[2026-07-18T17:20:19.796+0000][info][gc,heap     ] GC(70) Survivor regions: 0->0(113)
[2026-07-18T17:20:19.796+0000][info][gc,heap     ] GC(70) Old regions: 3->3
[2026-07-18T17:20:19.796+0000][info][gc,heap     ] GC(70) Humongous regions: 16->16
[2026-07-18T17:20:19.796+0000][info][gc,metaspace] GC(70) Metaspace: 435K(640K)->435K(640K) NonClass: 404K(512K)->404K(512K) Class: 31K(128K)->31K(128K)
[2026-07-18T17:20:19.796+0000][info][gc          ] GC(70) Pause Young (Normal) (G1 Evacuation Pause) 917M->17M(1500M) 1.022ms
[2026-07-18T17:20:19.797+0000][info][gc,cpu      ] GC(70) User=0.00s Sys=0.00s Real=0.00s
[2026-07-18T17:20:19.914+0000][info][gc,start    ] GC(71) Pause Young (Normal) (G1 Evacuation Pause)
[2026-07-18T17:20:19.914+0000][info][gc,task     ] GC(71) Using 4 workers of 4 for evacuation
[2026-07-18T17:20:19.915+0000][info][gc,phases   ] GC(71)   Pre Evacuate Collection Set: 0.15ms
[2026-07-18T17:20:19.915+0000][info][gc,phases   ] GC(71)   Merge Heap Roots: 0.07ms
[2026-07-18T17:20:19.915+0000][info][gc,phases   ] GC(71)   Evacuate Collection Set: 0.08ms
[2026-07-18T17:20:19.915+0000][info][gc,phases   ] GC(71)   Post Evacuate Collection Set: 0.23ms
[2026-07-18T17:20:19.915+0000][info][gc,phases   ] GC(71)   Other: 0.07ms
[2026-07-18T17:20:19.915+0000][info][gc,heap     ] GC(71) Eden regions: 900->0(900)
[2026-07-18T17:20:19.915+0000][info][gc,heap     ] GC(71) Survivor regions: 0->0(113)
[2026-07-18T17:20:19.915+0000][info][gc,heap     ] GC(71) Old regions: 3->3
[2026-07-18T17:20:19.915+0000][info][gc,heap     ] GC(71) Humongous regions: 16->16
[2026-07-18T17:20:19.915+0000][info][gc,metaspace] GC(71) Metaspace: 435K(640K)->435K(640K) NonClass: 404K(512K)->404K(512K) Class: 31K(128K)->31K(128K)
[2026-07-18T17:20:19.915+0000][info][gc          ] GC(71) Pause Young (Normal) (G1 Evacuation Pause) 917M->17M(1500M) 0.997ms
[2026-07-18T17:20:19.915+0000][info][gc,cpu      ] GC(71) User=0.00s Sys=0.00s Real=0.00s
[2026-07-18T17:20:20.030+0000][info][gc,start    ] GC(72) Pause Young (Normal) (G1 Evacuation Pause)
[2026-07-18T17:20:20.031+0000][info][gc,task     ] GC(72) Using 4 workers of 4 for evacuation
[2026-07-18T17:20:20.031+0000][info][gc,phases   ] GC(72)   Pre Evacuate Collection Set: 0.13ms
[2026-07-18T17:20:20.031+0000][info][gc,phases   ] GC(72)   Merge Heap Roots: 0.06ms
[2026-07-18T17:20:20.031+0000][info][gc,phases   ] GC(72)   Evacuate Collection Set: 0.07ms
[2026-07-18T17:20:20.031+0000][info][gc,phases   ] GC(72)   Post Evacuate Collection Set: 0.19ms
[2026-07-18T17:20:20.031+0000][info][gc,phases   ] GC(72)   Other: 0.05ms
[2026-07-18T17:20:20.031+0000][info][gc,heap     ] GC(72) Eden regions: 900->0(900)
[2026-07-18T17:20:20.031+0000][info][gc,heap     ] GC(72) Survivor regions: 0->0(113)
[2026-07-18T17:20:20.031+0000][info][gc,heap     ] GC(72) Old regions: 3->3
[2026-07-18T17:20:20.031+0000][info][gc,heap     ] GC(72) Humongous regions: 16->16
[2026-07-18T17:20:20.031+0000][info][gc,metaspace] GC(72) Metaspace: 435K(640K)->435K(640K) NonClass: 404K(512K)->404K(512K) Class: 31K(128K)->31K(128K)
[2026-07-18T17:20:20.031+0000][info][gc          ] GC(72) Pause Young (Normal) (G1 Evacuation Pause) 917M->17M(1500M) 0.807ms
[2026-07-18T17:20:20.031+0000][info][gc,cpu      ] GC(72) User=0.00s Sys=0.00s Real=0.00s
[2026-07-18T17:20:20.149+0000][info][gc,start    ] GC(73) Pause Young (Normal) (G1 Evacuation Pause)
[2026-07-18T17:20:20.149+0000][info][gc,task     ] GC(73) Using 4 workers of 4 for evacuation
[2026-07-18T17:20:20.150+0000][info][gc,phases   ] GC(73)   Pre Evacuate Collection Set: 0.12ms
[2026-07-18T17:20:20.150+0000][info][gc,phases   ] GC(73)   Merge Heap Roots: 0.06ms
[2026-07-18T17:20:20.150+0000][info][gc,phases   ] GC(73)   Evacuate Collection Set: 0.06ms
[2026-07-18T17:20:20.150+0000][info][gc,phases   ] GC(73)   Post Evacuate Collection Set: 0.18ms
[2026-07-18T17:20:20.150+0000][info][gc,phases   ] GC(73)   Other: 0.05ms
[2026-07-18T17:20:20.150+0000][info][gc,heap     ] GC(73) Eden regions: 900->0(900)
[2026-07-18T17:20:20.150+0000][info][gc,heap     ] GC(73) Survivor regions: 0->0(113)
[2026-07-18T17:20:20.150+0000][info][gc,heap     ] GC(73) Old regions: 3->3
[2026-07-18T17:20:20.150+0000][info][gc,heap     ] GC(73) Humongous regions: 16->16
[2026-07-18T17:20:20.150+0000][info][gc,metaspace] GC(73) Metaspace: 435K(640K)->435K(640K) NonClass: 404K(512K)->404K(512K) Class: 31K(128K)->31K(128K)
[2026-07-18T17:20:20.150+0000][info][gc          ] GC(73) Pause Young (Normal) (G1 Evacuation Pause) 917M->17M(1500M) 0.761ms
[2026-07-18T17:20:20.150+0000][info][gc,cpu      ] GC(73) User=0.00s Sys=0.00s Real=0.00s
[2026-07-18T17:20:20.268+0000][info][gc,start    ] GC(74) Pause Young (Normal) (G1 Evacuation Pause)
[2026-07-18T17:20:20.268+0000][info][gc,task     ] GC(74) Using 4 workers of 4 for evacuation
[2026-07-18T17:20:20.269+0000][info][gc,phases   ] GC(74)   Pre Evacuate Collection Set: 0.12ms
[2026-07-18T17:20:20.269+0000][info][gc,phases   ] GC(74)   Merge Heap Roots: 0.06ms
[2026-07-18T17:20:20.269+0000][info][gc,phases   ] GC(74)   Evacuate Collection Set: 0.06ms
[2026-07-18T17:20:20.269+0000][info][gc,phases   ] GC(74)   Post Evacuate Collection Set: 0.18ms
[2026-07-18T17:20:20.269+0000][info][gc,phases   ] GC(74)   Other: 0.05ms
[2026-07-18T17:20:20.269+0000][info][gc,heap     ] GC(74) Eden regions: 900->0(900)
[2026-07-18T17:20:20.269+0000][info][gc,heap     ] GC(74) Survivor regions: 0->0(113)
[2026-07-18T17:20:20.269+0000][info][gc,heap     ] GC(74) Old regions: 3->3
[2026-07-18T17:20:20.269+0000][info][gc,heap     ] GC(74) Humongous regions: 16->16
[2026-07-18T17:20:20.269+0000][info][gc,metaspace] GC(74) Metaspace: 435K(640K)->435K(640K) NonClass: 404K(512K)->404K(512K) Class: 31K(128K)->31K(128K)
[2026-07-18T17:20:20.269+0000][info][gc          ] GC(74) Pause Young (Normal) (G1 Evacuation Pause) 917M->17M(1500M) 0.805ms
[2026-07-18T17:20:20.269+0000][info][gc,cpu      ] GC(74) User=0.00s Sys=0.00s Real=0.00s
[2026-07-18T17:20:20.387+0000][info][gc,start    ] GC(75) Pause Young (Normal) (G1 Evacuation Pause)
[2026-07-18T17:20:20.387+0000][info][gc,task     ] GC(75) Using 4 workers of 4 for evacuation
[2026-07-18T17:20:20.388+0000][info][gc,phases   ] GC(75)   Pre Evacuate Collection Set: 0.14ms
[2026-07-18T17:20:20.388+0000][info][gc,phases   ] GC(75)   Merge Heap Roots: 0.07ms
[2026-07-18T17:20:20.388+0000][info][gc,phases   ] GC(75)   Evacuate Collection Set: 0.09ms
[2026-07-18T17:20:20.388+0000][info][gc,phases   ] GC(75)   Post Evacuate Collection Set: 0.22ms
[2026-07-18T17:20:20.388+0000][info][gc,phases   ] GC(75)   Other: 0.07ms
[2026-07-18T17:20:20.388+0000][info][gc,heap     ] GC(75) Eden regions: 900->0(900)
[2026-07-18T17:20:20.388+0000][info][gc,heap     ] GC(75) Survivor regions: 0->0(113)
[2026-07-18T17:20:20.388+0000][info][gc,heap     ] GC(75) Old regions: 3->3
[2026-07-18T17:20:20.388+0000][info][gc,heap     ] GC(75) Humongous regions: 16->16
[2026-07-18T17:20:20.388+0000][info][gc,metaspace] GC(75) Metaspace: 435K(640K)->435K(640K) NonClass: 404K(512K)->404K(512K) Class: 31K(128K)->31K(128K)
[2026-07-18T17:20:20.388+0000][info][gc          ] GC(75) Pause Young (Normal) (G1 Evacuation Pause) 917M->17M(1500M) 1.091ms
[2026-07-18T17:20:20.388+0000][info][gc,cpu      ] GC(75) User=0.00s Sys=0.00s Real=0.00s
[2026-07-18T17:20:20.509+0000][info][gc,start    ] GC(76) Pause Young (Normal) (G1 Evacuation Pause)
[2026-07-18T17:20:20.509+0000][info][gc,task     ] GC(76) Using 4 workers of 4 for evacuation
[2026-07-18T17:20:20.509+0000][info][gc,phases   ] GC(76)   Pre Evacuate Collection Set: 0.12ms
[2026-07-18T17:20:20.509+0000][info][gc,phases   ] GC(76)   Merge Heap Roots: 0.07ms
[2026-07-18T17:20:20.509+0000][info][gc,phases   ] GC(76)   Evacuate Collection Set: 0.06ms
[2026-07-18T17:20:20.509+0000][info][gc,phases   ] GC(76)   Post Evacuate Collection Set: 0.20ms
[2026-07-18T17:20:20.509+0000][info][gc,phases   ] GC(76)   Other: 0.04ms
[2026-07-18T17:20:20.509+0000][info][gc,heap     ] GC(76) Eden regions: 900->0(900)
[2026-07-18T17:20:20.509+0000][info][gc,heap     ] GC(76) Survivor regions: 0->0(113)
[2026-07-18T17:20:20.509+0000][info][gc,heap     ] GC(76) Old regions: 3->3
[2026-07-18T17:20:20.509+0000][info][gc,heap     ] GC(76) Humongous regions: 16->16
[2026-07-18T17:20:20.509+0000][info][gc,metaspace] GC(76) Metaspace: 435K(640K)->435K(640K) NonClass: 404K(512K)->404K(512K) Class: 31K(128K)->31K(128K)
[2026-07-18T17:20:20.509+0000][info][gc          ] GC(76) Pause Young (Normal) (G1 Evacuation Pause) 917M->17M(1500M) 0.759ms
[2026-07-18T17:20:20.509+0000][info][gc,cpu      ] GC(76) User=0.00s Sys=0.00s Real=0.00s
[2026-07-18T17:20:20.631+0000][info][gc,start    ] GC(77) Pause Young (Normal) (G1 Evacuation Pause)
[2026-07-18T17:20:20.631+0000][info][gc,task     ] GC(77) Using 4 workers of 4 for evacuation
[2026-07-18T17:20:20.632+0000][info][gc,phases   ] GC(77)   Pre Evacuate Collection Set: 0.17ms
[2026-07-18T17:20:20.632+0000][info][gc,phases   ] GC(77)   Merge Heap Roots: 0.10ms
[2026-07-18T17:20:20.632+0000][info][gc,phases   ] GC(77)   Evacuate Collection Set: 0.10ms
[2026-07-18T17:20:20.632+0000][info][gc,phases   ] GC(77)   Post Evacuate Collection Set: 0.26ms
[2026-07-18T17:20:20.632+0000][info][gc,phases   ] GC(77)   Other: 0.09ms
[2026-07-18T17:20:20.632+0000][info][gc,heap     ] GC(77) Eden regions: 900->0(900)
[2026-07-18T17:20:20.632+0000][info][gc,heap     ] GC(77) Survivor regions: 0->0(113)
[2026-07-18T17:20:20.632+0000][info][gc,heap     ] GC(77) Old regions: 3->3
[2026-07-18T17:20:20.632+0000][info][gc,heap     ] GC(77) Humongous regions: 16->16
[2026-07-18T17:20:20.632+0000][info][gc,metaspace] GC(77) Metaspace: 435K(640K)->435K(640K) NonClass: 404K(512K)->404K(512K) Class: 31K(128K)->31K(128K)
[2026-07-18T17:20:20.632+0000][info][gc          ] GC(77) Pause Young (Normal) (G1 Evacuation Pause) 917M->17M(1500M) 1.275ms
[2026-07-18T17:20:20.632+0000][info][gc,cpu      ] GC(77) User=0.00s Sys=0.00s Real=0.00s
[2026-07-18T17:20:20.757+0000][info][gc,start    ] GC(78) Pause Young (Normal) (G1 Evacuation Pause)
[2026-07-18T17:20:20.757+0000][info][gc,task     ] GC(78) Using 4 workers of 4 for evacuation
[2026-07-18T17:20:20.757+0000][info][gc,phases   ] GC(78)   Pre Evacuate Collection Set: 0.18ms
[2026-07-18T17:20:20.757+0000][info][gc,phases   ] GC(78)   Merge Heap Roots: 0.09ms
[2026-07-18T17:20:20.758+0000][info][gc,phases   ] GC(78)   Evacuate Collection Set: 0.11ms
[2026-07-18T17:20:20.758+0000][info][gc,phases   ] GC(78)   Post Evacuate Collection Set: 0.38ms
[2026-07-18T17:20:20.758+0000][info][gc,phases   ] GC(78)   Other: 0.06ms
[2026-07-18T17:20:20.758+0000][info][gc,heap     ] GC(78) Eden regions: 900->0(900)
[2026-07-18T17:20:20.758+0000][info][gc,heap     ] GC(78) Survivor regions: 0->0(113)
[2026-07-18T17:20:20.758+0000][info][gc,heap     ] GC(78) Old regions: 3->3
[2026-07-18T17:20:20.758+0000][info][gc,heap     ] GC(78) Humongous regions: 16->16
[2026-07-18T17:20:20.758+0000][info][gc,metaspace] GC(78) Metaspace: 435K(640K)->435K(640K) NonClass: 404K(512K)->404K(512K) Class: 31K(128K)->31K(128K)
[2026-07-18T17:20:20.758+0000][info][gc          ] GC(78) Pause Young (Normal) (G1 Evacuation Pause) 917M->17M(1500M) 1.353ms
[2026-07-18T17:20:20.758+0000][info][gc,cpu      ] GC(78) User=0.00s Sys=0.00s Real=0.00s
[2026-07-18T17:20:20.880+0000][info][gc,start    ] GC(79) Pause Young (Normal) (G1 Evacuation Pause)
[2026-07-18T17:20:20.880+0000][info][gc,task     ] GC(79) Using 4 workers of 4 for evacuation
[2026-07-18T17:20:20.881+0000][info][gc,phases   ] GC(79)   Pre Evacuate Collection Set: 0.14ms
[2026-07-18T17:20:20.881+0000][info][gc,phases   ] GC(79)   Merge Heap Roots: 0.08ms
[2026-07-18T17:20:20.881+0000][info][gc,phases   ] GC(79)   Evacuate Collection Set: 0.08ms
[2026-07-18T17:20:20.881+0000][info][gc,phases   ] GC(79)   Post Evacuate Collection Set: 0.25ms
[2026-07-18T17:20:20.881+0000][info][gc,phases   ] GC(79)   Other: 0.07ms
[2026-07-18T17:20:20.881+0000][info][gc,heap     ] GC(79) Eden regions: 900->0(900)
[2026-07-18T17:20:20.881+0000][info][gc,heap     ] GC(79) Survivor regions: 0->0(113)
[2026-07-18T17:20:20.881+0000][info][gc,heap     ] GC(79) Old regions: 3->3
[2026-07-18T17:20:20.881+0000][info][gc,heap     ] GC(79) Humongous regions: 16->16
[2026-07-18T17:20:20.881+0000][info][gc,metaspace] GC(79) Metaspace: 435K(640K)->435K(640K) NonClass: 404K(512K)->404K(512K) Class: 31K(128K)->31K(128K)
[2026-07-18T17:20:20.881+0000][info][gc          ] GC(79) Pause Young (Normal) (G1 Evacuation Pause) 917M->17M(1500M) 1.093ms
[2026-07-18T17:20:20.881+0000][info][gc,cpu      ] GC(79) User=0.00s Sys=0.00s Real=0.00s
[2026-07-18T17:20:20.998+0000][info][gc,start    ] GC(80) Pause Young (Normal) (G1 Evacuation Pause)
[2026-07-18T17:20:20.999+0000][info][gc,task     ] GC(80) Using 4 workers of 4 for evacuation
[2026-07-18T17:20:20.999+0000][info][gc,phases   ] GC(80)   Pre Evacuate Collection Set: 0.12ms
[2026-07-18T17:20:20.999+0000][info][gc,phases   ] GC(80)   Merge Heap Roots: 0.06ms
[2026-07-18T17:20:20.999+0000][info][gc,phases   ] GC(80)   Evacuate Collection Set: 0.10ms
[2026-07-18T17:20:20.999+0000][info][gc,phases   ] GC(80)   Post Evacuate Collection Set: 0.18ms
[2026-07-18T17:20:20.999+0000][info][gc,phases   ] GC(80)   Other: 0.05ms
[2026-07-18T17:20:20.999+0000][info][gc,heap     ] GC(80) Eden regions: 900->0(900)
[2026-07-18T17:20:20.999+0000][info][gc,heap     ] GC(80) Survivor regions: 0->0(113)
[2026-07-18T17:20:20.999+0000][info][gc,heap     ] GC(80) Old regions: 3->3
[2026-07-18T17:20:20.999+0000][info][gc,heap     ] GC(80) Humongous regions: 16->16
[2026-07-18T17:20:20.999+0000][info][gc,metaspace] GC(80) Metaspace: 435K(640K)->435K(640K) NonClass: 404K(512K)->404K(512K) Class: 31K(128K)->31K(128K)
[2026-07-18T17:20:20.999+0000][info][gc          ] GC(80) Pause Young (Normal) (G1 Evacuation Pause) 917M->17M(1500M) 0.772ms
[2026-07-18T17:20:20.999+0000][info][gc,cpu      ] GC(80) User=0.00s Sys=0.00s Real=0.00s
[2026-07-18T17:20:21.118+0000][info][gc,start    ] GC(81) Pause Young (Normal) (G1 Evacuation Pause)
[2026-07-18T17:20:21.118+0000][info][gc,task     ] GC(81) Using 4 workers of 4 for evacuation
[2026-07-18T17:20:21.119+0000][info][gc,phases   ] GC(81)   Pre Evacuate Collection Set: 0.14ms
[2026-07-18T17:20:21.119+0000][info][gc,phases   ] GC(81)   Merge Heap Roots: 0.07ms
[2026-07-18T17:20:21.119+0000][info][gc,phases   ] GC(81)   Evacuate Collection Set: 0.08ms
[2026-07-18T17:20:21.119+0000][info][gc,phases   ] GC(81)   Post Evacuate Collection Set: 0.22ms
[2026-07-18T17:20:21.119+0000][info][gc,phases   ] GC(81)   Other: 0.07ms
[2026-07-18T17:20:21.119+0000][info][gc,heap     ] GC(81) Eden regions: 900->0(900)
[2026-07-18T17:20:21.119+0000][info][gc,heap     ] GC(81) Survivor regions: 0->0(113)
[2026-07-18T17:20:21.119+0000][info][gc,heap     ] GC(81) Old regions: 3->3
[2026-07-18T17:20:21.119+0000][info][gc,heap     ] GC(81) Humongous regions: 16->16
[2026-07-18T17:20:21.119+0000][info][gc,metaspace] GC(81) Metaspace: 435K(640K)->435K(640K) NonClass: 404K(512K)->404K(512K) Class: 31K(128K)->31K(128K)
[2026-07-18T17:20:21.119+0000][info][gc          ] GC(81) Pause Young (Normal) (G1 Evacuation Pause) 917M->17M(1500M) 1.088ms
[2026-07-18T17:20:21.119+0000][info][gc,cpu      ] GC(81) User=0.00s Sys=0.00s Real=0.00s
[2026-07-18T17:20:21.236+0000][info][gc,start    ] GC(82) Pause Young (Normal) (G1 Evacuation Pause)
[2026-07-18T17:20:21.236+0000][info][gc,task     ] GC(82) Using 4 workers of 4 for evacuation
[2026-07-18T17:20:21.237+0000][info][gc,phases   ] GC(82)   Pre Evacuate Collection Set: 0.20ms
[2026-07-18T17:20:21.237+0000][info][gc,phases   ] GC(82)   Merge Heap Roots: 0.11ms
[2026-07-18T17:20:21.237+0000][info][gc,phases   ] GC(82)   Evacuate Collection Set: 0.10ms
[2026-07-18T17:20:21.237+0000][info][gc,phases   ] GC(82)   Post Evacuate Collection Set: 0.23ms
[2026-07-18T17:20:21.237+0000][info][gc,phases   ] GC(82)   Other: 0.07ms
[2026-07-18T17:20:21.237+0000][info][gc,heap     ] GC(82) Eden regions: 900->0(900)
[2026-07-18T17:20:21.237+0000][info][gc,heap     ] GC(82) Survivor regions: 0->0(113)
[2026-07-18T17:20:21.237+0000][info][gc,heap     ] GC(82) Old regions: 3->3
[2026-07-18T17:20:21.237+0000][info][gc,heap     ] GC(82) Humongous regions: 16->16
[2026-07-18T17:20:21.237+0000][info][gc,metaspace] GC(82) Metaspace: 435K(640K)->435K(640K) NonClass: 404K(512K)->404K(512K) Class: 31K(128K)->31K(128K)
[2026-07-18T17:20:21.237+0000][info][gc          ] GC(82) Pause Young (Normal) (G1 Evacuation Pause) 917M->17M(1500M) 1.130ms
[2026-07-18T17:20:21.237+0000][info][gc,cpu      ] GC(82) User=0.00s Sys=0.00s Real=0.00s
[2026-07-18T17:20:21.375+0000][info][gc,start    ] GC(83) Pause Young (Normal) (G1 Evacuation Pause)
[2026-07-18T17:20:21.375+0000][info][gc,task     ] GC(83) Using 4 workers of 4 for evacuation
[2026-07-18T17:20:21.376+0000][info][gc,phases   ] GC(83)   Pre Evacuate Collection Set: 0.11ms
[2026-07-18T17:20:21.376+0000][info][gc,phases   ] GC(83)   Merge Heap Roots: 0.06ms
[2026-07-18T17:20:21.376+0000][info][gc,phases   ] GC(83)   Evacuate Collection Set: 0.06ms
[2026-07-18T17:20:21.376+0000][info][gc,phases   ] GC(83)   Post Evacuate Collection Set: 0.18ms
[2026-07-18T17:20:21.376+0000][info][gc,phases   ] GC(83)   Other: 0.05ms
[2026-07-18T17:20:21.376+0000][info][gc,heap     ] GC(83) Eden regions: 900->0(900)
[2026-07-18T17:20:21.376+0000][info][gc,heap     ] GC(83) Survivor regions: 0->0(113)
[2026-07-18T17:20:21.376+0000][info][gc,heap     ] GC(83) Old regions: 3->3
[2026-07-18T17:20:21.376+0000][info][gc,heap     ] GC(83) Humongous regions: 16->16
[2026-07-18T17:20:21.376+0000][info][gc,metaspace] GC(83) Metaspace: 435K(640K)->435K(640K) NonClass: 404K(512K)->404K(512K) Class: 31K(128K)->31K(128K)
[2026-07-18T17:20:21.376+0000][info][gc          ] GC(83) Pause Young (Normal) (G1 Evacuation Pause) 917M->17M(1500M) 0.727ms
[2026-07-18T17:20:21.376+0000][info][gc,cpu      ] GC(83) User=0.00s Sys=0.00s Real=0.00s
[2026-07-18T17:20:21.493+0000][info][gc,start    ] GC(84) Pause Young (Normal) (G1 Evacuation Pause)
[2026-07-18T17:20:21.493+0000][info][gc,task     ] GC(84) Using 4 workers of 4 for evacuation
[2026-07-18T17:20:21.493+0000][info][gc,phases   ] GC(84)   Pre Evacuate Collection Set: 0.14ms
[2026-07-18T17:20:21.493+0000][info][gc,phases   ] GC(84)   Merge Heap Roots: 0.07ms
[2026-07-18T17:20:21.494+0000][info][gc,phases   ] GC(84)   Evacuate Collection Set: 0.08ms
[2026-07-18T17:20:21.494+0000][info][gc,phases   ] GC(84)   Post Evacuate Collection Set: 0.25ms
[2026-07-18T17:20:21.494+0000][info][gc,phases   ] GC(84)   Other: 0.07ms
[2026-07-18T17:20:21.494+0000][info][gc,heap     ] GC(84) Eden regions: 900->0(900)
[2026-07-18T17:20:21.494+0000][info][gc,heap     ] GC(84) Survivor regions: 0->0(113)
[2026-07-18T17:20:21.494+0000][info][gc,heap     ] GC(84) Old regions: 3->3
[2026-07-18T17:20:21.494+0000][info][gc,heap     ] GC(84) Humongous regions: 16->16
[2026-07-18T17:20:21.494+0000][info][gc,metaspace] GC(84) Metaspace: 435K(640K)->435K(640K) NonClass: 404K(512K)->404K(512K) Class: 31K(128K)->31K(128K)
[2026-07-18T17:20:21.494+0000][info][gc          ] GC(84) Pause Young (Normal) (G1 Evacuation Pause) 917M->17M(1500M) 1.073ms
[2026-07-18T17:20:21.494+0000][info][gc,cpu      ] GC(84) User=0.00s Sys=0.00s Real=0.01s
[2026-07-18T17:20:21.614+0000][info][gc,start    ] GC(85) Pause Young (Normal) (G1 Evacuation Pause)
[2026-07-18T17:20:21.614+0000][info][gc,task     ] GC(85) Using 4 workers of 4 for evacuation
[2026-07-18T17:20:21.614+0000][info][gc,phases   ] GC(85)   Pre Evacuate Collection Set: 0.13ms
[2026-07-18T17:20:21.614+0000][info][gc,phases   ] GC(85)   Merge Heap Roots: 0.07ms
[2026-07-18T17:20:21.614+0000][info][gc,phases   ] GC(85)   Evacuate Collection Set: 0.08ms
[2026-07-18T17:20:21.615+0000][info][gc,phases   ] GC(85)   Post Evacuate Collection Set: 0.24ms
[2026-07-18T17:20:21.615+0000][info][gc,phases   ] GC(85)   Other: 0.06ms
[2026-07-18T17:20:21.615+0000][info][gc,heap     ] GC(85) Eden regions: 900->0(900)
[2026-07-18T17:20:21.615+0000][info][gc,heap     ] GC(85) Survivor regions: 0->0(113)
[2026-07-18T17:20:21.615+0000][info][gc,heap     ] GC(85) Old regions: 3->3
[2026-07-18T17:20:21.615+0000][info][gc,heap     ] GC(85) Humongous regions: 16->16
[2026-07-18T17:20:21.615+0000][info][gc,metaspace] GC(85) Metaspace: 435K(640K)->435K(640K) NonClass: 404K(512K)->404K(512K) Class: 31K(128K)->31K(128K)
[2026-07-18T17:20:21.615+0000][info][gc          ] GC(85) Pause Young (Normal) (G1 Evacuation Pause) 917M->17M(1500M) 1.047ms
[2026-07-18T17:20:21.615+0000][info][gc,cpu      ] GC(85) User=0.00s Sys=0.00s Real=0.01s
[2026-07-18T17:20:21.731+0000][info][gc,start    ] GC(86) Pause Young (Normal) (G1 Evacuation Pause)
[2026-07-18T17:20:21.731+0000][info][gc,task     ] GC(86) Using 4 workers of 4 for evacuation
[2026-07-18T17:20:21.732+0000][info][gc,phases   ] GC(86)   Pre Evacuate Collection Set: 0.11ms
[2026-07-18T17:20:21.732+0000][info][gc,phases   ] GC(86)   Merge Heap Roots: 0.07ms
[2026-07-18T17:20:21.732+0000][info][gc,phases   ] GC(86)   Evacuate Collection Set: 0.07ms
[2026-07-18T17:20:21.732+0000][info][gc,phases   ] GC(86)   Post Evacuate Collection Set: 0.21ms
[2026-07-18T17:20:21.732+0000][info][gc,phases   ] GC(86)   Other: 0.05ms
[2026-07-18T17:20:21.732+0000][info][gc,heap     ] GC(86) Eden regions: 900->0(900)
[2026-07-18T17:20:21.732+0000][info][gc,heap     ] GC(86) Survivor regions: 0->0(113)
[2026-07-18T17:20:21.732+0000][info][gc,heap     ] GC(86) Old regions: 3->3
[2026-07-18T17:20:21.732+0000][info][gc,heap     ] GC(86) Humongous regions: 16->16
[2026-07-18T17:20:21.732+0000][info][gc,metaspace] GC(86) Metaspace: 435K(640K)->435K(640K) NonClass: 404K(512K)->404K(512K) Class: 31K(128K)->31K(128K)
[2026-07-18T17:20:21.732+0000][info][gc          ] GC(86) Pause Young (Normal) (G1 Evacuation Pause) 917M->17M(1500M) 1.062ms
[2026-07-18T17:20:21.732+0000][info][gc,cpu      ] GC(86) User=0.00s Sys=0.00s Real=0.00s
[2026-07-18T17:20:21.849+0000][info][gc,start    ] GC(87) Pause Young (Normal) (G1 Evacuation Pause)
[2026-07-18T17:20:21.849+0000][info][gc,task     ] GC(87) Using 4 workers of 4 for evacuation
[2026-07-18T17:20:21.849+0000][info][gc,phases   ] GC(87)   Pre Evacuate Collection Set: 0.11ms
[2026-07-18T17:20:21.849+0000][info][gc,phases   ] GC(87)   Merge Heap Roots: 0.06ms
[2026-07-18T17:20:21.849+0000][info][gc,phases   ] GC(87)   Evacuate Collection Set: 0.06ms
[2026-07-18T17:20:21.849+0000][info][gc,phases   ] GC(87)   Post Evacuate Collection Set: 0.17ms
[2026-07-18T17:20:21.849+0000][info][gc,phases   ] GC(87)   Other: 0.05ms
[2026-07-18T17:20:21.849+0000][info][gc,heap     ] GC(87) Eden regions: 900->0(900)
[2026-07-18T17:20:21.849+0000][info][gc,heap     ] GC(87) Survivor regions: 0->0(113)
[2026-07-18T17:20:21.849+0000][info][gc,heap     ] GC(87) Old regions: 3->3
[2026-07-18T17:20:21.849+0000][info][gc,heap     ] GC(87) Humongous regions: 16->16
[2026-07-18T17:20:21.849+0000][info][gc,metaspace] GC(87) Metaspace: 435K(640K)->435K(640K) NonClass: 404K(512K)->404K(512K) Class: 31K(128K)->31K(128K)
[2026-07-18T17:20:21.849+0000][info][gc          ] GC(87) Pause Young (Normal) (G1 Evacuation Pause) 917M->17M(1500M) 0.739ms
[2026-07-18T17:20:21.849+0000][info][gc,cpu      ] GC(87) User=0.00s Sys=0.00s Real=0.00s
[2026-07-18T17:20:21.969+0000][info][gc,start    ] GC(88) Pause Young (Normal) (G1 Evacuation Pause)
[2026-07-18T17:20:21.969+0000][info][gc,task     ] GC(88) Using 4 workers of 4 for evacuation
[2026-07-18T17:20:21.970+0000][info][gc,phases   ] GC(88)   Pre Evacuate Collection Set: 0.16ms
[2026-07-18T17:20:21.970+0000][info][gc,phases   ] GC(88)   Merge Heap Roots: 0.06ms
[2026-07-18T17:20:21.970+0000][info][gc,phases   ] GC(88)   Evacuate Collection Set: 0.07ms
[2026-07-18T17:20:21.970+0000][info][gc,phases   ] GC(88)   Post Evacuate Collection Set: 0.18ms
[2026-07-18T17:20:21.970+0000][info][gc,phases   ] GC(88)   Other: 0.05ms
[2026-07-18T17:20:21.970+0000][info][gc,heap     ] GC(88) Eden regions: 900->0(900)
[2026-07-18T17:20:21.970+0000][info][gc,heap     ] GC(88) Survivor regions: 0->0(113)
[2026-07-18T17:20:21.970+0000][info][gc,heap     ] GC(88) Old regions: 3->3
[2026-07-18T17:20:21.970+0000][info][gc,heap     ] GC(88) Humongous regions: 16->16
[2026-07-18T17:20:21.970+0000][info][gc,metaspace] GC(88) Metaspace: 435K(640K)->435K(640K) NonClass: 404K(512K)->404K(512K) Class: 31K(128K)->31K(128K)
[2026-07-18T17:20:21.970+0000][info][gc          ] GC(88) Pause Young (Normal) (G1 Evacuation Pause) 917M->17M(1500M) 0.806ms
[2026-07-18T17:20:21.970+0000][info][gc,cpu      ] GC(88) User=0.00s Sys=0.00s Real=0.00s
[2026-07-18T17:20:22.088+0000][info][gc,heap,exit] Heap
[2026-07-18T17:20:22.088+0000][info][gc,heap,exit]  garbage-first heap   total 1536000K, used 658835K [0x00000000a2400000, 0x0000000100000000)
[2026-07-18T17:20:22.088+0000][info][gc,heap,exit]   region size 1024K, 610 young (624640K), 0 survivors (0K)
[2026-07-18T17:20:22.088+0000][info][gc,heap,exit]  Metaspace       used 807K, committed 960K, reserved 1114112K
[2026-07-18T17:20:22.088+0000][info][gc,heap,exit]   class space    used 61K, committed 128K, reserved 1048576K
