[2026-07-18T17:19:57.165+0000][info][gc,init] CardTable entry size: 512
[2026-07-18T17:19:57.165+0000][info][gc     ] Using G1
[2026-07-18T17:19:57.169+0000][info][gc,init] Version: 21.0.11+10-LTS (release)
[2026-07-18T17:19:57.169+0000][info][gc,init] CPUs: 10 total, 4 available
[2026-07-18T17:19:57.169+0000][info][gc,init] Memory: 3072M
[2026-07-18T17:19:57.169+0000][info][gc,init] Large Page Support: Disabled
[2026-07-18T17:19:57.169+0000][info][gc,init] NUMA Support: Disabled
[2026-07-18T17:19:57.169+0000][info][gc,init] Compressed Oops: Enabled (32-bit)
[2026-07-18T17:19:57.169+0000][info][gc,init] Heap Region Size: 1M
[2026-07-18T17:19:57.169+0000][info][gc,init] Heap Min Capacity: 1500M
[2026-07-18T17:19:57.169+0000][info][gc,init] Heap Initial Capacity: 1500M
[2026-07-18T17:19:57.169+0000][info][gc,init] Heap Max Capacity: 1500M
[2026-07-18T17:19:57.169+0000][info][gc,init] Pre-touch: Disabled
[2026-07-18T17:19:57.169+0000][info][gc,init] Parallel Workers: 4
[2026-07-18T17:19:57.169+0000][info][gc,init] Concurrent Workers: 1
[2026-07-18T17:19:57.170+0000][info][gc,init] Concurrent Refinement Workers: 4
[2026-07-18T17:19:57.170+0000][info][gc,init] Periodic GC: Disabled
[2026-07-18T17:19:57.175+0000][info][gc,metaspace] CDS archive(s) mapped at: [0x0000001000000000-0x0000001000cb0000-0x0000001000cb0000), size 13303808, SharedBaseAddress: 0x0000001000000000, ArchiveRelocationMode: 1.
[2026-07-18T17:19:57.176+0000][info][gc,metaspace] Compressed class space mapped at: 0x0000001001000000-0x0000001041000000, reserved size: 1073741824
[2026-07-18T17:19:57.176+0000][info][gc,metaspace] Narrow klass base: 0x0000001000000000, Narrow klass shift: 0, Narrow klass range: 0x100000000
[2026-07-18T17:19:57.232+0000][info][gc,start    ] GC(0) Pause Young (Normal) (G1 Evacuation Pause)
[2026-07-18T17:19:57.233+0000][info][gc,task     ] GC(0) Using 4 workers of 4 for evacuation
[2026-07-18T17:19:57.245+0000][info][gc,phases   ] GC(0)   Pre Evacuate Collection Set: 0.99ms
[2026-07-18T17:19:57.245+0000][info][gc,phases   ] GC(0)   Merge Heap Roots: 0.10ms
[2026-07-18T17:19:57.245+0000][info][gc,phases   ] GC(0)   Evacuate Collection Set: 9.77ms
[2026-07-18T17:19:57.245+0000][info][gc,phases   ] GC(0)   Post Evacuate Collection Set: 0.64ms
[2026-07-18T17:19:57.245+0000][info][gc,phases   ] GC(0)   Other: 1.14ms
[2026-07-18T17:19:57.245+0000][info][gc,heap     ] GC(0) Eden regions: 75->0(65)
[2026-07-18T17:19:57.245+0000][info][gc,heap     ] GC(0) Survivor regions: 0->10(10)
[2026-07-18T17:19:57.245+0000][info][gc,heap     ] GC(0) Old regions: 2->66
[2026-07-18T17:19:57.245+0000][info][gc,heap     ] GC(0) Humongous regions: 14->14
[2026-07-18T17:19:57.245+0000][info][gc,metaspace] GC(0) Metaspace: 397K(576K)->397K(576K) NonClass: 367K(448K)->367K(448K) Class: 29K(128K)->29K(128K)
[2026-07-18T17:19:57.245+0000][info][gc          ] GC(0) Pause Young (Normal) (G1 Evacuation Pause) 90M->89M(1500M) 13.753ms
[2026-07-18T17:19:57.246+0000][info][gc,cpu      ] GC(0) User=0.03s Sys=0.02s Real=0.02s
[2026-07-18T17:19:57.261+0000][info][gc,start    ] GC(1) Pause Young (Normal) (G1 Evacuation Pause)
[2026-07-18T17:19:57.261+0000][info][gc,task     ] GC(1) Using 4 workers of 4 for evacuation
[2026-07-18T17:19:57.268+0000][info][gc,phases   ] GC(1)   Pre Evacuate Collection Set: 0.41ms
[2026-07-18T17:19:57.268+0000][info][gc,phases   ] GC(1)   Merge Heap Roots: 0.05ms
[2026-07-18T17:19:57.268+0000][info][gc,phases   ] GC(1)   Evacuate Collection Set: 6.21ms
[2026-07-18T17:19:57.268+0000][info][gc,phases   ] GC(1)   Post Evacuate Collection Set: 0.25ms
[2026-07-18T17:19:57.269+0000][info][gc,phases   ] GC(1)   Other: 0.12ms
[2026-07-18T17:19:57.269+0000][info][gc,heap     ] GC(1) Eden regions: 65->0(65)
[2026-07-18T17:19:57.269+0000][info][gc,heap     ] GC(1) Survivor regions: 10->10(10)
[2026-07-18T17:19:57.269+0000][info][gc,heap     ] GC(1) Old regions: 66->132
[2026-07-18T17:19:57.269+0000][info][gc,heap     ] GC(1) Humongous regions: 14->14
[2026-07-18T17:19:57.269+0000][info][gc,metaspace] GC(1) Metaspace: 397K(576K)->397K(576K) NonClass: 367K(448K)->367K(448K) Class: 29K(128K)->29K(128K)
[2026-07-18T17:19:57.269+0000][info][gc          ] GC(1) Pause Young (Normal) (G1 Evacuation Pause) 154M->155M(1500M) 7.673ms
[2026-07-18T17:19:57.269+0000][info][gc,cpu      ] GC(1) User=0.01s Sys=0.01s Real=0.01s
[2026-07-18T17:19:57.282+0000][info][gc,start    ] GC(2) Pause Young (Normal) (G1 Evacuation Pause)
[2026-07-18T17:19:57.282+0000][info][gc,task     ] GC(2) Using 4 workers of 4 for evacuation
[2026-07-18T17:19:57.289+0000][info][gc,phases   ] GC(2)   Pre Evacuate Collection Set: 0.22ms
[2026-07-18T17:19:57.289+0000][info][gc,phases   ] GC(2)   Merge Heap Roots: 0.08ms
[2026-07-18T17:19:57.289+0000][info][gc,phases   ] GC(2)   Evacuate Collection Set: 5.62ms
[2026-07-18T17:19:57.289+0000][info][gc,phases   ] GC(2)   Post Evacuate Collection Set: 0.18ms
[2026-07-18T17:19:57.289+0000][info][gc,phases   ] GC(2)   Other: 0.08ms
[2026-07-18T17:19:57.289+0000][info][gc,heap     ] GC(2) Eden regions: 65->0(65)
[2026-07-18T17:19:57.289+0000][info][gc,heap     ] GC(2) Survivor regions: 10->10(10)
[2026-07-18T17:19:57.289+0000][info][gc,heap     ] GC(2) Old regions: 132->199
[2026-07-18T17:19:57.289+0000][info][gc,heap     ] GC(2) Humongous regions: 14->14
[2026-07-18T17:19:57.289+0000][info][gc,metaspace] GC(2) Metaspace: 397K(576K)->397K(576K) NonClass: 367K(448K)->367K(448K) Class: 29K(128K)->29K(128K)
[2026-07-18T17:19:57.289+0000][info][gc          ] GC(2) Pause Young (Normal) (G1 Evacuation Pause) 220M->221M(1500M) 6.699ms
[2026-07-18T17:19:57.289+0000][info][gc,cpu      ] GC(2) User=0.02s Sys=0.01s Real=0.01s
[2026-07-18T17:19:57.302+0000][info][gc,start    ] GC(3) Pause Young (Normal) (G1 Evacuation Pause)
[2026-07-18T17:19:57.302+0000][info][gc,task     ] GC(3) Using 4 workers of 4 for evacuation
[2026-07-18T17:19:57.308+0000][info][gc,phases   ] GC(3)   Pre Evacuate Collection Set: 0.21ms
[2026-07-18T17:19:57.308+0000][info][gc,phases   ] GC(3)   Merge Heap Roots: 0.04ms
[2026-07-18T17:19:57.308+0000][info][gc,phases   ] GC(3)   Evacuate Collection Set: 5.39ms
[2026-07-18T17:19:57.308+0000][info][gc,phases   ] GC(3)   Post Evacuate Collection Set: 0.17ms
[2026-07-18T17:19:57.308+0000][info][gc,phases   ] GC(3)   Other: 0.07ms
[2026-07-18T17:19:57.308+0000][info][gc,heap     ] GC(3) Eden regions: 65->0(65)
[2026-07-18T17:19:57.308+0000][info][gc,heap     ] GC(3) Survivor regions: 10->10(10)
[2026-07-18T17:19:57.308+0000][info][gc,heap     ] GC(3) Old regions: 199->264
[2026-07-18T17:19:57.308+0000][info][gc,heap     ] GC(3) Humongous regions: 14->14
[2026-07-18T17:19:57.308+0000][info][gc,metaspace] GC(3) Metaspace: 397K(576K)->397K(576K) NonClass: 367K(448K)->367K(448K) Class: 29K(128K)->29K(128K)
[2026-07-18T17:19:57.308+0000][info][gc          ] GC(3) Pause Young (Normal) (G1 Evacuation Pause) 286M->287M(1500M) 6.365ms
[2026-07-18T17:19:57.309+0000][info][gc,cpu      ] GC(3) User=0.02s Sys=0.00s Real=0.01s
[2026-07-18T17:19:57.321+0000][info][gc,start    ] GC(4) Pause Young (Normal) (G1 Evacuation Pause)
[2026-07-18T17:19:57.322+0000][info][gc,task     ] GC(4) Using 4 workers of 4 for evacuation
[2026-07-18T17:19:57.327+0000][info][gc,phases   ] GC(4)   Pre Evacuate Collection Set: 0.22ms
[2026-07-18T17:19:57.328+0000][info][gc,phases   ] GC(4)   Merge Heap Roots: 0.04ms
[2026-07-18T17:19:57.328+0000][info][gc,phases   ] GC(4)   Evacuate Collection Set: 5.34ms
[2026-07-18T17:19:57.328+0000][info][gc,phases   ] GC(4)   Post Evacuate Collection Set: 0.18ms
[2026-07-18T17:19:57.328+0000][info][gc,phases   ] GC(4)   Other: 0.08ms
[2026-07-18T17:19:57.328+0000][info][gc,heap     ] GC(4) Eden regions: 65->0(65)
[2026-07-18T17:19:57.328+0000][info][gc,heap     ] GC(4) Survivor regions: 10->10(10)
[2026-07-18T17:19:57.328+0000][info][gc,heap     ] GC(4) Old regions: 264->330
[2026-07-18T17:19:57.328+0000][info][gc,heap     ] GC(4) Humongous regions: 14->14
[2026-07-18T17:19:57.328+0000][info][gc,metaspace] GC(4) Metaspace: 397K(576K)->397K(576K) NonClass: 367K(448K)->367K(448K) Class: 29K(128K)->29K(128K)
[2026-07-18T17:19:57.328+0000][info][gc          ] GC(4) Pause Young (Normal) (G1 Evacuation Pause) 352M->353M(1500M) 6.342ms
[2026-07-18T17:19:57.328+0000][info][gc,cpu      ] GC(4) User=0.02s Sys=0.01s Real=0.01s
[2026-07-18T17:19:57.341+0000][info][gc,start    ] GC(5) Pause Young (Normal) (G1 Evacuation Pause)
[2026-07-18T17:19:57.341+0000][info][gc,task     ] GC(5) Using 4 workers of 4 for evacuation
[2026-07-18T17:19:57.347+0000][info][gc,phases   ] GC(5)   Pre Evacuate Collection Set: 0.20ms
[2026-07-18T17:19:57.347+0000][info][gc,phases   ] GC(5)   Merge Heap Roots: 0.05ms
[2026-07-18T17:19:57.347+0000][info][gc,phases   ] GC(5)   Evacuate Collection Set: 5.45ms
[2026-07-18T17:19:57.347+0000][info][gc,phases   ] GC(5)   Post Evacuate Collection Set: 0.22ms
[2026-07-18T17:19:57.347+0000][info][gc,phases   ] GC(5)   Other: 0.08ms
[2026-07-18T17:19:57.347+0000][info][gc,heap     ] GC(5) Eden regions: 65->0(65)
[2026-07-18T17:19:57.347+0000][info][gc,heap     ] GC(5) Survivor regions: 10->10(10)
[2026-07-18T17:19:57.347+0000][info][gc,heap     ] GC(5) Old regions: 330->396
[2026-07-18T17:19:57.347+0000][info][gc,heap     ] GC(5) Humongous regions: 14->14
[2026-07-18T17:19:57.347+0000][info][gc,metaspace] GC(5) Metaspace: 397K(576K)->397K(576K) NonClass: 367K(448K)->367K(448K) Class: 29K(128K)->29K(128K)
[2026-07-18T17:19:57.347+0000][info][gc          ] GC(5) Pause Young (Normal) (G1 Evacuation Pause) 418M->419M(1500M) 6.428ms
[2026-07-18T17:19:57.347+0000][info][gc,cpu      ] GC(5) User=0.02s Sys=0.00s Real=0.01s
[2026-07-18T17:19:57.360+0000][info][gc,start    ] GC(6) Pause Young (Normal) (G1 Evacuation Pause)
[2026-07-18T17:19:57.361+0000][info][gc,task     ] GC(6) Using 4 workers of 4 for evacuation
[2026-07-18T17:19:57.367+0000][info][gc,phases   ] GC(6)   Pre Evacuate Collection Set: 0.22ms
[2026-07-18T17:19:57.367+0000][info][gc,phases   ] GC(6)   Merge Heap Roots: 0.05ms
[2026-07-18T17:19:57.367+0000][info][gc,phases   ] GC(6)   Evacuate Collection Set: 5.54ms
[2026-07-18T17:19:57.367+0000][info][gc,phases   ] GC(6)   Post Evacuate Collection Set: 0.24ms
[2026-07-18T17:19:57.367+0000][info][gc,phases   ] GC(6)   Other: 0.08ms
[2026-07-18T17:19:57.367+0000][info][gc,heap     ] GC(6) Eden regions: 65->0(65)
[2026-07-18T17:19:57.367+0000][info][gc,heap     ] GC(6) Survivor regions: 10->10(10)
[2026-07-18T17:19:57.367+0000][info][gc,heap     ] GC(6) Old regions: 396->462
[2026-07-18T17:19:57.367+0000][info][gc,heap     ] GC(6) Humongous regions: 14->14
[2026-07-18T17:19:57.367+0000][info][gc,metaspace] GC(6) Metaspace: 397K(576K)->397K(576K) NonClass: 367K(448K)->367K(448K) Class: 29K(128K)->29K(128K)
[2026-07-18T17:19:57.367+0000][info][gc          ] GC(6) Pause Young (Normal) (G1 Evacuation Pause) 484M->485M(1500M) 6.973ms
[2026-07-18T17:19:57.368+0000][info][gc,cpu      ] GC(6) User=0.02s Sys=0.01s Real=0.01s
[2026-07-18T17:19:57.381+0000][info][gc,start    ] GC(7) Pause Young (Normal) (G1 Evacuation Pause)
[2026-07-18T17:19:57.381+0000][info][gc,task     ] GC(7) Using 4 workers of 4 for evacuation
[2026-07-18T17:19:57.387+0000][info][gc,phases   ] GC(7)   Pre Evacuate Collection Set: 0.19ms
[2026-07-18T17:19:57.387+0000][info][gc,phases   ] GC(7)   Merge Heap Roots: 0.04ms
[2026-07-18T17:19:57.387+0000][info][gc,phases   ] GC(7)   Evacuate Collection Set: 5.76ms
[2026-07-18T17:19:57.387+0000][info][gc,phases   ] GC(7)   Post Evacuate Collection Set: 0.19ms
[2026-07-18T17:19:57.388+0000][info][gc,phases   ] GC(7)   Other: 0.07ms
[2026-07-18T17:19:57.388+0000][info][gc,heap     ] GC(7) Eden regions: 65->0(65)
[2026-07-18T17:19:57.388+0000][info][gc,heap     ] GC(7) Survivor regions: 10->10(10)
[2026-07-18T17:19:57.388+0000][info][gc,heap     ] GC(7) Old regions: 462->528
[2026-07-18T17:19:57.388+0000][info][gc,heap     ] GC(7) Humongous regions: 14->14
[2026-07-18T17:19:57.388+0000][info][gc,metaspace] GC(7) Metaspace: 397K(576K)->397K(576K) NonClass: 367K(448K)->367K(448K) Class: 29K(128K)->29K(128K)
[2026-07-18T17:19:57.388+0000][info][gc          ] GC(7) Pause Young (Normal) (G1 Evacuation Pause) 550M->551M(1500M) 6.734ms
[2026-07-18T17:19:57.388+0000][info][gc,cpu      ] GC(7) User=0.02s Sys=0.00s Real=0.01s
[2026-07-18T17:19:57.402+0000][info][gc,start    ] GC(8) Pause Young (Normal) (G1 Evacuation Pause)
[2026-07-18T17:19:57.402+0000][info][gc,task     ] GC(8) Using 4 workers of 4 for evacuation
[2026-07-18T17:19:57.409+0000][info][gc,phases   ] GC(8)   Pre Evacuate Collection Set: 0.30ms
[2026-07-18T17:19:57.409+0000][info][gc,phases   ] GC(8)   Merge Heap Roots: 0.06ms
[2026-07-18T17:19:57.409+0000][info][gc,phases   ] GC(8)   Evacuate Collection Set: 6.71ms
[2026-07-18T17:19:57.409+0000][info][gc,phases   ] GC(8)   Post Evacuate Collection Set: 0.28ms
[2026-07-18T17:19:57.409+0000][info][gc,phases   ] GC(8)   Other: 0.11ms
[2026-07-18T17:19:57.410+0000][info][gc,heap     ] GC(8) Eden regions: 65->0(75)
[2026-07-18T17:19:57.410+0000][info][gc,heap     ] GC(8) Survivor regions: 10->10(10)
[2026-07-18T17:19:57.410+0000][info][gc,heap     ] GC(8) Old regions: 528->594
[2026-07-18T17:19:57.410+0000][info][gc,heap     ] GC(8) Humongous regions: 14->14
[2026-07-18T17:19:57.410+0000][info][gc,metaspace] GC(8) Metaspace: 397K(576K)->397K(576K) NonClass: 367K(448K)->367K(448K) Class: 29K(128K)->29K(128K)
[2026-07-18T17:19:57.410+0000][info][gc          ] GC(8) Pause Young (Normal) (G1 Evacuation Pause) 616M->617M(1500M) 8.256ms
[2026-07-18T17:19:57.410+0000][info][gc,cpu      ] GC(8) User=0.03s Sys=0.01s Real=0.01s
[2026-07-18T17:19:57.426+0000][info][gc,start    ] GC(9) Pause Young (Concurrent Start) (G1 Evacuation Pause)
[2026-07-18T17:19:57.427+0000][info][gc,task     ] GC(9) Using 4 workers of 4 for evacuation
[2026-07-18T17:19:57.436+0000][info][gc,phases   ] GC(9)   Pre Evacuate Collection Set: 0.36ms
[2026-07-18T17:19:57.436+0000][info][gc,phases   ] GC(9)   Merge Heap Roots: 0.07ms
[2026-07-18T17:19:57.436+0000][info][gc,phases   ] GC(9)   Evacuate Collection Set: 8.02ms
[2026-07-18T17:19:57.436+0000][info][gc,phases   ] GC(9)   Post Evacuate Collection Set: 0.32ms
[2026-07-18T17:19:57.436+0000][info][gc,phases   ] GC(9)   Other: 0.23ms
[2026-07-18T17:19:57.436+0000][info][gc,heap     ] GC(9) Eden regions: 76->0(96)
[2026-07-18T17:19:57.436+0000][info][gc,heap     ] GC(9) Survivor regions: 10->11(11)
[2026-07-18T17:19:57.436+0000][info][gc,heap     ] GC(9) Old regions: 594->670
[2026-07-18T17:19:57.436+0000][info][gc,heap     ] GC(9) Humongous regions: 14->14
[2026-07-18T17:19:57.436+0000][info][gc,metaspace] GC(9) Metaspace: 397K(576K)->397K(576K) NonClass: 367K(448K)->367K(448K) Class: 29K(128K)->29K(128K)
[2026-07-18T17:19:57.436+0000][info][gc          ] GC(9) Pause Young (Concurrent Start) (G1 Evacuation Pause) 693M->694M(1500M) 9.900ms
[2026-07-18T17:19:57.436+0000][info][gc,cpu      ] GC(9) User=0.03s Sys=0.01s Real=0.01s
[2026-07-18T17:19:57.436+0000][info][gc          ] GC(10) Concurrent Mark Cycle
[2026-07-18T17:19:57.440+0000][info][gc,marking  ] GC(10) Concurrent Scan Root Regions
[2026-07-18T17:19:57.449+0000][info][gc,marking  ] GC(10) Concurrent Scan Root Regions 9.448ms
[2026-07-18T17:19:57.449+0000][info][gc,marking  ] GC(10) Concurrent Mark
[2026-07-18T17:19:57.450+0000][info][gc,marking  ] GC(10) Concurrent Mark From Roots
[2026-07-18T17:19:57.450+0000][info][gc,task     ] GC(10) Using 1 workers of 1 for marking
[2026-07-18T17:19:57.466+0000][info][gc,start    ] GC(11) Pause Young (Normal) (G1 Evacuation Pause)
[2026-07-18T17:19:57.466+0000][info][gc,task     ] GC(11) Using 4 workers of 4 for evacuation
[2026-07-18T17:19:57.469+0000][info][gc,phases   ] GC(11)   Pre Evacuate Collection Set: 0.20ms
[2026-07-18T17:19:57.470+0000][info][gc,phases   ] GC(11)   Merge Heap Roots: 0.07ms
[2026-07-18T17:19:57.470+0000][info][gc,phases   ] GC(11)   Evacuate Collection Set: 2.49ms
[2026-07-18T17:19:57.470+0000][info][gc,phases   ] GC(11)   Post Evacuate Collection Set: 0.36ms
[2026-07-18T17:19:57.470+0000][info][gc,phases   ] GC(11)   Other: 0.14ms
[2026-07-18T17:19:57.470+0000][info][gc,heap     ] GC(11) Eden regions: 97->0(125)
[2026-07-18T17:19:57.470+0000][info][gc,heap     ] GC(11) Survivor regions: 11->14(14)
[2026-07-18T17:19:57.470+0000][info][gc,heap     ] GC(11) Old regions: 670->695
[2026-07-18T17:19:57.470+0000][info][gc,heap     ] GC(11) Humongous regions: 30->30
[2026-07-18T17:19:57.470+0000][info][gc,metaspace] GC(11) Metaspace: 398K(576K)->398K(576K) NonClass: 368K(448K)->368K(448K) Class: 29K(128K)->29K(128K)
[2026-07-18T17:19:57.470+0000][info][gc          ] GC(11) Pause Young (Normal) (G1 Evacuation Pause) 807M->737M(1500M) 4.067ms
[2026-07-18T17:19:57.470+0000][info][gc,cpu      ] GC(11) User=0.01s Sys=0.00s Real=0.00s
[2026-07-18T17:19:57.501+0000][info][gc,start    ] GC(12) Pause Young (Normal) (G1 Evacuation Pause)
[2026-07-18T17:19:57.501+0000][info][gc,task     ] GC(12) Using 4 workers of 4 for evacuation
[2026-07-18T17:19:57.503+0000][info][gc,phases   ] GC(12)   Pre Evacuate Collection Set: 0.29ms
[2026-07-18T17:19:57.503+0000][info][gc,phases   ] GC(12)   Merge Heap Roots: 0.08ms
[2026-07-18T17:19:57.503+0000][info][gc,phases   ] GC(12)   Evacuate Collection Set: 1.18ms
[2026-07-18T17:19:57.503+0000][info][gc,phases   ] GC(12)   Post Evacuate Collection Set: 0.31ms
[2026-07-18T17:19:57.503+0000][info][gc,phases   ] GC(12)   Other: 0.07ms
[2026-07-18T17:19:57.503+0000][info][gc,heap     ] GC(12) Eden regions: 127->0(587)
[2026-07-18T17:19:57.503+0000][info][gc,heap     ] GC(12) Survivor regions: 14->0(18)
[2026-07-18T17:19:57.503+0000][info][gc,heap     ] GC(12) Old regions: 695->710
[2026-07-18T17:19:57.503+0000][info][gc,heap     ] GC(12) Humongous regions: 30->30
[2026-07-18T17:19:57.503+0000][info][gc,metaspace] GC(12) Metaspace: 398K(576K)->398K(576K) NonClass: 368K(448K)->368K(448K) Class: 29K(128K)->29K(128K)
[2026-07-18T17:19:57.503+0000][info][gc          ] GC(12) Pause Young (Normal) (G1 Evacuation Pause) 864M->738M(1500M) 2.490ms
[2026-07-18T17:19:57.503+0000][info][gc,cpu      ] GC(12) User=0.00s Sys=0.00s Real=0.00s
[2026-07-18T17:19:57.539+0000][info][gc,marking  ] GC(10) Concurrent Mark From Roots 89.869ms
[2026-07-18T17:19:57.540+0000][info][gc,marking  ] GC(10) Concurrent Preclean
[2026-07-18T17:19:57.540+0000][info][gc,marking  ] GC(10) Concurrent Preclean 0.065ms
[2026-07-18T17:19:57.540+0000][info][gc,start    ] GC(10) Pause Remark
[2026-07-18T17:19:57.540+0000][info][gc          ] GC(10) Pause Remark 908M->908M(1500M) 0.613ms
[2026-07-18T17:19:57.541+0000][info][gc,cpu      ] GC(10) User=0.00s Sys=0.00s Real=0.00s
[2026-07-18T17:19:57.541+0000][info][gc,marking  ] GC(10) Concurrent Mark 91.133ms
[2026-07-18T17:19:57.544+0000][info][gc,marking  ] GC(10) Concurrent Rebuild Remembered Sets and Scrub Regions
[2026-07-18T17:19:57.597+0000][info][gc,marking  ] GC(10) Concurrent Rebuild Remembered Sets and Scrub Regions 53.409ms
[2026-07-18T17:19:57.598+0000][info][gc,start    ] GC(10) Pause Cleanup
[2026-07-18T17:19:57.598+0000][info][gc          ] GC(10) Pause Cleanup 1155M->1155M(1500M) 0.311ms
[2026-07-18T17:19:57.598+0000][info][gc,cpu      ] GC(10) User=0.00s Sys=0.00s Real=0.00s
[2026-07-18T17:19:57.598+0000][info][gc,marking  ] GC(10) Concurrent Clear Claimed Marks
[2026-07-18T17:19:57.598+0000][info][gc,marking  ] GC(10) Concurrent Clear Claimed Marks 0.069ms
[2026-07-18T17:19:57.598+0000][info][gc,marking  ] GC(10) Concurrent Cleanup for Next Mark
[2026-07-18T17:19:57.600+0000][info][gc,marking  ] GC(10) Concurrent Cleanup for Next Mark 1.646ms
[2026-07-18T17:19:57.600+0000][info][gc          ] GC(10) Concurrent Mark Cycle 163.814ms
[2026-07-18T17:19:57.636+0000][info][gc,start    ] GC(13) Pause Young (Prepare Mixed) (G1 Evacuation Pause)
[2026-07-18T17:19:57.636+0000][info][gc,task     ] GC(13) Using 4 workers of 4 for evacuation
[2026-07-18T17:19:57.638+0000][info][gc,phases   ] GC(13)   Pre Evacuate Collection Set: 0.26ms
[2026-07-18T17:19:57.638+0000][info][gc,phases   ] GC(13)   Merge Heap Roots: 0.20ms
[2026-07-18T17:19:57.638+0000][info][gc,phases   ] GC(13)   Evacuate Collection Set: 0.41ms
[2026-07-18T17:19:57.639+0000][info][gc,phases   ] GC(13)   Post Evacuate Collection Set: 0.68ms
[2026-07-18T17:19:57.639+0000][info][gc,phases   ] GC(13)   Other: 0.25ms
[2026-07-18T17:19:57.639+0000][info][gc,heap     ] GC(13) Eden regions: 587->0(627)
[2026-07-18T17:19:57.639+0000][info][gc,heap     ] GC(13) Survivor regions: 0->0(74)
[2026-07-18T17:19:57.639+0000][info][gc,heap     ] GC(13) Old regions: 710->710
[2026-07-18T17:19:57.639+0000][info][gc,heap     ] GC(13) Humongous regions: 30->30
[2026-07-18T17:19:57.639+0000][info][gc,metaspace] GC(13) Metaspace: 398K(576K)->398K(576K) NonClass: 368K(448K)->368K(448K) Class: 29K(128K)->29K(128K)
[2026-07-18T17:19:57.639+0000][info][gc          ] GC(13) Pause Young (Prepare Mixed) (G1 Evacuation Pause) 1325M->738M(1500M) 2.995ms
[2026-07-18T17:19:57.639+0000][info][gc,cpu      ] GC(13) User=0.00s Sys=0.00s Real=0.00s
[2026-07-18T17:19:57.781+0000][info][gc,start    ] GC(14) Pause Young (Mixed) (G1 Evacuation Pause)
[2026-07-18T17:19:57.781+0000][info][gc,task     ] GC(14) Using 4 workers of 4 for evacuation
[2026-07-18T17:19:57.782+0000][info][gc,phases   ] GC(14)   Pre Evacuate Collection Set: 0.27ms
[2026-07-18T17:19:57.783+0000][info][gc,phases   ] GC(14)   Merge Heap Roots: 0.14ms
[2026-07-18T17:19:57.783+0000][info][gc,phases   ] GC(14)   Evacuate Collection Set: 0.28ms
[2026-07-18T17:19:57.783+0000][info][gc,phases   ] GC(14)   Post Evacuate Collection Set: 0.62ms
[2026-07-18T17:19:57.783+0000][info][gc,phases   ] GC(14)   Other: 0.13ms
[2026-07-18T17:19:57.783+0000][info][gc,heap     ] GC(14) Eden regions: 627->0(658)
[2026-07-18T17:19:57.783+0000][info][gc,heap     ] GC(14) Survivor regions: 0->0(79)
[2026-07-18T17:19:57.783+0000][info][gc,heap     ] GC(14) Old regions: 710->708
[2026-07-18T17:19:57.783+0000][info][gc,heap     ] GC(14) Humongous regions: 30->30
[2026-07-18T17:19:57.783+0000][info][gc,metaspace] GC(14) Metaspace: 398K(576K)->398K(576K) NonClass: 368K(448K)->368K(448K) Class: 29K(128K)->29K(128K)
[2026-07-18T17:19:57.783+0000][info][gc          ] GC(14) Pause Young (Mixed) (G1 Evacuation Pause) 1365M->737M(1500M) 2.279ms
[2026-07-18T17:19:57.783+0000][info][gc,cpu      ] GC(14) User=0.00s Sys=0.00s Real=0.00s
[2026-07-18T17:19:57.897+0000][info][gc,start    ] GC(15) Pause Young (Concurrent Start) (G1 Evacuation Pause)
[2026-07-18T17:19:57.897+0000][info][gc,task     ] GC(15) Using 4 workers of 4 for evacuation
[2026-07-18T17:19:57.898+0000][info][gc,phases   ] GC(15)   Pre Evacuate Collection Set: 0.25ms
[2026-07-18T17:19:57.898+0000][info][gc,phases   ] GC(15)   Merge Heap Roots: 0.05ms
[2026-07-18T17:19:57.898+0000][info][gc,phases   ] GC(15)   Evacuate Collection Set: 0.18ms
[2026-07-18T17:19:57.898+0000][info][gc,phases   ] GC(15)   Post Evacuate Collection Set: 0.31ms
[2026-07-18T17:19:57.898+0000][info][gc,phases   ] GC(15)   Other: 0.17ms
[2026-07-18T17:19:57.898+0000][info][gc,heap     ] GC(15) Eden regions: 658->0(680)
[2026-07-18T17:19:57.898+0000][info][gc,heap     ] GC(15) Survivor regions: 0->0(83)
[2026-07-18T17:19:57.898+0000][info][gc,heap     ] GC(15) Old regions: 708->708
[2026-07-18T17:19:57.898+0000][info][gc,heap     ] GC(15) Humongous regions: 30->30
[2026-07-18T17:19:57.898+0000][info][gc,metaspace] GC(15) Metaspace: 398K(576K)->398K(576K) NonClass: 368K(448K)->368K(448K) Class: 29K(128K)->29K(128K)
[2026-07-18T17:19:57.898+0000][info][gc          ] GC(15) Pause Young (Concurrent Start) (G1 Evacuation Pause) 1395M->737M(1500M) 1.368ms
[2026-07-18T17:19:57.898+0000][info][gc,cpu      ] GC(15) User=0.00s Sys=0.00s Real=0.00s
[2026-07-18T17:19:57.898+0000][info][gc          ] GC(16) Concurrent Mark Cycle
[2026-07-18T17:19:57.902+0000][info][gc,marking  ] GC(16) Concurrent Scan Root Regions
[2026-07-18T17:19:57.902+0000][info][gc,marking  ] GC(16) Concurrent Scan Root Regions 0.055ms
[2026-07-18T17:19:57.902+0000][info][gc,marking  ] GC(16) Concurrent Mark
[2026-07-18T17:19:57.902+0000][info][gc,marking  ] GC(16) Concurrent Mark From Roots
[2026-07-18T17:19:57.902+0000][info][gc,task     ] GC(16) Using 1 workers of 1 for marking
[2026-07-18T17:19:57.981+0000][info][gc,marking  ] GC(16) Concurrent Mark From Roots 78.598ms
[2026-07-18T17:19:57.981+0000][info][gc,marking  ] GC(16) Concurrent Preclean
[2026-07-18T17:19:57.981+0000][info][gc,marking  ] GC(16) Concurrent Preclean 0.055ms
[2026-07-18T17:19:57.982+0000][info][gc,start    ] GC(16) Pause Remark
[2026-07-18T17:19:57.983+0000][info][gc          ] GC(16) Pause Remark 1187M->1187M(1500M) 0.807ms
[2026-07-18T17:19:57.983+0000][info][gc,cpu      ] GC(16) User=0.00s Sys=0.00s Real=0.00s
[2026-07-18T17:19:57.983+0000][info][gc,marking  ] GC(16) Concurrent Mark 81.020ms
[2026-07-18T17:19:57.987+0000][info][gc,marking  ] GC(16) Concurrent Rebuild Remembered Sets and Scrub Regions
[2026-07-18T17:19:58.027+0000][info][gc,start    ] GC(17) Pause Young (Normal) (G1 Evacuation Pause)
[2026-07-18T17:19:58.027+0000][info][gc,task     ] GC(17) Using 4 workers of 4 for evacuation
[2026-07-18T17:19:58.028+0000][info][gc,phases   ] GC(17)   Pre Evacuate Collection Set: 0.16ms
[2026-07-18T17:19:58.028+0000][info][gc,phases   ] GC(17)   Merge Heap Roots: 0.09ms
[2026-07-18T17:19:58.028+0000][info][gc,phases   ] GC(17)   Evacuate Collection Set: 0.10ms
[2026-07-18T17:19:58.028+0000][info][gc,phases   ] GC(17)   Post Evacuate Collection Set: 0.24ms
[2026-07-18T17:19:58.028+0000][info][gc,phases   ] GC(17)   Other: 0.08ms
[2026-07-18T17:19:58.028+0000][info][gc,heap     ] GC(17) Eden regions: 680->0(687)
[2026-07-18T17:19:58.028+0000][info][gc,heap     ] GC(17) Survivor regions: 0->0(82)
[2026-07-18T17:19:58.028+0000][info][gc,heap     ] GC(17) Old regions: 708->708
[2026-07-18T17:19:58.028+0000][info][gc,heap     ] GC(17) Humongous regions: 30->30
[2026-07-18T17:19:58.028+0000][info][gc,metaspace] GC(17) Metaspace: 398K(576K)->398K(576K) NonClass: 368K(448K)->368K(448K) Class: 29K(128K)->29K(128K)
[2026-07-18T17:19:58.028+0000][info][gc          ] GC(17) Pause Young (Normal) (G1 Evacuation Pause) 1417M->737M(1500M) 1.069ms
[2026-07-18T17:19:58.028+0000][info][gc,cpu      ] GC(17) User=0.00s Sys=0.00s Real=0.00s
[2026-07-18T17:19:58.038+0000][info][gc,marking  ] GC(16) Concurrent Rebuild Remembered Sets and Scrub Regions 50.827ms
[2026-07-18T17:19:58.040+0000][info][gc,start    ] GC(16) Pause Cleanup
[2026-07-18T17:19:58.040+0000][info][gc          ] GC(16) Pause Cleanup 794M->794M(1500M) 0.213ms
[2026-07-18T17:19:58.040+0000][info][gc,cpu      ] GC(16) User=0.00s Sys=0.00s Real=0.00s
[2026-07-18T17:19:58.040+0000][info][gc,marking  ] GC(16) Concurrent Clear Claimed Marks
[2026-07-18T17:19:58.044+0000][info][gc,marking  ] GC(16) Concurrent Clear Claimed Marks 3.437ms
[2026-07-18T17:19:58.044+0000][info][gc,marking  ] GC(16) Concurrent Cleanup for Next Mark
[2026-07-18T17:19:58.045+0000][info][gc,marking  ] GC(16) Concurrent Cleanup for Next Mark 0.698ms
[2026-07-18T17:19:58.045+0000][info][gc          ] GC(16) Concurrent Mark Cycle 146.121ms
[2026-07-18T17:19:58.155+0000][info][gc,start    ] GC(18) Pause Young (Prepare Mixed) (G1 Evacuation Pause)
[2026-07-18T17:19:58.155+0000][info][gc,task     ] GC(18) Using 4 workers of 4 for evacuation
[2026-07-18T17:19:58.157+0000][info][gc,phases   ] GC(18)   Pre Evacuate Collection Set: 0.89ms
[2026-07-18T17:19:58.157+0000][info][gc,phases   ] GC(18)   Merge Heap Roots: 0.12ms
[2026-07-18T17:19:58.157+0000][info][gc,phases   ] GC(18)   Evacuate Collection Set: 0.65ms
[2026-07-18T17:19:58.157+0000][info][gc,phases   ] GC(18)   Post Evacuate Collection Set: 0.39ms
[2026-07-18T17:19:58.157+0000][info][gc,phases   ] GC(18)   Other: 0.08ms
[2026-07-18T17:19:58.157+0000][info][gc,heap     ] GC(18) Eden regions: 687->0(687)
[2026-07-18T17:19:58.157+0000][info][gc,heap     ] GC(18) Survivor regions: 0->0(75)
[2026-07-18T17:19:58.157+0000][info][gc,heap     ] GC(18) Old regions: 708->708
[2026-07-18T17:19:58.157+0000][info][gc,heap     ] GC(18) Humongous regions: 30->30
[2026-07-18T17:19:58.157+0000][info][gc,metaspace] GC(18) Metaspace: 398K(576K)->398K(576K) NonClass: 368K(448K)->368K(448K) Class: 29K(128K)->29K(128K)
[2026-07-18T17:19:58.158+0000][info][gc          ] GC(18) Pause Young (Prepare Mixed) (G1 Evacuation Pause) 1424M->737M(1500M) 2.662ms
[2026-07-18T17:19:58.158+0000][info][gc,cpu      ] GC(18) User=0.00s Sys=0.00s Real=0.00s
[2026-07-18T17:19:58.270+0000][info][gc,start    ] GC(19) Pause Young (Mixed) (G1 Evacuation Pause)
[2026-07-18T17:19:58.270+0000][info][gc,task     ] GC(19) Using 4 workers of 4 for evacuation
[2026-07-18T17:19:58.271+0000][info][gc,phases   ] GC(19)   Pre Evacuate Collection Set: 0.27ms
[2026-07-18T17:19:58.271+0000][info][gc,phases   ] GC(19)   Merge Heap Roots: 0.05ms
[2026-07-18T17:19:58.271+0000][info][gc,phases   ] GC(19)   Evacuate Collection Set: 0.41ms
[2026-07-18T17:19:58.271+0000][info][gc,phases   ] GC(19)   Post Evacuate Collection Set: 0.29ms
[2026-07-18T17:19:58.271+0000][info][gc,phases   ] GC(19)   Other: 0.12ms
[2026-07-18T17:19:58.271+0000][info][gc,heap     ] GC(19) Eden regions: 687->0(690)
[2026-07-18T17:19:58.271+0000][info][gc,heap     ] GC(19) Survivor regions: 0->0(75)
[2026-07-18T17:19:58.271+0000][info][gc,heap     ] GC(19) Old regions: 708->705
[2026-07-18T17:19:58.271+0000][info][gc,heap     ] GC(19) Humongous regions: 30->30
[2026-07-18T17:19:58.272+0000][info][gc,metaspace] GC(19) Metaspace: 398K(576K)->398K(576K) NonClass: 368K(448K)->368K(448K) Class: 29K(128K)->29K(128K)
[2026-07-18T17:19:58.272+0000][info][gc          ] GC(19) Pause Young (Mixed) (G1 Evacuation Pause) 1424M->734M(1500M) 1.640ms
[2026-07-18T17:19:58.272+0000][info][gc,cpu      ] GC(19) User=0.00s Sys=0.00s Real=0.00s
[2026-07-18T17:19:58.409+0000][info][gc,start    ] GC(20) Pause Young (Concurrent Start) (G1 Evacuation Pause)
[2026-07-18T17:19:58.409+0000][info][gc,task     ] GC(20) Using 4 workers of 4 for evacuation
[2026-07-18T17:19:58.410+0000][info][gc,phases   ] GC(20)   Pre Evacuate Collection Set: 0.18ms
[2026-07-18T17:19:58.410+0000][info][gc,phases   ] GC(20)   Merge Heap Roots: 0.07ms
[2026-07-18T17:19:58.410+0000][info][gc,phases   ] GC(20)   Evacuate Collection Set: 0.12ms
[2026-07-18T17:19:58.410+0000][info][gc,phases   ] GC(20)   Post Evacuate Collection Set: 0.26ms
[2026-07-18T17:19:58.410+0000][info][gc,phases   ] GC(20)   Other: 0.10ms
[2026-07-18T17:19:58.410+0000][info][gc,heap     ] GC(20) Eden regions: 690->0(690)
[2026-07-18T17:19:58.410+0000][info][gc,heap     ] GC(20) Survivor regions: 0->0(75)
[2026-07-18T17:19:58.410+0000][info][gc,heap     ] GC(20) Old regions: 705->705
[2026-07-18T17:19:58.410+0000][info][gc,heap     ] GC(20) Humongous regions: 30->30
[2026-07-18T17:19:58.410+0000][info][gc,metaspace] GC(20) Metaspace: 398K(576K)->398K(576K) NonClass: 368K(448K)->368K(448K) Class: 29K(128K)->29K(128K)
[2026-07-18T17:19:58.410+0000][info][gc          ] GC(20) Pause Young (Concurrent Start) (G1 Evacuation Pause) 1424M->734M(1500M) 1.193ms
[2026-07-18T17:19:58.410+0000][info][gc,cpu      ] GC(20) User=0.00s Sys=0.00s Real=0.00s
[2026-07-18T17:19:58.410+0000][info][gc          ] GC(21) Concurrent Mark Cycle
[2026-07-18T17:19:58.414+0000][info][gc,marking  ] GC(21) Concurrent Scan Root Regions
[2026-07-18T17:19:58.414+0000][info][gc,marking  ] GC(21) Concurrent Scan Root Regions 0.060ms
[2026-07-18T17:19:58.414+0000][info][gc,marking  ] GC(21) Concurrent Mark
[2026-07-18T17:19:58.414+0000][info][gc,marking  ] GC(21) Concurrent Mark From Roots
[2026-07-18T17:19:58.414+0000][info][gc,task     ] GC(21) Using 1 workers of 1 for marking
[2026-07-18T17:19:58.494+0000][info][gc,marking  ] GC(21) Concurrent Mark From Roots 79.904ms
[2026-07-18T17:19:58.494+0000][info][gc,marking  ] GC(21) Concurrent Preclean
[2026-07-18T17:19:58.494+0000][info][gc,marking  ] GC(21) Concurrent Preclean 0.055ms
[2026-07-18T17:19:58.495+0000][info][gc,start    ] GC(21) Pause Remark
[2026-07-18T17:19:58.496+0000][info][gc          ] GC(21) Pause Remark 1195M->1195M(1500M) 0.764ms
[2026-07-18T17:19:58.496+0000][info][gc,cpu      ] GC(21) User=0.00s Sys=0.00s Real=0.00s
[2026-07-18T17:19:58.496+0000][info][gc,marking  ] GC(21) Concurrent Mark 81.933ms
[2026-07-18T17:19:58.500+0000][info][gc,marking  ] GC(21) Concurrent Rebuild Remembered Sets and Scrub Regions
[2026-07-18T17:19:58.542+0000][info][gc,start    ] GC(22) Pause Young (Normal) (G1 Evacuation Pause)
[2026-07-18T17:19:58.542+0000][info][gc,task     ] GC(22) Using 4 workers of 4 for evacuation
[2026-07-18T17:19:58.543+0000][info][gc,phases   ] GC(22)   Pre Evacuate Collection Set: 0.16ms
[2026-07-18T17:19:58.543+0000][info][gc,phases   ] GC(22)   Merge Heap Roots: 0.04ms
[2026-07-18T17:19:58.543+0000][info][gc,phases   ] GC(22)   Evacuate Collection Set: 0.11ms
[2026-07-18T17:19:58.543+0000][info][gc,phases   ] GC(22)   Post Evacuate Collection Set: 0.25ms
[2026-07-18T17:19:58.543+0000][info][gc,phases   ] GC(22)   Other: 0.07ms
[2026-07-18T17:19:58.543+0000][info][gc,heap     ] GC(22) Eden regions: 690->0(690)
[2026-07-18T17:19:58.543+0000][info][gc,heap     ] GC(22) Survivor regions: 0->0(75)
[2026-07-18T17:19:58.543+0000][info][gc,heap     ] GC(22) Old regions: 705->705
[2026-07-18T17:19:58.543+0000][info][gc,heap     ] GC(22) Humongous regions: 30->30
[2026-07-18T17:19:58.543+0000][info][gc,metaspace] GC(22) Metaspace: 398K(576K)->398K(576K) NonClass: 368K(448K)->368K(448K) Class: 29K(128K)->29K(128K)
[2026-07-18T17:19:58.543+0000][info][gc          ] GC(22) Pause Young (Normal) (G1 Evacuation Pause) 1424M->734M(1500M) 1.145ms
[2026-07-18T17:19:58.543+0000][info][gc,cpu      ] GC(22) User=0.00s Sys=0.00s Real=0.00s
[2026-07-18T17:19:58.551+0000][info][gc,marking  ] GC(21) Concurrent Rebuild Remembered Sets and Scrub Regions 50.739ms
[2026-07-18T17:19:58.554+0000][info][gc,start    ] GC(21) Pause Cleanup
[2026-07-18T17:19:58.554+0000][info][gc          ] GC(21) Pause Cleanup 790M->790M(1500M) 0.237ms
[2026-07-18T17:19:58.554+0000][info][gc,cpu      ] GC(21) User=0.00s Sys=0.00s Real=0.00s
[2026-07-18T17:19:58.554+0000][info][gc,marking  ] GC(21) Concurrent Clear Claimed Marks
[2026-07-18T17:19:58.558+0000][info][gc,marking  ] GC(21) Concurrent Clear Claimed Marks 3.429ms
[2026-07-18T17:19:58.558+0000][info][gc,marking  ] GC(21) Concurrent Cleanup for Next Mark
[2026-07-18T17:19:58.559+0000][info][gc,marking  ] GC(21) Concurrent Cleanup for Next Mark 0.676ms
[2026-07-18T17:19:58.559+0000][info][gc          ] GC(21) Concurrent Mark Cycle 148.645ms
[2026-07-18T17:19:58.656+0000][info][gc,start    ] GC(23) Pause Young (Prepare Mixed) (G1 Evacuation Pause)
[2026-07-18T17:19:58.656+0000][info][gc,task     ] GC(23) Using 4 workers of 4 for evacuation
[2026-07-18T17:19:58.657+0000][info][gc,phases   ] GC(23)   Pre Evacuate Collection Set: 0.16ms
[2026-07-18T17:19:58.657+0000][info][gc,phases   ] GC(23)   Merge Heap Roots: 0.05ms
[2026-07-18T17:19:58.657+0000][info][gc,phases   ] GC(23)   Evacuate Collection Set: 0.10ms
[2026-07-18T17:19:58.657+0000][info][gc,phases   ] GC(23)   Post Evacuate Collection Set: 0.25ms
[2026-07-18T17:19:58.657+0000][info][gc,phases   ] GC(23)   Other: 0.07ms
[2026-07-18T17:19:58.657+0000][info][gc,heap     ] GC(23) Eden regions: 690->0(690)
[2026-07-18T17:19:58.657+0000][info][gc,heap     ] GC(23) Survivor regions: 0->0(75)
[2026-07-18T17:19:58.657+0000][info][gc,heap     ] GC(23) Old regions: 705->705
[2026-07-18T17:19:58.657+0000][info][gc,heap     ] GC(23) Humongous regions: 30->30
[2026-07-18T17:19:58.657+0000][info][gc,metaspace] GC(23) Metaspace: 398K(576K)->398K(576K) NonClass: 368K(448K)->368K(448K) Class: 29K(128K)->29K(128K)
[2026-07-18T17:19:58.657+0000][info][gc          ] GC(23) Pause Young (Prepare Mixed) (G1 Evacuation Pause) 1424M->734M(1500M) 1.049ms
[2026-07-18T17:19:58.657+0000][info][gc,cpu      ] GC(23) User=0.00s Sys=0.00s Real=0.00s
[2026-07-18T17:19:58.764+0000][info][gc,start    ] GC(24) Pause Young (Mixed) (G1 Evacuation Pause)
[2026-07-18T17:19:58.764+0000][info][gc,task     ] GC(24) Using 4 workers of 4 for evacuation
[2026-07-18T17:19:58.765+0000][info][gc,phases   ] GC(24)   Pre Evacuate Collection Set: 0.15ms
[2026-07-18T17:19:58.765+0000][info][gc,phases   ] GC(24)   Merge Heap Roots: 0.09ms
[2026-07-18T17:19:58.765+0000][info][gc,phases   ] GC(24)   Evacuate Collection Set: 0.34ms
[2026-07-18T17:19:58.765+0000][info][gc,phases   ] GC(24)   Post Evacuate Collection Set: 0.24ms
[2026-07-18T17:19:58.766+0000][info][gc,phases   ] GC(24)   Other: 0.06ms
[2026-07-18T17:19:58.766+0000][info][gc,heap     ] GC(24) Eden regions: 690->0(692)
[2026-07-18T17:19:58.766+0000][info][gc,heap     ] GC(24) Survivor regions: 0->0(75)
[2026-07-18T17:19:58.766+0000][info][gc,heap     ] GC(24) Old regions: 705->703
[2026-07-18T17:19:58.766+0000][info][gc,heap     ] GC(24) Humongous regions: 30->30
[2026-07-18T17:19:58.766+0000][info][gc,metaspace] GC(24) Metaspace: 398K(576K)->398K(576K) NonClass: 368K(448K)->368K(448K) Class: 29K(128K)->29K(128K)
[2026-07-18T17:19:58.766+0000][info][gc          ] GC(24) Pause Young (Mixed) (G1 Evacuation Pause) 1424M->732M(1500M) 1.359ms
[2026-07-18T17:19:58.766+0000][info][gc,cpu      ] GC(24) User=0.00s Sys=0.01s Real=0.00s
[2026-07-18T17:19:58.873+0000][info][gc,start    ] GC(25) Pause Young (Concurrent Start) (G1 Evacuation Pause)
[2026-07-18T17:19:58.873+0000][info][gc,task     ] GC(25) Using 4 workers of 4 for evacuation
[2026-07-18T17:19:58.874+0000][info][gc,phases   ] GC(25)   Pre Evacuate Collection Set: 0.22ms
[2026-07-18T17:19:58.874+0000][info][gc,phases   ] GC(25)   Merge Heap Roots: 0.07ms
[2026-07-18T17:19:58.874+0000][info][gc,phases   ] GC(25)   Evacuate Collection Set: 0.14ms
[2026-07-18T17:19:58.874+0000][info][gc,phases   ] GC(25)   Post Evacuate Collection Set: 0.25ms
[2026-07-18T17:19:58.874+0000][info][gc,phases   ] GC(25)   Other: 0.10ms
[2026-07-18T17:19:58.874+0000][info][gc,heap     ] GC(25) Eden regions: 692->0(692)
[2026-07-18T17:19:58.874+0000][info][gc,heap     ] GC(25) Survivor regions: 0->0(75)
[2026-07-18T17:19:58.874+0000][info][gc,heap     ] GC(25) Old regions: 703->703
[2026-07-18T17:19:58.874+0000][info][gc,heap     ] GC(25) Humongous regions: 30->30
[2026-07-18T17:19:58.874+0000][info][gc,metaspace] GC(25) Metaspace: 398K(576K)->398K(576K) NonClass: 368K(448K)->368K(448K) Class: 29K(128K)->29K(128K)
[2026-07-18T17:19:58.874+0000][info][gc          ] GC(25) Pause Young (Concurrent Start) (G1 Evacuation Pause) 1424M->732M(1500M) 1.170ms
[2026-07-18T17:19:58.874+0000][info][gc,cpu      ] GC(25) User=0.00s Sys=0.00s Real=0.01s
[2026-07-18T17:19:58.874+0000][info][gc          ] GC(26) Concurrent Mark Cycle
[2026-07-18T17:19:58.878+0000][info][gc,marking  ] GC(26) Concurrent Scan Root Regions
[2026-07-18T17:19:58.878+0000][info][gc,marking  ] GC(26) Concurrent Scan Root Regions 0.053ms
[2026-07-18T17:19:58.878+0000][info][gc,marking  ] GC(26) Concurrent Mark
[2026-07-18T17:19:58.878+0000][info][gc,marking  ] GC(26) Concurrent Mark From Roots
[2026-07-18T17:19:58.878+0000][info][gc,task     ] GC(26) Using 1 workers of 1 for marking
[2026-07-18T17:19:58.958+0000][info][gc,marking  ] GC(26) Concurrent Mark From Roots 79.683ms
[2026-07-18T17:19:58.958+0000][info][gc,marking  ] GC(26) Concurrent Preclean
[2026-07-18T17:19:58.958+0000][info][gc,marking  ] GC(26) Concurrent Preclean 0.057ms
[2026-07-18T17:19:58.959+0000][info][gc,start    ] GC(26) Pause Remark
[2026-07-18T17:19:58.960+0000][info][gc          ] GC(26) Pause Remark 1178M->1178M(1500M) 0.465ms
[2026-07-18T17:19:58.960+0000][info][gc,cpu      ] GC(26) User=0.01s Sys=0.00s Real=0.00s
[2026-07-18T17:19:58.960+0000][info][gc,marking  ] GC(26) Concurrent Mark 81.695ms
[2026-07-18T17:19:58.963+0000][info][gc,marking  ] GC(26) Concurrent Rebuild Remembered Sets and Scrub Regions
[2026-07-18T17:19:59.004+0000][info][gc,start    ] GC(27) Pause Young (Normal) (G1 Evacuation Pause)
[2026-07-18T17:19:59.004+0000][info][gc,task     ] GC(27) Using 4 workers of 4 for evacuation
[2026-07-18T17:19:59.005+0000][info][gc,phases   ] GC(27)   Pre Evacuate Collection Set: 0.16ms
[2026-07-18T17:19:59.005+0000][info][gc,phases   ] GC(27)   Merge Heap Roots: 0.07ms
[2026-07-18T17:19:59.005+0000][info][gc,phases   ] GC(27)   Evacuate Collection Set: 0.10ms
[2026-07-18T17:19:59.005+0000][info][gc,phases   ] GC(27)   Post Evacuate Collection Set: 0.24ms
[2026-07-18T17:19:59.005+0000][info][gc,phases   ] GC(27)   Other: 0.07ms
[2026-07-18T17:19:59.005+0000][info][gc,heap     ] GC(27) Eden regions: 692->0(692)
[2026-07-18T17:19:59.005+0000][info][gc,heap     ] GC(27) Survivor regions: 0->0(75)
[2026-07-18T17:19:59.005+0000][info][gc,heap     ] GC(27) Old regions: 703->703
[2026-07-18T17:19:59.005+0000][info][gc,heap     ] GC(27) Humongous regions: 30->30
[2026-07-18T17:19:59.005+0000][info][gc,metaspace] GC(27) Metaspace: 398K(576K)->398K(576K) NonClass: 368K(448K)->368K(448K) Class: 29K(128K)->29K(128K)
[2026-07-18T17:19:59.005+0000][info][gc          ] GC(27) Pause Young (Normal) (G1 Evacuation Pause) 1424M->732M(1500M) 1.075ms
[2026-07-18T17:19:59.005+0000][info][gc,cpu      ] GC(27) User=0.00s Sys=0.00s Real=0.00s
[2026-07-18T17:19:59.011+0000][info][gc,marking  ] GC(26) Concurrent Rebuild Remembered Sets and Scrub Regions 48.557ms
[2026-07-18T17:19:59.014+0000][info][gc,start    ] GC(26) Pause Cleanup
[2026-07-18T17:19:59.014+0000][info][gc          ] GC(26) Pause Cleanup 775M->775M(1500M) 0.165ms
[2026-07-18T17:19:59.014+0000][info][gc,cpu      ] GC(26) User=0.00s Sys=0.00s Real=0.00s
[2026-07-18T17:19:59.014+0000][info][gc,marking  ] GC(26) Concurrent Clear Claimed Marks
[2026-07-18T17:19:59.018+0000][info][gc,marking  ] GC(26) Concurrent Clear Claimed Marks 3.516ms
[2026-07-18T17:19:59.018+0000][info][gc,marking  ] GC(26) Concurrent Cleanup for Next Mark
[2026-07-18T17:19:59.019+0000][info][gc,marking  ] GC(26) Concurrent Cleanup for Next Mark 0.701ms
[2026-07-18T17:19:59.019+0000][info][gc          ] GC(26) Concurrent Mark Cycle 144.311ms
[2026-07-18T17:19:59.114+0000][info][gc,start    ] GC(28) Pause Young (Prepare Mixed) (G1 Evacuation Pause)
[2026-07-18T17:19:59.114+0000][info][gc,task     ] GC(28) Using 4 workers of 4 for evacuation
[2026-07-18T17:19:59.115+0000][info][gc,phases   ] GC(28)   Pre Evacuate Collection Set: 0.15ms
[2026-07-18T17:19:59.115+0000][info][gc,phases   ] GC(28)   Merge Heap Roots: 0.05ms
[2026-07-18T17:19:59.115+0000][info][gc,phases   ] GC(28)   Evacuate Collection Set: 0.13ms
[2026-07-18T17:19:59.115+0000][info][gc,phases   ] GC(28)   Post Evacuate Collection Set: 0.31ms
[2026-07-18T17:19:59.115+0000][info][gc,phases   ] GC(28)   Other: 0.07ms
[2026-07-18T17:19:59.115+0000][info][gc,heap     ] GC(28) Eden regions: 692->0(692)
[2026-07-18T17:19:59.115+0000][info][gc,heap     ] GC(28) Survivor regions: 0->0(75)
[2026-07-18T17:19:59.115+0000][info][gc,heap     ] GC(28) Old regions: 703->703
[2026-07-18T17:19:59.115+0000][info][gc,heap     ] GC(28) Humongous regions: 30->30
[2026-07-18T17:19:59.115+0000][info][gc,metaspace] GC(28) Metaspace: 398K(576K)->398K(576K) NonClass: 368K(448K)->368K(448K) Class: 29K(128K)->29K(128K)
[2026-07-18T17:19:59.115+0000][info][gc          ] GC(28) Pause Young (Prepare Mixed) (G1 Evacuation Pause) 1424M->732M(1500M) 1.167ms
[2026-07-18T17:19:59.115+0000][info][gc,cpu      ] GC(28) User=0.00s Sys=0.00s Real=0.00s
[2026-07-18T17:19:59.224+0000][info][gc,start    ] GC(29) Pause Young (Mixed) (G1 Evacuation Pause)
[2026-07-18T17:19:59.224+0000][info][gc,task     ] GC(29) Using 4 workers of 4 for evacuation
[2026-07-18T17:19:59.225+0000][info][gc,phases   ] GC(29)   Pre Evacuate Collection Set: 0.16ms
[2026-07-18T17:19:59.225+0000][info][gc,phases   ] GC(29)   Merge Heap Roots: 0.07ms
[2026-07-18T17:19:59.225+0000][info][gc,phases   ] GC(29)   Evacuate Collection Set: 0.34ms
[2026-07-18T17:19:59.225+0000][info][gc,phases   ] GC(29)   Post Evacuate Collection Set: 0.25ms
[2026-07-18T17:19:59.225+0000][info][gc,phases   ] GC(29)   Other: 0.07ms
[2026-07-18T17:19:59.225+0000][info][gc,heap     ] GC(29) Eden regions: 692->0(693)
[2026-07-18T17:19:59.225+0000][info][gc,heap     ] GC(29) Survivor regions: 0->0(75)
[2026-07-18T17:19:59.225+0000][info][gc,heap     ] GC(29) Old regions: 703->702
[2026-07-18T17:19:59.225+0000][info][gc,heap     ] GC(29) Humongous regions: 30->30
[2026-07-18T17:19:59.225+0000][info][gc,metaspace] GC(29) Metaspace: 398K(576K)->398K(576K) NonClass: 368K(448K)->368K(448K) Class: 29K(128K)->29K(128K)
[2026-07-18T17:19:59.225+0000][info][gc          ] GC(29) Pause Young (Mixed) (G1 Evacuation Pause) 1424M->731M(1500M) 1.273ms
[2026-07-18T17:19:59.225+0000][info][gc,cpu      ] GC(29) User=0.00s Sys=0.00s Real=0.00s
[2026-07-18T17:19:59.335+0000][info][gc,start    ] GC(30) Pause Young (Concurrent Start) (G1 Evacuation Pause)
[2026-07-18T17:19:59.335+0000][info][gc,task     ] GC(30) Using 4 workers of 4 for evacuation
[2026-07-18T17:19:59.336+0000][info][gc,phases   ] GC(30)   Pre Evacuate Collection Set: 0.16ms
[2026-07-18T17:19:59.336+0000][info][gc,phases   ] GC(30)   Merge Heap Roots: 0.09ms
[2026-07-18T17:19:59.336+0000][info][gc,phases   ] GC(30)   Evacuate Collection Set: 0.10ms
[2026-07-18T17:19:59.336+0000][info][gc,phases   ] GC(30)   Post Evacuate Collection Set: 0.24ms
[2026-07-18T17:19:59.336+0000][info][gc,phases   ] GC(30)   Other: 0.15ms
[2026-07-18T17:19:59.336+0000][info][gc,heap     ] GC(30) Eden regions: 693->0(693)
[2026-07-18T17:19:59.336+0000][info][gc,heap     ] GC(30) Survivor regions: 0->0(75)
[2026-07-18T17:19:59.336+0000][info][gc,heap     ] GC(30) Old regions: 702->702
[2026-07-18T17:19:59.336+0000][info][gc,heap     ] GC(30) Humongous regions: 30->30
[2026-07-18T17:19:59.336+0000][info][gc,metaspace] GC(30) Metaspace: 398K(576K)->398K(576K) NonClass: 368K(448K)->368K(448K) Class: 29K(128K)->29K(128K)
[2026-07-18T17:19:59.336+0000][info][gc          ] GC(30) Pause Young (Concurrent Start) (G1 Evacuation Pause) 1424M->731M(1500M) 1.129ms
[2026-07-18T17:19:59.336+0000][info][gc,cpu      ] GC(30) User=0.00s Sys=0.00s Real=0.00s
[2026-07-18T17:19:59.336+0000][info][gc          ] GC(31) Concurrent Mark Cycle
[2026-07-18T17:19:59.340+0000][info][gc,marking  ] GC(31) Concurrent Scan Root Regions
[2026-07-18T17:19:59.340+0000][info][gc,marking  ] GC(31) Concurrent Scan Root Regions 0.064ms
[2026-07-18T17:19:59.340+0000][info][gc,marking  ] GC(31) Concurrent Mark
[2026-07-18T17:19:59.340+0000][info][gc,marking  ] GC(31) Concurrent Mark From Roots
[2026-07-18T17:19:59.340+0000][info][gc,task     ] GC(31) Using 1 workers of 1 for marking
[2026-07-18T17:19:59.418+0000][info][gc,marking  ] GC(31) Concurrent Mark From Roots 78.255ms
[2026-07-18T17:19:59.418+0000][info][gc,marking  ] GC(31) Concurrent Preclean
[2026-07-18T17:19:59.418+0000][info][gc,marking  ] GC(31) Concurrent Preclean 0.049ms
[2026-07-18T17:19:59.419+0000][info][gc,start    ] GC(31) Pause Remark
[2026-07-18T17:19:59.419+0000][info][gc          ] GC(31) Pause Remark 1201M->1201M(1500M) 0.468ms
[2026-07-18T17:19:59.419+0000][info][gc,cpu      ] GC(31) User=0.00s Sys=0.00s Real=0.00s
[2026-07-18T17:19:59.419+0000][info][gc,marking  ] GC(31) Concurrent Mark 79.538ms
[2026-07-18T17:19:59.423+0000][info][gc,marking  ] GC(31) Concurrent Rebuild Remembered Sets and Scrub Regions
[2026-07-18T17:19:59.459+0000][info][gc,start    ] GC(32) Pause Young (Normal) (G1 Evacuation Pause)
[2026-07-18T17:19:59.459+0000][info][gc,task     ] GC(32) Using 4 workers of 4 for evacuation
[2026-07-18T17:19:59.460+0000][info][gc,phases   ] GC(32)   Pre Evacuate Collection Set: 0.17ms
[2026-07-18T17:19:59.460+0000][info][gc,phases   ] GC(32)   Merge Heap Roots: 0.04ms
[2026-07-18T17:19:59.460+0000][info][gc,phases   ] GC(32)   Evacuate Collection Set: 0.11ms
[2026-07-18T17:19:59.460+0000][info][gc,phases   ] GC(32)   Post Evacuate Collection Set: 0.25ms
[2026-07-18T17:19:59.460+0000][info][gc,phases   ] GC(32)   Other: 0.07ms
[2026-07-18T17:19:59.460+0000][info][gc,heap     ] GC(32) Eden regions: 693->0(693)
[2026-07-18T17:19:59.460+0000][info][gc,heap     ] GC(32) Survivor regions: 0->0(75)
[2026-07-18T17:19:59.460+0000][info][gc,heap     ] GC(32) Old regions: 702->702
[2026-07-18T17:19:59.460+0000][info][gc,heap     ] GC(32) Humongous regions: 30->30
[2026-07-18T17:19:59.460+0000][info][gc,metaspace] GC(32) Metaspace: 398K(576K)->398K(576K) NonClass: 368K(448K)->368K(448K) Class: 29K(128K)->29K(128K)
[2026-07-18T17:19:59.460+0000][info][gc          ] GC(32) Pause Young (Normal) (G1 Evacuation Pause) 1424M->731M(1500M) 1.016ms
[2026-07-18T17:19:59.460+0000][info][gc,cpu      ] GC(32) User=0.00s Sys=0.00s Real=0.00s
[2026-07-18T17:19:59.473+0000][info][gc,marking  ] GC(31) Concurrent Rebuild Remembered Sets and Scrub Regions 50.228ms
[2026-07-18T17:19:59.477+0000][info][gc,start    ] GC(31) Pause Cleanup
[2026-07-18T17:19:59.477+0000][info][gc          ] GC(31) Pause Cleanup 818M->818M(1500M) 0.162ms
[2026-07-18T17:19:59.477+0000][info][gc,cpu      ] GC(31) User=0.00s Sys=0.00s Real=0.00s
[2026-07-18T17:19:59.477+0000][info][gc,marking  ] GC(31) Concurrent Clear Claimed Marks
[2026-07-18T17:19:59.481+0000][info][gc,marking  ] GC(31) Concurrent Clear Claimed Marks 3.452ms
[2026-07-18T17:19:59.481+0000][info][gc,marking  ] GC(31) Concurrent Cleanup for Next Mark
[2026-07-18T17:19:59.482+0000][info][gc,marking  ] GC(31) Concurrent Cleanup for Next Mark 0.691ms
[2026-07-18T17:19:59.482+0000][info][gc          ] GC(31) Concurrent Mark Cycle 145.590ms
[2026-07-18T17:19:59.569+0000][info][gc,start    ] GC(33) Pause Young (Prepare Mixed) (G1 Evacuation Pause)
[2026-07-18T17:19:59.569+0000][info][gc,task     ] GC(33) Using 4 workers of 4 for evacuation
[2026-07-18T17:19:59.569+0000][info][gc,phases   ] GC(33)   Pre Evacuate Collection Set: 0.19ms
[2026-07-18T17:19:59.569+0000][info][gc,phases   ] GC(33)   Merge Heap Roots: 0.09ms
[2026-07-18T17:19:59.569+0000][info][gc,phases   ] GC(33)   Evacuate Collection Set: 0.10ms
[2026-07-18T17:19:59.569+0000][info][gc,phases   ] GC(33)   Post Evacuate Collection Set: 0.25ms
[2026-07-18T17:19:59.569+0000][info][gc,phases   ] GC(33)   Other: 0.07ms
[2026-07-18T17:19:59.569+0000][info][gc,heap     ] GC(33) Eden regions: 693->0(693)
[2026-07-18T17:19:59.569+0000][info][gc,heap     ] GC(33) Survivor regions: 0->0(75)
[2026-07-18T17:19:59.570+0000][info][gc,heap     ] GC(33) Old regions: 702->702
[2026-07-18T17:19:59.570+0000][info][gc,heap     ] GC(33) Humongous regions: 30->30
[2026-07-18T17:19:59.570+0000][info][gc,metaspace] GC(33) Metaspace: 398K(576K)->398K(576K) NonClass: 368K(448K)->368K(448K) Class: 29K(128K)->29K(128K)
[2026-07-18T17:19:59.570+0000][info][gc          ] GC(33) Pause Young (Prepare Mixed) (G1 Evacuation Pause) 1424M->731M(1500M) 1.076ms
[2026-07-18T17:19:59.570+0000][info][gc,cpu      ] GC(33) User=0.00s Sys=0.00s Real=0.00s
[2026-07-18T17:19:59.676+0000][info][gc,start    ] GC(34) Pause Young (Mixed) (G1 Evacuation Pause)
[2026-07-18T17:19:59.676+0000][info][gc,task     ] GC(34) Using 4 workers of 4 for evacuation
[2026-07-18T17:19:59.678+0000][info][gc,phases   ] GC(34)   Pre Evacuate Collection Set: 0.16ms
[2026-07-18T17:19:59.678+0000][info][gc,phases   ] GC(34)   Merge Heap Roots: 0.07ms
[2026-07-18T17:19:59.678+0000][info][gc,phases   ] GC(34)   Evacuate Collection Set: 0.59ms
[2026-07-18T17:19:59.678+0000][info][gc,phases   ] GC(34)   Post Evacuate Collection Set: 0.25ms
[2026-07-18T17:19:59.678+0000][info][gc,phases   ] GC(34)   Other: 0.08ms
[2026-07-18T17:19:59.678+0000][info][gc,heap     ] GC(34) Eden regions: 693->0(694)
[2026-07-18T17:19:59.678+0000][info][gc,heap     ] GC(34) Survivor regions: 0->0(75)
[2026-07-18T17:19:59.678+0000][info][gc,heap     ] GC(34) Old regions: 702->701
[2026-07-18T17:19:59.678+0000][info][gc,heap     ] GC(34) Humongous regions: 30->30
[2026-07-18T17:19:59.678+0000][info][gc,metaspace] GC(34) Metaspace: 398K(576K)->398K(576K) NonClass: 368K(448K)->368K(448K) Class: 29K(128K)->29K(128K)
[2026-07-18T17:19:59.678+0000][info][gc          ] GC(34) Pause Young (Mixed) (G1 Evacuation Pause) 1424M->730M(1500M) 1.537ms
[2026-07-18T17:19:59.678+0000][info][gc,cpu      ] GC(34) User=0.00s Sys=0.00s Real=0.00s
[2026-07-18T17:19:59.787+0000][info][gc,start    ] GC(35) Pause Young (Concurrent Start) (G1 Evacuation Pause)
[2026-07-18T17:19:59.787+0000][info][gc,task     ] GC(35) Using 4 workers of 4 for evacuation
[2026-07-18T17:19:59.787+0000][info][gc,phases   ] GC(35)   Pre Evacuate Collection Set: 0.18ms
[2026-07-18T17:19:59.787+0000][info][gc,phases   ] GC(35)   Merge Heap Roots: 0.07ms
[2026-07-18T17:19:59.788+0000][info][gc,phases   ] GC(35)   Evacuate Collection Set: 0.11ms
[2026-07-18T17:19:59.788+0000][info][gc,phases   ] GC(35)   Post Evacuate Collection Set: 0.24ms
[2026-07-18T17:19:59.788+0000][info][gc,phases   ] GC(35)   Other: 0.10ms
[2026-07-18T17:19:59.788+0000][info][gc,heap     ] GC(35) Eden regions: 694->0(694)
[2026-07-18T17:19:59.788+0000][info][gc,heap     ] GC(35) Survivor regions: 0->0(75)
[2026-07-18T17:19:59.788+0000][info][gc,heap     ] GC(35) Old regions: 701->701
[2026-07-18T17:19:59.788+0000][info][gc,heap     ] GC(35) Humongous regions: 30->30
[2026-07-18T17:19:59.788+0000][info][gc,metaspace] GC(35) Metaspace: 398K(576K)->398K(576K) NonClass: 368K(448K)->368K(448K) Class: 29K(128K)->29K(128K)
[2026-07-18T17:19:59.788+0000][info][gc          ] GC(35) Pause Young (Concurrent Start) (G1 Evacuation Pause) 1424M->730M(1500M) 1.182ms
[2026-07-18T17:19:59.788+0000][info][gc,cpu      ] GC(35) User=0.00s Sys=0.00s Real=0.00s
[2026-07-18T17:19:59.788+0000][info][gc          ] GC(36) Concurrent Mark Cycle
[2026-07-18T17:19:59.792+0000][info][gc,marking  ] GC(36) Concurrent Scan Root Regions
[2026-07-18T17:19:59.792+0000][info][gc,marking  ] GC(36) Concurrent Scan Root Regions 0.068ms
[2026-07-18T17:19:59.792+0000][info][gc,marking  ] GC(36) Concurrent Mark
[2026-07-18T17:19:59.792+0000][info][gc,marking  ] GC(36) Concurrent Mark From Roots
[2026-07-18T17:19:59.792+0000][info][gc,task     ] GC(36) Using 1 workers of 1 for marking
[2026-07-18T17:19:59.871+0000][info][gc,marking  ] GC(36) Concurrent Mark From Roots 78.544ms
[2026-07-18T17:19:59.871+0000][info][gc,marking  ] GC(36) Concurrent Preclean
[2026-07-18T17:19:59.871+0000][info][gc,marking  ] GC(36) Concurrent Preclean 0.048ms
[2026-07-18T17:19:59.871+0000][info][gc,start    ] GC(36) Pause Remark
[2026-07-18T17:19:59.871+0000][info][gc          ] GC(36) Pause Remark 1167M->1167M(1500M) 0.483ms
[2026-07-18T17:19:59.871+0000][info][gc,cpu      ] GC(36) User=0.00s Sys=0.00s Real=0.00s
[2026-07-18T17:19:59.871+0000][info][gc,marking  ] GC(36) Concurrent Mark 79.473ms
[2026-07-18T17:19:59.875+0000][info][gc,marking  ] GC(36) Concurrent Rebuild Remembered Sets and Scrub Regions
[2026-07-18T17:19:59.921+0000][info][gc,start    ] GC(37) Pause Young (Normal) (G1 Evacuation Pause)
[2026-07-18T17:19:59.921+0000][info][gc,task     ] GC(37) Using 4 workers of 4 for evacuation
[2026-07-18T17:19:59.921+0000][info][gc,phases   ] GC(37)   Pre Evacuate Collection Set: 0.16ms
[2026-07-18T17:19:59.922+0000][info][gc,phases   ] GC(37)   Merge Heap Roots: 0.05ms
[2026-07-18T17:19:59.922+0000][info][gc,phases   ] GC(37)   Evacuate Collection Set: 0.11ms
[2026-07-18T17:19:59.922+0000][info][gc,phases   ] GC(37)   Post Evacuate Collection Set: 0.24ms
[2026-07-18T17:19:59.922+0000][info][gc,phases   ] GC(37)   Other: 0.07ms
[2026-07-18T17:19:59.922+0000][info][gc,heap     ] GC(37) Eden regions: 694->0(694)
[2026-07-18T17:19:59.922+0000][info][gc,heap     ] GC(37) Survivor regions: 0->0(75)
[2026-07-18T17:19:59.922+0000][info][gc,heap     ] GC(37) Old regions: 701->701
[2026-07-18T17:19:59.922+0000][info][gc,heap     ] GC(37) Humongous regions: 30->30
[2026-07-18T17:19:59.922+0000][info][gc,metaspace] GC(37) Metaspace: 398K(576K)->398K(576K) NonClass: 368K(448K)->368K(448K) Class: 29K(128K)->29K(128K)
[2026-07-18T17:19:59.922+0000][info][gc          ] GC(37) Pause Young (Normal) (G1 Evacuation Pause) 1424M->730M(1500M) 1.035ms
[2026-07-18T17:19:59.922+0000][info][gc,cpu      ] GC(37) User=0.00s Sys=0.00s Real=0.00s
[2026-07-18T17:19:59.928+0000][info][gc,marking  ] GC(36) Concurrent Rebuild Remembered Sets and Scrub Regions 52.783ms
[2026-07-18T17:19:59.931+0000][info][gc,start    ] GC(36) Pause Cleanup
[2026-07-18T17:19:59.931+0000][info][gc          ] GC(36) Pause Cleanup 774M->774M(1500M) 0.290ms
[2026-07-18T17:19:59.931+0000][info][gc,cpu      ] GC(36) User=0.00s Sys=0.00s Real=0.00s
[2026-07-18T17:19:59.931+0000][info][gc,marking  ] GC(36) Concurrent Clear Claimed Marks
[2026-07-18T17:19:59.935+0000][info][gc,marking  ] GC(36) Concurrent Clear Claimed Marks 3.345ms
[2026-07-18T17:19:59.935+0000][info][gc,marking  ] GC(36) Concurrent Cleanup for Next Mark
[2026-07-18T17:19:59.936+0000][info][gc,marking  ] GC(36) Concurrent Cleanup for Next Mark 0.701ms
[2026-07-18T17:19:59.936+0000][info][gc          ] GC(36) Concurrent Mark Cycle 147.815ms
[2026-07-18T17:20:00.035+0000][info][gc,start    ] GC(38) Pause Young (Prepare Mixed) (G1 Evacuation Pause)
[2026-07-18T17:20:00.035+0000][info][gc,task     ] GC(38) Using 4 workers of 4 for evacuation
[2026-07-18T17:20:00.036+0000][info][gc,phases   ] GC(38)   Pre Evacuate Collection Set: 0.16ms
[2026-07-18T17:20:00.036+0000][info][gc,phases   ] GC(38)   Merge Heap Roots: 0.05ms
[2026-07-18T17:20:00.036+0000][info][gc,phases   ] GC(38)   Evacuate Collection Set: 0.10ms
[2026-07-18T17:20:00.036+0000][info][gc,phases   ] GC(38)   Post Evacuate Collection Set: 0.24ms
[2026-07-18T17:20:00.036+0000][info][gc,phases   ] GC(38)   Other: 0.07ms
[2026-07-18T17:20:00.036+0000][info][gc,heap     ] GC(38) Eden regions: 694->0(694)
[2026-07-18T17:20:00.036+0000][info][gc,heap     ] GC(38) Survivor regions: 0->0(75)
[2026-07-18T17:20:00.036+0000][info][gc,heap     ] GC(38) Old regions: 701->701
[2026-07-18T17:20:00.036+0000][info][gc,heap     ] GC(38) Humongous regions: 30->30
[2026-07-18T17:20:00.036+0000][info][gc,metaspace] GC(38) Metaspace: 398K(576K)->398K(576K) NonClass: 368K(448K)->368K(448K) Class: 29K(128K)->29K(128K)
[2026-07-18T17:20:00.036+0000][info][gc          ] GC(38) Pause Young (Prepare Mixed) (G1 Evacuation Pause) 1424M->730M(1500M) 1.073ms
[2026-07-18T17:20:00.036+0000][info][gc,cpu      ] GC(38) User=0.00s Sys=0.00s Real=0.00s
[2026-07-18T17:20:00.146+0000][info][gc,start    ] GC(39) Pause Young (Mixed) (G1 Evacuation Pause)
[2026-07-18T17:20:00.146+0000][info][gc,task     ] GC(39) Using 4 workers of 4 for evacuation
[2026-07-18T17:20:00.148+0000][info][gc,phases   ] GC(39)   Pre Evacuate Collection Set: 0.16ms
[2026-07-18T17:20:00.148+0000][info][gc,phases   ] GC(39)   Merge Heap Roots: 0.07ms
[2026-07-18T17:20:00.148+0000][info][gc,phases   ] GC(39)   Evacuate Collection Set: 0.57ms
[2026-07-18T17:20:00.148+0000][info][gc,phases   ] GC(39)   Post Evacuate Collection Set: 0.24ms
[2026-07-18T17:20:00.148+0000][info][gc,phases   ] GC(39)   Other: 0.07ms
[2026-07-18T17:20:00.148+0000][info][gc,heap     ] GC(39) Eden regions: 694->0(695)
[2026-07-18T17:20:00.148+0000][info][gc,heap     ] GC(39) Survivor regions: 0->0(75)
[2026-07-18T17:20:00.148+0000][info][gc,heap     ] GC(39) Old regions: 701->700
[2026-07-18T17:20:00.148+0000][info][gc,heap     ] GC(39) Humongous regions: 30->30
[2026-07-18T17:20:00.148+0000][info][gc,metaspace] GC(39) Metaspace: 398K(576K)->398K(576K) NonClass: 368K(448K)->368K(448K) Class: 29K(128K)->29K(128K)
[2026-07-18T17:20:00.148+0000][info][gc          ] GC(39) Pause Young (Mixed) (G1 Evacuation Pause) 1424M->729M(1500M) 1.483ms
[2026-07-18T17:20:00.148+0000][info][gc,cpu      ] GC(39) User=0.00s Sys=0.00s Real=0.00s
[2026-07-18T17:20:00.257+0000][info][gc,start    ] GC(40) Pause Young (Concurrent Start) (G1 Evacuation Pause)
[2026-07-18T17:20:00.257+0000][info][gc,task     ] GC(40) Using 4 workers of 4 for evacuation
[2026-07-18T17:20:00.258+0000][info][gc,phases   ] GC(40)   Pre Evacuate Collection Set: 0.22ms
[2026-07-18T17:20:00.258+0000][info][gc,phases   ] GC(40)   Merge Heap Roots: 0.09ms
[2026-07-18T17:20:00.258+0000][info][gc,phases   ] GC(40)   Evacuate Collection Set: 0.11ms
[2026-07-18T17:20:00.258+0000][info][gc,phases   ] GC(40)   Post Evacuate Collection Set: 0.24ms
[2026-07-18T17:20:00.258+0000][info][gc,phases   ] GC(40)   Other: 0.10ms
[2026-07-18T17:20:00.258+0000][info][gc,heap     ] GC(40) Eden regions: 695->0(695)
[2026-07-18T17:20:00.258+0000][info][gc,heap     ] GC(40) Survivor regions: 0->0(75)
[2026-07-18T17:20:00.258+0000][info][gc,heap     ] GC(40) Old regions: 700->700
[2026-07-18T17:20:00.258+0000][info][gc,heap     ] GC(40) Humongous regions: 30->30
[2026-07-18T17:20:00.258+0000][info][gc,metaspace] GC(40) Metaspace: 398K(576K)->398K(576K) NonClass: 368K(448K)->368K(448K) Class: 29K(128K)->29K(128K)
[2026-07-18T17:20:00.258+0000][info][gc          ] GC(40) Pause Young (Concurrent Start) (G1 Evacuation Pause) 1424M->729M(1500M) 1.137ms
[2026-07-18T17:20:00.258+0000][info][gc,cpu      ] GC(40) User=0.00s Sys=0.00s Real=0.00s
[2026-07-18T17:20:00.258+0000][info][gc          ] GC(41) Concurrent Mark Cycle
[2026-07-18T17:20:00.262+0000][info][gc,marking  ] GC(41) Concurrent Scan Root Regions
[2026-07-18T17:20:00.262+0000][info][gc,marking  ] GC(41) Concurrent Scan Root Regions 0.060ms
[2026-07-18T17:20:00.262+0000][info][gc,marking  ] GC(41) Concurrent Mark
[2026-07-18T17:20:00.262+0000][info][gc,marking  ] GC(41) Concurrent Mark From Roots
[2026-07-18T17:20:00.262+0000][info][gc,task     ] GC(41) Using 1 workers of 1 for marking
[2026-07-18T17:20:00.341+0000][info][gc,marking  ] GC(41) Concurrent Mark From Roots 78.784ms
[2026-07-18T17:20:00.341+0000][info][gc,marking  ] GC(41) Concurrent Preclean
[2026-07-18T17:20:00.341+0000][info][gc,marking  ] GC(41) Concurrent Preclean 0.049ms
[2026-07-18T17:20:00.342+0000][info][gc,start    ] GC(41) Pause Remark
[2026-07-18T17:20:00.342+0000][info][gc          ] GC(41) Pause Remark 1195M->1195M(1500M) 0.462ms
[2026-07-18T17:20:00.343+0000][info][gc,cpu      ] GC(41) User=0.00s Sys=0.00s Real=0.00s
[2026-07-18T17:20:00.343+0000][info][gc,marking  ] GC(41) Concurrent Mark 80.588ms
[2026-07-18T17:20:00.346+0000][info][gc,marking  ] GC(41) Concurrent Rebuild Remembered Sets and Scrub Regions
[2026-07-18T17:20:00.384+0000][info][gc,start    ] GC(42) Pause Young (Normal) (G1 Evacuation Pause)
[2026-07-18T17:20:00.384+0000][info][gc,task     ] GC(42) Using 4 workers of 4 for evacuation
[2026-07-18T17:20:00.385+0000][info][gc,phases   ] GC(42)   Pre Evacuate Collection Set: 0.17ms
[2026-07-18T17:20:00.385+0000][info][gc,phases   ] GC(42)   Merge Heap Roots: 0.04ms
[2026-07-18T17:20:00.385+0000][info][gc,phases   ] GC(42)   Evacuate Collection Set: 0.11ms
[2026-07-18T17:20:00.385+0000][info][gc,phases   ] GC(42)   Post Evacuate Collection Set: 0.25ms
[2026-07-18T17:20:00.385+0000][info][gc,phases   ] GC(42)   Other: 0.06ms
[2026-07-18T17:20:00.385+0000][info][gc,heap     ] GC(42) Eden regions: 695->0(695)
[2026-07-18T17:20:00.385+0000][info][gc,heap     ] GC(42) Survivor regions: 0->0(75)
[2026-07-18T17:20:00.385+0000][info][gc,heap     ] GC(42) Old regions: 700->700
[2026-07-18T17:20:00.385+0000][info][gc,heap     ] GC(42) Humongous regions: 30->30
[2026-07-18T17:20:00.385+0000][info][gc,metaspace] GC(42) Metaspace: 398K(576K)->398K(576K) NonClass: 368K(448K)->368K(448K) Class: 29K(128K)->29K(128K)
[2026-07-18T17:20:00.385+0000][info][gc          ] GC(42) Pause Young (Normal) (G1 Evacuation Pause) 1424M->729M(1500M) 1.016ms
[2026-07-18T17:20:00.385+0000][info][gc,cpu      ] GC(42) User=0.00s Sys=0.00s Real=0.00s
[2026-07-18T17:20:00.396+0000][info][gc,marking  ] GC(41) Concurrent Rebuild Remembered Sets and Scrub Regions 50.470ms
[2026-07-18T17:20:00.401+0000][info][gc,start    ] GC(41) Pause Cleanup
[2026-07-18T17:20:00.401+0000][info][gc          ] GC(41) Pause Cleanup 808M->808M(1500M) 0.209ms
[2026-07-18T17:20:00.401+0000][info][gc,cpu      ] GC(41) User=0.00s Sys=0.00s Real=0.00s
[2026-07-18T17:20:00.401+0000][info][gc,marking  ] GC(41) Concurrent Clear Claimed Marks
[2026-07-18T17:20:00.405+0000][info][gc,marking  ] GC(41) Concurrent Clear Claimed Marks 3.450ms
[2026-07-18T17:20:00.405+0000][info][gc,marking  ] GC(41) Concurrent Cleanup for Next Mark
[2026-07-18T17:20:00.406+0000][info][gc,marking  ] GC(41) Concurrent Cleanup for Next Mark 0.700ms
[2026-07-18T17:20:00.406+0000][info][gc          ] GC(41) Concurrent Mark Cycle 147.549ms
[2026-07-18T17:20:00.496+0000][info][gc,start    ] GC(43) Pause Young (Prepare Mixed) (G1 Evacuation Pause)
[2026-07-18T17:20:00.496+0000][info][gc,task     ] GC(43) Using 4 workers of 4 for evacuation
[2026-07-18T17:20:00.496+0000][info][gc,phases   ] GC(43)   Pre Evacuate Collection Set: 0.18ms
[2026-07-18T17:20:00.496+0000][info][gc,phases   ] GC(43)   Merge Heap Roots: 0.09ms
[2026-07-18T17:20:00.496+0000][info][gc,phases   ] GC(43)   Evacuate Collection Set: 0.09ms
[2026-07-18T17:20:00.496+0000][info][gc,phases   ] GC(43)   Post Evacuate Collection Set: 0.25ms
[2026-07-18T17:20:00.496+0000][info][gc,phases   ] GC(43)   Other: 0.07ms
[2026-07-18T17:20:00.496+0000][info][gc,heap     ] GC(43) Eden regions: 695->0(695)
[2026-07-18T17:20:00.496+0000][info][gc,heap     ] GC(43) Survivor regions: 0->0(75)
[2026-07-18T17:20:00.496+0000][info][gc,heap     ] GC(43) Old regions: 700->700
[2026-07-18T17:20:00.497+0000][info][gc,heap     ] GC(43) Humongous regions: 30->30
[2026-07-18T17:20:00.497+0000][info][gc,metaspace] GC(43) Metaspace: 398K(576K)->398K(576K) NonClass: 368K(448K)->368K(448K) Class: 29K(128K)->29K(128K)
[2026-07-18T17:20:00.497+0000][info][gc          ] GC(43) Pause Young (Prepare Mixed) (G1 Evacuation Pause) 1424M->729M(1500M) 1.131ms
[2026-07-18T17:20:00.497+0000][info][gc,cpu      ] GC(43) User=0.01s Sys=0.00s Real=0.00s
[2026-07-18T17:20:00.604+0000][info][gc,start    ] GC(44) Pause Young (Mixed) (G1 Evacuation Pause)
[2026-07-18T17:20:00.604+0000][info][gc,task     ] GC(44) Using 4 workers of 4 for evacuation
[2026-07-18T17:20:00.605+0000][info][gc,phases   ] GC(44)   Pre Evacuate Collection Set: 0.16ms
[2026-07-18T17:20:00.605+0000][info][gc,phases   ] GC(44)   Merge Heap Roots: 0.07ms
[2026-07-18T17:20:00.605+0000][info][gc,phases   ] GC(44)   Evacuate Collection Set: 0.70ms
[2026-07-18T17:20:00.605+0000][info][gc,phases   ] GC(44)   Post Evacuate Collection Set: 0.24ms
[2026-07-18T17:20:00.605+0000][info][gc,phases   ] GC(44)   Other: 0.07ms
[2026-07-18T17:20:00.605+0000][info][gc,heap     ] GC(44) Eden regions: 695->0(696)
[2026-07-18T17:20:00.605+0000][info][gc,heap     ] GC(44) Survivor regions: 0->0(75)
[2026-07-18T17:20:00.605+0000][info][gc,heap     ] GC(44) Old regions: 700->699
[2026-07-18T17:20:00.605+0000][info][gc,heap     ] GC(44) Humongous regions: 30->30
[2026-07-18T17:20:00.605+0000][info][gc,metaspace] GC(44) Metaspace: 398K(576K)->398K(576K) NonClass: 368K(448K)->368K(448K) Class: 29K(128K)->29K(128K)
[2026-07-18T17:20:00.605+0000][info][gc          ] GC(44) Pause Young (Mixed) (G1 Evacuation Pause) 1424M->728M(1500M) 1.629ms
[2026-07-18T17:20:00.605+0000][info][gc,cpu      ] GC(44) User=0.01s Sys=0.00s Real=0.00s
[2026-07-18T17:20:00.713+0000][info][gc,start    ] GC(45) Pause Young (Concurrent Start) (G1 Evacuation Pause)
[2026-07-18T17:20:00.714+0000][info][gc,task     ] GC(45) Using 4 workers of 4 for evacuation
[2026-07-18T17:20:00.714+0000][info][gc,phases   ] GC(45)   Pre Evacuate Collection Set: 0.20ms
[2026-07-18T17:20:00.714+0000][info][gc,phases   ] GC(45)   Merge Heap Roots: 0.09ms
[2026-07-18T17:20:00.714+0000][info][gc,phases   ] GC(45)   Evacuate Collection Set: 0.11ms
[2026-07-18T17:20:00.714+0000][info][gc,phases   ] GC(45)   Post Evacuate Collection Set: 0.24ms
[2026-07-18T17:20:00.714+0000][info][gc,phases   ] GC(45)   Other: 0.09ms
[2026-07-18T17:20:00.714+0000][info][gc,heap     ] GC(45) Eden regions: 696->0(696)
[2026-07-18T17:20:00.714+0000][info][gc,heap     ] GC(45) Survivor regions: 0->0(75)
[2026-07-18T17:20:00.714+0000][info][gc,heap     ] GC(45) Old regions: 699->699
[2026-07-18T17:20:00.715+0000][info][gc,heap     ] GC(45) Humongous regions: 30->30
[2026-07-18T17:20:00.715+0000][info][gc,metaspace] GC(45) Metaspace: 398K(576K)->398K(576K) NonClass: 368K(448K)->368K(448K) Class: 29K(128K)->29K(128K)
[2026-07-18T17:20:00.715+0000][info][gc          ] GC(45) Pause Young (Concurrent Start) (G1 Evacuation Pause) 1424M->728M(1500M) 1.120ms
[2026-07-18T17:20:00.715+0000][info][gc,cpu      ] GC(45) User=0.00s Sys=0.00s Real=0.01s
[2026-07-18T17:20:00.715+0000][info][gc          ] GC(46) Concurrent Mark Cycle
[2026-07-18T17:20:00.718+0000][info][gc,marking  ] GC(46) Concurrent Scan Root Regions
[2026-07-18T17:20:00.718+0000][info][gc,marking  ] GC(46) Concurrent Scan Root Regions 0.056ms
[2026-07-18T17:20:00.718+0000][info][gc,marking  ] GC(46) Concurrent Mark
[2026-07-18T17:20:00.718+0000][info][gc,marking  ] GC(46) Concurrent Mark From Roots
[2026-07-18T17:20:00.718+0000][info][gc,task     ] GC(46) Using 1 workers of 1 for marking
[2026-07-18T17:20:00.796+0000][info][gc,marking  ] GC(46) Concurrent Mark From Roots 78.413ms
[2026-07-18T17:20:00.796+0000][info][gc,marking  ] GC(46) Concurrent Preclean
[2026-07-18T17:20:00.796+0000][info][gc,marking  ] GC(46) Concurrent Preclean 0.045ms
[2026-07-18T17:20:00.797+0000][info][gc,start    ] GC(46) Pause Remark
[2026-07-18T17:20:00.797+0000][info][gc          ] GC(46) Pause Remark 1192M->1192M(1500M) 0.444ms
[2026-07-18T17:20:00.797+0000][info][gc,cpu      ] GC(46) User=0.00s Sys=0.00s Real=0.00s
[2026-07-18T17:20:00.797+0000][info][gc,marking  ] GC(46) Concurrent Mark 79.542ms
[2026-07-18T17:20:00.801+0000][info][gc,marking  ] GC(46) Concurrent Rebuild Remembered Sets and Scrub Regions
[2026-07-18T17:20:00.841+0000][info][gc,start    ] GC(47) Pause Young (Normal) (G1 Evacuation Pause)
[2026-07-18T17:20:00.841+0000][info][gc,task     ] GC(47) Using 4 workers of 4 for evacuation
[2026-07-18T17:20:00.841+0000][info][gc,phases   ] GC(47)   Pre Evacuate Collection Set: 0.22ms
[2026-07-18T17:20:00.841+0000][info][gc,phases   ] GC(47)   Merge Heap Roots: 0.05ms
[2026-07-18T17:20:00.841+0000][info][gc,phases   ] GC(47)   Evacuate Collection Set: 0.12ms
[2026-07-18T17:20:00.842+0000][info][gc,phases   ] GC(47)   Post Evacuate Collection Set: 0.25ms
[2026-07-18T17:20:00.842+0000][info][gc,phases   ] GC(47)   Other: 0.07ms
[2026-07-18T17:20:00.842+0000][info][gc,heap     ] GC(47) Eden regions: 696->0(696)
[2026-07-18T17:20:00.842+0000][info][gc,heap     ] GC(47) Survivor regions: 0->0(75)
[2026-07-18T17:20:00.842+0000][info][gc,heap     ] GC(47) Old regions: 699->699
[2026-07-18T17:20:00.842+0000][info][gc,heap     ] GC(47) Humongous regions: 30->30
[2026-07-18T17:20:00.842+0000][info][gc,metaspace] GC(47) Metaspace: 398K(576K)->398K(576K) NonClass: 368K(448K)->368K(448K) Class: 29K(128K)->29K(128K)
[2026-07-18T17:20:00.842+0000][info][gc          ] GC(47) Pause Young (Normal) (G1 Evacuation Pause) 1424M->728M(1500M) 1.100ms
[2026-07-18T17:20:00.842+0000][info][gc,cpu      ] GC(47) User=0.00s Sys=0.00s Real=0.00s
[2026-07-18T17:20:00.851+0000][info][gc,marking  ] GC(46) Concurrent Rebuild Remembered Sets and Scrub Regions 50.100ms
[2026-07-18T17:20:00.855+0000][info][gc,start    ] GC(46) Pause Cleanup
[2026-07-18T17:20:00.855+0000][info][gc          ] GC(46) Pause Cleanup 788M->788M(1500M) 0.283ms
[2026-07-18T17:20:00.855+0000][info][gc,cpu      ] GC(46) User=0.00s Sys=0.00s Real=0.00s
[2026-07-18T17:20:00.855+0000][info][gc,marking  ] GC(46) Concurrent Clear Claimed Marks
[2026-07-18T17:20:00.859+0000][info][gc,marking  ] GC(46) Concurrent Clear Claimed Marks 3.360ms
[2026-07-18T17:20:00.859+0000][info][gc,marking  ] GC(46) Concurrent Cleanup for Next Mark
[2026-07-18T17:20:00.860+0000][info][gc,marking  ] GC(46) Concurrent Cleanup for Next Mark 0.742ms
[2026-07-18T17:20:00.860+0000][info][gc          ] GC(46) Concurrent Mark Cycle 145.120ms
[2026-07-18T17:20:00.969+0000][info][gc,start    ] GC(48) Pause Young (Prepare Mixed) (G1 Evacuation Pause)
[2026-07-18T17:20:00.969+0000][info][gc,task     ] GC(48) Using 4 workers of 4 for evacuation
[2026-07-18T17:20:00.970+0000][info][gc,phases   ] GC(48)   Pre Evacuate Collection Set: 0.22ms
[2026-07-18T17:20:00.970+0000][info][gc,phases   ] GC(48)   Merge Heap Roots: 0.10ms
[2026-07-18T17:20:00.970+0000][info][gc,phases   ] GC(48)   Evacuate Collection Set: 0.21ms
[2026-07-18T17:20:00.970+0000][info][gc,phases   ] GC(48)   Post Evacuate Collection Set: 0.29ms
[2026-07-18T17:20:00.970+0000][info][gc,phases   ] GC(48)   Other: 0.07ms
[2026-07-18T17:20:00.970+0000][info][gc,heap     ] GC(48) Eden regions: 696->0(696)
[2026-07-18T17:20:00.970+0000][info][gc,heap     ] GC(48) Survivor regions: 0->0(75)
[2026-07-18T17:20:00.970+0000][info][gc,heap     ] GC(48) Old regions: 699->699
[2026-07-18T17:20:00.970+0000][info][gc,heap     ] GC(48) Humongous regions: 30->30
[2026-07-18T17:20:00.970+0000][info][gc,metaspace] GC(48) Metaspace: 398K(576K)->398K(576K) NonClass: 368K(448K)->368K(448K) Class: 29K(128K)->29K(128K)
[2026-07-18T17:20:00.970+0000][info][gc          ] GC(48) Pause Young (Prepare Mixed) (G1 Evacuation Pause) 1424M->728M(1500M) 1.361ms
[2026-07-18T17:20:00.970+0000][info][gc,cpu      ] GC(48) User=0.00s Sys=0.00s Real=0.00s
[2026-07-18T17:20:01.094+0000][info][gc,start    ] GC(49) Pause Young (Mixed) (G1 Evacuation Pause)
[2026-07-18T17:20:01.094+0000][info][gc,task     ] GC(49) Using 4 workers of 4 for evacuation
[2026-07-18T17:20:01.095+0000][info][gc,phases   ] GC(49)   Pre Evacuate Collection Set: 0.17ms
[2026-07-18T17:20:01.095+0000][info][gc,phases   ] GC(49)   Merge Heap Roots: 0.10ms
[2026-07-18T17:20:01.095+0000][info][gc,phases   ] GC(49)   Evacuate Collection Set: 0.47ms
[2026-07-18T17:20:01.095+0000][info][gc,phases   ] GC(49)   Post Evacuate Collection Set: 0.25ms
[2026-07-18T17:20:01.095+0000][info][gc,phases   ] GC(49)   Other: 0.07ms
[2026-07-18T17:20:01.095+0000][info][gc,heap     ] GC(49) Eden regions: 696->0(696)
[2026-07-18T17:20:01.095+0000][info][gc,heap     ] GC(49) Survivor regions: 0->0(75)
[2026-07-18T17:20:01.095+0000][info][gc,heap     ] GC(49) Old regions: 699->699
[2026-07-18T17:20:01.095+0000][info][gc,heap     ] GC(49) Humongous regions: 30->30
[2026-07-18T17:20:01.095+0000][info][gc,metaspace] GC(49) Metaspace: 398K(576K)->398K(576K) NonClass: 368K(448K)->368K(448K) Class: 29K(128K)->29K(128K)
[2026-07-18T17:20:01.095+0000][info][gc          ] GC(49) Pause Young (Mixed) (G1 Evacuation Pause) 1424M->728M(1500M) 1.427ms
[2026-07-18T17:20:01.095+0000][info][gc,cpu      ] GC(49) User=0.00s Sys=0.00s Real=0.01s
[2026-07-18T17:20:01.204+0000][info][gc,start    ] GC(50) Pause Young (Concurrent Start) (G1 Evacuation Pause)
[2026-07-18T17:20:01.205+0000][info][gc,task     ] GC(50) Using 4 workers of 4 for evacuation
[2026-07-18T17:20:01.205+0000][info][gc,phases   ] GC(50)   Pre Evacuate Collection Set: 0.26ms
[2026-07-18T17:20:01.205+0000][info][gc,phases   ] GC(50)   Merge Heap Roots: 0.06ms
[2026-07-18T17:20:01.205+0000][info][gc,phases   ] GC(50)   Evacuate Collection Set: 0.12ms
[2026-07-18T17:20:01.205+0000][info][gc,phases   ] GC(50)   Post Evacuate Collection Set: 0.25ms
[2026-07-18T17:20:01.206+0000][info][gc,phases   ] GC(50)   Other: 0.12ms
[2026-07-18T17:20:01.206+0000][info][gc,heap     ] GC(50) Eden regions: 696->0(696)
[2026-07-18T17:20:01.206+0000][info][gc,heap     ] GC(50) Survivor regions: 0->0(75)
[2026-07-18T17:20:01.206+0000][info][gc,heap     ] GC(50) Old regions: 699->699
[2026-07-18T17:20:01.206+0000][info][gc,heap     ] GC(50) Humongous regions: 30->30
[2026-07-18T17:20:01.206+0000][info][gc,metaspace] GC(50) Metaspace: 398K(576K)->398K(576K) NonClass: 368K(448K)->368K(448K) Class: 29K(128K)->29K(128K)
[2026-07-18T17:20:01.206+0000][info][gc          ] GC(50) Pause Young (Concurrent Start) (G1 Evacuation Pause) 1424M->728M(1500M) 1.276ms
[2026-07-18T17:20:01.206+0000][info][gc,cpu      ] GC(50) User=0.00s Sys=0.00s Real=0.00s
[2026-07-18T17:20:01.206+0000][info][gc          ] GC(51) Concurrent Mark Cycle
[2026-07-18T17:20:01.209+0000][info][gc,marking  ] GC(51) Concurrent Scan Root Regions
[2026-07-18T17:20:01.209+0000][info][gc,marking  ] GC(51) Concurrent Scan Root Regions 0.051ms
[2026-07-18T17:20:01.209+0000][info][gc,marking  ] GC(51) Concurrent Mark
[2026-07-18T17:20:01.209+0000][info][gc,marking  ] GC(51) Concurrent Mark From Roots
[2026-07-18T17:20:01.209+0000][info][gc,task     ] GC(51) Using 1 workers of 1 for marking
[2026-07-18T17:20:01.288+0000][info][gc,marking  ] GC(51) Concurrent Mark From Roots 79.005ms
[2026-07-18T17:20:01.288+0000][info][gc,marking  ] GC(51) Concurrent Preclean
[2026-07-18T17:20:01.288+0000][info][gc,marking  ] GC(51) Concurrent Preclean 0.048ms
[2026-07-18T17:20:01.289+0000][info][gc,start    ] GC(51) Pause Remark
[2026-07-18T17:20:01.289+0000][info][gc          ] GC(51) Pause Remark 1180M->1180M(1500M) 0.472ms
[2026-07-18T17:20:01.289+0000][info][gc,cpu      ] GC(51) User=0.00s Sys=0.00s Real=0.00s
[2026-07-18T17:20:01.290+0000][info][gc,marking  ] GC(51) Concurrent Mark 80.642ms
[2026-07-18T17:20:01.293+0000][info][gc,marking  ] GC(51) Concurrent Rebuild Remembered Sets and Scrub Regions
[2026-07-18T17:20:01.335+0000][info][gc,start    ] GC(52) Pause Young (Normal) (G1 Evacuation Pause)
[2026-07-18T17:20:01.335+0000][info][gc,task     ] GC(52) Using 4 workers of 4 for evacuation
[2026-07-18T17:20:01.336+0000][info][gc,phases   ] GC(52)   Pre Evacuate Collection Set: 0.23ms
[2026-07-18T17:20:01.336+0000][info][gc,phases   ] GC(52)   Merge Heap Roots: 0.05ms
[2026-07-18T17:20:01.336+0000][info][gc,phases   ] GC(52)   Evacuate Collection Set: 0.12ms
[2026-07-18T17:20:01.336+0000][info][gc,phases   ] GC(52)   Post Evacuate Collection Set: 0.32ms
[2026-07-18T17:20:01.336+0000][info][gc,phases   ] GC(52)   Other: 0.07ms
[2026-07-18T17:20:01.336+0000][info][gc,heap     ] GC(52) Eden regions: 696->0(696)
[2026-07-18T17:20:01.336+0000][info][gc,heap     ] GC(52) Survivor regions: 0->0(75)
[2026-07-18T17:20:01.336+0000][info][gc,heap     ] GC(52) Old regions: 699->699
[2026-07-18T17:20:01.336+0000][info][gc,heap     ] GC(52) Humongous regions: 30->30
[2026-07-18T17:20:01.336+0000][info][gc,metaspace] GC(52) Metaspace: 398K(576K)->398K(576K) NonClass: 368K(448K)->368K(448K) Class: 29K(128K)->29K(128K)
[2026-07-18T17:20:01.336+0000][info][gc          ] GC(52) Pause Young (Normal) (G1 Evacuation Pause) 1424M->728M(1500M) 1.227ms
[2026-07-18T17:20:01.336+0000][info][gc,cpu      ] GC(52) User=0.00s Sys=0.00s Real=0.00s
[2026-07-18T17:20:01.342+0000][info][gc,marking  ] GC(51) Concurrent Rebuild Remembered Sets and Scrub Regions 49.635ms
[2026-07-18T17:20:01.345+0000][info][gc,start    ] GC(51) Pause Cleanup
[2026-07-18T17:20:01.345+0000][info][gc          ] GC(51) Pause Cleanup 769M->769M(1500M) 0.168ms
[2026-07-18T17:20:01.345+0000][info][gc,cpu      ] GC(51) User=0.00s Sys=0.00s Real=0.00s
[2026-07-18T17:20:01.345+0000][info][gc,marking  ] GC(51) Concurrent Clear Claimed Marks
[2026-07-18T17:20:01.349+0000][info][gc,marking  ] GC(51) Concurrent Clear Claimed Marks 3.499ms
[2026-07-18T17:20:01.349+0000][info][gc,marking  ] GC(51) Concurrent Cleanup for Next Mark
[2026-07-18T17:20:01.350+0000][info][gc,marking  ] GC(51) Concurrent Cleanup for Next Mark 0.662ms
[2026-07-18T17:20:01.350+0000][info][gc          ] GC(51) Concurrent Mark Cycle 143.839ms
[2026-07-18T17:20:01.449+0000][info][gc,start    ] GC(53) Pause Young (Prepare Mixed) (G1 Evacuation Pause)
[2026-07-18T17:20:01.449+0000][info][gc,task     ] GC(53) Using 4 workers of 4 for evacuation
[2026-07-18T17:20:01.450+0000][info][gc,phases   ] GC(53)   Pre Evacuate Collection Set: 0.17ms
[2026-07-18T17:20:01.450+0000][info][gc,phases   ] GC(53)   Merge Heap Roots: 0.05ms
[2026-07-18T17:20:01.450+0000][info][gc,phases   ] GC(53)   Evacuate Collection Set: 0.10ms
[2026-07-18T17:20:01.450+0000][info][gc,phases   ] GC(53)   Post Evacuate Collection Set: 0.28ms
[2026-07-18T17:20:01.450+0000][info][gc,phases   ] GC(53)   Other: 0.08ms
[2026-07-18T17:20:01.450+0000][info][gc,heap     ] GC(53) Eden regions: 696->0(696)
[2026-07-18T17:20:01.450+0000][info][gc,heap     ] GC(53) Survivor regions: 0->0(75)
[2026-07-18T17:20:01.450+0000][info][gc,heap     ] GC(53) Old regions: 699->699
[2026-07-18T17:20:01.450+0000][info][gc,heap     ] GC(53) Humongous regions: 30->30
[2026-07-18T17:20:01.450+0000][info][gc,metaspace] GC(53) Metaspace: 398K(576K)->398K(576K) NonClass: 368K(448K)->368K(448K) Class: 29K(128K)->29K(128K)
[2026-07-18T17:20:01.450+0000][info][gc          ] GC(53) Pause Young (Prepare Mixed) (G1 Evacuation Pause) 1424M->728M(1500M) 1.112ms
[2026-07-18T17:20:01.450+0000][info][gc,cpu      ] GC(53) User=0.00s Sys=0.00s Real=0.00s
[2026-07-18T17:20:01.580+0000][info][gc,start    ] GC(54) Pause Young (Mixed) (G1 Evacuation Pause)
[2026-07-18T17:20:01.580+0000][info][gc,task     ] GC(54) Using 4 workers of 4 for evacuation
[2026-07-18T17:20:01.581+0000][info][gc,phases   ] GC(54)   Pre Evacuate Collection Set: 0.16ms
[2026-07-18T17:20:01.581+0000][info][gc,phases   ] GC(54)   Merge Heap Roots: 0.05ms
[2026-07-18T17:20:01.581+0000][info][gc,phases   ] GC(54)   Evacuate Collection Set: 0.50ms
[2026-07-18T17:20:01.581+0000][info][gc,phases   ] GC(54)   Post Evacuate Collection Set: 0.26ms
[2026-07-18T17:20:01.581+0000][info][gc,phases   ] GC(54)   Other: 0.07ms
[2026-07-18T17:20:01.581+0000][info][gc,heap     ] GC(54) Eden regions: 696->0(697)
[2026-07-18T17:20:01.581+0000][info][gc,heap     ] GC(54) Survivor regions: 0->0(75)
[2026-07-18T17:20:01.581+0000][info][gc,heap     ] GC(54) Old regions: 699->698
[2026-07-18T17:20:01.581+0000][info][gc,heap     ] GC(54) Humongous regions: 30->30
[2026-07-18T17:20:01.581+0000][info][gc,metaspace] GC(54) Metaspace: 398K(576K)->398K(576K) NonClass: 368K(448K)->368K(448K) Class: 29K(128K)->29K(128K)
[2026-07-18T17:20:01.581+0000][info][gc          ] GC(54) Pause Young (Mixed) (G1 Evacuation Pause) 1424M->727M(1500M) 1.511ms
[2026-07-18T17:20:01.581+0000][info][gc,cpu      ] GC(54) User=0.00s Sys=0.00s Real=0.00s
[2026-07-18T17:20:01.693+0000][info][gc,start    ] GC(55) Pause Young (Concurrent Start) (G1 Evacuation Pause)
[2026-07-18T17:20:01.694+0000][info][gc,task     ] GC(55) Using 4 workers of 4 for evacuation
[2026-07-18T17:20:01.694+0000][info][gc,phases   ] GC(55)   Pre Evacuate Collection Set: 0.20ms
[2026-07-18T17:20:01.694+0000][info][gc,phases   ] GC(55)   Merge Heap Roots: 0.10ms
[2026-07-18T17:20:01.694+0000][info][gc,phases   ] GC(55)   Evacuate Collection Set: 0.11ms
[2026-07-18T17:20:01.694+0000][info][gc,phases   ] GC(55)   Post Evacuate Collection Set: 0.29ms
[2026-07-18T17:20:01.694+0000][info][gc,phases   ] GC(55)   Other: 0.11ms
[2026-07-18T17:20:01.694+0000][info][gc,heap     ] GC(55) Eden regions: 697->0(697)
[2026-07-18T17:20:01.694+0000][info][gc,heap     ] GC(55) Survivor regions: 0->0(75)
[2026-07-18T17:20:01.694+0000][info][gc,heap     ] GC(55) Old regions: 698->698
[2026-07-18T17:20:01.695+0000][info][gc,heap     ] GC(55) Humongous regions: 30->30
[2026-07-18T17:20:01.695+0000][info][gc,metaspace] GC(55) Metaspace: 398K(576K)->398K(576K) NonClass: 368K(448K)->368K(448K) Class: 29K(128K)->29K(128K)
[2026-07-18T17:20:01.695+0000][info][gc          ] GC(55) Pause Young (Concurrent Start) (G1 Evacuation Pause) 1424M->727M(1500M) 1.140ms
[2026-07-18T17:20:01.695+0000][info][gc,cpu      ] GC(55) User=0.00s Sys=0.00s Real=0.01s
[2026-07-18T17:20:01.695+0000][info][gc          ] GC(56) Concurrent Mark Cycle
[2026-07-18T17:20:01.698+0000][info][gc,marking  ] GC(56) Concurrent Scan Root Regions
[2026-07-18T17:20:01.698+0000][info][gc,marking  ] GC(56) Concurrent Scan Root Regions 0.064ms
[2026-07-18T17:20:01.698+0000][info][gc,marking  ] GC(56) Concurrent Mark
[2026-07-18T17:20:01.698+0000][info][gc,marking  ] GC(56) Concurrent Mark From Roots
[2026-07-18T17:20:01.698+0000][info][gc,task     ] GC(56) Using 1 workers of 1 for marking
[2026-07-18T17:20:01.777+0000][info][gc,marking  ] GC(56) Concurrent Mark From Roots 78.978ms
[2026-07-18T17:20:01.777+0000][info][gc,marking  ] GC(56) Concurrent Preclean
[2026-07-18T17:20:01.777+0000][info][gc,marking  ] GC(56) Concurrent Preclean 0.046ms
[2026-07-18T17:20:01.778+0000][info][gc,start    ] GC(56) Pause Remark
[2026-07-18T17:20:01.778+0000][info][gc          ] GC(56) Pause Remark 1184M->1184M(1500M) 0.478ms
[2026-07-18T17:20:01.778+0000][info][gc,cpu      ] GC(56) User=0.00s Sys=0.00s Real=0.00s
[2026-07-18T17:20:01.779+0000][info][gc,marking  ] GC(56) Concurrent Mark 80.637ms
[2026-07-18T17:20:01.782+0000][info][gc,marking  ] GC(56) Concurrent Rebuild Remembered Sets and Scrub Regions
[2026-07-18T17:20:01.821+0000][info][gc,start    ] GC(57) Pause Young (Normal) (G1 Evacuation Pause)
[2026-07-18T17:20:01.821+0000][info][gc,task     ] GC(57) Using 4 workers of 4 for evacuation
[2026-07-18T17:20:01.822+0000][info][gc,phases   ] GC(57)   Pre Evacuate Collection Set: 0.17ms
[2026-07-18T17:20:01.822+0000][info][gc,phases   ] GC(57)   Merge Heap Roots: 0.04ms
[2026-07-18T17:20:01.822+0000][info][gc,phases   ] GC(57)   Evacuate Collection Set: 0.11ms
[2026-07-18T17:20:01.822+0000][info][gc,phases   ] GC(57)   Post Evacuate Collection Set: 0.25ms
[2026-07-18T17:20:01.822+0000][info][gc,phases   ] GC(57)   Other: 0.07ms
[2026-07-18T17:20:01.822+0000][info][gc,heap     ] GC(57) Eden regions: 697->0(697)
[2026-07-18T17:20:01.822+0000][info][gc,heap     ] GC(57) Survivor regions: 0->0(75)
[2026-07-18T17:20:01.822+0000][info][gc,heap     ] GC(57) Old regions: 698->698
[2026-07-18T17:20:01.822+0000][info][gc,heap     ] GC(57) Humongous regions: 30->30
[2026-07-18T17:20:01.822+0000][info][gc,metaspace] GC(57) Metaspace: 398K(576K)->398K(576K) NonClass: 368K(448K)->368K(448K) Class: 29K(128K)->29K(128K)
[2026-07-18T17:20:01.822+0000][info][gc          ] GC(57) Pause Young (Normal) (G1 Evacuation Pause) 1424M->727M(1500M) 1.048ms
[2026-07-18T17:20:01.822+0000][info][gc,cpu      ] GC(57) User=0.00s Sys=0.00s Real=0.00s
[2026-07-18T17:20:01.830+0000][info][gc,marking  ] GC(56) Concurrent Rebuild Remembered Sets and Scrub Regions 47.903ms
[2026-07-18T17:20:01.834+0000][info][gc,start    ] GC(56) Pause Cleanup
[2026-07-18T17:20:01.834+0000][info][gc          ] GC(56) Pause Cleanup 786M->786M(1500M) 0.179ms
[2026-07-18T17:20:01.834+0000][info][gc,cpu      ] GC(56) User=0.00s Sys=0.00s Real=0.00s
[2026-07-18T17:20:01.834+0000][info][gc,marking  ] GC(56) Concurrent Clear Claimed Marks
[2026-07-18T17:20:01.837+0000][info][gc,marking  ] GC(56) Concurrent Clear Claimed Marks 2.481ms
[2026-07-18T17:20:01.837+0000][info][gc,marking  ] GC(56) Concurrent Cleanup for Next Mark
[2026-07-18T17:20:01.837+0000][info][gc,marking  ] GC(56) Concurrent Cleanup for Next Mark 0.647ms
[2026-07-18T17:20:01.838+0000][info][gc          ] GC(56) Concurrent Mark Cycle 142.946ms
[2026-07-18T17:20:01.934+0000][info][gc,start    ] GC(58) Pause Young (Prepare Mixed) (G1 Evacuation Pause)
[2026-07-18T17:20:01.934+0000][info][gc,task     ] GC(58) Using 4 workers of 4 for evacuation
[2026-07-18T17:20:01.935+0000][info][gc,phases   ] GC(58)   Pre Evacuate Collection Set: 0.16ms
[2026-07-18T17:20:01.935+0000][info][gc,phases   ] GC(58)   Merge Heap Roots: 0.07ms
[2026-07-18T17:20:01.935+0000][info][gc,phases   ] GC(58)   Evacuate Collection Set: 0.10ms
[2026-07-18T17:20:01.935+0000][info][gc,phases   ] GC(58)   Post Evacuate Collection Set: 0.26ms
[2026-07-18T17:20:01.935+0000][info][gc,phases   ] GC(58)   Other: 0.07ms
[2026-07-18T17:20:01.935+0000][info][gc,heap     ] GC(58) Eden regions: 697->0(697)
[2026-07-18T17:20:01.935+0000][info][gc,heap     ] GC(58) Survivor regions: 0->0(75)
[2026-07-18T17:20:01.935+0000][info][gc,heap     ] GC(58) Old regions: 698->698
[2026-07-18T17:20:01.935+0000][info][gc,heap     ] GC(58) Humongous regions: 30->30
[2026-07-18T17:20:01.935+0000][info][gc,metaspace] GC(58) Metaspace: 398K(576K)->398K(576K) NonClass: 368K(448K)->368K(448K) Class: 29K(128K)->29K(128K)
[2026-07-18T17:20:01.935+0000][info][gc          ] GC(58) Pause Young (Prepare Mixed) (G1 Evacuation Pause) 1424M->727M(1500M) 1.096ms
[2026-07-18T17:20:01.935+0000][info][gc,cpu      ] GC(58) User=0.00s Sys=0.00s Real=0.00s
[2026-07-18T17:20:02.043+0000][info][gc,start    ] GC(59) Pause Young (Mixed) (G1 Evacuation Pause)
[2026-07-18T17:20:02.043+0000][info][gc,task     ] GC(59) Using 4 workers of 4 for evacuation
[2026-07-18T17:20:02.044+0000][info][gc,phases   ] GC(59)   Pre Evacuate Collection Set: 0.18ms
[2026-07-18T17:20:02.044+0000][info][gc,phases   ] GC(59)   Merge Heap Roots: 0.09ms
[2026-07-18T17:20:02.044+0000][info][gc,phases   ] GC(59)   Evacuate Collection Set: 0.41ms
[2026-07-18T17:20:02.044+0000][info][gc,phases   ] GC(59)   Post Evacuate Collection Set: 0.26ms
[2026-07-18T17:20:02.044+0000][info][gc,phases   ] GC(59)   Other: 0.07ms
[2026-07-18T17:20:02.044+0000][info][gc,heap     ] GC(59) Eden regions: 697->0(697)
[2026-07-18T17:20:02.044+0000][info][gc,heap     ] GC(59) Survivor regions: 0->0(75)
[2026-07-18T17:20:02.044+0000][info][gc,heap     ] GC(59) Old regions: 698->698
[2026-07-18T17:20:02.044+0000][info][gc,heap     ] GC(59) Humongous regions: 30->30
[2026-07-18T17:20:02.044+0000][info][gc,metaspace] GC(59) Metaspace: 398K(576K)->398K(576K) NonClass: 368K(448K)->368K(448K) Class: 29K(128K)->29K(128K)
[2026-07-18T17:20:02.044+0000][info][gc          ] GC(59) Pause Young (Mixed) (G1 Evacuation Pause) 1424M->727M(1500M) 1.408ms
[2026-07-18T17:20:02.044+0000][info][gc,cpu      ] GC(59) User=0.00s Sys=0.00s Real=0.01s
[2026-07-18T17:20:02.154+0000][info][gc,start    ] GC(60) Pause Young (Concurrent Start) (G1 Evacuation Pause)
[2026-07-18T17:20:02.154+0000][info][gc,task     ] GC(60) Using 4 workers of 4 for evacuation
[2026-07-18T17:20:02.155+0000][info][gc,phases   ] GC(60)   Pre Evacuate Collection Set: 0.16ms
[2026-07-18T17:20:02.155+0000][info][gc,phases   ] GC(60)   Merge Heap Roots: 0.08ms
[2026-07-18T17:20:02.155+0000][info][gc,phases   ] GC(60)   Evacuate Collection Set: 0.11ms
[2026-07-18T17:20:02.155+0000][info][gc,phases   ] GC(60)   Post Evacuate Collection Set: 0.25ms
[2026-07-18T17:20:02.155+0000][info][gc,phases   ] GC(60)   Other: 0.10ms
[2026-07-18T17:20:02.155+0000][info][gc,heap     ] GC(60) Eden regions: 697->0(697)
[2026-07-18T17:20:02.155+0000][info][gc,heap     ] GC(60) Survivor regions: 0->0(75)
[2026-07-18T17:20:02.155+0000][info][gc,heap     ] GC(60) Old regions: 698->698
[2026-07-18T17:20:02.155+0000][info][gc,heap     ] GC(60) Humongous regions: 30->30
[2026-07-18T17:20:02.155+0000][info][gc,metaspace] GC(60) Metaspace: 398K(576K)->398K(576K) NonClass: 368K(448K)->368K(448K) Class: 29K(128K)->29K(128K)
[2026-07-18T17:20:02.155+0000][info][gc          ] GC(60) Pause Young (Concurrent Start) (G1 Evacuation Pause) 1424M->727M(1500M) 1.145ms
[2026-07-18T17:20:02.155+0000][info][gc,cpu      ] GC(60) User=0.00s Sys=0.00s Real=0.00s
[2026-07-18T17:20:02.155+0000][info][gc          ] GC(61) Concurrent Mark Cycle
[2026-07-18T17:20:02.159+0000][info][gc,marking  ] GC(61) Concurrent Scan Root Regions
[2026-07-18T17:20:02.159+0000][info][gc,marking  ] GC(61) Concurrent Scan Root Regions 0.068ms
[2026-07-18T17:20:02.159+0000][info][gc,marking  ] GC(61) Concurrent Mark
[2026-07-18T17:20:02.159+0000][info][gc,marking  ] GC(61) Concurrent Mark From Roots
[2026-07-18T17:20:02.159+0000][info][gc,task     ] GC(61) Using 1 workers of 1 for marking
[2026-07-18T17:20:02.237+0000][info][gc,marking  ] GC(61) Concurrent Mark From Roots 78.494ms
[2026-07-18T17:20:02.238+0000][info][gc,marking  ] GC(61) Concurrent Preclean
[2026-07-18T17:20:02.238+0000][info][gc,marking  ] GC(61) Concurrent Preclean 0.052ms
[2026-07-18T17:20:02.238+0000][info][gc,start    ] GC(61) Pause Remark
[2026-07-18T17:20:02.238+0000][info][gc          ] GC(61) Pause Remark 1183M->1183M(1500M) 0.643ms
[2026-07-18T17:20:02.239+0000][info][gc,cpu      ] GC(61) User=0.00s Sys=0.00s Real=0.00s
[2026-07-18T17:20:02.239+0000][info][gc,marking  ] GC(61) Concurrent Mark 79.611ms
[2026-07-18T17:20:02.242+0000][info][gc,marking  ] GC(61) Concurrent Rebuild Remembered Sets and Scrub Regions
[2026-07-18T17:20:02.283+0000][info][gc,start    ] GC(62) Pause Young (Normal) (G1 Evacuation Pause)
[2026-07-18T17:20:02.283+0000][info][gc,task     ] GC(62) Using 4 workers of 4 for evacuation
[2026-07-18T17:20:02.284+0000][info][gc,phases   ] GC(62)   Pre Evacuate Collection Set: 0.19ms
[2026-07-18T17:20:02.284+0000][info][gc,phases   ] GC(62)   Merge Heap Roots: 0.06ms
[2026-07-18T17:20:02.284+0000][info][gc,phases   ] GC(62)   Evacuate Collection Set: 0.15ms
[2026-07-18T17:20:02.284+0000][info][gc,phases   ] GC(62)   Post Evacuate Collection Set: 0.26ms
[2026-07-18T17:20:02.284+0000][info][gc,phases   ] GC(62)   Other: 0.08ms
[2026-07-18T17:20:02.284+0000][info][gc,heap     ] GC(62) Eden regions: 697->0(697)
[2026-07-18T17:20:02.284+0000][info][gc,heap     ] GC(62) Survivor regions: 0->0(75)
[2026-07-18T17:20:02.284+0000][info][gc,heap     ] GC(62) Old regions: 698->698
[2026-07-18T17:20:02.284+0000][info][gc,heap     ] GC(62) Humongous regions: 30->30
[2026-07-18T17:20:02.284+0000][info][gc,metaspace] GC(62) Metaspace: 398K(576K)->398K(576K) NonClass: 368K(448K)->368K(448K) Class: 29K(128K)->29K(128K)
[2026-07-18T17:20:02.284+0000][info][gc          ] GC(62) Pause Young (Normal) (G1 Evacuation Pause) 1424M->727M(1500M) 1.137ms
[2026-07-18T17:20:02.284+0000][info][gc,cpu      ] GC(62) User=0.00s Sys=0.00s Real=0.01s
[2026-07-18T17:20:02.291+0000][info][gc,marking  ] GC(61) Concurrent Rebuild Remembered Sets and Scrub Regions 49.675ms
[2026-07-18T17:20:02.296+0000][info][gc,start    ] GC(61) Pause Cleanup
[2026-07-18T17:20:02.296+0000][info][gc          ] GC(61) Pause Cleanup 786M->786M(1500M) 0.177ms
[2026-07-18T17:20:02.296+0000][info][gc,cpu      ] GC(61) User=0.00s Sys=0.00s Real=0.00s
[2026-07-18T17:20:02.296+0000][info][gc,marking  ] GC(61) Concurrent Clear Claimed Marks
[2026-07-18T17:20:02.300+0000][info][gc,marking  ] GC(61) Concurrent Clear Claimed Marks 3.481ms
[2026-07-18T17:20:02.300+0000][info][gc,marking  ] GC(61) Concurrent Cleanup for Next Mark
[2026-07-18T17:20:02.301+0000][info][gc,marking  ] GC(61) Concurrent Cleanup for Next Mark 0.655ms
[2026-07-18T17:20:02.301+0000][info][gc          ] GC(61) Concurrent Mark Cycle 145.602ms
[2026-07-18T17:20:02.395+0000][info][gc,start    ] GC(63) Pause Young (Prepare Mixed) (G1 Evacuation Pause)
[2026-07-18T17:20:02.395+0000][info][gc,task     ] GC(63) Using 4 workers of 4 for evacuation
[2026-07-18T17:20:02.395+0000][info][gc,phases   ] GC(63)   Pre Evacuate Collection Set: 0.17ms
[2026-07-18T17:20:02.395+0000][info][gc,phases   ] GC(63)   Merge Heap Roots: 0.07ms
[2026-07-18T17:20:02.395+0000][info][gc,phases   ] GC(63)   Evacuate Collection Set: 0.09ms
[2026-07-18T17:20:02.395+0000][info][gc,phases   ] GC(63)   Post Evacuate Collection Set: 0.24ms
[2026-07-18T17:20:02.395+0000][info][gc,phases   ] GC(63)   Other: 0.07ms
[2026-07-18T17:20:02.395+0000][info][gc,heap     ] GC(63) Eden regions: 697->0(697)
[2026-07-18T17:20:02.395+0000][info][gc,heap     ] GC(63) Survivor regions: 0->0(75)
[2026-07-18T17:20:02.396+0000][info][gc,heap     ] GC(63) Old regions: 698->698
[2026-07-18T17:20:02.396+0000][info][gc,heap     ] GC(63) Humongous regions: 30->30
[2026-07-18T17:20:02.396+0000][info][gc,metaspace] GC(63) Metaspace: 398K(576K)->398K(576K) NonClass: 368K(448K)->368K(448K) Class: 29K(128K)->29K(128K)
[2026-07-18T17:20:02.396+0000][info][gc          ] GC(63) Pause Young (Prepare Mixed) (G1 Evacuation Pause) 1424M->727M(1500M) 1.044ms
[2026-07-18T17:20:02.396+0000][info][gc,cpu      ] GC(63) User=0.00s Sys=0.00s Real=0.00s
[2026-07-18T17:20:02.503+0000][info][gc,start    ] GC(64) Pause Young (Mixed) (G1 Evacuation Pause)
[2026-07-18T17:20:02.504+0000][info][gc,task     ] GC(64) Using 4 workers of 4 for evacuation
[2026-07-18T17:20:02.505+0000][info][gc,phases   ] GC(64)   Pre Evacuate Collection Set: 0.15ms
[2026-07-18T17:20:02.505+0000][info][gc,phases   ] GC(64)   Merge Heap Roots: 0.09ms
[2026-07-18T17:20:02.505+0000][info][gc,phases   ] GC(64)   Evacuate Collection Set: 0.44ms
[2026-07-18T17:20:02.505+0000][info][gc,phases   ] GC(64)   Post Evacuate Collection Set: 0.24ms
[2026-07-18T17:20:02.505+0000][info][gc,phases   ] GC(64)   Other: 0.07ms
[2026-07-18T17:20:02.505+0000][info][gc,heap     ] GC(64) Eden regions: 697->0(697)
[2026-07-18T17:20:02.505+0000][info][gc,heap     ] GC(64) Survivor regions: 0->0(75)
[2026-07-18T17:20:02.505+0000][info][gc,heap     ] GC(64) Old regions: 698->698
[2026-07-18T17:20:02.505+0000][info][gc,heap     ] GC(64) Humongous regions: 30->30
[2026-07-18T17:20:02.505+0000][info][gc,metaspace] GC(64) Metaspace: 398K(576K)->398K(576K) NonClass: 368K(448K)->368K(448K) Class: 29K(128K)->29K(128K)
[2026-07-18T17:20:02.505+0000][info][gc          ] GC(64) Pause Young (Mixed) (G1 Evacuation Pause) 1424M->727M(1500M) 1.382ms
[2026-07-18T17:20:02.505+0000][info][gc,cpu      ] GC(64) User=0.00s Sys=0.00s Real=0.01s
[2026-07-18T17:20:02.612+0000][info][gc,start    ] GC(65) Pause Young (Concurrent Start) (G1 Evacuation Pause)
[2026-07-18T17:20:02.612+0000][info][gc,task     ] GC(65) Using 4 workers of 4 for evacuation
[2026-07-18T17:20:02.613+0000][info][gc,phases   ] GC(65)   Pre Evacuate Collection Set: 0.16ms
[2026-07-18T17:20:02.613+0000][info][gc,phases   ] GC(65)   Merge Heap Roots: 0.07ms
[2026-07-18T17:20:02.613+0000][info][gc,phases   ] GC(65)   Evacuate Collection Set: 0.12ms
[2026-07-18T17:20:02.613+0000][info][gc,phases   ] GC(65)   Post Evacuate Collection Set: 0.24ms
[2026-07-18T17:20:02.613+0000][info][gc,phases   ] GC(65)   Other: 0.09ms
[2026-07-18T17:20:02.613+0000][info][gc,heap     ] GC(65) Eden regions: 697->0(697)
[2026-07-18T17:20:02.613+0000][info][gc,heap     ] GC(65) Survivor regions: 0->0(75)
[2026-07-18T17:20:02.613+0000][info][gc,heap     ] GC(65) Old regions: 698->698
[2026-07-18T17:20:02.613+0000][info][gc,heap     ] GC(65) Humongous regions: 30->30
[2026-07-18T17:20:02.613+0000][info][gc,metaspace] GC(65) Metaspace: 398K(576K)->398K(576K) NonClass: 368K(448K)->368K(448K) Class: 29K(128K)->29K(128K)
[2026-07-18T17:20:02.613+0000][info][gc          ] GC(65) Pause Young (Concurrent Start) (G1 Evacuation Pause) 1424M->727M(1500M) 1.097ms
[2026-07-18T17:20:02.613+0000][info][gc,cpu      ] GC(65) User=0.00s Sys=0.00s Real=0.00s
[2026-07-18T17:20:02.613+0000][info][gc          ] GC(66) Concurrent Mark Cycle
[2026-07-18T17:20:02.617+0000][info][gc,marking  ] GC(66) Concurrent Scan Root Regions
[2026-07-18T17:20:02.617+0000][info][gc,marking  ] GC(66) Concurrent Scan Root Regions 0.057ms
[2026-07-18T17:20:02.617+0000][info][gc,marking  ] GC(66) Concurrent Mark
[2026-07-18T17:20:02.617+0000][info][gc,marking  ] GC(66) Concurrent Mark From Roots
[2026-07-18T17:20:02.617+0000][info][gc,task     ] GC(66) Using 1 workers of 1 for marking
[2026-07-18T17:20:02.695+0000][info][gc,marking  ] GC(66) Concurrent Mark From Roots 78.218ms
[2026-07-18T17:20:02.695+0000][info][gc,marking  ] GC(66) Concurrent Preclean
[2026-07-18T17:20:02.695+0000][info][gc,marking  ] GC(66) Concurrent Preclean 0.047ms
[2026-07-18T17:20:02.696+0000][info][gc,start    ] GC(66) Pause Remark
[2026-07-18T17:20:02.696+0000][info][gc          ] GC(66) Pause Remark 1203M->1203M(1500M) 0.462ms
[2026-07-18T17:20:02.696+0000][info][gc,cpu      ] GC(66) User=0.00s Sys=0.00s Real=0.00s
[2026-07-18T17:20:02.696+0000][info][gc,marking  ] GC(66) Concurrent Mark 79.559ms
[2026-07-18T17:20:02.700+0000][info][gc,marking  ] GC(66) Concurrent Rebuild Remembered Sets and Scrub Regions
[2026-07-18T17:20:02.736+0000][info][gc,start    ] GC(67) Pause Young (Normal) (G1 Evacuation Pause)
[2026-07-18T17:20:02.736+0000][info][gc,task     ] GC(67) Using 4 workers of 4 for evacuation
[2026-07-18T17:20:02.737+0000][info][gc,phases   ] GC(67)   Pre Evacuate Collection Set: 0.18ms
[2026-07-18T17:20:02.737+0000][info][gc,phases   ] GC(67)   Merge Heap Roots: 0.05ms
[2026-07-18T17:20:02.737+0000][info][gc,phases   ] GC(67)   Evacuate Collection Set: 0.12ms
[2026-07-18T17:20:02.737+0000][info][gc,phases   ] GC(67)   Post Evacuate Collection Set: 0.26ms
[2026-07-18T17:20:02.737+0000][info][gc,phases   ] GC(67)   Other: 0.08ms
[2026-07-18T17:20:02.737+0000][info][gc,heap     ] GC(67) Eden regions: 697->0(697)
[2026-07-18T17:20:02.737+0000][info][gc,heap     ] GC(67) Survivor regions: 0->0(75)
[2026-07-18T17:20:02.737+0000][info][gc,heap     ] GC(67) Old regions: 698->698
[2026-07-18T17:20:02.737+0000][info][gc,heap     ] GC(67) Humongous regions: 30->30
[2026-07-18T17:20:02.737+0000][info][gc,metaspace] GC(67) Metaspace: 398K(576K)->398K(576K) NonClass: 368K(448K)->368K(448K) Class: 29K(128K)->29K(128K)
[2026-07-18T17:20:02.737+0000][info][gc          ] GC(67) Pause Young (Normal) (G1 Evacuation Pause) 1424M->727M(1500M) 1.050ms
[2026-07-18T17:20:02.737+0000][info][gc,cpu      ] GC(67) User=0.00s Sys=0.00s Real=0.00s
[2026-07-18T17:20:02.749+0000][info][gc,marking  ] GC(66) Concurrent Rebuild Remembered Sets and Scrub Regions 49.589ms
[2026-07-18T17:20:02.753+0000][info][gc,start    ] GC(66) Pause Cleanup
[2026-07-18T17:20:02.753+0000][info][gc          ] GC(66) Pause Cleanup 806M->806M(1500M) 0.200ms
[2026-07-18T17:20:02.753+0000][info][gc,cpu      ] GC(66) User=0.00s Sys=0.00s Real=0.00s
[2026-07-18T17:20:02.753+0000][info][gc,marking  ] GC(66) Concurrent Clear Claimed Marks
[2026-07-18T17:20:02.757+0000][info][gc,marking  ] GC(66) Concurrent Clear Claimed Marks 3.461ms
[2026-07-18T17:20:02.757+0000][info][gc,marking  ] GC(66) Concurrent Cleanup for Next Mark
[2026-07-18T17:20:02.757+0000][info][gc,marking  ] GC(66) Concurrent Cleanup for Next Mark 0.631ms
[2026-07-18T17:20:02.758+0000][info][gc          ] GC(66) Concurrent Mark Cycle 144.199ms
[2026-07-18T17:20:02.850+0000][info][gc,start    ] GC(68) Pause Young (Prepare Mixed) (G1 Evacuation Pause)
[2026-07-18T17:20:02.850+0000][info][gc,task     ] GC(68) Using 4 workers of 4 for evacuation
[2026-07-18T17:20:02.851+0000][info][gc,phases   ] GC(68)   Pre Evacuate Collection Set: 0.16ms
[2026-07-18T17:20:02.851+0000][info][gc,phases   ] GC(68)   Merge Heap Roots: 0.07ms
[2026-07-18T17:20:02.851+0000][info][gc,phases   ] GC(68)   Evacuate Collection Set: 0.09ms
[2026-07-18T17:20:02.851+0000][info][gc,phases   ] GC(68)   Post Evacuate Collection Set: 0.24ms
[2026-07-18T17:20:02.851+0000][info][gc,phases   ] GC(68)   Other: 0.07ms
[2026-07-18T17:20:02.851+0000][info][gc,heap     ] GC(68) Eden regions: 697->0(697)
[2026-07-18T17:20:02.851+0000][info][gc,heap     ] GC(68) Survivor regions: 0->0(75)
[2026-07-18T17:20:02.851+0000][info][gc,heap     ] GC(68) Old regions: 698->698
[2026-07-18T17:20:02.851+0000][info][gc,heap     ] GC(68) Humongous regions: 30->30
[2026-07-18T17:20:02.851+0000][info][gc,metaspace] GC(68) Metaspace: 398K(576K)->398K(576K) NonClass: 368K(448K)->368K(448K) Class: 29K(128K)->29K(128K)
[2026-07-18T17:20:02.851+0000][info][gc          ] GC(68) Pause Young (Prepare Mixed) (G1 Evacuation Pause) 1424M->727M(1500M) 1.041ms
[2026-07-18T17:20:02.851+0000][info][gc,cpu      ] GC(68) User=0.00s Sys=0.00s Real=0.00s
[2026-07-18T17:20:02.963+0000][info][gc,start    ] GC(69) Pause Young (Mixed) (G1 Evacuation Pause)
[2026-07-18T17:20:02.963+0000][info][gc,task     ] GC(69) Using 4 workers of 4 for evacuation
[2026-07-18T17:20:02.964+0000][info][gc,phases   ] GC(69)   Pre Evacuate Collection Set: 0.19ms
[2026-07-18T17:20:02.964+0000][info][gc,phases   ] GC(69)   Merge Heap Roots: 0.07ms
[2026-07-18T17:20:02.964+0000][info][gc,phases   ] GC(69)   Evacuate Collection Set: 0.51ms
[2026-07-18T17:20:02.964+0000][info][gc,phases   ] GC(69)   Post Evacuate Collection Set: 0.25ms
[2026-07-18T17:20:02.964+0000][info][gc,phases   ] GC(69)   Other: 0.07ms
[2026-07-18T17:20:02.964+0000][info][gc,heap     ] GC(69) Eden regions: 697->0(697)
[2026-07-18T17:20:02.964+0000][info][gc,heap     ] GC(69) Survivor regions: 0->0(75)
[2026-07-18T17:20:02.964+0000][info][gc,heap     ] GC(69) Old regions: 698->698
[2026-07-18T17:20:02.964+0000][info][gc,heap     ] GC(69) Humongous regions: 30->30
[2026-07-18T17:20:02.964+0000][info][gc,metaspace] GC(69) Metaspace: 398K(576K)->398K(576K) NonClass: 368K(448K)->368K(448K) Class: 29K(128K)->29K(128K)
[2026-07-18T17:20:02.964+0000][info][gc          ] GC(69) Pause Young (Mixed) (G1 Evacuation Pause) 1424M->727M(1500M) 1.519ms
[2026-07-18T17:20:02.964+0000][info][gc,cpu      ] GC(69) User=0.01s Sys=0.00s Real=0.01s
[2026-07-18T17:20:03.075+0000][info][gc,start    ] GC(70) Pause Young (Concurrent Start) (G1 Evacuation Pause)
[2026-07-18T17:20:03.076+0000][info][gc,task     ] GC(70) Using 4 workers of 4 for evacuation
[2026-07-18T17:20:03.076+0000][info][gc,phases   ] GC(70)   Pre Evacuate Collection Set: 0.20ms
[2026-07-18T17:20:03.076+0000][info][gc,phases   ] GC(70)   Merge Heap Roots: 0.08ms
[2026-07-18T17:20:03.076+0000][info][gc,phases   ] GC(70)   Evacuate Collection Set: 0.12ms
[2026-07-18T17:20:03.076+0000][info][gc,phases   ] GC(70)   Post Evacuate Collection Set: 0.25ms
[2026-07-18T17:20:03.076+0000][info][gc,phases   ] GC(70)   Other: 0.10ms
[2026-07-18T17:20:03.076+0000][info][gc,heap     ] GC(70) Eden regions: 697->0(697)
[2026-07-18T17:20:03.077+0000][info][gc,heap     ] GC(70) Survivor regions: 0->0(75)
[2026-07-18T17:20:03.077+0000][info][gc,heap     ] GC(70) Old regions: 698->698
[2026-07-18T17:20:03.077+0000][info][gc,heap     ] GC(70) Humongous regions: 30->30
[2026-07-18T17:20:03.077+0000][info][gc,metaspace] GC(70) Metaspace: 398K(576K)->398K(576K) NonClass: 368K(448K)->368K(448K) Class: 29K(128K)->29K(128K)
[2026-07-18T17:20:03.077+0000][info][gc          ] GC(70) Pause Young (Concurrent Start) (G1 Evacuation Pause) 1424M->727M(1500M) 1.180ms
[2026-07-18T17:20:03.077+0000][info][gc,cpu      ] GC(70) User=0.00s Sys=0.00s Real=0.00s
[2026-07-18T17:20:03.077+0000][info][gc          ] GC(71) Concurrent Mark Cycle
[2026-07-18T17:20:03.080+0000][info][gc,marking  ] GC(71) Concurrent Scan Root Regions
[2026-07-18T17:20:03.080+0000][info][gc,marking  ] GC(71) Concurrent Scan Root Regions 0.121ms
[2026-07-18T17:20:03.080+0000][info][gc,marking  ] GC(71) Concurrent Mark
[2026-07-18T17:20:03.080+0000][info][gc,marking  ] GC(71) Concurrent Mark From Roots
[2026-07-18T17:20:03.080+0000][info][gc,task     ] GC(71) Using 1 workers of 1 for marking
[2026-07-18T17:20:03.158+0000][info][gc,marking  ] GC(71) Concurrent Mark From Roots 78.234ms
[2026-07-18T17:20:03.158+0000][info][gc,marking  ] GC(71) Concurrent Preclean
[2026-07-18T17:20:03.158+0000][info][gc,marking  ] GC(71) Concurrent Preclean 0.053ms
[2026-07-18T17:20:03.159+0000][info][gc,start    ] GC(71) Pause Remark
[2026-07-18T17:20:03.159+0000][info][gc          ] GC(71) Pause Remark 1197M->1197M(1500M) 0.470ms
[2026-07-18T17:20:03.159+0000][info][gc,cpu      ] GC(71) User=0.00s Sys=0.00s Real=0.00s
[2026-07-18T17:20:03.159+0000][info][gc,marking  ] GC(71) Concurrent Mark 79.471ms
[2026-07-18T17:20:03.163+0000][info][gc,marking  ] GC(71) Concurrent Rebuild Remembered Sets and Scrub Regions
[2026-07-18T17:20:03.201+0000][info][gc,start    ] GC(72) Pause Young (Normal) (G1 Evacuation Pause)
[2026-07-18T17:20:03.201+0000][info][gc,task     ] GC(72) Using 4 workers of 4 for evacuation
[2026-07-18T17:20:03.202+0000][info][gc,phases   ] GC(72)   Pre Evacuate Collection Set: 0.17ms
[2026-07-18T17:20:03.202+0000][info][gc,phases   ] GC(72)   Merge Heap Roots: 0.07ms
[2026-07-18T17:20:03.202+0000][info][gc,phases   ] GC(72)   Evacuate Collection Set: 0.10ms
[2026-07-18T17:20:03.202+0000][info][gc,phases   ] GC(72)   Post Evacuate Collection Set: 0.25ms
[2026-07-18T17:20:03.202+0000][info][gc,phases   ] GC(72)   Other: 0.06ms
[2026-07-18T17:20:03.202+0000][info][gc,heap     ] GC(72) Eden regions: 697->0(697)
[2026-07-18T17:20:03.202+0000][info][gc,heap     ] GC(72) Survivor regions: 0->0(75)
[2026-07-18T17:20:03.202+0000][info][gc,heap     ] GC(72) Old regions: 698->698
[2026-07-18T17:20:03.202+0000][info][gc,heap     ] GC(72) Humongous regions: 30->30
[2026-07-18T17:20:03.202+0000][info][gc,metaspace] GC(72) Metaspace: 398K(576K)->398K(576K) NonClass: 368K(448K)->368K(448K) Class: 29K(128K)->29K(128K)
[2026-07-18T17:20:03.202+0000][info][gc          ] GC(72) Pause Young (Normal) (G1 Evacuation Pause) 1424M->727M(1500M) 1.034ms
[2026-07-18T17:20:03.202+0000][info][gc,cpu      ] GC(72) User=0.00s Sys=0.00s Real=0.00s
[2026-07-18T17:20:03.213+0000][info][gc,marking  ] GC(71) Concurrent Rebuild Remembered Sets and Scrub Regions 50.487ms
[2026-07-18T17:20:03.218+0000][info][gc,start    ] GC(71) Pause Cleanup
[2026-07-18T17:20:03.218+0000][info][gc          ] GC(71) Pause Cleanup 810M->810M(1500M) 0.179ms
[2026-07-18T17:20:03.218+0000][info][gc,cpu      ] GC(71) User=0.00s Sys=0.00s Real=0.00s
[2026-07-18T17:20:03.218+0000][info][gc,marking  ] GC(71) Concurrent Clear Claimed Marks
[2026-07-18T17:20:03.222+0000][info][gc,marking  ] GC(71) Concurrent Clear Claimed Marks 3.493ms
[2026-07-18T17:20:03.222+0000][info][gc,marking  ] GC(71) Concurrent Cleanup for Next Mark
[2026-07-18T17:20:03.223+0000][info][gc,marking  ] GC(71) Concurrent Cleanup for Next Mark 0.647ms
[2026-07-18T17:20:03.223+0000][info][gc          ] GC(71) Concurrent Mark Cycle 145.880ms
[2026-07-18T17:20:03.317+0000][info][gc,start    ] GC(73) Pause Young (Prepare Mixed) (G1 Evacuation Pause)
[2026-07-18T17:20:03.317+0000][info][gc,task     ] GC(73) Using 4 workers of 4 for evacuation
[2026-07-18T17:20:03.317+0000][info][gc,phases   ] GC(73)   Pre Evacuate Collection Set: 0.17ms
[2026-07-18T17:20:03.317+0000][info][gc,phases   ] GC(73)   Merge Heap Roots: 0.07ms
[2026-07-18T17:20:03.317+0000][info][gc,phases   ] GC(73)   Evacuate Collection Set: 0.10ms
[2026-07-18T17:20:03.318+0000][info][gc,phases   ] GC(73)   Post Evacuate Collection Set: 0.26ms
[2026-07-18T17:20:03.318+0000][info][gc,phases   ] GC(73)   Other: 0.07ms
[2026-07-18T17:20:03.318+0000][info][gc,heap     ] GC(73) Eden regions: 697->0(697)
[2026-07-18T17:20:03.318+0000][info][gc,heap     ] GC(73) Survivor regions: 0->0(75)
[2026-07-18T17:20:03.318+0000][info][gc,heap     ] GC(73) Old regions: 698->698
[2026-07-18T17:20:03.318+0000][info][gc,heap     ] GC(73) Humongous regions: 30->30
[2026-07-18T17:20:03.318+0000][info][gc,metaspace] GC(73) Metaspace: 398K(576K)->398K(576K) NonClass: 368K(448K)->368K(448K) Class: 29K(128K)->29K(128K)
[2026-07-18T17:20:03.318+0000][info][gc          ] GC(73) Pause Young (Prepare Mixed) (G1 Evacuation Pause) 1424M->727M(1500M) 1.080ms
[2026-07-18T17:20:03.318+0000][info][gc,cpu      ] GC(73) User=0.00s Sys=0.00s Real=0.00s
[2026-07-18T17:20:03.430+0000][info][gc,start    ] GC(74) Pause Young (Mixed) (G1 Evacuation Pause)
[2026-07-18T17:20:03.430+0000][info][gc,task     ] GC(74) Using 4 workers of 4 for evacuation
[2026-07-18T17:20:03.431+0000][info][gc,phases   ] GC(74)   Pre Evacuate Collection Set: 0.17ms
[2026-07-18T17:20:03.431+0000][info][gc,phases   ] GC(74)   Merge Heap Roots: 0.07ms
[2026-07-18T17:20:03.431+0000][info][gc,phases   ] GC(74)   Evacuate Collection Set: 0.55ms
[2026-07-18T17:20:03.431+0000][info][gc,phases   ] GC(74)   Post Evacuate Collection Set: 0.24ms
[2026-07-18T17:20:03.431+0000][info][gc,phases   ] GC(74)   Other: 0.07ms
[2026-07-18T17:20:03.431+0000][info][gc,heap     ] GC(74) Eden regions: 697->0(698)
[2026-07-18T17:20:03.432+0000][info][gc,heap     ] GC(74) Survivor regions: 0->0(75)
[2026-07-18T17:20:03.432+0000][info][gc,heap     ] GC(74) Old regions: 698->697
[2026-07-18T17:20:03.432+0000][info][gc,heap     ] GC(74) Humongous regions: 30->30
[2026-07-18T17:20:03.432+0000][info][gc,metaspace] GC(74) Metaspace: 398K(576K)->398K(576K) NonClass: 368K(448K)->368K(448K) Class: 29K(128K)->29K(128K)
[2026-07-18T17:20:03.432+0000][info][gc          ] GC(74) Pause Young (Mixed) (G1 Evacuation Pause) 1424M->726M(1500M) 1.528ms
[2026-07-18T17:20:03.432+0000][info][gc,cpu      ] GC(74) User=0.00s Sys=0.00s Real=0.00s
[2026-07-18T17:20:03.545+0000][info][gc,start    ] GC(75) Pause Young (Concurrent Start) (G1 Evacuation Pause)
[2026-07-18T17:20:03.545+0000][info][gc,task     ] GC(75) Using 4 workers of 4 for evacuation
[2026-07-18T17:20:03.545+0000][info][gc,phases   ] GC(75)   Pre Evacuate Collection Set: 0.19ms
[2026-07-18T17:20:03.545+0000][info][gc,phases   ] GC(75)   Merge Heap Roots: 0.09ms
[2026-07-18T17:20:03.545+0000][info][gc,phases   ] GC(75)   Evacuate Collection Set: 0.11ms
[2026-07-18T17:20:03.546+0000][info][gc,phases   ] GC(75)   Post Evacuate Collection Set: 0.29ms
[2026-07-18T17:20:03.546+0000][info][gc,phases   ] GC(75)   Other: 0.10ms
[2026-07-18T17:20:03.546+0000][info][gc,heap     ] GC(75) Eden regions: 698->0(698)
[2026-07-18T17:20:03.546+0000][info][gc,heap     ] GC(75) Survivor regions: 0->0(75)
[2026-07-18T17:20:03.546+0000][info][gc,heap     ] GC(75) Old regions: 697->697
[2026-07-18T17:20:03.546+0000][info][gc,heap     ] GC(75) Humongous regions: 30->30
[2026-07-18T17:20:03.546+0000][info][gc,metaspace] GC(75) Metaspace: 398K(576K)->398K(576K) NonClass: 368K(448K)->368K(448K) Class: 29K(128K)->29K(128K)
[2026-07-18T17:20:03.546+0000][info][gc          ] GC(75) Pause Young (Concurrent Start) (G1 Evacuation Pause) 1424M->726M(1500M) 1.199ms
[2026-07-18T17:20:03.546+0000][info][gc,cpu      ] GC(75) User=0.01s Sys=0.00s Real=0.00s
[2026-07-18T17:20:03.546+0000][info][gc          ] GC(76) Concurrent Mark Cycle
[2026-07-18T17:20:03.550+0000][info][gc,marking  ] GC(76) Concurrent Scan Root Regions
[2026-07-18T17:20:03.550+0000][info][gc,marking  ] GC(76) Concurrent Scan Root Regions 0.060ms
[2026-07-18T17:20:03.550+0000][info][gc,marking  ] GC(76) Concurrent Mark
[2026-07-18T17:20:03.550+0000][info][gc,marking  ] GC(76) Concurrent Mark From Roots
[2026-07-18T17:20:03.550+0000][info][gc,task     ] GC(76) Using 1 workers of 1 for marking
[2026-07-18T17:20:03.628+0000][info][gc,marking  ] GC(76) Concurrent Mark From Roots 78.542ms
[2026-07-18T17:20:03.629+0000][info][gc,marking  ] GC(76) Concurrent Preclean
[2026-07-18T17:20:03.629+0000][info][gc,marking  ] GC(76) Concurrent Preclean 0.054ms
[2026-07-18T17:20:03.629+0000][info][gc,start    ] GC(76) Pause Remark
[2026-07-18T17:20:03.629+0000][info][gc          ] GC(76) Pause Remark 1196M->1196M(1500M) 0.462ms
[2026-07-18T17:20:03.629+0000][info][gc,cpu      ] GC(76) User=0.00s Sys=0.00s Real=0.00s
[2026-07-18T17:20:03.629+0000][info][gc,marking  ] GC(76) Concurrent Mark 79.480ms
[2026-07-18T17:20:03.633+0000][info][gc,marking  ] GC(76) Concurrent Rebuild Remembered Sets and Scrub Regions
[2026-07-18T17:20:03.670+0000][info][gc,start    ] GC(77) Pause Young (Normal) (G1 Evacuation Pause)
[2026-07-18T17:20:03.670+0000][info][gc,task     ] GC(77) Using 4 workers of 4 for evacuation
[2026-07-18T17:20:03.671+0000][info][gc,phases   ] GC(77)   Pre Evacuate Collection Set: 0.17ms
[2026-07-18T17:20:03.671+0000][info][gc,phases   ] GC(77)   Merge Heap Roots: 0.04ms
[2026-07-18T17:20:03.671+0000][info][gc,phases   ] GC(77)   Evacuate Collection Set: 0.11ms
[2026-07-18T17:20:03.671+0000][info][gc,phases   ] GC(77)   Post Evacuate Collection Set: 0.25ms
[2026-07-18T17:20:03.671+0000][info][gc,phases   ] GC(77)   Other: 0.06ms
[2026-07-18T17:20:03.671+0000][info][gc,heap     ] GC(77) Eden regions: 698->0(698)
[2026-07-18T17:20:03.671+0000][info][gc,heap     ] GC(77) Survivor regions: 0->0(75)
[2026-07-18T17:20:03.671+0000][info][gc,heap     ] GC(77) Old regions: 697->697
[2026-07-18T17:20:03.671+0000][info][gc,heap     ] GC(77) Humongous regions: 30->30
[2026-07-18T17:20:03.671+0000][info][gc,metaspace] GC(77) Metaspace: 398K(576K)->398K(576K) NonClass: 368K(448K)->368K(448K) Class: 29K(128K)->29K(128K)
[2026-07-18T17:20:03.671+0000][info][gc          ] GC(77) Pause Young (Normal) (G1 Evacuation Pause) 1424M->726M(1500M) 1.003ms
[2026-07-18T17:20:03.671+0000][info][gc,cpu      ] GC(77) User=0.00s Sys=0.00s Real=0.00s
[2026-07-18T17:20:03.684+0000][info][gc,marking  ] GC(76) Concurrent Rebuild Remembered Sets and Scrub Regions 51.195ms
[2026-07-18T17:20:03.688+0000][info][gc,start    ] GC(76) Pause Cleanup
[2026-07-18T17:20:03.688+0000][info][gc          ] GC(76) Pause Cleanup 813M->813M(1500M) 0.168ms
[2026-07-18T17:20:03.688+0000][info][gc,cpu      ] GC(76) User=0.00s Sys=0.00s Real=0.00s
[2026-07-18T17:20:03.688+0000][info][gc,marking  ] GC(76) Concurrent Clear Claimed Marks
[2026-07-18T17:20:03.692+0000][info][gc,marking  ] GC(76) Concurrent Clear Claimed Marks 3.510ms
[2026-07-18T17:20:03.692+0000][info][gc,marking  ] GC(76) Concurrent Cleanup for Next Mark
[2026-07-18T17:20:03.693+0000][info][gc,marking  ] GC(76) Concurrent Cleanup for Next Mark 0.726ms
[2026-07-18T17:20:03.693+0000][info][gc          ] GC(76) Concurrent Mark Cycle 146.929ms
[2026-07-18T17:20:03.786+0000][info][gc,start    ] GC(78) Pause Young (Prepare Mixed) (G1 Evacuation Pause)
[2026-07-18T17:20:03.786+0000][info][gc,task     ] GC(78) Using 4 workers of 4 for evacuation
[2026-07-18T17:20:03.787+0000][info][gc,phases   ] GC(78)   Pre Evacuate Collection Set: 0.16ms
[2026-07-18T17:20:03.787+0000][info][gc,phases   ] GC(78)   Merge Heap Roots: 0.07ms
[2026-07-18T17:20:03.787+0000][info][gc,phases   ] GC(78)   Evacuate Collection Set: 0.11ms
[2026-07-18T17:20:03.787+0000][info][gc,phases   ] GC(78)   Post Evacuate Collection Set: 0.25ms
[2026-07-18T17:20:03.787+0000][info][gc,phases   ] GC(78)   Other: 0.08ms
[2026-07-18T17:20:03.787+0000][info][gc,heap     ] GC(78) Eden regions: 698->0(698)
[2026-07-18T17:20:03.787+0000][info][gc,heap     ] GC(78) Survivor regions: 0->0(75)
[2026-07-18T17:20:03.787+0000][info][gc,heap     ] GC(78) Old regions: 697->697
[2026-07-18T17:20:03.787+0000][info][gc,heap     ] GC(78) Humongous regions: 30->30
[2026-07-18T17:20:03.787+0000][info][gc,metaspace] GC(78) Metaspace: 398K(576K)->398K(576K) NonClass: 368K(448K)->368K(448K) Class: 29K(128K)->29K(128K)
[2026-07-18T17:20:03.787+0000][info][gc          ] GC(78) Pause Young (Prepare Mixed) (G1 Evacuation Pause) 1424M->726M(1500M) 1.076ms
[2026-07-18T17:20:03.787+0000][info][gc,cpu      ] GC(78) User=0.00s Sys=0.00s Real=0.00s
[2026-07-18T17:20:03.897+0000][info][gc,start    ] GC(79) Pause Young (Mixed) (G1 Evacuation Pause)
[2026-07-18T17:20:03.897+0000][info][gc,task     ] GC(79) Using 4 workers of 4 for evacuation
[2026-07-18T17:20:03.898+0000][info][gc,phases   ] GC(79)   Pre Evacuate Collection Set: 0.18ms
[2026-07-18T17:20:03.898+0000][info][gc,phases   ] GC(79)   Merge Heap Roots: 0.06ms
[2026-07-18T17:20:03.898+0000][info][gc,phases   ] GC(79)   Evacuate Collection Set: 0.47ms
[2026-07-18T17:20:03.898+0000][info][gc,phases   ] GC(79)   Post Evacuate Collection Set: 0.24ms
[2026-07-18T17:20:03.899+0000][info][gc,phases   ] GC(79)   Other: 0.06ms
[2026-07-18T17:20:03.899+0000][info][gc,heap     ] GC(79) Eden regions: 698->0(698)
[2026-07-18T17:20:03.899+0000][info][gc,heap     ] GC(79) Survivor regions: 0->0(75)
[2026-07-18T17:20:03.899+0000][info][gc,heap     ] GC(79) Old regions: 697->697
[2026-07-18T17:20:03.899+0000][info][gc,heap     ] GC(79) Humongous regions: 30->30
[2026-07-18T17:20:03.899+0000][info][gc,metaspace] GC(79) Metaspace: 398K(576K)->398K(576K) NonClass: 368K(448K)->368K(448K) Class: 29K(128K)->29K(128K)
[2026-07-18T17:20:03.899+0000][info][gc          ] GC(79) Pause Young (Mixed) (G1 Evacuation Pause) 1424M->726M(1500M) 1.450ms
[2026-07-18T17:20:03.899+0000][info][gc,cpu      ] GC(79) User=0.01s Sys=0.00s Real=0.00s
[2026-07-18T17:20:04.024+0000][info][gc,start    ] GC(80) Pause Young (Concurrent Start) (G1 Evacuation Pause)
[2026-07-18T17:20:04.024+0000][info][gc,task     ] GC(80) Using 4 workers of 4 for evacuation
[2026-07-18T17:20:04.025+0000][info][gc,phases   ] GC(80)   Pre Evacuate Collection Set: 0.34ms
[2026-07-18T17:20:04.025+0000][info][gc,phases   ] GC(80)   Merge Heap Roots: 0.13ms
[2026-07-18T17:20:04.026+0000][info][gc,phases   ] GC(80)   Evacuate Collection Set: 0.17ms
[2026-07-18T17:20:04.026+0000][info][gc,phases   ] GC(80)   Post Evacuate Collection Set: 0.23ms
[2026-07-18T17:20:04.026+0000][info][gc,phases   ] GC(80)   Other: 0.17ms
[2026-07-18T17:20:04.026+0000][info][gc,heap     ] GC(80) Eden regions: 698->0(698)
[2026-07-18T17:20:04.026+0000][info][gc,heap     ] GC(80) Survivor regions: 0->0(75)
[2026-07-18T17:20:04.026+0000][info][gc,heap     ] GC(80) Old regions: 697->697
[2026-07-18T17:20:04.026+0000][info][gc,heap     ] GC(80) Humongous regions: 30->30
[2026-07-18T17:20:04.026+0000][info][gc,metaspace] GC(80) Metaspace: 398K(576K)->398K(576K) NonClass: 368K(448K)->368K(448K) Class: 29K(128K)->29K(128K)
[2026-07-18T17:20:04.026+0000][info][gc          ] GC(80) Pause Young (Concurrent Start) (G1 Evacuation Pause) 1424M->726M(1500M) 1.397ms
[2026-07-18T17:20:04.026+0000][info][gc,cpu      ] GC(80) User=0.00s Sys=0.00s Real=0.00s
[2026-07-18T17:20:04.026+0000][info][gc          ] GC(81) Concurrent Mark Cycle
[2026-07-18T17:20:04.029+0000][info][gc,marking  ] GC(81) Concurrent Scan Root Regions
[2026-07-18T17:20:04.029+0000][info][gc,marking  ] GC(81) Concurrent Scan Root Regions 0.068ms
[2026-07-18T17:20:04.029+0000][info][gc,marking  ] GC(81) Concurrent Mark
[2026-07-18T17:20:04.029+0000][info][gc,marking  ] GC(81) Concurrent Mark From Roots
[2026-07-18T17:20:04.029+0000][info][gc,task     ] GC(81) Using 1 workers of 1 for marking
[2026-07-18T17:20:04.110+0000][info][gc,marking  ] GC(81) Concurrent Mark From Roots 80.695ms
[2026-07-18T17:20:04.110+0000][info][gc,marking  ] GC(81) Concurrent Preclean
[2026-07-18T17:20:04.110+0000][info][gc,marking  ] GC(81) Concurrent Preclean 0.078ms
[2026-07-18T17:20:04.111+0000][info][gc,start    ] GC(81) Pause Remark
[2026-07-18T17:20:04.112+0000][info][gc          ] GC(81) Pause Remark 1188M->1188M(1500M) 0.505ms
[2026-07-18T17:20:04.112+0000][info][gc,cpu      ] GC(81) User=0.00s Sys=0.00s Real=0.00s
[2026-07-18T17:20:04.112+0000][info][gc,marking  ] GC(81) Concurrent Mark 82.671ms
[2026-07-18T17:20:04.115+0000][info][gc,marking  ] GC(81) Concurrent Rebuild Remembered Sets and Scrub Regions
[2026-07-18T17:20:04.157+0000][info][gc,start    ] GC(82) Pause Young (Normal) (G1 Evacuation Pause)
[2026-07-18T17:20:04.157+0000][info][gc,task     ] GC(82) Using 4 workers of 4 for evacuation
[2026-07-18T17:20:04.159+0000][info][gc,phases   ] GC(82)   Pre Evacuate Collection Set: 0.31ms
[2026-07-18T17:20:04.159+0000][info][gc,phases   ] GC(82)   Merge Heap Roots: 0.14ms
[2026-07-18T17:20:04.159+0000][info][gc,phases   ] GC(82)   Evacuate Collection Set: 0.13ms
[2026-07-18T17:20:04.159+0000][info][gc,phases   ] GC(82)   Post Evacuate Collection Set: 0.41ms
[2026-07-18T17:20:04.159+0000][info][gc,phases   ] GC(82)   Other: 0.11ms
[2026-07-18T17:20:04.159+0000][info][gc,heap     ] GC(82) Eden regions: 698->0(698)
[2026-07-18T17:20:04.159+0000][info][gc,heap     ] GC(82) Survivor regions: 0->0(75)
[2026-07-18T17:20:04.159+0000][info][gc,heap     ] GC(82) Old regions: 697->697
[2026-07-18T17:20:04.159+0000][info][gc,heap     ] GC(82) Humongous regions: 30->30
[2026-07-18T17:20:04.159+0000][info][gc,metaspace] GC(82) Metaspace: 398K(576K)->398K(576K) NonClass: 368K(448K)->368K(448K) Class: 29K(128K)->29K(128K)
[2026-07-18T17:20:04.159+0000][info][gc          ] GC(82) Pause Young (Normal) (G1 Evacuation Pause) 1424M->726M(1500M) 1.932ms
[2026-07-18T17:20:04.159+0000][info][gc,cpu      ] GC(82) User=0.00s Sys=0.00s Real=0.00s
[2026-07-18T17:20:04.172+0000][info][gc,marking  ] GC(81) Concurrent Rebuild Remembered Sets and Scrub Regions 57.636ms
[2026-07-18T17:20:04.175+0000][info][gc,start    ] GC(81) Pause Cleanup
[2026-07-18T17:20:04.175+0000][info][gc          ] GC(81) Pause Cleanup 787M->787M(1500M) 0.243ms
[2026-07-18T17:20:04.175+0000][info][gc,cpu      ] GC(81) User=0.00s Sys=0.00s Real=0.00s
[2026-07-18T17:20:04.175+0000][info][gc,marking  ] GC(81) Concurrent Clear Claimed Marks
[2026-07-18T17:20:04.179+0000][info][gc,marking  ] GC(81) Concurrent Clear Claimed Marks 3.546ms
[2026-07-18T17:20:04.179+0000][info][gc,marking  ] GC(81) Concurrent Cleanup for Next Mark
[2026-07-18T17:20:04.180+0000][info][gc,marking  ] GC(81) Concurrent Cleanup for Next Mark 0.970ms
[2026-07-18T17:20:04.180+0000][info][gc          ] GC(81) Concurrent Mark Cycle 154.379ms
[2026-07-18T17:20:04.288+0000][info][gc,start    ] GC(83) Pause Young (Prepare Mixed) (G1 Evacuation Pause)
[2026-07-18T17:20:04.289+0000][info][gc,task     ] GC(83) Using 4 workers of 4 for evacuation
[2026-07-18T17:20:04.289+0000][info][gc,phases   ] GC(83)   Pre Evacuate Collection Set: 0.20ms
[2026-07-18T17:20:04.290+0000][info][gc,phases   ] GC(83)   Merge Heap Roots: 0.16ms
[2026-07-18T17:20:04.290+0000][info][gc,phases   ] GC(83)   Evacuate Collection Set: 0.10ms
[2026-07-18T17:20:04.290+0000][info][gc,phases   ] GC(83)   Post Evacuate Collection Set: 0.32ms
[2026-07-18T17:20:04.290+0000][info][gc,phases   ] GC(83)   Other: 0.14ms
[2026-07-18T17:20:04.290+0000][info][gc,heap     ] GC(83) Eden regions: 698->0(698)
[2026-07-18T17:20:04.290+0000][info][gc,heap     ] GC(83) Survivor regions: 0->0(75)
[2026-07-18T17:20:04.290+0000][info][gc,heap     ] GC(83) Old regions: 697->697
[2026-07-18T17:20:04.290+0000][info][gc,heap     ] GC(83) Humongous regions: 30->30
[2026-07-18T17:20:04.290+0000][info][gc,metaspace] GC(83) Metaspace: 398K(576K)->398K(576K) NonClass: 368K(448K)->368K(448K) Class: 29K(128K)->29K(128K)
[2026-07-18T17:20:04.290+0000][info][gc          ] GC(83) Pause Young (Prepare Mixed) (G1 Evacuation Pause) 1424M->726M(1500M) 1.360ms
[2026-07-18T17:20:04.290+0000][info][gc,cpu      ] GC(83) User=0.00s Sys=0.00s Real=0.00s
[2026-07-18T17:20:04.412+0000][info][gc,start    ] GC(84) Pause Young (Mixed) (G1 Evacuation Pause)
[2026-07-18T17:20:04.412+0000][info][gc,task     ] GC(84) Using 4 workers of 4 for evacuation
[2026-07-18T17:20:04.413+0000][info][gc,phases   ] GC(84)   Pre Evacuate Collection Set: 0.22ms
[2026-07-18T17:20:04.413+0000][info][gc,phases   ] GC(84)   Merge Heap Roots: 0.11ms
[2026-07-18T17:20:04.413+0000][info][gc,phases   ] GC(84)   Evacuate Collection Set: 0.52ms
[2026-07-18T17:20:04.413+0000][info][gc,phases   ] GC(84)   Post Evacuate Collection Set: 0.24ms
[2026-07-18T17:20:04.413+0000][info][gc,phases   ] GC(84)   Other: 0.06ms
[2026-07-18T17:20:04.413+0000][info][gc,heap     ] GC(84) Eden regions: 698->0(698)
[2026-07-18T17:20:04.413+0000][info][gc,heap     ] GC(84) Survivor regions: 0->0(75)
[2026-07-18T17:20:04.413+0000][info][gc,heap     ] GC(84) Old regions: 697->697
[2026-07-18T17:20:04.413+0000][info][gc,heap     ] GC(84) Humongous regions: 30->30
[2026-07-18T17:20:04.413+0000][info][gc,metaspace] GC(84) Metaspace: 398K(576K)->398K(576K) NonClass: 368K(448K)->368K(448K) Class: 29K(128K)->29K(128K)
[2026-07-18T17:20:04.414+0000][info][gc          ] GC(84) Pause Young (Mixed) (G1 Evacuation Pause) 1424M->726M(1500M) 1.592ms
[2026-07-18T17:20:04.414+0000][info][gc,cpu      ] GC(84) User=0.00s Sys=0.00s Real=0.00s
[2026-07-18T17:20:04.519+0000][info][gc,start    ] GC(85) Pause Young (Concurrent Start) (G1 Evacuation Pause)
[2026-07-18T17:20:04.520+0000][info][gc,task     ] GC(85) Using 4 workers of 4 for evacuation
[2026-07-18T17:20:04.520+0000][info][gc,phases   ] GC(85)   Pre Evacuate Collection Set: 0.17ms
[2026-07-18T17:20:04.520+0000][info][gc,phases   ] GC(85)   Merge Heap Roots: 0.07ms
[2026-07-18T17:20:04.520+0000][info][gc,phases   ] GC(85)   Evacuate Collection Set: 0.11ms
[2026-07-18T17:20:04.520+0000][info][gc,phases   ] GC(85)   Post Evacuate Collection Set: 0.25ms
[2026-07-18T17:20:04.520+0000][info][gc,phases   ] GC(85)   Other: 0.10ms
[2026-07-18T17:20:04.520+0000][info][gc,heap     ] GC(85) Eden regions: 698->0(698)
[2026-07-18T17:20:04.520+0000][info][gc,heap     ] GC(85) Survivor regions: 0->0(75)
[2026-07-18T17:20:04.520+0000][info][gc,heap     ] GC(85) Old regions: 697->697
[2026-07-18T17:20:04.520+0000][info][gc,heap     ] GC(85) Humongous regions: 30->30
[2026-07-18T17:20:04.520+0000][info][gc,metaspace] GC(85) Metaspace: 398K(576K)->398K(576K) NonClass: 368K(448K)->368K(448K) Class: 29K(128K)->29K(128K)
[2026-07-18T17:20:04.521+0000][info][gc          ] GC(85) Pause Young (Concurrent Start) (G1 Evacuation Pause) 1424M->726M(1500M) 1.129ms
[2026-07-18T17:20:04.521+0000][info][gc,cpu      ] GC(85) User=0.01s Sys=0.00s Real=0.00s
[2026-07-18T17:20:04.521+0000][info][gc          ] GC(86) Concurrent Mark Cycle
[2026-07-18T17:20:04.523+0000][info][gc,marking  ] GC(86) Concurrent Scan Root Regions
[2026-07-18T17:20:04.523+0000][info][gc,marking  ] GC(86) Concurrent Scan Root Regions 0.044ms
[2026-07-18T17:20:04.523+0000][info][gc,marking  ] GC(86) Concurrent Mark
[2026-07-18T17:20:04.523+0000][info][gc,marking  ] GC(86) Concurrent Mark From Roots
[2026-07-18T17:20:04.523+0000][info][gc,task     ] GC(86) Using 1 workers of 1 for marking
[2026-07-18T17:20:04.601+0000][info][gc,marking  ] GC(86) Concurrent Mark From Roots 78.105ms
[2026-07-18T17:20:04.601+0000][info][gc,marking  ] GC(86) Concurrent Preclean
[2026-07-18T17:20:04.601+0000][info][gc,marking  ] GC(86) Concurrent Preclean 0.048ms
[2026-07-18T17:20:04.602+0000][info][gc,start    ] GC(86) Pause Remark
[2026-07-18T17:20:04.603+0000][info][gc          ] GC(86) Pause Remark 1197M->1197M(1500M) 0.501ms
[2026-07-18T17:20:04.603+0000][info][gc,cpu      ] GC(86) User=0.00s Sys=0.00s Real=0.00s
[2026-07-18T17:20:04.603+0000][info][gc,marking  ] GC(86) Concurrent Mark 79.708ms
[2026-07-18T17:20:04.606+0000][info][gc,marking  ] GC(86) Concurrent Rebuild Remembered Sets and Scrub Regions
[2026-07-18T17:20:04.643+0000][info][gc,start    ] GC(87) Pause Young (Normal) (G1 Evacuation Pause)
[2026-07-18T17:20:04.643+0000][info][gc,task     ] GC(87) Using 4 workers of 4 for evacuation
[2026-07-18T17:20:04.643+0000][info][gc,phases   ] GC(87)   Pre Evacuate Collection Set: 0.22ms
[2026-07-18T17:20:04.643+0000][info][gc,phases   ] GC(87)   Merge Heap Roots: 0.05ms
[2026-07-18T17:20:04.643+0000][info][gc,phases   ] GC(87)   Evacuate Collection Set: 0.10ms
[2026-07-18T17:20:04.643+0000][info][gc,phases   ] GC(87)   Post Evacuate Collection Set: 0.25ms
[2026-07-18T17:20:04.643+0000][info][gc,phases   ] GC(87)   Other: 0.07ms
[2026-07-18T17:20:04.643+0000][info][gc,heap     ] GC(87) Eden regions: 698->0(698)
[2026-07-18T17:20:04.644+0000][info][gc,heap     ] GC(87) Survivor regions: 0->0(75)
[2026-07-18T17:20:04.644+0000][info][gc,heap     ] GC(87) Old regions: 697->697
[2026-07-18T17:20:04.644+0000][info][gc,heap     ] GC(87) Humongous regions: 30->30
[2026-07-18T17:20:04.644+0000][info][gc,metaspace] GC(87) Metaspace: 398K(576K)->398K(576K) NonClass: 368K(448K)->368K(448K) Class: 29K(128K)->29K(128K)
[2026-07-18T17:20:04.644+0000][info][gc          ] GC(87) Pause Young (Normal) (G1 Evacuation Pause) 1424M->726M(1500M) 1.088ms
[2026-07-18T17:20:04.644+0000][info][gc,cpu      ] GC(87) User=0.00s Sys=0.00s Real=0.00s
[2026-07-18T17:20:04.655+0000][info][gc,marking  ] GC(86) Concurrent Rebuild Remembered Sets and Scrub Regions 49.526ms
[2026-07-18T17:20:04.659+0000][info][gc,start    ] GC(86) Pause Cleanup
[2026-07-18T17:20:04.659+0000][info][gc          ] GC(86) Pause Cleanup 806M->806M(1500M) 0.147ms
[2026-07-18T17:20:04.659+0000][info][gc,cpu      ] GC(86) User=0.00s Sys=0.00s Real=0.00s
[2026-07-18T17:20:04.659+0000][info][gc,marking  ] GC(86) Concurrent Clear Claimed Marks
[2026-07-18T17:20:04.663+0000][info][gc,marking  ] GC(86) Concurrent Clear Claimed Marks 3.547ms
[2026-07-18T17:20:04.663+0000][info][gc,marking  ] GC(86) Concurrent Cleanup for Next Mark
[2026-07-18T17:20:04.664+0000][info][gc,marking  ] GC(86) Concurrent Cleanup for Next Mark 0.655ms
[2026-07-18T17:20:04.664+0000][info][gc          ] GC(86) Concurrent Mark Cycle 142.986ms
[2026-07-18T17:20:04.754+0000][info][gc,start    ] GC(88) Pause Young (Normal) (G1 Evacuation Pause)
[2026-07-18T17:20:04.754+0000][info][gc,task     ] GC(88) Using 4 workers of 4 for evacuation
[2026-07-18T17:20:04.754+0000][info][gc,phases   ] GC(88)   Pre Evacuate Collection Set: 0.15ms
[2026-07-18T17:20:04.754+0000][info][gc,phases   ] GC(88)   Merge Heap Roots: 0.08ms
[2026-07-18T17:20:04.754+0000][info][gc,phases   ] GC(88)   Evacuate Collection Set: 0.09ms
[2026-07-18T17:20:04.754+0000][info][gc,phases   ] GC(88)   Post Evacuate Collection Set: 0.25ms
[2026-07-18T17:20:04.755+0000][info][gc,phases   ] GC(88)   Other: 0.07ms
[2026-07-18T17:20:04.755+0000][info][gc,heap     ] GC(88) Eden regions: 698->0(698)
[2026-07-18T17:20:04.755+0000][info][gc,heap     ] GC(88) Survivor regions: 0->0(75)
[2026-07-18T17:20:04.755+0000][info][gc,heap     ] GC(88) Old regions: 697->697
[2026-07-18T17:20:04.755+0000][info][gc,heap     ] GC(88) Humongous regions: 30->30
[2026-07-18T17:20:04.755+0000][info][gc,metaspace] GC(88) Metaspace: 398K(576K)->398K(576K) NonClass: 368K(448K)->368K(448K) Class: 29K(128K)->29K(128K)
[2026-07-18T17:20:04.755+0000][info][gc          ] GC(88) Pause Young (Normal) (G1 Evacuation Pause) 1424M->726M(1500M) 1.038ms
[2026-07-18T17:20:04.755+0000][info][gc,cpu      ] GC(88) User=0.01s Sys=0.00s Real=0.01s
[2026-07-18T17:20:04.867+0000][info][gc,start    ] GC(89) Pause Young (Concurrent Start) (G1 Evacuation Pause)
[2026-07-18T17:20:04.867+0000][info][gc,task     ] GC(89) Using 4 workers of 4 for evacuation
[2026-07-18T17:20:04.868+0000][info][gc,phases   ] GC(89)   Pre Evacuate Collection Set: 0.17ms
[2026-07-18T17:20:04.868+0000][info][gc,phases   ] GC(89)   Merge Heap Roots: 0.11ms
[2026-07-18T17:20:04.868+0000][info][gc,phases   ] GC(89)   Evacuate Collection Set: 0.11ms
[2026-07-18T17:20:04.868+0000][info][gc,phases   ] GC(89)   Post Evacuate Collection Set: 0.23ms
[2026-07-18T17:20:04.868+0000][info][gc,phases   ] GC(89)   Other: 0.11ms
[2026-07-18T17:20:04.868+0000][info][gc,heap     ] GC(89) Eden regions: 698->0(698)
[2026-07-18T17:20:04.868+0000][info][gc,heap     ] GC(89) Survivor regions: 0->0(75)
[2026-07-18T17:20:04.868+0000][info][gc,heap     ] GC(89) Old regions: 697->697
[2026-07-18T17:20:04.868+0000][info][gc,heap     ] GC(89) Humongous regions: 30->30
[2026-07-18T17:20:04.869+0000][info][gc,metaspace] GC(89) Metaspace: 398K(576K)->398K(576K) NonClass: 368K(448K)->368K(448K) Class: 29K(128K)->29K(128K)
[2026-07-18T17:20:04.869+0000][info][gc          ] GC(89) Pause Young (Concurrent Start) (G1 Evacuation Pause) 1424M->726M(1500M) 1.169ms
[2026-07-18T17:20:04.869+0000][info][gc,cpu      ] GC(89) User=0.00s Sys=0.00s Real=0.00s
[2026-07-18T17:20:04.869+0000][info][gc          ] GC(90) Concurrent Mark Cycle
[2026-07-18T17:20:04.872+0000][info][gc,marking  ] GC(90) Concurrent Scan Root Regions
[2026-07-18T17:20:04.872+0000][info][gc,marking  ] GC(90) Concurrent Scan Root Regions 0.066ms
[2026-07-18T17:20:04.872+0000][info][gc,marking  ] GC(90) Concurrent Mark
[2026-07-18T17:20:04.872+0000][info][gc,marking  ] GC(90) Concurrent Mark From Roots
[2026-07-18T17:20:04.872+0000][info][gc,task     ] GC(90) Using 1 workers of 1 for marking
[2026-07-18T17:20:04.950+0000][info][gc,marking  ] GC(90) Concurrent Mark From Roots 78.439ms
[2026-07-18T17:20:04.951+0000][info][gc,marking  ] GC(90) Concurrent Preclean
[2026-07-18T17:20:04.951+0000][info][gc,marking  ] GC(90) Concurrent Preclean 0.055ms
[2026-07-18T17:20:04.951+0000][info][gc,start    ] GC(90) Pause Remark
[2026-07-18T17:20:04.951+0000][info][gc          ] GC(90) Pause Remark 1188M->1188M(1500M) 0.572ms
[2026-07-18T17:20:04.951+0000][info][gc,cpu      ] GC(90) User=0.00s Sys=0.00s Real=0.00s
[2026-07-18T17:20:04.951+0000][info][gc,marking  ] GC(90) Concurrent Mark 79.576ms
[2026-07-18T17:20:04.955+0000][info][gc,marking  ] GC(90) Concurrent Rebuild Remembered Sets and Scrub Regions
[2026-07-18T17:20:04.996+0000][info][gc,start    ] GC(91) Pause Young (Normal) (G1 Evacuation Pause)
[2026-07-18T17:20:04.996+0000][info][gc,task     ] GC(91) Using 4 workers of 4 for evacuation
[2026-07-18T17:20:04.997+0000][info][gc,phases   ] GC(91)   Pre Evacuate Collection Set: 0.16ms
[2026-07-18T17:20:04.997+0000][info][gc,phases   ] GC(91)   Merge Heap Roots: 0.07ms
[2026-07-18T17:20:04.997+0000][info][gc,phases   ] GC(91)   Evacuate Collection Set: 0.10ms
[2026-07-18T17:20:04.997+0000][info][gc,phases   ] GC(91)   Post Evacuate Collection Set: 0.25ms
[2026-07-18T17:20:04.997+0000][info][gc,phases   ] GC(91)   Other: 0.08ms
[2026-07-18T17:20:04.997+0000][info][gc,heap     ] GC(91) Eden regions: 698->0(698)
[2026-07-18T17:20:04.997+0000][info][gc,heap     ] GC(91) Survivor regions: 0->0(75)
[2026-07-18T17:20:04.997+0000][info][gc,heap     ] GC(91) Old regions: 697->697
[2026-07-18T17:20:04.997+0000][info][gc,heap     ] GC(91) Humongous regions: 30->30
[2026-07-18T17:20:04.997+0000][info][gc,metaspace] GC(91) Metaspace: 398K(576K)->398K(576K) NonClass: 368K(448K)->368K(448K) Class: 29K(128K)->29K(128K)
[2026-07-18T17:20:04.997+0000][info][gc          ] GC(91) Pause Young (Normal) (G1 Evacuation Pause) 1424M->726M(1500M) 1.072ms
[2026-07-18T17:20:04.997+0000][info][gc,cpu      ] GC(91) User=0.00s Sys=0.00s Real=0.00s
[2026-07-18T17:20:05.006+0000][info][gc,marking  ] GC(90) Concurrent Rebuild Remembered Sets and Scrub Regions 50.689ms
[2026-07-18T17:20:05.009+0000][info][gc,start    ] GC(90) Pause Cleanup
[2026-07-18T17:20:05.009+0000][info][gc          ] GC(90) Pause Cleanup 784M->784M(1500M) 0.161ms
[2026-07-18T17:20:05.009+0000][info][gc,cpu      ] GC(90) User=0.00s Sys=0.00s Real=0.00s
[2026-07-18T17:20:05.009+0000][info][gc,marking  ] GC(90) Concurrent Clear Claimed Marks
[2026-07-18T17:20:05.013+0000][info][gc,marking  ] GC(90) Concurrent Clear Claimed Marks 3.507ms
[2026-07-18T17:20:05.013+0000][info][gc,marking  ] GC(90) Concurrent Cleanup for Next Mark
[2026-07-18T17:20:05.014+0000][info][gc,marking  ] GC(90) Concurrent Cleanup for Next Mark 0.654ms
[2026-07-18T17:20:05.014+0000][info][gc          ] GC(90) Concurrent Mark Cycle 144.966ms
[2026-07-18T17:20:05.110+0000][info][gc,start    ] GC(92) Pause Young (Normal) (G1 Evacuation Pause)
[2026-07-18T17:20:05.110+0000][info][gc,task     ] GC(92) Using 4 workers of 4 for evacuation
[2026-07-18T17:20:05.111+0000][info][gc,phases   ] GC(92)   Pre Evacuate Collection Set: 0.18ms
[2026-07-18T17:20:05.111+0000][info][gc,phases   ] GC(92)   Merge Heap Roots: 0.08ms
[2026-07-18T17:20:05.111+0000][info][gc,phases   ] GC(92)   Evacuate Collection Set: 0.10ms
[2026-07-18T17:20:05.111+0000][info][gc,phases   ] GC(92)   Post Evacuate Collection Set: 0.25ms
[2026-07-18T17:20:05.111+0000][info][gc,phases   ] GC(92)   Other: 0.07ms
[2026-07-18T17:20:05.111+0000][info][gc,heap     ] GC(92) Eden regions: 698->0(698)
[2026-07-18T17:20:05.111+0000][info][gc,heap     ] GC(92) Survivor regions: 0->0(75)
[2026-07-18T17:20:05.111+0000][info][gc,heap     ] GC(92) Old regions: 697->697
[2026-07-18T17:20:05.111+0000][info][gc,heap     ] GC(92) Humongous regions: 30->30
[2026-07-18T17:20:05.111+0000][info][gc,metaspace] GC(92) Metaspace: 398K(576K)->398K(576K) NonClass: 368K(448K)->368K(448K) Class: 29K(128K)->29K(128K)
[2026-07-18T17:20:05.111+0000][info][gc          ] GC(92) Pause Young (Normal) (G1 Evacuation Pause) 1424M->726M(1500M) 1.100ms
[2026-07-18T17:20:05.111+0000][info][gc,cpu      ] GC(92) User=0.00s Sys=0.00s Real=0.00s
[2026-07-18T17:20:05.217+0000][info][gc,start    ] GC(93) Pause Young (Concurrent Start) (G1 Evacuation Pause)
[2026-07-18T17:20:05.217+0000][info][gc,task     ] GC(93) Using 4 workers of 4 for evacuation
[2026-07-18T17:20:05.218+0000][info][gc,phases   ] GC(93)   Pre Evacuate Collection Set: 0.18ms
[2026-07-18T17:20:05.218+0000][info][gc,phases   ] GC(93)   Merge Heap Roots: 0.08ms
[2026-07-18T17:20:05.218+0000][info][gc,phases   ] GC(93)   Evacuate Collection Set: 0.11ms
[2026-07-18T17:20:05.218+0000][info][gc,phases   ] GC(93)   Post Evacuate Collection Set: 0.24ms
[2026-07-18T17:20:05.218+0000][info][gc,phases   ] GC(93)   Other: 0.09ms
[2026-07-18T17:20:05.218+0000][info][gc,heap     ] GC(93) Eden regions: 698->0(698)
[2026-07-18T17:20:05.218+0000][info][gc,heap     ] GC(93) Survivor regions: 0->0(75)
[2026-07-18T17:20:05.218+0000][info][gc,heap     ] GC(93) Old regions: 697->697
[2026-07-18T17:20:05.218+0000][info][gc,heap     ] GC(93) Humongous regions: 30->30
[2026-07-18T17:20:05.218+0000][info][gc,metaspace] GC(93) Metaspace: 398K(576K)->398K(576K) NonClass: 368K(448K)->368K(448K) Class: 29K(128K)->29K(128K)
[2026-07-18T17:20:05.218+0000][info][gc          ] GC(93) Pause Young (Concurrent Start) (G1 Evacuation Pause) 1424M->726M(1500M) 1.096ms
[2026-07-18T17:20:05.218+0000][info][gc,cpu      ] GC(93) User=0.00s Sys=0.00s Real=0.00s
[2026-07-18T17:20:05.218+0000][info][gc          ] GC(94) Concurrent Mark Cycle
[2026-07-18T17:20:05.221+0000][info][gc,marking  ] GC(94) Concurrent Scan Root Regions
[2026-07-18T17:20:05.221+0000][info][gc,marking  ] GC(94) Concurrent Scan Root Regions 0.051ms
[2026-07-18T17:20:05.221+0000][info][gc,marking  ] GC(94) Concurrent Mark
[2026-07-18T17:20:05.221+0000][info][gc,marking  ] GC(94) Concurrent Mark From Roots
[2026-07-18T17:20:05.221+0000][info][gc,task     ] GC(94) Using 1 workers of 1 for marking
[2026-07-18T17:20:05.300+0000][info][gc,marking  ] GC(94) Concurrent Mark From Roots 79.327ms
[2026-07-18T17:20:05.301+0000][info][gc,marking  ] GC(94) Concurrent Preclean
[2026-07-18T17:20:05.301+0000][info][gc,marking  ] GC(94) Concurrent Preclean 0.045ms
[2026-07-18T17:20:05.301+0000][info][gc,start    ] GC(94) Pause Remark
[2026-07-18T17:20:05.301+0000][info][gc          ] GC(94) Pause Remark 1180M->1180M(1500M) 0.503ms
[2026-07-18T17:20:05.301+0000][info][gc,cpu      ] GC(94) User=0.00s Sys=0.00s Real=0.00s
[2026-07-18T17:20:05.301+0000][info][gc,marking  ] GC(94) Concurrent Mark 80.149ms
[2026-07-18T17:20:05.305+0000][info][gc,marking  ] GC(94) Concurrent Rebuild Remembered Sets and Scrub Regions
[2026-07-18T17:20:05.345+0000][info][gc,start    ] GC(95) Pause Young (Normal) (G1 Evacuation Pause)
[2026-07-18T17:20:05.345+0000][info][gc,task     ] GC(95) Using 4 workers of 4 for evacuation
[2026-07-18T17:20:05.346+0000][info][gc,phases   ] GC(95)   Pre Evacuate Collection Set: 0.15ms
[2026-07-18T17:20:05.346+0000][info][gc,phases   ] GC(95)   Merge Heap Roots: 0.09ms
[2026-07-18T17:20:05.346+0000][info][gc,phases   ] GC(95)   Evacuate Collection Set: 0.10ms
[2026-07-18T17:20:05.346+0000][info][gc,phases   ] GC(95)   Post Evacuate Collection Set: 0.31ms
[2026-07-18T17:20:05.346+0000][info][gc,phases   ] GC(95)   Other: 0.07ms
[2026-07-18T17:20:05.346+0000][info][gc,heap     ] GC(95) Eden regions: 698->0(698)
[2026-07-18T17:20:05.346+0000][info][gc,heap     ] GC(95) Survivor regions: 0->0(75)
[2026-07-18T17:20:05.346+0000][info][gc,heap     ] GC(95) Old regions: 697->697
[2026-07-18T17:20:05.346+0000][info][gc,heap     ] GC(95) Humongous regions: 30->30
[2026-07-18T17:20:05.346+0000][info][gc,metaspace] GC(95) Metaspace: 398K(576K)->398K(576K) NonClass: 368K(448K)->368K(448K) Class: 29K(128K)->29K(128K)
[2026-07-18T17:20:05.346+0000][info][gc          ] GC(95) Pause Young (Normal) (G1 Evacuation Pause) 1424M->726M(1500M) 1.095ms
[2026-07-18T17:20:05.346+0000][info][gc,cpu      ] GC(95) User=0.00s Sys=0.00s Real=0.00s
[2026-07-18T17:20:05.354+0000][info][gc,marking  ] GC(94) Concurrent Rebuild Remembered Sets and Scrub Regions 49.369ms
[2026-07-18T17:20:05.359+0000][info][gc,start    ] GC(94) Pause Cleanup
[2026-07-18T17:20:05.359+0000][info][gc          ] GC(94) Pause Cleanup 790M->790M(1500M) 0.143ms
[2026-07-18T17:20:05.359+0000][info][gc,cpu      ] GC(94) User=0.00s Sys=0.00s Real=0.00s
[2026-07-18T17:20:05.359+0000][info][gc,marking  ] GC(94) Concurrent Clear Claimed Marks
[2026-07-18T17:20:05.363+0000][info][gc,marking  ] GC(94) Concurrent Clear Claimed Marks 3.548ms
[2026-07-18T17:20:05.363+0000][info][gc,marking  ] GC(94) Concurrent Cleanup for Next Mark
[2026-07-18T17:20:05.364+0000][info][gc,marking  ] GC(94) Concurrent Cleanup for Next Mark 0.685ms
[2026-07-18T17:20:05.364+0000][info][gc          ] GC(94) Concurrent Mark Cycle 145.654ms
[2026-07-18T17:20:05.459+0000][info][gc,start    ] GC(96) Pause Young (Normal) (G1 Evacuation Pause)
[2026-07-18T17:20:05.460+0000][info][gc,task     ] GC(96) Using 4 workers of 4 for evacuation
[2026-07-18T17:20:05.460+0000][info][gc,phases   ] GC(96)   Pre Evacuate Collection Set: 0.15ms
[2026-07-18T17:20:05.460+0000][info][gc,phases   ] GC(96)   Merge Heap Roots: 0.06ms
[2026-07-18T17:20:05.460+0000][info][gc,phases   ] GC(96)   Evacuate Collection Set: 0.10ms
[2026-07-18T17:20:05.460+0000][info][gc,phases   ] GC(96)   Post Evacuate Collection Set: 0.23ms
[2026-07-18T17:20:05.460+0000][info][gc,phases   ] GC(96)   Other: 0.07ms
[2026-07-18T17:20:05.460+0000][info][gc,heap     ] GC(96) Eden regions: 698->0(698)
[2026-07-18T17:20:05.460+0000][info][gc,heap     ] GC(96) Survivor regions: 0->0(75)
[2026-07-18T17:20:05.460+0000][info][gc,heap     ] GC(96) Old regions: 697->697
[2026-07-18T17:20:05.460+0000][info][gc,heap     ] GC(96) Humongous regions: 30->30
[2026-07-18T17:20:05.460+0000][info][gc,metaspace] GC(96) Metaspace: 398K(576K)->398K(576K) NonClass: 368K(448K)->368K(448K) Class: 29K(128K)->29K(128K)
[2026-07-18T17:20:05.460+0000][info][gc          ] GC(96) Pause Young (Normal) (G1 Evacuation Pause) 1424M->726M(1500M) 1.013ms
[2026-07-18T17:20:05.460+0000][info][gc,cpu      ] GC(96) User=0.00s Sys=0.00s Real=0.00s
[2026-07-18T17:20:05.565+0000][info][gc,start    ] GC(97) Pause Young (Concurrent Start) (G1 Evacuation Pause)
[2026-07-18T17:20:05.565+0000][info][gc,task     ] GC(97) Using 4 workers of 4 for evacuation
[2026-07-18T17:20:05.566+0000][info][gc,phases   ] GC(97)   Pre Evacuate Collection Set: 0.17ms
[2026-07-18T17:20:05.566+0000][info][gc,phases   ] GC(97)   Merge Heap Roots: 0.06ms
[2026-07-18T17:20:05.566+0000][info][gc,phases   ] GC(97)   Evacuate Collection Set: 0.18ms
[2026-07-18T17:20:05.566+0000][info][gc,phases   ] GC(97)   Post Evacuate Collection Set: 0.33ms
[2026-07-18T17:20:05.566+0000][info][gc,phases   ] GC(97)   Other: 0.09ms
[2026-07-18T17:20:05.566+0000][info][gc,heap     ] GC(97) Eden regions: 698->0(698)
[2026-07-18T17:20:05.566+0000][info][gc,heap     ] GC(97) Survivor regions: 0->0(75)
[2026-07-18T17:20:05.566+0000][info][gc,heap     ] GC(97) Old regions: 697->697
[2026-07-18T17:20:05.566+0000][info][gc,heap     ] GC(97) Humongous regions: 30->30
[2026-07-18T17:20:05.566+0000][info][gc,metaspace] GC(97) Metaspace: 398K(576K)->398K(576K) NonClass: 368K(448K)->368K(448K) Class: 29K(128K)->29K(128K)
[2026-07-18T17:20:05.566+0000][info][gc          ] GC(97) Pause Young (Concurrent Start) (G1 Evacuation Pause) 1424M->726M(1500M) 1.184ms
[2026-07-18T17:20:05.566+0000][info][gc,cpu      ] GC(97) User=0.00s Sys=0.00s Real=0.00s
[2026-07-18T17:20:05.566+0000][info][gc          ] GC(98) Concurrent Mark Cycle
[2026-07-18T17:20:05.570+0000][info][gc,marking  ] GC(98) Concurrent Scan Root Regions
[2026-07-18T17:20:05.570+0000][info][gc,marking  ] GC(98) Concurrent Scan Root Regions 0.056ms
[2026-07-18T17:20:05.570+0000][info][gc,marking  ] GC(98) Concurrent Mark
[2026-07-18T17:20:05.570+0000][info][gc,marking  ] GC(98) Concurrent Mark From Roots
[2026-07-18T17:20:05.570+0000][info][gc,task     ] GC(98) Using 1 workers of 1 for marking
[2026-07-18T17:20:05.648+0000][info][gc,marking  ] GC(98) Concurrent Mark From Roots 78.337ms
[2026-07-18T17:20:05.648+0000][info][gc,marking  ] GC(98) Concurrent Preclean
[2026-07-18T17:20:05.648+0000][info][gc,marking  ] GC(98) Concurrent Preclean 0.088ms
[2026-07-18T17:20:05.649+0000][info][gc,start    ] GC(98) Pause Remark
[2026-07-18T17:20:05.649+0000][info][gc          ] GC(98) Pause Remark 1195M->1195M(1500M) 0.479ms
[2026-07-18T17:20:05.649+0000][info][gc,cpu      ] GC(98) User=0.00s Sys=0.00s Real=0.00s
[2026-07-18T17:20:05.649+0000][info][gc,marking  ] GC(98) Concurrent Mark 79.546ms
[2026-07-18T17:20:05.653+0000][info][gc,marking  ] GC(98) Concurrent Rebuild Remembered Sets and Scrub Regions
[2026-07-18T17:20:05.689+0000][info][gc,start    ] GC(99) Pause Young (Normal) (G1 Evacuation Pause)
[2026-07-18T17:20:05.690+0000][info][gc,task     ] GC(99) Using 4 workers of 4 for evacuation
[2026-07-18T17:20:05.690+0000][info][gc,phases   ] GC(99)   Pre Evacuate Collection Set: 0.16ms
[2026-07-18T17:20:05.690+0000][info][gc,phases   ] GC(99)   Merge Heap Roots: 0.08ms
[2026-07-18T17:20:05.690+0000][info][gc,phases   ] GC(99)   Evacuate Collection Set: 0.16ms
[2026-07-18T17:20:05.690+0000][info][gc,phases   ] GC(99)   Post Evacuate Collection Set: 0.27ms
[2026-07-18T17:20:05.690+0000][info][gc,phases   ] GC(99)   Other: 0.07ms
[2026-07-18T17:20:05.690+0000][info][gc,heap     ] GC(99) Eden regions: 698->0(698)
[2026-07-18T17:20:05.690+0000][info][gc,heap     ] GC(99) Survivor regions: 0->0(75)
[2026-07-18T17:20:05.690+0000][info][gc,heap     ] GC(99) Old regions: 697->697
[2026-07-18T17:20:05.691+0000][info][gc,heap     ] GC(99) Humongous regions: 30->30
[2026-07-18T17:20:05.691+0000][info][gc,metaspace] GC(99) Metaspace: 398K(576K)->398K(576K) NonClass: 368K(448K)->368K(448K) Class: 29K(128K)->29K(128K)
[2026-07-18T17:20:05.691+0000][info][gc          ] GC(99) Pause Young (Normal) (G1 Evacuation Pause) 1424M->726M(1500M) 1.126ms
[2026-07-18T17:20:05.691+0000][info][gc,cpu      ] GC(99) User=0.00s Sys=0.00s Real=0.00s
[2026-07-18T17:20:05.702+0000][info][gc,marking  ] GC(98) Concurrent Rebuild Remembered Sets and Scrub Regions 48.862ms
[2026-07-18T17:20:05.706+0000][info][gc,start    ] GC(98) Pause Cleanup
[2026-07-18T17:20:05.706+0000][info][gc          ] GC(98) Pause Cleanup 806M->806M(1500M) 0.163ms
[2026-07-18T17:20:05.706+0000][info][gc,cpu      ] GC(98) User=0.00s Sys=0.00s Real=0.00s
[2026-07-18T17:20:05.706+0000][info][gc,marking  ] GC(98) Concurrent Clear Claimed Marks
[2026-07-18T17:20:05.710+0000][info][gc,marking  ] GC(98) Concurrent Clear Claimed Marks 3.509ms
[2026-07-18T17:20:05.710+0000][info][gc,marking  ] GC(98) Concurrent Cleanup for Next Mark
[2026-07-18T17:20:05.711+0000][info][gc,marking  ] GC(98) Concurrent Cleanup for Next Mark 0.655ms
[2026-07-18T17:20:05.711+0000][info][gc          ] GC(98) Concurrent Mark Cycle 144.133ms
[2026-07-18T17:20:05.804+0000][info][gc,start    ] GC(100) Pause Young (Normal) (G1 Evacuation Pause)
[2026-07-18T17:20:05.804+0000][info][gc,task     ] GC(100) Using 4 workers of 4 for evacuation
[2026-07-18T17:20:05.805+0000][info][gc,phases   ] GC(100)   Pre Evacuate Collection Set: 0.16ms
[2026-07-18T17:20:05.805+0000][info][gc,phases   ] GC(100)   Merge Heap Roots: 0.07ms
[2026-07-18T17:20:05.805+0000][info][gc,phases   ] GC(100)   Evacuate Collection Set: 0.10ms
[2026-07-18T17:20:05.805+0000][info][gc,phases   ] GC(100)   Post Evacuate Collection Set: 0.24ms
[2026-07-18T17:20:05.805+0000][info][gc,phases   ] GC(100)   Other: 0.07ms
[2026-07-18T17:20:05.805+0000][info][gc,heap     ] GC(100) Eden regions: 698->0(698)
[2026-07-18T17:20:05.805+0000][info][gc,heap     ] GC(100) Survivor regions: 0->0(75)
[2026-07-18T17:20:05.805+0000][info][gc,heap     ] GC(100) Old regions: 697->697
[2026-07-18T17:20:05.805+0000][info][gc,heap     ] GC(100) Humongous regions: 30->30
[2026-07-18T17:20:05.805+0000][info][gc,metaspace] GC(100) Metaspace: 398K(576K)->398K(576K) NonClass: 368K(448K)->368K(448K) Class: 29K(128K)->29K(128K)
[2026-07-18T17:20:05.805+0000][info][gc          ] GC(100) Pause Young (Normal) (G1 Evacuation Pause) 1424M->726M(1500M) 1.056ms
[2026-07-18T17:20:05.805+0000][info][gc,cpu      ] GC(100) User=0.00s Sys=0.00s Real=0.00s
[2026-07-18T17:20:05.913+0000][info][gc,start    ] GC(101) Pause Young (Concurrent Start) (G1 Evacuation Pause)
[2026-07-18T17:20:05.913+0000][info][gc,task     ] GC(101) Using 4 workers of 4 for evacuation
[2026-07-18T17:20:05.914+0000][info][gc,phases   ] GC(101)   Pre Evacuate Collection Set: 0.16ms
[2026-07-18T17:20:05.914+0000][info][gc,phases   ] GC(101)   Merge Heap Roots: 0.10ms
[2026-07-18T17:20:05.914+0000][info][gc,phases   ] GC(101)   Evacuate Collection Set: 0.11ms
[2026-07-18T17:20:05.914+0000][info][gc,phases   ] GC(101)   Post Evacuate Collection Set: 0.24ms
[2026-07-18T17:20:05.914+0000][info][gc,phases   ] GC(101)   Other: 0.10ms
[2026-07-18T17:20:05.914+0000][info][gc,heap     ] GC(101) Eden regions: 698->0(698)
[2026-07-18T17:20:05.914+0000][info][gc,heap     ] GC(101) Survivor regions: 0->0(75)
[2026-07-18T17:20:05.914+0000][info][gc,heap     ] GC(101) Old regions: 697->697
[2026-07-18T17:20:05.914+0000][info][gc,heap     ] GC(101) Humongous regions: 30->30
[2026-07-18T17:20:05.914+0000][info][gc,metaspace] GC(101) Metaspace: 398K(576K)->398K(576K) NonClass: 368K(448K)->368K(448K) Class: 29K(128K)->29K(128K)
[2026-07-18T17:20:05.914+0000][info][gc          ] GC(101) Pause Young (Concurrent Start) (G1 Evacuation Pause) 1424M->726M(1500M) 1.126ms
[2026-07-18T17:20:05.914+0000][info][gc,cpu      ] GC(101) User=0.00s Sys=0.00s Real=0.01s
[2026-07-18T17:20:05.915+0000][info][gc          ] GC(102) Concurrent Mark Cycle
[2026-07-18T17:20:05.918+0000][info][gc,marking  ] GC(102) Concurrent Scan Root Regions
[2026-07-18T17:20:05.918+0000][info][gc,marking  ] GC(102) Concurrent Scan Root Regions 0.056ms
[2026-07-18T17:20:05.918+0000][info][gc,marking  ] GC(102) Concurrent Mark
[2026-07-18T17:20:05.918+0000][info][gc,marking  ] GC(102) Concurrent Mark From Roots
[2026-07-18T17:20:05.918+0000][info][gc,task     ] GC(102) Using 1 workers of 1 for marking
[2026-07-18T17:20:05.996+0000][info][gc,marking  ] GC(102) Concurrent Mark From Roots 78.225ms
[2026-07-18T17:20:05.996+0000][info][gc,marking  ] GC(102) Concurrent Preclean
[2026-07-18T17:20:05.996+0000][info][gc,marking  ] GC(102) Concurrent Preclean 0.047ms
[2026-07-18T17:20:05.997+0000][info][gc,start    ] GC(102) Pause Remark
[2026-07-18T17:20:05.997+0000][info][gc          ] GC(102) Pause Remark 1196M->1196M(1500M) 0.462ms
[2026-07-18T17:20:05.997+0000][info][gc,cpu      ] GC(102) User=0.00s Sys=0.00s Real=0.00s
[2026-07-18T17:20:05.997+0000][info][gc,marking  ] GC(102) Concurrent Mark 79.562ms
[2026-07-18T17:20:06.001+0000][info][gc,marking  ] GC(102) Concurrent Rebuild Remembered Sets and Scrub Regions
[2026-07-18T17:20:06.038+0000][info][gc,start    ] GC(103) Pause Young (Normal) (G1 Evacuation Pause)
[2026-07-18T17:20:06.039+0000][info][gc,task     ] GC(103) Using 4 workers of 4 for evacuation
[2026-07-18T17:20:06.039+0000][info][gc,phases   ] GC(103)   Pre Evacuate Collection Set: 0.16ms
[2026-07-18T17:20:06.039+0000][info][gc,phases   ] GC(103)   Merge Heap Roots: 0.07ms
[2026-07-18T17:20:06.040+0000][info][gc,phases   ] GC(103)   Evacuate Collection Set: 0.24ms
[2026-07-18T17:20:06.040+0000][info][gc,phases   ] GC(103)   Post Evacuate Collection Set: 0.34ms
[2026-07-18T17:20:06.040+0000][info][gc,phases   ] GC(103)   Other: 0.07ms
[2026-07-18T17:20:06.040+0000][info][gc,heap     ] GC(103) Eden regions: 698->0(698)
[2026-07-18T17:20:06.040+0000][info][gc,heap     ] GC(103) Survivor regions: 0->0(75)
[2026-07-18T17:20:06.040+0000][info][gc,heap     ] GC(103) Old regions: 697->697
[2026-07-18T17:20:06.040+0000][info][gc,heap     ] GC(103) Humongous regions: 30->30
[2026-07-18T17:20:06.040+0000][info][gc,metaspace] GC(103) Metaspace: 398K(576K)->398K(576K) NonClass: 368K(448K)->368K(448K) Class: 29K(128K)->29K(128K)
[2026-07-18T17:20:06.040+0000][info][gc          ] GC(103) Pause Young (Normal) (G1 Evacuation Pause) 1424M->726M(1500M) 1.198ms
[2026-07-18T17:20:06.040+0000][info][gc,cpu      ] GC(103) User=0.00s Sys=0.00s Real=0.00s
[2026-07-18T17:20:06.050+0000][info][gc,marking  ] GC(102) Concurrent Rebuild Remembered Sets and Scrub Regions 48.784ms
[2026-07-18T17:20:06.051+0000][info][gc,start    ] GC(102) Pause Cleanup
[2026-07-18T17:20:06.051+0000][info][gc          ] GC(102) Pause Cleanup 781M->781M(1500M) 0.146ms
[2026-07-18T17:20:06.051+0000][info][gc,cpu      ] GC(102) User=0.00s Sys=0.00s Real=0.00s
[2026-07-18T17:20:06.051+0000][info][gc,marking  ] GC(102) Concurrent Clear Claimed Marks
[2026-07-18T17:20:06.055+0000][info][gc,marking  ] GC(102) Concurrent Clear Claimed Marks 3.541ms
[2026-07-18T17:20:06.055+0000][info][gc,marking  ] GC(102) Concurrent Cleanup for Next Mark
[2026-07-18T17:20:06.055+0000][info][gc,marking  ] GC(102) Concurrent Cleanup for Next Mark 0.636ms
[2026-07-18T17:20:06.056+0000][info][gc          ] GC(102) Concurrent Mark Cycle 141.035ms
[2026-07-18T17:20:06.152+0000][info][gc,start    ] GC(104) Pause Young (Normal) (G1 Evacuation Pause)
[2026-07-18T17:20:06.153+0000][info][gc,task     ] GC(104) Using 4 workers of 4 for evacuation
[2026-07-18T17:20:06.153+0000][info][gc,phases   ] GC(104)   Pre Evacuate Collection Set: 0.16ms
[2026-07-18T17:20:06.153+0000][info][gc,phases   ] GC(104)   Merge Heap Roots: 0.07ms
[2026-07-18T17:20:06.153+0000][info][gc,phases   ] GC(104)   Evacuate Collection Set: 0.09ms
[2026-07-18T17:20:06.153+0000][info][gc,phases   ] GC(104)   Post Evacuate Collection Set: 0.25ms
[2026-07-18T17:20:06.153+0000][info][gc,phases   ] GC(104)   Other: 0.07ms
[2026-07-18T17:20:06.153+0000][info][gc,heap     ] GC(104) Eden regions: 698->0(698)
[2026-07-18T17:20:06.153+0000][info][gc,heap     ] GC(104) Survivor regions: 0->0(75)
[2026-07-18T17:20:06.153+0000][info][gc,heap     ] GC(104) Old regions: 697->697
[2026-07-18T17:20:06.153+0000][info][gc,heap     ] GC(104) Humongous regions: 30->30
[2026-07-18T17:20:06.153+0000][info][gc,metaspace] GC(104) Metaspace: 398K(576K)->398K(576K) NonClass: 368K(448K)->368K(448K) Class: 29K(128K)->29K(128K)
[2026-07-18T17:20:06.153+0000][info][gc          ] GC(104) Pause Young (Normal) (G1 Evacuation Pause) 1424M->726M(1500M) 1.056ms
[2026-07-18T17:20:06.153+0000][info][gc,cpu      ] GC(104) User=0.00s Sys=0.00s Real=0.00s
[2026-07-18T17:20:06.258+0000][info][gc,start    ] GC(105) Pause Young (Concurrent Start) (G1 Evacuation Pause)
[2026-07-18T17:20:06.258+0000][info][gc,task     ] GC(105) Using 4 workers of 4 for evacuation
[2026-07-18T17:20:06.259+0000][info][gc,phases   ] GC(105)   Pre Evacuate Collection Set: 0.17ms
[2026-07-18T17:20:06.259+0000][info][gc,phases   ] GC(105)   Merge Heap Roots: 0.07ms
[2026-07-18T17:20:06.259+0000][info][gc,phases   ] GC(105)   Evacuate Collection Set: 0.11ms
[2026-07-18T17:20:06.259+0000][info][gc,phases   ] GC(105)   Post Evacuate Collection Set: 0.25ms
[2026-07-18T17:20:06.259+0000][info][gc,phases   ] GC(105)   Other: 0.10ms
[2026-07-18T17:20:06.259+0000][info][gc,heap     ] GC(105) Eden regions: 698->0(698)
[2026-07-18T17:20:06.259+0000][info][gc,heap     ] GC(105) Survivor regions: 0->0(75)
[2026-07-18T17:20:06.259+0000][info][gc,heap     ] GC(105) Old regions: 697->697
[2026-07-18T17:20:06.259+0000][info][gc,heap     ] GC(105) Humongous regions: 30->30
[2026-07-18T17:20:06.259+0000][info][gc,metaspace] GC(105) Metaspace: 398K(576K)->398K(576K) NonClass: 368K(448K)->368K(448K) Class: 29K(128K)->29K(128K)
[2026-07-18T17:20:06.259+0000][info][gc          ] GC(105) Pause Young (Concurrent Start) (G1 Evacuation Pause) 1424M->726M(1500M) 1.058ms
[2026-07-18T17:20:06.259+0000][info][gc,cpu      ] GC(105) User=0.00s Sys=0.00s Real=0.00s
[2026-07-18T17:20:06.259+0000][info][gc          ] GC(106) Concurrent Mark Cycle
[2026-07-18T17:20:06.263+0000][info][gc,marking  ] GC(106) Concurrent Scan Root Regions
[2026-07-18T17:20:06.263+0000][info][gc,marking  ] GC(106) Concurrent Scan Root Regions 0.065ms
[2026-07-18T17:20:06.263+0000][info][gc,marking  ] GC(106) Concurrent Mark
[2026-07-18T17:20:06.263+0000][info][gc,marking  ] GC(106) Concurrent Mark From Roots
[2026-07-18T17:20:06.263+0000][info][gc,task     ] GC(106) Using 1 workers of 1 for marking
[2026-07-18T17:20:06.341+0000][info][gc,marking  ] GC(106) Concurrent Mark From Roots 78.219ms
[2026-07-18T17:20:06.341+0000][info][gc,marking  ] GC(106) Concurrent Preclean
[2026-07-18T17:20:06.341+0000][info][gc,marking  ] GC(106) Concurrent Preclean 0.047ms
[2026-07-18T17:20:06.342+0000][info][gc,start    ] GC(106) Pause Remark
[2026-07-18T17:20:06.342+0000][info][gc          ] GC(106) Pause Remark 1159M->1159M(1500M) 0.471ms
[2026-07-18T17:20:06.342+0000][info][gc,cpu      ] GC(106) User=0.00s Sys=0.00s Real=0.00s
[2026-07-18T17:20:06.342+0000][info][gc,marking  ] GC(106) Concurrent Mark 79.563ms
[2026-07-18T17:20:06.346+0000][info][gc,marking  ] GC(106) Concurrent Rebuild Remembered Sets and Scrub Regions
[2026-07-18T17:20:06.391+0000][info][gc,start    ] GC(107) Pause Young (Normal) (G1 Evacuation Pause)
[2026-07-18T17:20:06.392+0000][info][gc,task     ] GC(107) Using 4 workers of 4 for evacuation
[2026-07-18T17:20:06.392+0000][info][gc,phases   ] GC(107)   Pre Evacuate Collection Set: 0.16ms
[2026-07-18T17:20:06.392+0000][info][gc,phases   ] GC(107)   Merge Heap Roots: 0.10ms
[2026-07-18T17:20:06.392+0000][info][gc,phases   ] GC(107)   Evacuate Collection Set: 0.11ms
[2026-07-18T17:20:06.392+0000][info][gc,phases   ] GC(107)   Post Evacuate Collection Set: 0.26ms
[2026-07-18T17:20:06.392+0000][info][gc,phases   ] GC(107)   Other: 0.06ms
[2026-07-18T17:20:06.392+0000][info][gc,heap     ] GC(107) Eden regions: 698->0(698)
[2026-07-18T17:20:06.392+0000][info][gc,heap     ] GC(107) Survivor regions: 0->0(75)
[2026-07-18T17:20:06.392+0000][info][gc,heap     ] GC(107) Old regions: 697->697
[2026-07-18T17:20:06.392+0000][info][gc,heap     ] GC(107) Humongous regions: 30->30
[2026-07-18T17:20:06.393+0000][info][gc,metaspace] GC(107) Metaspace: 398K(576K)->398K(576K) NonClass: 368K(448K)->368K(448K) Class: 29K(128K)->29K(128K)
[2026-07-18T17:20:06.393+0000][info][gc          ] GC(107) Pause Young (Normal) (G1 Evacuation Pause) 1424M->726M(1500M) 1.055ms
[2026-07-18T17:20:06.393+0000][info][gc,cpu      ] GC(107) User=0.00s Sys=0.00s Real=0.00s
[2026-07-18T17:20:06.394+0000][info][gc,marking  ] GC(106) Concurrent Rebuild Remembered Sets and Scrub Regions 48.386ms
[2026-07-18T17:20:06.397+0000][info][gc,start    ] GC(106) Pause Cleanup
[2026-07-18T17:20:06.397+0000][info][gc          ] GC(106) Pause Cleanup 745M->745M(1500M) 0.187ms
[2026-07-18T17:20:06.397+0000][info][gc,cpu      ] GC(106) User=0.00s Sys=0.00s Real=0.00s
[2026-07-18T17:20:06.397+0000][info][gc,marking  ] GC(106) Concurrent Clear Claimed Marks
[2026-07-18T17:20:06.401+0000][info][gc,marking  ] GC(106) Concurrent Clear Claimed Marks 3.489ms
[2026-07-18T17:20:06.401+0000][info][gc,marking  ] GC(106) Concurrent Cleanup for Next Mark
[2026-07-18T17:20:06.402+0000][info][gc,marking  ] GC(106) Concurrent Cleanup for Next Mark 0.774ms
[2026-07-18T17:20:06.402+0000][info][gc          ] GC(106) Concurrent Mark Cycle 142.642ms
[2026-07-18T17:20:06.500+0000][info][gc,start    ] GC(108) Pause Young (Normal) (G1 Evacuation Pause)
[2026-07-18T17:20:06.501+0000][info][gc,task     ] GC(108) Using 4 workers of 4 for evacuation
[2026-07-18T17:20:06.501+0000][info][gc,phases   ] GC(108)   Pre Evacuate Collection Set: 0.16ms
[2026-07-18T17:20:06.501+0000][info][gc,phases   ] GC(108)   Merge Heap Roots: 0.09ms
[2026-07-18T17:20:06.501+0000][info][gc,phases   ] GC(108)   Evacuate Collection Set: 0.12ms
[2026-07-18T17:20:06.501+0000][info][gc,phases   ] GC(108)   Post Evacuate Collection Set: 0.29ms
[2026-07-18T17:20:06.501+0000][info][gc,phases   ] GC(108)   Other: 0.07ms
[2026-07-18T17:20:06.501+0000][info][gc,heap     ] GC(108) Eden regions: 698->0(698)
[2026-07-18T17:20:06.501+0000][info][gc,heap     ] GC(108) Survivor regions: 0->0(75)
[2026-07-18T17:20:06.501+0000][info][gc,heap     ] GC(108) Old regions: 697->697
[2026-07-18T17:20:06.501+0000][info][gc,heap     ] GC(108) Humongous regions: 30->30
[2026-07-18T17:20:06.501+0000][info][gc,metaspace] GC(108) Metaspace: 398K(576K)->398K(576K) NonClass: 368K(448K)->368K(448K) Class: 29K(128K)->29K(128K)
[2026-07-18T17:20:06.502+0000][info][gc          ] GC(108) Pause Young (Normal) (G1 Evacuation Pause) 1424M->726M(1500M) 1.094ms
[2026-07-18T17:20:06.502+0000][info][gc,cpu      ] GC(108) User=0.00s Sys=0.00s Real=0.00s
[2026-07-18T17:20:06.610+0000][info][gc,start    ] GC(109) Pause Young (Concurrent Start) (G1 Evacuation Pause)
[2026-07-18T17:20:06.611+0000][info][gc,task     ] GC(109) Using 4 workers of 4 for evacuation
[2026-07-18T17:20:06.611+0000][info][gc,phases   ] GC(109)   Pre Evacuate Collection Set: 0.17ms
[2026-07-18T17:20:06.611+0000][info][gc,phases   ] GC(109)   Merge Heap Roots: 0.07ms
[2026-07-18T17:20:06.611+0000][info][gc,phases   ] GC(109)   Evacuate Collection Set: 0.11ms
[2026-07-18T17:20:06.611+0000][info][gc,phases   ] GC(109)   Post Evacuate Collection Set: 0.24ms
[2026-07-18T17:20:06.611+0000][info][gc,phases   ] GC(109)   Other: 0.10ms
[2026-07-18T17:20:06.611+0000][info][gc,heap     ] GC(109) Eden regions: 698->0(698)
[2026-07-18T17:20:06.611+0000][info][gc,heap     ] GC(109) Survivor regions: 0->0(75)
[2026-07-18T17:20:06.612+0000][info][gc,heap     ] GC(109) Old regions: 697->697
[2026-07-18T17:20:06.612+0000][info][gc,heap     ] GC(109) Humongous regions: 30->30
[2026-07-18T17:20:06.612+0000][info][gc,metaspace] GC(109) Metaspace: 398K(576K)->398K(576K) NonClass: 368K(448K)->368K(448K) Class: 29K(128K)->29K(128K)
[2026-07-18T17:20:06.612+0000][info][gc          ] GC(109) Pause Young (Concurrent Start) (G1 Evacuation Pause) 1424M->726M(1500M) 1.101ms
[2026-07-18T17:20:06.612+0000][info][gc,cpu      ] GC(109) User=0.00s Sys=0.00s Real=0.00s
[2026-07-18T17:20:06.612+0000][info][gc          ] GC(110) Concurrent Mark Cycle
[2026-07-18T17:20:06.615+0000][info][gc,marking  ] GC(110) Concurrent Scan Root Regions
[2026-07-18T17:20:06.615+0000][info][gc,marking  ] GC(110) Concurrent Scan Root Regions 0.057ms
[2026-07-18T17:20:06.615+0000][info][gc,marking  ] GC(110) Concurrent Mark
[2026-07-18T17:20:06.615+0000][info][gc,marking  ] GC(110) Concurrent Mark From Roots
[2026-07-18T17:20:06.615+0000][info][gc,task     ] GC(110) Using 1 workers of 1 for marking
[2026-07-18T17:20:06.693+0000][info][gc,marking  ] GC(110) Concurrent Mark From Roots 77.853ms
[2026-07-18T17:20:06.693+0000][info][gc,marking  ] GC(110) Concurrent Preclean
[2026-07-18T17:20:06.693+0000][info][gc,marking  ] GC(110) Concurrent Preclean 0.049ms
[2026-07-18T17:20:06.694+0000][info][gc,start    ] GC(110) Pause Remark
[2026-07-18T17:20:06.694+0000][info][gc          ] GC(110) Pause Remark 1207M->1207M(1500M) 0.467ms
[2026-07-18T17:20:06.695+0000][info][gc,cpu      ] GC(110) User=0.00s Sys=0.00s Real=0.00s
[2026-07-18T17:20:06.695+0000][info][gc,marking  ] GC(110) Concurrent Mark 79.665ms
[2026-07-18T17:20:06.698+0000][info][gc,marking  ] GC(110) Concurrent Rebuild Remembered Sets and Scrub Regions
[2026-07-18T17:20:06.734+0000][info][gc,start    ] GC(111) Pause Young (Normal) (G1 Evacuation Pause)
[2026-07-18T17:20:06.734+0000][info][gc,task     ] GC(111) Using 4 workers of 4 for evacuation
[2026-07-18T17:20:06.735+0000][info][gc,phases   ] GC(111)   Pre Evacuate Collection Set: 0.16ms
[2026-07-18T17:20:06.735+0000][info][gc,phases   ] GC(111)   Merge Heap Roots: 0.05ms
[2026-07-18T17:20:06.735+0000][info][gc,phases   ] GC(111)   Evacuate Collection Set: 0.11ms
[2026-07-18T17:20:06.735+0000][info][gc,phases   ] GC(111)   Post Evacuate Collection Set: 0.24ms
[2026-07-18T17:20:06.735+0000][info][gc,phases   ] GC(111)   Other: 0.06ms
[2026-07-18T17:20:06.735+0000][info][gc,heap     ] GC(111) Eden regions: 698->0(698)
[2026-07-18T17:20:06.735+0000][info][gc,heap     ] GC(111) Survivor regions: 0->0(75)
[2026-07-18T17:20:06.735+0000][info][gc,heap     ] GC(111) Old regions: 697->697
[2026-07-18T17:20:06.735+0000][info][gc,heap     ] GC(111) Humongous regions: 30->30
[2026-07-18T17:20:06.735+0000][info][gc,metaspace] GC(111) Metaspace: 398K(576K)->398K(576K) NonClass: 368K(448K)->368K(448K) Class: 29K(128K)->29K(128K)
[2026-07-18T17:20:06.735+0000][info][gc          ] GC(111) Pause Young (Normal) (G1 Evacuation Pause) 1424M->726M(1500M) 0.988ms
[2026-07-18T17:20:06.735+0000][info][gc,cpu      ] GC(111) User=0.01s Sys=0.00s Real=0.00s
[2026-07-18T17:20:06.747+0000][info][gc,marking  ] GC(110) Concurrent Rebuild Remembered Sets and Scrub Regions 49.414ms
[2026-07-18T17:20:06.752+0000][info][gc,start    ] GC(110) Pause Cleanup
[2026-07-18T17:20:06.752+0000][info][gc          ] GC(110) Pause Cleanup 812M->812M(1500M) 0.153ms
[2026-07-18T17:20:06.752+0000][info][gc,cpu      ] GC(110) User=0.00s Sys=0.00s Real=0.00s
[2026-07-18T17:20:06.752+0000][info][gc,marking  ] GC(110) Concurrent Clear Claimed Marks
[2026-07-18T17:20:06.756+0000][info][gc,marking  ] GC(110) Concurrent Clear Claimed Marks 3.537ms
[2026-07-18T17:20:06.756+0000][info][gc,marking  ] GC(110) Concurrent Cleanup for Next Mark
[2026-07-18T17:20:06.757+0000][info][gc,marking  ] GC(110) Concurrent Cleanup for Next Mark 0.800ms
[2026-07-18T17:20:06.757+0000][info][gc          ] GC(110) Concurrent Mark Cycle 145.131ms
[2026-07-18T17:20:06.849+0000][info][gc,start    ] GC(112) Pause Young (Normal) (G1 Evacuation Pause)
[2026-07-18T17:20:06.849+0000][info][gc,task     ] GC(112) Using 4 workers of 4 for evacuation
[2026-07-18T17:20:06.849+0000][info][gc,phases   ] GC(112)   Pre Evacuate Collection Set: 0.15ms
[2026-07-18T17:20:06.850+0000][info][gc,phases   ] GC(112)   Merge Heap Roots: 0.09ms
[2026-07-18T17:20:06.850+0000][info][gc,phases   ] GC(112)   Evacuate Collection Set: 0.09ms
[2026-07-18T17:20:06.850+0000][info][gc,phases   ] GC(112)   Post Evacuate Collection Set: 0.26ms
[2026-07-18T17:20:06.850+0000][info][gc,phases   ] GC(112)   Other: 0.07ms
[2026-07-18T17:20:06.850+0000][info][gc,heap     ] GC(112) Eden regions: 698->0(698)
[2026-07-18T17:20:06.850+0000][info][gc,heap     ] GC(112) Survivor regions: 0->0(75)
[2026-07-18T17:20:06.850+0000][info][gc,heap     ] GC(112) Old regions: 697->697
[2026-07-18T17:20:06.850+0000][info][gc,heap     ] GC(112) Humongous regions: 30->30
[2026-07-18T17:20:06.850+0000][info][gc,metaspace] GC(112) Metaspace: 398K(576K)->398K(576K) NonClass: 368K(448K)->368K(448K) Class: 29K(128K)->29K(128K)
[2026-07-18T17:20:06.850+0000][info][gc          ] GC(112) Pause Young (Normal) (G1 Evacuation Pause) 1424M->726M(1500M) 1.077ms
[2026-07-18T17:20:06.850+0000][info][gc,cpu      ] GC(112) User=0.00s Sys=0.00s Real=0.00s
[2026-07-18T17:20:06.959+0000][info][gc,start    ] GC(113) Pause Young (Concurrent Start) (G1 Evacuation Pause)
[2026-07-18T17:20:06.959+0000][info][gc,task     ] GC(113) Using 4 workers of 4 for evacuation
[2026-07-18T17:20:06.960+0000][info][gc,phases   ] GC(113)   Pre Evacuate Collection Set: 0.17ms
[2026-07-18T17:20:06.960+0000][info][gc,phases   ] GC(113)   Merge Heap Roots: 0.09ms
[2026-07-18T17:20:06.960+0000][info][gc,phases   ] GC(113)   Evacuate Collection Set: 0.11ms
[2026-07-18T17:20:06.960+0000][info][gc,phases   ] GC(113)   Post Evacuate Collection Set: 0.28ms
[2026-07-18T17:20:06.960+0000][info][gc,phases   ] GC(113)   Other: 0.10ms
[2026-07-18T17:20:06.960+0000][info][gc,heap     ] GC(113) Eden regions: 698->0(698)
[2026-07-18T17:20:06.960+0000][info][gc,heap     ] GC(113) Survivor regions: 0->0(75)
[2026-07-18T17:20:06.960+0000][info][gc,heap     ] GC(113) Old regions: 697->697
[2026-07-18T17:20:06.960+0000][info][gc,heap     ] GC(113) Humongous regions: 30->30
[2026-07-18T17:20:06.960+0000][info][gc,metaspace] GC(113) Metaspace: 398K(576K)->398K(576K) NonClass: 368K(448K)->368K(448K) Class: 29K(128K)->29K(128K)
[2026-07-18T17:20:06.960+0000][info][gc          ] GC(113) Pause Young (Concurrent Start) (G1 Evacuation Pause) 1424M->726M(1500M) 1.140ms
[2026-07-18T17:20:06.960+0000][info][gc,cpu      ] GC(113) User=0.00s Sys=0.00s Real=0.00s
[2026-07-18T17:20:06.960+0000][info][gc          ] GC(114) Concurrent Mark Cycle
[2026-07-18T17:20:06.964+0000][info][gc,marking  ] GC(114) Concurrent Scan Root Regions
[2026-07-18T17:20:06.964+0000][info][gc,marking  ] GC(114) Concurrent Scan Root Regions 0.062ms
[2026-07-18T17:20:06.964+0000][info][gc,marking  ] GC(114) Concurrent Mark
[2026-07-18T17:20:06.964+0000][info][gc,marking  ] GC(114) Concurrent Mark From Roots
[2026-07-18T17:20:06.964+0000][info][gc,task     ] GC(114) Using 1 workers of 1 for marking
[2026-07-18T17:20:07.042+0000][info][gc,marking  ] GC(114) Concurrent Mark From Roots 78.326ms
[2026-07-18T17:20:07.042+0000][info][gc,marking  ] GC(114) Concurrent Preclean
[2026-07-18T17:20:07.042+0000][info][gc,marking  ] GC(114) Concurrent Preclean 0.045ms
[2026-07-18T17:20:07.043+0000][info][gc,start    ] GC(114) Pause Remark
[2026-07-18T17:20:07.043+0000][info][gc          ] GC(114) Pause Remark 1188M->1188M(1500M) 0.602ms
[2026-07-18T17:20:07.044+0000][info][gc,cpu      ] GC(114) User=0.00s Sys=0.00s Real=0.00s
[2026-07-18T17:20:07.044+0000][info][gc,marking  ] GC(114) Concurrent Mark 79.656ms
[2026-07-18T17:20:07.047+0000][info][gc,marking  ] GC(114) Concurrent Rebuild Remembered Sets and Scrub Regions
[2026-07-18T17:20:07.087+0000][info][gc,start    ] GC(115) Pause Young (Normal) (G1 Evacuation Pause)
[2026-07-18T17:20:07.087+0000][info][gc,task     ] GC(115) Using 4 workers of 4 for evacuation
[2026-07-18T17:20:07.087+0000][info][gc,phases   ] GC(115)   Pre Evacuate Collection Set: 0.18ms
[2026-07-18T17:20:07.088+0000][info][gc,phases   ] GC(115)   Merge Heap Roots: 0.04ms
[2026-07-18T17:20:07.088+0000][info][gc,phases   ] GC(115)   Evacuate Collection Set: 0.11ms
[2026-07-18T17:20:07.088+0000][info][gc,phases   ] GC(115)   Post Evacuate Collection Set: 0.24ms
[2026-07-18T17:20:07.088+0000][info][gc,phases   ] GC(115)   Other: 0.08ms
[2026-07-18T17:20:07.088+0000][info][gc,heap     ] GC(115) Eden regions: 698->0(698)
[2026-07-18T17:20:07.088+0000][info][gc,heap     ] GC(115) Survivor regions: 0->0(75)
[2026-07-18T17:20:07.088+0000][info][gc,heap     ] GC(115) Old regions: 697->697
[2026-07-18T17:20:07.088+0000][info][gc,heap     ] GC(115) Humongous regions: 30->30
[2026-07-18T17:20:07.088+0000][info][gc,metaspace] GC(115) Metaspace: 398K(576K)->398K(576K) NonClass: 368K(448K)->368K(448K) Class: 29K(128K)->29K(128K)
[2026-07-18T17:20:07.088+0000][info][gc          ] GC(115) Pause Young (Normal) (G1 Evacuation Pause) 1424M->726M(1500M) 1.087ms
[2026-07-18T17:20:07.088+0000][info][gc,cpu      ] GC(115) User=0.00s Sys=0.00s Real=0.00s
[2026-07-18T17:20:07.096+0000][info][gc,marking  ] GC(114) Concurrent Rebuild Remembered Sets and Scrub Regions 49.395ms
[2026-07-18T17:20:07.100+0000][info][gc,start    ] GC(114) Pause Cleanup
[2026-07-18T17:20:07.100+0000][info][gc          ] GC(114) Pause Cleanup 786M->786M(1500M) 0.157ms
[2026-07-18T17:20:07.100+0000][info][gc,cpu      ] GC(114) User=0.00s Sys=0.00s Real=0.00s
[2026-07-18T17:20:07.100+0000][info][gc,marking  ] GC(114) Concurrent Clear Claimed Marks
[2026-07-18T17:20:07.104+0000][info][gc,marking  ] GC(114) Concurrent Clear Claimed Marks 3.508ms
[2026-07-18T17:20:07.104+0000][info][gc,marking  ] GC(114) Concurrent Cleanup for Next Mark
[2026-07-18T17:20:07.104+0000][info][gc,marking  ] GC(114) Concurrent Cleanup for Next Mark 0.628ms
[2026-07-18T17:20:07.105+0000][info][gc          ] GC(114) Concurrent Mark Cycle 144.265ms
[2026-07-18T17:20:07.198+0000][info][gc,start    ] GC(116) Pause Young (Normal) (G1 Evacuation Pause)
[2026-07-18T17:20:07.198+0000][info][gc,task     ] GC(116) Using 4 workers of 4 for evacuation
[2026-07-18T17:20:07.199+0000][info][gc,phases   ] GC(116)   Pre Evacuate Collection Set: 0.16ms
[2026-07-18T17:20:07.199+0000][info][gc,phases   ] GC(116)   Merge Heap Roots: 0.10ms
[2026-07-18T17:20:07.199+0000][info][gc,phases   ] GC(116)   Evacuate Collection Set: 0.09ms
[2026-07-18T17:20:07.199+0000][info][gc,phases   ] GC(116)   Post Evacuate Collection Set: 0.24ms
[2026-07-18T17:20:07.199+0000][info][gc,phases   ] GC(116)   Other: 0.07ms
[2026-07-18T17:20:07.199+0000][info][gc,heap     ] GC(116) Eden regions: 698->0(698)
[2026-07-18T17:20:07.199+0000][info][gc,heap     ] GC(116) Survivor regions: 0->0(75)
[2026-07-18T17:20:07.199+0000][info][gc,heap     ] GC(116) Old regions: 697->697
[2026-07-18T17:20:07.199+0000][info][gc,heap     ] GC(116) Humongous regions: 30->30
[2026-07-18T17:20:07.199+0000][info][gc,metaspace] GC(116) Metaspace: 398K(576K)->398K(576K) NonClass: 368K(448K)->368K(448K) Class: 29K(128K)->29K(128K)
[2026-07-18T17:20:07.199+0000][info][gc          ] GC(116) Pause Young (Normal) (G1 Evacuation Pause) 1424M->726M(1500M) 1.033ms
[2026-07-18T17:20:07.200+0000][info][gc,cpu      ] GC(116) User=0.00s Sys=0.00s Real=0.00s
[2026-07-18T17:20:07.322+0000][info][gc,start    ] GC(117) Pause Young (Concurrent Start) (G1 Evacuation Pause)
[2026-07-18T17:20:07.322+0000][info][gc,task     ] GC(117) Using 4 workers of 4 for evacuation
[2026-07-18T17:20:07.323+0000][info][gc,phases   ] GC(117)   Pre Evacuate Collection Set: 0.17ms
[2026-07-18T17:20:07.323+0000][info][gc,phases   ] GC(117)   Merge Heap Roots: 0.10ms
[2026-07-18T17:20:07.323+0000][info][gc,phases   ] GC(117)   Evacuate Collection Set: 0.11ms
[2026-07-18T17:20:07.323+0000][info][gc,phases   ] GC(117)   Post Evacuate Collection Set: 0.24ms
[2026-07-18T17:20:07.323+0000][info][gc,phases   ] GC(117)   Other: 0.10ms
[2026-07-18T17:20:07.323+0000][info][gc,heap     ] GC(117) Eden regions: 698->0(698)
[2026-07-18T17:20:07.323+0000][info][gc,heap     ] GC(117) Survivor regions: 0->0(75)
[2026-07-18T17:20:07.323+0000][info][gc,heap     ] GC(117) Old regions: 697->697
[2026-07-18T17:20:07.323+0000][info][gc,heap     ] GC(117) Humongous regions: 30->30
[2026-07-18T17:20:07.323+0000][info][gc,metaspace] GC(117) Metaspace: 398K(576K)->398K(576K) NonClass: 368K(448K)->368K(448K) Class: 29K(128K)->29K(128K)
[2026-07-18T17:20:07.323+0000][info][gc          ] GC(117) Pause Young (Concurrent Start) (G1 Evacuation Pause) 1424M->726M(1500M) 1.164ms
[2026-07-18T17:20:07.323+0000][info][gc,cpu      ] GC(117) User=0.00s Sys=0.00s Real=0.00s
[2026-07-18T17:20:07.323+0000][info][gc          ] GC(118) Concurrent Mark Cycle
[2026-07-18T17:20:07.327+0000][info][gc,marking  ] GC(118) Concurrent Scan Root Regions
[2026-07-18T17:20:07.327+0000][info][gc,marking  ] GC(118) Concurrent Scan Root Regions 0.065ms
[2026-07-18T17:20:07.327+0000][info][gc,marking  ] GC(118) Concurrent Mark
[2026-07-18T17:20:07.327+0000][info][gc,marking  ] GC(118) Concurrent Mark From Roots
[2026-07-18T17:20:07.327+0000][info][gc,task     ] GC(118) Using 1 workers of 1 for marking
[2026-07-18T17:20:07.406+0000][info][gc,marking  ] GC(118) Concurrent Mark From Roots 79.265ms
[2026-07-18T17:20:07.406+0000][info][gc,marking  ] GC(118) Concurrent Preclean
[2026-07-18T17:20:07.406+0000][info][gc,marking  ] GC(118) Concurrent Preclean 0.049ms
[2026-07-18T17:20:07.406+0000][info][gc,start    ] GC(118) Pause Remark
[2026-07-18T17:20:07.407+0000][info][gc          ] GC(118) Pause Remark 1177M->1177M(1500M) 0.490ms
[2026-07-18T17:20:07.407+0000][info][gc,cpu      ] GC(118) User=0.00s Sys=0.00s Real=0.00s
[2026-07-18T17:20:07.407+0000][info][gc,marking  ] GC(118) Concurrent Mark 80.143ms
[2026-07-18T17:20:07.411+0000][info][gc,marking  ] GC(118) Concurrent Rebuild Remembered Sets and Scrub Regions
[2026-07-18T17:20:07.455+0000][info][gc,start    ] GC(119) Pause Young (Normal) (G1 Evacuation Pause)
[2026-07-18T17:20:07.455+0000][info][gc,task     ] GC(119) Using 4 workers of 4 for evacuation
[2026-07-18T17:20:07.456+0000][info][gc,phases   ] GC(119)   Pre Evacuate Collection Set: 0.24ms
[2026-07-18T17:20:07.456+0000][info][gc,phases   ] GC(119)   Merge Heap Roots: 0.13ms
[2026-07-18T17:20:07.456+0000][info][gc,phases   ] GC(119)   Evacuate Collection Set: 0.14ms
[2026-07-18T17:20:07.456+0000][info][gc,phases   ] GC(119)   Post Evacuate Collection Set: 0.42ms
[2026-07-18T17:20:07.457+0000][info][gc,phases   ] GC(119)   Other: 0.08ms
[2026-07-18T17:20:07.457+0000][info][gc,heap     ] GC(119) Eden regions: 698->0(698)
[2026-07-18T17:20:07.457+0000][info][gc,heap     ] GC(119) Survivor regions: 0->0(75)
[2026-07-18T17:20:07.457+0000][info][gc,heap     ] GC(119) Old regions: 697->697
[2026-07-18T17:20:07.457+0000][info][gc,heap     ] GC(119) Humongous regions: 30->30
[2026-07-18T17:20:07.457+0000][info][gc,metaspace] GC(119) Metaspace: 398K(576K)->398K(576K) NonClass: 368K(448K)->368K(448K) Class: 29K(128K)->29K(128K)
[2026-07-18T17:20:07.457+0000][info][gc          ] GC(119) Pause Young (Normal) (G1 Evacuation Pause) 1424M->726M(1500M) 1.402ms
[2026-07-18T17:20:07.457+0000][info][gc,cpu      ] GC(119) User=0.01s Sys=0.00s Real=0.00s
[2026-07-18T17:20:07.464+0000][info][gc,marking  ] GC(118) Concurrent Rebuild Remembered Sets and Scrub Regions 53.030ms
[2026-07-18T17:20:07.467+0000][info][gc,start    ] GC(118) Pause Cleanup
[2026-07-18T17:20:07.467+0000][info][gc          ] GC(118) Pause Cleanup 773M->773M(1500M) 0.300ms
[2026-07-18T17:20:07.467+0000][info][gc,cpu      ] GC(118) User=0.00s Sys=0.00s Real=0.00s
[2026-07-18T17:20:07.468+0000][info][gc,marking  ] GC(118) Concurrent Clear Claimed Marks
[2026-07-18T17:20:07.471+0000][info][gc,marking  ] GC(118) Concurrent Clear Claimed Marks 3.316ms
[2026-07-18T17:20:07.471+0000][info][gc,marking  ] GC(118) Concurrent Cleanup for Next Mark
[2026-07-18T17:20:07.472+0000][info][gc,marking  ] GC(118) Concurrent Cleanup for Next Mark 0.646ms
[2026-07-18T17:20:07.472+0000][info][gc          ] GC(118) Concurrent Mark Cycle 148.581ms
[2026-07-18T17:20:07.579+0000][info][gc,start    ] GC(120) Pause Young (Normal) (G1 Evacuation Pause)
[2026-07-18T17:20:07.579+0000][info][gc,task     ] GC(120) Using 4 workers of 4 for evacuation
[2026-07-18T17:20:07.580+0000][info][gc,phases   ] GC(120)   Pre Evacuate Collection Set: 0.19ms
[2026-07-18T17:20:07.580+0000][info][gc,phases   ] GC(120)   Merge Heap Roots: 0.06ms
[2026-07-18T17:20:07.580+0000][info][gc,phases   ] GC(120)   Evacuate Collection Set: 0.17ms
[2026-07-18T17:20:07.580+0000][info][gc,phases   ] GC(120)   Post Evacuate Collection Set: 0.36ms
[2026-07-18T17:20:07.580+0000][info][gc,phases   ] GC(120)   Other: 0.14ms
[2026-07-18T17:20:07.581+0000][info][gc,heap     ] GC(120) Eden regions: 698->0(698)
[2026-07-18T17:20:07.581+0000][info][gc,heap     ] GC(120) Survivor regions: 0->0(75)
[2026-07-18T17:20:07.581+0000][info][gc,heap     ] GC(120) Old regions: 697->697
[2026-07-18T17:20:07.581+0000][info][gc,heap     ] GC(120) Humongous regions: 30->30
[2026-07-18T17:20:07.581+0000][info][gc,metaspace] GC(120) Metaspace: 398K(576K)->398K(576K) NonClass: 368K(448K)->368K(448K) Class: 29K(128K)->29K(128K)
[2026-07-18T17:20:07.581+0000][info][gc          ] GC(120) Pause Young (Normal) (G1 Evacuation Pause) 1424M->726M(1500M) 1.320ms
[2026-07-18T17:20:07.581+0000][info][gc,cpu      ] GC(120) User=0.01s Sys=0.00s Real=0.00s
[2026-07-18T17:20:07.717+0000][info][gc,start    ] GC(121) Pause Young (Concurrent Start) (G1 Evacuation Pause)
[2026-07-18T17:20:07.717+0000][info][gc,task     ] GC(121) Using 4 workers of 4 for evacuation
[2026-07-18T17:20:07.718+0000][info][gc,phases   ] GC(121)   Pre Evacuate Collection Set: 0.23ms
[2026-07-18T17:20:07.718+0000][info][gc,phases   ] GC(121)   Merge Heap Roots: 0.10ms
[2026-07-18T17:20:07.718+0000][info][gc,phases   ] GC(121)   Evacuate Collection Set: 0.13ms
[2026-07-18T17:20:07.718+0000][info][gc,phases   ] GC(121)   Post Evacuate Collection Set: 0.28ms
[2026-07-18T17:20:07.718+0000][info][gc,phases   ] GC(121)   Other: 0.11ms
[2026-07-18T17:20:07.718+0000][info][gc,heap     ] GC(121) Eden regions: 698->0(698)
[2026-07-18T17:20:07.718+0000][info][gc,heap     ] GC(121) Survivor regions: 0->0(75)
[2026-07-18T17:20:07.718+0000][info][gc,heap     ] GC(121) Old regions: 697->697
[2026-07-18T17:20:07.718+0000][info][gc,heap     ] GC(121) Humongous regions: 30->30
[2026-07-18T17:20:07.718+0000][info][gc,metaspace] GC(121) Metaspace: 398K(576K)->398K(576K) NonClass: 368K(448K)->368K(448K) Class: 29K(128K)->29K(128K)
[2026-07-18T17:20:07.718+0000][info][gc          ] GC(121) Pause Young (Concurrent Start) (G1 Evacuation Pause) 1424M->726M(1500M) 1.383ms
[2026-07-18T17:20:07.718+0000][info][gc,cpu      ] GC(121) User=0.00s Sys=0.00s Real=0.00s
[2026-07-18T17:20:07.718+0000][info][gc          ] GC(122) Concurrent Mark Cycle
[2026-07-18T17:20:07.722+0000][info][gc,marking  ] GC(122) Concurrent Scan Root Regions
[2026-07-18T17:20:07.722+0000][info][gc,marking  ] GC(122) Concurrent Scan Root Regions 0.094ms
[2026-07-18T17:20:07.722+0000][info][gc,marking  ] GC(122) Concurrent Mark
[2026-07-18T17:20:07.722+0000][info][gc,marking  ] GC(122) Concurrent Mark From Roots
[2026-07-18T17:20:07.722+0000][info][gc,task     ] GC(122) Using 1 workers of 1 for marking
[2026-07-18T17:20:07.827+0000][info][gc,marking  ] GC(122) Concurrent Mark From Roots 104.578ms
[2026-07-18T17:20:07.827+0000][info][gc,marking  ] GC(122) Concurrent Preclean
[2026-07-18T17:20:07.827+0000][info][gc,marking  ] GC(122) Concurrent Preclean 0.092ms
[2026-07-18T17:20:07.828+0000][info][gc,start    ] GC(122) Pause Remark
[2026-07-18T17:20:07.828+0000][info][gc          ] GC(122) Pause Remark 1148M->1148M(1500M) 0.541ms
[2026-07-18T17:20:07.829+0000][info][gc,cpu      ] GC(122) User=0.00s Sys=0.00s Real=0.00s
[2026-07-18T17:20:07.829+0000][info][gc,marking  ] GC(122) Concurrent Mark 106.645ms
[2026-07-18T17:20:07.832+0000][info][gc,marking  ] GC(122) Concurrent Rebuild Remembered Sets and Scrub Regions
[2026-07-18T17:20:07.893+0000][info][gc,marking  ] GC(122) Concurrent Rebuild Remembered Sets and Scrub Regions 61.384ms
[2026-07-18T17:20:07.894+0000][info][gc,start    ] GC(122) Pause Cleanup
[2026-07-18T17:20:07.894+0000][info][gc          ] GC(122) Pause Cleanup 1412M->1412M(1500M) 0.256ms
[2026-07-18T17:20:07.894+0000][info][gc,cpu      ] GC(122) User=0.00s Sys=0.00s Real=0.00s
[2026-07-18T17:20:07.894+0000][info][gc,marking  ] GC(122) Concurrent Clear Claimed Marks
[2026-07-18T17:20:07.898+0000][info][gc,start    ] GC(123) Pause Young (Normal) (G1 Evacuation Pause)
[2026-07-18T17:20:07.898+0000][info][gc,marking  ] GC(122) Concurrent Clear Claimed Marks 3.376ms
[2026-07-18T17:20:07.898+0000][info][gc,marking  ] GC(122) Concurrent Cleanup for Next Mark
[2026-07-18T17:20:07.898+0000][info][gc,task     ] GC(123) Using 4 workers of 4 for evacuation
[2026-07-18T17:20:07.899+0000][info][gc,phases   ] GC(123)   Pre Evacuate Collection Set: 0.24ms
[2026-07-18T17:20:07.899+0000][info][gc,phases   ] GC(123)   Merge Heap Roots: 0.07ms
[2026-07-18T17:20:07.899+0000][info][gc,phases   ] GC(123)   Evacuate Collection Set: 0.14ms
[2026-07-18T17:20:07.899+0000][info][gc,phases   ] GC(123)   Post Evacuate Collection Set: 0.30ms
[2026-07-18T17:20:07.899+0000][info][gc,phases   ] GC(123)   Other: 0.19ms
[2026-07-18T17:20:07.899+0000][info][gc,heap     ] GC(123) Eden regions: 698->0(698)
[2026-07-18T17:20:07.899+0000][info][gc,heap     ] GC(123) Survivor regions: 0->0(75)
[2026-07-18T17:20:07.899+0000][info][gc,heap     ] GC(123) Old regions: 697->697
[2026-07-18T17:20:07.899+0000][info][gc,heap     ] GC(123) Humongous regions: 30->30
[2026-07-18T17:20:07.899+0000][info][gc,metaspace] GC(123) Metaspace: 398K(576K)->398K(576K) NonClass: 368K(448K)->368K(448K) Class: 29K(128K)->29K(128K)
[2026-07-18T17:20:07.899+0000][info][gc          ] GC(123) Pause Young (Normal) (G1 Evacuation Pause) 1424M->726M(1500M) 1.317ms
[2026-07-18T17:20:07.899+0000][info][gc,cpu      ] GC(123) User=0.00s Sys=0.00s Real=0.00s
[2026-07-18T17:20:07.900+0000][info][gc,marking  ] GC(122) Concurrent Cleanup for Next Mark 2.196ms
[2026-07-18T17:20:07.903+0000][info][gc          ] GC(122) Concurrent Mark Cycle 184.803ms
[2026-07-18T17:20:08.072+0000][info][gc,start    ] GC(124) Pause Young (Normal) (G1 Evacuation Pause)
[2026-07-18T17:20:08.072+0000][info][gc,task     ] GC(124) Using 4 workers of 4 for evacuation
[2026-07-18T17:20:08.072+0000][info][gc,phases   ] GC(124)   Pre Evacuate Collection Set: 0.17ms
[2026-07-18T17:20:08.072+0000][info][gc,phases   ] GC(124)   Merge Heap Roots: 0.07ms
[2026-07-18T17:20:08.072+0000][info][gc,phases   ] GC(124)   Evacuate Collection Set: 0.09ms
[2026-07-18T17:20:08.072+0000][info][gc,phases   ] GC(124)   Post Evacuate Collection Set: 0.25ms
[2026-07-18T17:20:08.072+0000][info][gc,phases   ] GC(124)   Other: 0.07ms
[2026-07-18T17:20:08.073+0000][info][gc,heap     ] GC(124) Eden regions: 698->0(698)
[2026-07-18T17:20:08.073+0000][info][gc,heap     ] GC(124) Survivor regions: 0->0(75)
[2026-07-18T17:20:08.073+0000][info][gc,heap     ] GC(124) Old regions: 697->697
[2026-07-18T17:20:08.073+0000][info][gc,heap     ] GC(124) Humongous regions: 30->30
[2026-07-18T17:20:08.073+0000][info][gc,metaspace] GC(124) Metaspace: 398K(576K)->398K(576K) NonClass: 368K(448K)->368K(448K) Class: 29K(128K)->29K(128K)
[2026-07-18T17:20:08.073+0000][info][gc          ] GC(124) Pause Young (Normal) (G1 Evacuation Pause) 1424M->726M(1500M) 1.175ms
[2026-07-18T17:20:08.073+0000][info][gc,cpu      ] GC(124) User=0.00s Sys=0.00s Real=0.00s
[2026-07-18T17:20:08.182+0000][info][gc,start    ] GC(125) Pause Young (Concurrent Start) (G1 Evacuation Pause)
[2026-07-18T17:20:08.182+0000][info][gc,task     ] GC(125) Using 4 workers of 4 for evacuation
[2026-07-18T17:20:08.183+0000][info][gc,phases   ] GC(125)   Pre Evacuate Collection Set: 0.19ms
[2026-07-18T17:20:08.183+0000][info][gc,phases   ] GC(125)   Merge Heap Roots: 0.05ms
[2026-07-18T17:20:08.183+0000][info][gc,phases   ] GC(125)   Evacuate Collection Set: 0.15ms
[2026-07-18T17:20:08.183+0000][info][gc,phases   ] GC(125)   Post Evacuate Collection Set: 0.28ms
[2026-07-18T17:20:08.183+0000][info][gc,phases   ] GC(125)   Other: 0.10ms
[2026-07-18T17:20:08.183+0000][info][gc,heap     ] GC(125) Eden regions: 698->0(698)
[2026-07-18T17:20:08.183+0000][info][gc,heap     ] GC(125) Survivor regions: 0->0(75)
[2026-07-18T17:20:08.183+0000][info][gc,heap     ] GC(125) Old regions: 697->697
[2026-07-18T17:20:08.183+0000][info][gc,heap     ] GC(125) Humongous regions: 30->30
[2026-07-18T17:20:08.183+0000][info][gc,metaspace] GC(125) Metaspace: 398K(576K)->398K(576K) NonClass: 368K(448K)->368K(448K) Class: 29K(128K)->29K(128K)
[2026-07-18T17:20:08.183+0000][info][gc          ] GC(125) Pause Young (Concurrent Start) (G1 Evacuation Pause) 1424M->726M(1500M) 1.181ms
[2026-07-18T17:20:08.183+0000][info][gc,cpu      ] GC(125) User=0.00s Sys=0.00s Real=0.00s
[2026-07-18T17:20:08.183+0000][info][gc          ] GC(126) Concurrent Mark Cycle
[2026-07-18T17:20:08.187+0000][info][gc,marking  ] GC(126) Concurrent Scan Root Regions
[2026-07-18T17:20:08.187+0000][info][gc,marking  ] GC(126) Concurrent Scan Root Regions 0.066ms
[2026-07-18T17:20:08.187+0000][info][gc,marking  ] GC(126) Concurrent Mark
[2026-07-18T17:20:08.187+0000][info][gc,marking  ] GC(126) Concurrent Mark From Roots
[2026-07-18T17:20:08.187+0000][info][gc,task     ] GC(126) Using 1 workers of 1 for marking
[2026-07-18T17:20:08.266+0000][info][gc,marking  ] GC(126) Concurrent Mark From Roots 78.657ms
[2026-07-18T17:20:08.266+0000][info][gc,marking  ] GC(126) Concurrent Preclean
[2026-07-18T17:20:08.266+0000][info][gc,marking  ] GC(126) Concurrent Preclean 0.052ms
[2026-07-18T17:20:08.267+0000][info][gc,start    ] GC(126) Pause Remark
[2026-07-18T17:20:08.268+0000][info][gc          ] GC(126) Pause Remark 1190M->1190M(1500M) 0.478ms
[2026-07-18T17:20:08.268+0000][info][gc,cpu      ] GC(126) User=0.00s Sys=0.00s Real=0.00s
[2026-07-18T17:20:08.268+0000][info][gc,marking  ] GC(126) Concurrent Mark 80.694ms
[2026-07-18T17:20:08.271+0000][info][gc,marking  ] GC(126) Concurrent Rebuild Remembered Sets and Scrub Regions
[2026-07-18T17:20:08.312+0000][info][gc,start    ] GC(127) Pause Young (Normal) (G1 Evacuation Pause)
[2026-07-18T17:20:08.312+0000][info][gc,task     ] GC(127) Using 4 workers of 4 for evacuation
[2026-07-18T17:20:08.312+0000][info][gc,phases   ] GC(127)   Pre Evacuate Collection Set: 0.20ms
[2026-07-18T17:20:08.312+0000][info][gc,phases   ] GC(127)   Merge Heap Roots: 0.07ms
[2026-07-18T17:20:08.312+0000][info][gc,phases   ] GC(127)   Evacuate Collection Set: 0.11ms
[2026-07-18T17:20:08.312+0000][info][gc,phases   ] GC(127)   Post Evacuate Collection Set: 0.25ms
[2026-07-18T17:20:08.313+0000][info][gc,phases   ] GC(127)   Other: 0.08ms
[2026-07-18T17:20:08.313+0000][info][gc,heap     ] GC(127) Eden regions: 698->0(698)
[2026-07-18T17:20:08.313+0000][info][gc,heap     ] GC(127) Survivor regions: 0->0(75)
[2026-07-18T17:20:08.313+0000][info][gc,heap     ] GC(127) Old regions: 697->697
[2026-07-18T17:20:08.313+0000][info][gc,heap     ] GC(127) Humongous regions: 30->30
[2026-07-18T17:20:08.313+0000][info][gc,metaspace] GC(127) Metaspace: 398K(576K)->398K(576K) NonClass: 368K(448K)->368K(448K) Class: 29K(128K)->29K(128K)
[2026-07-18T17:20:08.313+0000][info][gc          ] GC(127) Pause Young (Normal) (G1 Evacuation Pause) 1424M->726M(1500M) 1.107ms
[2026-07-18T17:20:08.313+0000][info][gc,cpu      ] GC(127) User=0.00s Sys=0.00s Real=0.00s
[2026-07-18T17:20:08.321+0000][info][gc,marking  ] GC(126) Concurrent Rebuild Remembered Sets and Scrub Regions 49.933ms
[2026-07-18T17:20:08.325+0000][info][gc,start    ] GC(126) Pause Cleanup
[2026-07-18T17:20:08.325+0000][info][gc          ] GC(126) Pause Cleanup 789M->789M(1500M) 0.234ms
[2026-07-18T17:20:08.325+0000][info][gc,cpu      ] GC(126) User=0.00s Sys=0.00s Real=0.00s
[2026-07-18T17:20:08.325+0000][info][gc,marking  ] GC(126) Concurrent Clear Claimed Marks
[2026-07-18T17:20:08.329+0000][info][gc,marking  ] GC(126) Concurrent Clear Claimed Marks 3.423ms
[2026-07-18T17:20:08.329+0000][info][gc,marking  ] GC(126) Concurrent Cleanup for Next Mark
[2026-07-18T17:20:08.330+0000][info][gc,marking  ] GC(126) Concurrent Cleanup for Next Mark 0.637ms
[2026-07-18T17:20:08.330+0000][info][gc          ] GC(126) Concurrent Mark Cycle 146.415ms
[2026-07-18T17:20:08.428+0000][info][gc,start    ] GC(128) Pause Young (Normal) (G1 Evacuation Pause)
[2026-07-18T17:20:08.428+0000][info][gc,task     ] GC(128) Using 4 workers of 4 for evacuation
[2026-07-18T17:20:08.429+0000][info][gc,phases   ] GC(128)   Pre Evacuate Collection Set: 0.17ms
[2026-07-18T17:20:08.429+0000][info][gc,phases   ] GC(128)   Merge Heap Roots: 0.15ms
[2026-07-18T17:20:08.429+0000][info][gc,phases   ] GC(128)   Evacuate Collection Set: 0.13ms
[2026-07-18T17:20:08.429+0000][info][gc,phases   ] GC(128)   Post Evacuate Collection Set: 0.31ms
[2026-07-18T17:20:08.429+0000][info][gc,phases   ] GC(128)   Other: 0.07ms
[2026-07-18T17:20:08.429+0000][info][gc,heap     ] GC(128) Eden regions: 698->0(698)
[2026-07-18T17:20:08.429+0000][info][gc,heap     ] GC(128) Survivor regions: 0->0(75)
[2026-07-18T17:20:08.429+0000][info][gc,heap     ] GC(128) Old regions: 697->697
[2026-07-18T17:20:08.429+0000][info][gc,heap     ] GC(128) Humongous regions: 30->30
[2026-07-18T17:20:08.429+0000][info][gc,metaspace] GC(128) Metaspace: 398K(576K)->398K(576K) NonClass: 368K(448K)->368K(448K) Class: 29K(128K)->29K(128K)
[2026-07-18T17:20:08.429+0000][info][gc          ] GC(128) Pause Young (Normal) (G1 Evacuation Pause) 1424M->726M(1500M) 1.240ms
[2026-07-18T17:20:08.429+0000][info][gc,cpu      ] GC(128) User=0.00s Sys=0.00s Real=0.00s
[2026-07-18T17:20:08.557+0000][info][gc,start    ] GC(129) Pause Young (Concurrent Start) (G1 Evacuation Pause)
[2026-07-18T17:20:08.557+0000][info][gc,task     ] GC(129) Using 4 workers of 4 for evacuation
[2026-07-18T17:20:08.558+0000][info][gc,phases   ] GC(129)   Pre Evacuate Collection Set: 0.18ms
[2026-07-18T17:20:08.558+0000][info][gc,phases   ] GC(129)   Merge Heap Roots: 0.09ms
[2026-07-18T17:20:08.558+0000][info][gc,phases   ] GC(129)   Evacuate Collection Set: 0.12ms
[2026-07-18T17:20:08.558+0000][info][gc,phases   ] GC(129)   Post Evacuate Collection Set: 0.25ms
[2026-07-18T17:20:08.558+0000][info][gc,phases   ] GC(129)   Other: 0.10ms
[2026-07-18T17:20:08.558+0000][info][gc,heap     ] GC(129) Eden regions: 698->0(698)
[2026-07-18T17:20:08.558+0000][info][gc,heap     ] GC(129) Survivor regions: 0->0(75)
[2026-07-18T17:20:08.558+0000][info][gc,heap     ] GC(129) Old regions: 697->697
[2026-07-18T17:20:08.558+0000][info][gc,heap     ] GC(129) Humongous regions: 30->30
[2026-07-18T17:20:08.558+0000][info][gc,metaspace] GC(129) Metaspace: 398K(576K)->398K(576K) NonClass: 368K(448K)->368K(448K) Class: 29K(128K)->29K(128K)
[2026-07-18T17:20:08.558+0000][info][gc          ] GC(129) Pause Young (Concurrent Start) (G1 Evacuation Pause) 1424M->726M(1500M) 1.186ms
[2026-07-18T17:20:08.558+0000][info][gc,cpu      ] GC(129) User=0.00s Sys=0.00s Real=0.00s
[2026-07-18T17:20:08.558+0000][info][gc          ] GC(130) Concurrent Mark Cycle
[2026-07-18T17:20:08.562+0000][info][gc,marking  ] GC(130) Concurrent Scan Root Regions
[2026-07-18T17:20:08.562+0000][info][gc,marking  ] GC(130) Concurrent Scan Root Regions 0.064ms
[2026-07-18T17:20:08.562+0000][info][gc,marking  ] GC(130) Concurrent Mark
[2026-07-18T17:20:08.562+0000][info][gc,marking  ] GC(130) Concurrent Mark From Roots
[2026-07-18T17:20:08.562+0000][info][gc,task     ] GC(130) Using 1 workers of 1 for marking
[2026-07-18T17:20:08.641+0000][info][gc,marking  ] GC(130) Concurrent Mark From Roots 78.749ms
[2026-07-18T17:20:08.641+0000][info][gc,marking  ] GC(130) Concurrent Preclean
[2026-07-18T17:20:08.641+0000][info][gc,marking  ] GC(130) Concurrent Preclean 0.056ms
[2026-07-18T17:20:08.642+0000][info][gc,start    ] GC(130) Pause Remark
[2026-07-18T17:20:08.643+0000][info][gc          ] GC(130) Pause Remark 1206M->1206M(1500M) 0.543ms
[2026-07-18T17:20:08.643+0000][info][gc,cpu      ] GC(130) User=0.00s Sys=0.00s Real=0.00s
[2026-07-18T17:20:08.643+0000][info][gc,marking  ] GC(130) Concurrent Mark 80.721ms
[2026-07-18T17:20:08.646+0000][info][gc,marking  ] GC(130) Concurrent Rebuild Remembered Sets and Scrub Regions
[2026-07-18T17:20:08.682+0000][info][gc,start    ] GC(131) Pause Young (Normal) (G1 Evacuation Pause)
[2026-07-18T17:20:08.683+0000][info][gc,task     ] GC(131) Using 4 workers of 4 for evacuation
[2026-07-18T17:20:08.683+0000][info][gc,phases   ] GC(131)   Pre Evacuate Collection Set: 0.16ms
[2026-07-18T17:20:08.683+0000][info][gc,phases   ] GC(131)   Merge Heap Roots: 0.06ms
[2026-07-18T17:20:08.683+0000][info][gc,phases   ] GC(131)   Evacuate Collection Set: 0.14ms
[2026-07-18T17:20:08.683+0000][info][gc,phases   ] GC(131)   Post Evacuate Collection Set: 0.27ms
[2026-07-18T17:20:08.683+0000][info][gc,phases   ] GC(131)   Other: 0.08ms
[2026-07-18T17:20:08.683+0000][info][gc,heap     ] GC(131) Eden regions: 698->0(698)
[2026-07-18T17:20:08.683+0000][info][gc,heap     ] GC(131) Survivor regions: 0->0(75)
[2026-07-18T17:20:08.683+0000][info][gc,heap     ] GC(131) Old regions: 697->697
[2026-07-18T17:20:08.684+0000][info][gc,heap     ] GC(131) Humongous regions: 30->30
[2026-07-18T17:20:08.684+0000][info][gc,metaspace] GC(131) Metaspace: 398K(576K)->398K(576K) NonClass: 368K(448K)->368K(448K) Class: 29K(128K)->29K(128K)
[2026-07-18T17:20:08.684+0000][info][gc          ] GC(131) Pause Young (Normal) (G1 Evacuation Pause) 1424M->726M(1500M) 1.120ms
[2026-07-18T17:20:08.684+0000][info][gc,cpu      ] GC(131) User=0.00s Sys=0.00s Real=0.00s
[2026-07-18T17:20:08.697+0000][info][gc,marking  ] GC(130) Concurrent Rebuild Remembered Sets and Scrub Regions 51.587ms
[2026-07-18T17:20:08.699+0000][info][gc,start    ] GC(130) Pause Cleanup
[2026-07-18T17:20:08.699+0000][info][gc          ] GC(130) Pause Cleanup 802M->802M(1500M) 0.168ms
[2026-07-18T17:20:08.699+0000][info][gc,cpu      ] GC(130) User=0.00s Sys=0.00s Real=0.00s
[2026-07-18T17:20:08.699+0000][info][gc,marking  ] GC(130) Concurrent Clear Claimed Marks
[2026-07-18T17:20:08.703+0000][info][gc,marking  ] GC(130) Concurrent Clear Claimed Marks 3.499ms
[2026-07-18T17:20:08.703+0000][info][gc,marking  ] GC(130) Concurrent Cleanup for Next Mark
[2026-07-18T17:20:08.704+0000][info][gc,marking  ] GC(130) Concurrent Cleanup for Next Mark 0.668ms
[2026-07-18T17:20:08.704+0000][info][gc          ] GC(130) Concurrent Mark Cycle 145.106ms
[2026-07-18T17:20:08.797+0000][info][gc,start    ] GC(132) Pause Young (Normal) (G1 Evacuation Pause)
[2026-07-18T17:20:08.797+0000][info][gc,task     ] GC(132) Using 4 workers of 4 for evacuation
[2026-07-18T17:20:08.798+0000][info][gc,phases   ] GC(132)   Pre Evacuate Collection Set: 0.17ms
[2026-07-18T17:20:08.798+0000][info][gc,phases   ] GC(132)   Merge Heap Roots: 0.10ms
[2026-07-18T17:20:08.798+0000][info][gc,phases   ] GC(132)   Evacuate Collection Set: 0.10ms
[2026-07-18T17:20:08.798+0000][info][gc,phases   ] GC(132)   Post Evacuate Collection Set: 0.25ms
[2026-07-18T17:20:08.798+0000][info][gc,phases   ] GC(132)   Other: 0.07ms
[2026-07-18T17:20:08.798+0000][info][gc,heap     ] GC(132) Eden regions: 698->0(698)
[2026-07-18T17:20:08.798+0000][info][gc,heap     ] GC(132) Survivor regions: 0->0(75)
[2026-07-18T17:20:08.798+0000][info][gc,heap     ] GC(132) Old regions: 697->697
[2026-07-18T17:20:08.798+0000][info][gc,heap     ] GC(132) Humongous regions: 30->30
[2026-07-18T17:20:08.798+0000][info][gc,metaspace] GC(132) Metaspace: 398K(576K)->398K(576K) NonClass: 368K(448K)->368K(448K) Class: 29K(128K)->29K(128K)
[2026-07-18T17:20:08.798+0000][info][gc          ] GC(132) Pause Young (Normal) (G1 Evacuation Pause) 1424M->726M(1500M) 1.136ms
[2026-07-18T17:20:08.799+0000][info][gc,cpu      ] GC(132) User=0.00s Sys=0.00s Real=0.00s
[2026-07-18T17:20:08.909+0000][info][gc,start    ] GC(133) Pause Young (Concurrent Start) (G1 Evacuation Pause)
[2026-07-18T17:20:08.909+0000][info][gc,task     ] GC(133) Using 4 workers of 4 for evacuation
[2026-07-18T17:20:08.910+0000][info][gc,phases   ] GC(133)   Pre Evacuate Collection Set: 0.28ms
[2026-07-18T17:20:08.910+0000][info][gc,phases   ] GC(133)   Merge Heap Roots: 0.05ms
[2026-07-18T17:20:08.910+0000][info][gc,phases   ] GC(133)   Evacuate Collection Set: 0.13ms
[2026-07-18T17:20:08.910+0000][info][gc,phases   ] GC(133)   Post Evacuate Collection Set: 0.31ms
[2026-07-18T17:20:08.910+0000][info][gc,phases   ] GC(133)   Other: 0.15ms
[2026-07-18T17:20:08.910+0000][info][gc,heap     ] GC(133) Eden regions: 698->0(698)
[2026-07-18T17:20:08.911+0000][info][gc,heap     ] GC(133) Survivor regions: 0->0(75)
[2026-07-18T17:20:08.911+0000][info][gc,heap     ] GC(133) Old regions: 697->697
[2026-07-18T17:20:08.911+0000][info][gc,heap     ] GC(133) Humongous regions: 30->30
[2026-07-18T17:20:08.911+0000][info][gc,metaspace] GC(133) Metaspace: 398K(576K)->398K(576K) NonClass: 368K(448K)->368K(448K) Class: 29K(128K)->29K(128K)
[2026-07-18T17:20:08.911+0000][info][gc          ] GC(133) Pause Young (Concurrent Start) (G1 Evacuation Pause) 1424M->726M(1500M) 1.246ms
[2026-07-18T17:20:08.911+0000][info][gc,cpu      ] GC(133) User=0.01s Sys=0.00s Real=0.00s
[2026-07-18T17:20:08.911+0000][info][gc          ] GC(134) Concurrent Mark Cycle
[2026-07-18T17:20:08.913+0000][info][gc,marking  ] GC(134) Concurrent Scan Root Regions
[2026-07-18T17:20:08.913+0000][info][gc,marking  ] GC(134) Concurrent Scan Root Regions 0.052ms
[2026-07-18T17:20:08.913+0000][info][gc,marking  ] GC(134) Concurrent Mark
[2026-07-18T17:20:08.913+0000][info][gc,marking  ] GC(134) Concurrent Mark From Roots
[2026-07-18T17:20:08.913+0000][info][gc,task     ] GC(134) Using 1 workers of 1 for marking
[2026-07-18T17:20:08.991+0000][info][gc,marking  ] GC(134) Concurrent Mark From Roots 78.115ms
[2026-07-18T17:20:08.991+0000][info][gc,marking  ] GC(134) Concurrent Preclean
[2026-07-18T17:20:08.991+0000][info][gc,marking  ] GC(134) Concurrent Preclean 0.061ms
[2026-07-18T17:20:08.992+0000][info][gc,start    ] GC(134) Pause Remark
[2026-07-18T17:20:08.993+0000][info][gc          ] GC(134) Pause Remark 1183M->1183M(1500M) 0.635ms
[2026-07-18T17:20:08.993+0000][info][gc,cpu      ] GC(134) User=0.00s Sys=0.00s Real=0.00s
[2026-07-18T17:20:08.993+0000][info][gc,marking  ] GC(134) Concurrent Mark 79.818ms
[2026-07-18T17:20:08.996+0000][info][gc,marking  ] GC(134) Concurrent Rebuild Remembered Sets and Scrub Regions
[2026-07-18T17:20:09.037+0000][info][gc,start    ] GC(135) Pause Young (Normal) (G1 Evacuation Pause)
[2026-07-18T17:20:09.037+0000][info][gc,task     ] GC(135) Using 4 workers of 4 for evacuation
[2026-07-18T17:20:09.037+0000][info][gc,phases   ] GC(135)   Pre Evacuate Collection Set: 0.18ms
[2026-07-18T17:20:09.037+0000][info][gc,phases   ] GC(135)   Merge Heap Roots: 0.04ms
[2026-07-18T17:20:09.037+0000][info][gc,phases   ] GC(135)   Evacuate Collection Set: 0.10ms
[2026-07-18T17:20:09.037+0000][info][gc,phases   ] GC(135)   Post Evacuate Collection Set: 0.24ms
[2026-07-18T17:20:09.037+0000][info][gc,phases   ] GC(135)   Other: 0.08ms
[2026-07-18T17:20:09.037+0000][info][gc,heap     ] GC(135) Eden regions: 698->0(698)
[2026-07-18T17:20:09.037+0000][info][gc,heap     ] GC(135) Survivor regions: 0->0(75)
[2026-07-18T17:20:09.037+0000][info][gc,heap     ] GC(135) Old regions: 697->697
[2026-07-18T17:20:09.038+0000][info][gc,heap     ] GC(135) Humongous regions: 30->30
[2026-07-18T17:20:09.038+0000][info][gc,metaspace] GC(135) Metaspace: 398K(576K)->398K(576K) NonClass: 368K(448K)->368K(448K) Class: 29K(128K)->29K(128K)
[2026-07-18T17:20:09.038+0000][info][gc          ] GC(135) Pause Young (Normal) (G1 Evacuation Pause) 1424M->726M(1500M) 1.037ms
[2026-07-18T17:20:09.038+0000][info][gc,cpu      ] GC(135) User=0.00s Sys=0.00s Real=0.00s
[2026-07-18T17:20:09.047+0000][info][gc,marking  ] GC(134) Concurrent Rebuild Remembered Sets and Scrub Regions 51.039ms
[2026-07-18T17:20:09.048+0000][info][gc,start    ] GC(134) Pause Cleanup
[2026-07-18T17:20:09.048+0000][info][gc          ] GC(134) Pause Cleanup 775M->775M(1500M) 0.146ms
[2026-07-18T17:20:09.048+0000][info][gc,cpu      ] GC(134) User=0.00s Sys=0.00s Real=0.00s
[2026-07-18T17:20:09.048+0000][info][gc,marking  ] GC(134) Concurrent Clear Claimed Marks
[2026-07-18T17:20:09.052+0000][info][gc,marking  ] GC(134) Concurrent Clear Claimed Marks 3.556ms
[2026-07-18T17:20:09.052+0000][info][gc,marking  ] GC(134) Concurrent Cleanup for Next Mark
[2026-07-18T17:20:09.053+0000][info][gc,marking  ] GC(134) Concurrent Cleanup for Next Mark 0.660ms
[2026-07-18T17:20:09.053+0000][info][gc          ] GC(134) Concurrent Mark Cycle 141.932ms
[2026-07-18T17:20:09.148+0000][info][gc,start    ] GC(136) Pause Young (Normal) (G1 Evacuation Pause)
[2026-07-18T17:20:09.148+0000][info][gc,task     ] GC(136) Using 4 workers of 4 for evacuation
[2026-07-18T17:20:09.149+0000][info][gc,phases   ] GC(136)   Pre Evacuate Collection Set: 0.16ms
[2026-07-18T17:20:09.149+0000][info][gc,phases   ] GC(136)   Merge Heap Roots: 0.07ms
[2026-07-18T17:20:09.149+0000][info][gc,phases   ] GC(136)   Evacuate Collection Set: 0.10ms
[2026-07-18T17:20:09.149+0000][info][gc,phases   ] GC(136)   Post Evacuate Collection Set: 0.24ms
[2026-07-18T17:20:09.149+0000][info][gc,phases   ] GC(136)   Other: 0.06ms
[2026-07-18T17:20:09.149+0000][info][gc,heap     ] GC(136) Eden regions: 698->0(698)
[2026-07-18T17:20:09.149+0000][info][gc,heap     ] GC(136) Survivor regions: 0->0(75)
[2026-07-18T17:20:09.149+0000][info][gc,heap     ] GC(136) Old regions: 697->697
[2026-07-18T17:20:09.149+0000][info][gc,heap     ] GC(136) Humongous regions: 30->30
[2026-07-18T17:20:09.149+0000][info][gc,metaspace] GC(136) Metaspace: 398K(576K)->398K(576K) NonClass: 368K(448K)->368K(448K) Class: 29K(128K)->29K(128K)
[2026-07-18T17:20:09.149+0000][info][gc          ] GC(136) Pause Young (Normal) (G1 Evacuation Pause) 1424M->726M(1500M) 1.012ms
[2026-07-18T17:20:09.149+0000][info][gc,cpu      ] GC(136) User=0.00s Sys=0.00s Real=0.00s
[2026-07-18T17:20:09.255+0000][info][gc,start    ] GC(137) Pause Young (Concurrent Start) (G1 Evacuation Pause)
[2026-07-18T17:20:09.255+0000][info][gc,task     ] GC(137) Using 4 workers of 4 for evacuation
[2026-07-18T17:20:09.256+0000][info][gc,phases   ] GC(137)   Pre Evacuate Collection Set: 0.17ms
[2026-07-18T17:20:09.256+0000][info][gc,phases   ] GC(137)   Merge Heap Roots: 0.07ms
[2026-07-18T17:20:09.256+0000][info][gc,phases   ] GC(137)   Evacuate Collection Set: 0.11ms
[2026-07-18T17:20:09.256+0000][info][gc,phases   ] GC(137)   Post Evacuate Collection Set: 0.24ms
[2026-07-18T17:20:09.256+0000][info][gc,phases   ] GC(137)   Other: 0.10ms
[2026-07-18T17:20:09.256+0000][info][gc,heap     ] GC(137) Eden regions: 698->0(698)
[2026-07-18T17:20:09.256+0000][info][gc,heap     ] GC(137) Survivor regions: 0->0(75)
[2026-07-18T17:20:09.256+0000][info][gc,heap     ] GC(137) Old regions: 697->697
[2026-07-18T17:20:09.256+0000][info][gc,heap     ] GC(137) Humongous regions: 30->30
[2026-07-18T17:20:09.256+0000][info][gc,metaspace] GC(137) Metaspace: 398K(576K)->398K(576K) NonClass: 368K(448K)->368K(448K) Class: 29K(128K)->29K(128K)
[2026-07-18T17:20:09.256+0000][info][gc          ] GC(137) Pause Young (Concurrent Start) (G1 Evacuation Pause) 1424M->726M(1500M) 1.106ms
[2026-07-18T17:20:09.256+0000][info][gc,cpu      ] GC(137) User=0.00s Sys=0.00s Real=0.00s
[2026-07-18T17:20:09.256+0000][info][gc          ] GC(138) Concurrent Mark Cycle
[2026-07-18T17:20:09.260+0000][info][gc,marking  ] GC(138) Concurrent Scan Root Regions
[2026-07-18T17:20:09.260+0000][info][gc,marking  ] GC(138) Concurrent Scan Root Regions 0.051ms
[2026-07-18T17:20:09.260+0000][info][gc,marking  ] GC(138) Concurrent Mark
[2026-07-18T17:20:09.260+0000][info][gc,marking  ] GC(138) Concurrent Mark From Roots
[2026-07-18T17:20:09.260+0000][info][gc,task     ] GC(138) Using 1 workers of 1 for marking
[2026-07-18T17:20:09.338+0000][info][gc,marking  ] GC(138) Concurrent Mark From Roots 78.465ms
[2026-07-18T17:20:09.339+0000][info][gc,marking  ] GC(138) Concurrent Preclean
[2026-07-18T17:20:09.339+0000][info][gc,marking  ] GC(138) Concurrent Preclean 0.052ms
[2026-07-18T17:20:09.339+0000][info][gc,start    ] GC(138) Pause Remark
[2026-07-18T17:20:09.339+0000][info][gc          ] GC(138) Pause Remark 1187M->1187M(1500M) 0.467ms
[2026-07-18T17:20:09.339+0000][info][gc,cpu      ] GC(138) User=0.00s Sys=0.00s Real=0.00s
[2026-07-18T17:20:09.339+0000][info][gc,marking  ] GC(138) Concurrent Mark 79.508ms
[2026-07-18T17:20:09.343+0000][info][gc,marking  ] GC(138) Concurrent Rebuild Remembered Sets and Scrub Regions
[2026-07-18T17:20:09.383+0000][info][gc,start    ] GC(139) Pause Young (Normal) (G1 Evacuation Pause)
[2026-07-18T17:20:09.383+0000][info][gc,task     ] GC(139) Using 4 workers of 4 for evacuation
[2026-07-18T17:20:09.384+0000][info][gc,phases   ] GC(139)   Pre Evacuate Collection Set: 0.18ms
[2026-07-18T17:20:09.384+0000][info][gc,phases   ] GC(139)   Merge Heap Roots: 0.07ms
[2026-07-18T17:20:09.384+0000][info][gc,phases   ] GC(139)   Evacuate Collection Set: 0.10ms
[2026-07-18T17:20:09.384+0000][info][gc,phases   ] GC(139)   Post Evacuate Collection Set: 0.25ms
[2026-07-18T17:20:09.384+0000][info][gc,phases   ] GC(139)   Other: 0.06ms
[2026-07-18T17:20:09.384+0000][info][gc,heap     ] GC(139) Eden regions: 698->0(698)
[2026-07-18T17:20:09.384+0000][info][gc,heap     ] GC(139) Survivor regions: 0->0(75)
[2026-07-18T17:20:09.384+0000][info][gc,heap     ] GC(139) Old regions: 697->697
[2026-07-18T17:20:09.384+0000][info][gc,heap     ] GC(139) Humongous regions: 30->30
[2026-07-18T17:20:09.384+0000][info][gc,metaspace] GC(139) Metaspace: 398K(576K)->398K(576K) NonClass: 368K(448K)->368K(448K) Class: 29K(128K)->29K(128K)
[2026-07-18T17:20:09.384+0000][info][gc          ] GC(139) Pause Young (Normal) (G1 Evacuation Pause) 1424M->726M(1500M) 1.043ms
[2026-07-18T17:20:09.384+0000][info][gc,cpu      ] GC(139) User=0.00s Sys=0.00s Real=0.01s
[2026-07-18T17:20:09.394+0000][info][gc,marking  ] GC(138) Concurrent Rebuild Remembered Sets and Scrub Regions 50.857ms
[2026-07-18T17:20:09.397+0000][info][gc,start    ] GC(138) Pause Cleanup
[2026-07-18T17:20:09.397+0000][info][gc          ] GC(138) Pause Cleanup 789M->789M(1500M) 0.147ms
[2026-07-18T17:20:09.397+0000][info][gc,cpu      ] GC(138) User=0.00s Sys=0.00s Real=0.00s
[2026-07-18T17:20:09.397+0000][info][gc,marking  ] GC(138) Concurrent Clear Claimed Marks
[2026-07-18T17:20:09.401+0000][info][gc,marking  ] GC(138) Concurrent Clear Claimed Marks 3.519ms
[2026-07-18T17:20:09.401+0000][info][gc,marking  ] GC(138) Concurrent Cleanup for Next Mark
[2026-07-18T17:20:09.402+0000][info][gc,marking  ] GC(138) Concurrent Cleanup for Next Mark 0.657ms
[2026-07-18T17:20:09.402+0000][info][gc          ] GC(138) Concurrent Mark Cycle 145.273ms
[2026-07-18T17:20:09.493+0000][info][gc,start    ] GC(140) Pause Young (Normal) (G1 Evacuation Pause)
[2026-07-18T17:20:09.494+0000][info][gc,task     ] GC(140) Using 4 workers of 4 for evacuation
[2026-07-18T17:20:09.494+0000][info][gc,phases   ] GC(140)   Pre Evacuate Collection Set: 0.16ms
[2026-07-18T17:20:09.494+0000][info][gc,phases   ] GC(140)   Merge Heap Roots: 0.08ms
[2026-07-18T17:20:09.494+0000][info][gc,phases   ] GC(140)   Evacuate Collection Set: 0.10ms
[2026-07-18T17:20:09.494+0000][info][gc,phases   ] GC(140)   Post Evacuate Collection Set: 0.25ms
[2026-07-18T17:20:09.494+0000][info][gc,phases   ] GC(140)   Other: 0.07ms
[2026-07-18T17:20:09.494+0000][info][gc,heap     ] GC(140) Eden regions: 698->0(698)
[2026-07-18T17:20:09.494+0000][info][gc,heap     ] GC(140) Survivor regions: 0->0(75)
[2026-07-18T17:20:09.494+0000][info][gc,heap     ] GC(140) Old regions: 697->697
[2026-07-18T17:20:09.494+0000][info][gc,heap     ] GC(140) Humongous regions: 30->30
[2026-07-18T17:20:09.494+0000][info][gc,metaspace] GC(140) Metaspace: 398K(576K)->398K(576K) NonClass: 368K(448K)->368K(448K) Class: 29K(128K)->29K(128K)
[2026-07-18T17:20:09.495+0000][info][gc          ] GC(140) Pause Young (Normal) (G1 Evacuation Pause) 1424M->726M(1500M) 1.093ms
[2026-07-18T17:20:09.495+0000][info][gc,cpu      ] GC(140) User=0.01s Sys=0.00s Real=0.01s
[2026-07-18T17:20:09.601+0000][info][gc,start    ] GC(141) Pause Young (Concurrent Start) (G1 Evacuation Pause)
[2026-07-18T17:20:09.601+0000][info][gc,task     ] GC(141) Using 4 workers of 4 for evacuation
[2026-07-18T17:20:09.602+0000][info][gc,phases   ] GC(141)   Pre Evacuate Collection Set: 0.16ms
[2026-07-18T17:20:09.602+0000][info][gc,phases   ] GC(141)   Merge Heap Roots: 0.10ms
[2026-07-18T17:20:09.602+0000][info][gc,phases   ] GC(141)   Evacuate Collection Set: 0.11ms
[2026-07-18T17:20:09.602+0000][info][gc,phases   ] GC(141)   Post Evacuate Collection Set: 0.24ms
[2026-07-18T17:20:09.602+0000][info][gc,phases   ] GC(141)   Other: 0.09ms
[2026-07-18T17:20:09.602+0000][info][gc,heap     ] GC(141) Eden regions: 698->0(698)
[2026-07-18T17:20:09.602+0000][info][gc,heap     ] GC(141) Survivor regions: 0->0(75)
[2026-07-18T17:20:09.602+0000][info][gc,heap     ] GC(141) Old regions: 697->697
[2026-07-18T17:20:09.602+0000][info][gc,heap     ] GC(141) Humongous regions: 30->30
[2026-07-18T17:20:09.602+0000][info][gc,metaspace] GC(141) Metaspace: 398K(576K)->398K(576K) NonClass: 368K(448K)->368K(448K) Class: 29K(128K)->29K(128K)
[2026-07-18T17:20:09.602+0000][info][gc          ] GC(141) Pause Young (Concurrent Start) (G1 Evacuation Pause) 1424M->726M(1500M) 1.102ms
[2026-07-18T17:20:09.602+0000][info][gc,cpu      ] GC(141) User=0.00s Sys=0.00s Real=0.00s
[2026-07-18T17:20:09.602+0000][info][gc          ] GC(142) Concurrent Mark Cycle
[2026-07-18T17:20:09.606+0000][info][gc,marking  ] GC(142) Concurrent Scan Root Regions
[2026-07-18T17:20:09.606+0000][info][gc,marking  ] GC(142) Concurrent Scan Root Regions 0.054ms
[2026-07-18T17:20:09.606+0000][info][gc,marking  ] GC(142) Concurrent Mark
[2026-07-18T17:20:09.606+0000][info][gc,marking  ] GC(142) Concurrent Mark From Roots
[2026-07-18T17:20:09.606+0000][info][gc,task     ] GC(142) Using 1 workers of 1 for marking
[2026-07-18T17:20:09.684+0000][info][gc,marking  ] GC(142) Concurrent Mark From Roots 78.246ms
[2026-07-18T17:20:09.684+0000][info][gc,marking  ] GC(142) Concurrent Preclean
[2026-07-18T17:20:09.684+0000][info][gc,marking  ] GC(142) Concurrent Preclean 0.048ms
[2026-07-18T17:20:09.685+0000][info][gc,start    ] GC(142) Pause Remark
[2026-07-18T17:20:09.685+0000][info][gc          ] GC(142) Pause Remark 1198M->1198M(1500M) 0.455ms
[2026-07-18T17:20:09.685+0000][info][gc,cpu      ] GC(142) User=0.00s Sys=0.00s Real=0.00s
[2026-07-18T17:20:09.685+0000][info][gc,marking  ] GC(142) Concurrent Mark 79.562ms
[2026-07-18T17:20:09.689+0000][info][gc,marking  ] GC(142) Concurrent Rebuild Remembered Sets and Scrub Regions
[2026-07-18T17:20:09.725+0000][info][gc,start    ] GC(143) Pause Young (Normal) (G1 Evacuation Pause)
[2026-07-18T17:20:09.725+0000][info][gc,task     ] GC(143) Using 4 workers of 4 for evacuation
[2026-07-18T17:20:09.726+0000][info][gc,phases   ] GC(143)   Pre Evacuate Collection Set: 0.17ms
[2026-07-18T17:20:09.726+0000][info][gc,phases   ] GC(143)   Merge Heap Roots: 0.04ms
[2026-07-18T17:20:09.726+0000][info][gc,phases   ] GC(143)   Evacuate Collection Set: 0.11ms
[2026-07-18T17:20:09.726+0000][info][gc,phases   ] GC(143)   Post Evacuate Collection Set: 0.25ms
[2026-07-18T17:20:09.726+0000][info][gc,phases   ] GC(143)   Other: 0.06ms
[2026-07-18T17:20:09.726+0000][info][gc,heap     ] GC(143) Eden regions: 698->0(698)
[2026-07-18T17:20:09.726+0000][info][gc,heap     ] GC(143) Survivor regions: 0->0(75)
[2026-07-18T17:20:09.726+0000][info][gc,heap     ] GC(143) Old regions: 697->697
[2026-07-18T17:20:09.726+0000][info][gc,heap     ] GC(143) Humongous regions: 30->30
[2026-07-18T17:20:09.726+0000][info][gc,metaspace] GC(143) Metaspace: 398K(576K)->398K(576K) NonClass: 368K(448K)->368K(448K) Class: 29K(128K)->29K(128K)
[2026-07-18T17:20:09.726+0000][info][gc          ] GC(143) Pause Young (Normal) (G1 Evacuation Pause) 1424M->726M(1500M) 1.039ms
[2026-07-18T17:20:09.726+0000][info][gc,cpu      ] GC(143) User=0.00s Sys=0.00s Real=0.00s
[2026-07-18T17:20:09.738+0000][info][gc,marking  ] GC(142) Concurrent Rebuild Remembered Sets and Scrub Regions 49.171ms
[2026-07-18T17:20:09.742+0000][info][gc,start    ] GC(142) Pause Cleanup
[2026-07-18T17:20:09.742+0000][info][gc          ] GC(142) Pause Cleanup 810M->810M(1500M) 0.147ms
[2026-07-18T17:20:09.742+0000][info][gc,cpu      ] GC(142) User=0.00s Sys=0.00s Real=0.00s
[2026-07-18T17:20:09.742+0000][info][gc,marking  ] GC(142) Concurrent Clear Claimed Marks
[2026-07-18T17:20:09.746+0000][info][gc,marking  ] GC(142) Concurrent Clear Claimed Marks 3.524ms
[2026-07-18T17:20:09.746+0000][info][gc,marking  ] GC(142) Concurrent Cleanup for Next Mark
[2026-07-18T17:20:09.747+0000][info][gc,marking  ] GC(142) Concurrent Cleanup for Next Mark 0.654ms
[2026-07-18T17:20:09.747+0000][info][gc          ] GC(142) Concurrent Mark Cycle 144.097ms
[2026-07-18T17:20:09.844+0000][info][gc,start    ] GC(144) Pause Young (Normal) (G1 Evacuation Pause)
[2026-07-18T17:20:09.844+0000][info][gc,task     ] GC(144) Using 4 workers of 4 for evacuation
[2026-07-18T17:20:09.845+0000][info][gc,phases   ] GC(144)   Pre Evacuate Collection Set: 0.20ms
[2026-07-18T17:20:09.845+0000][info][gc,phases   ] GC(144)   Merge Heap Roots: 0.05ms
[2026-07-18T17:20:09.845+0000][info][gc,phases   ] GC(144)   Evacuate Collection Set: 0.11ms
[2026-07-18T17:20:09.845+0000][info][gc,phases   ] GC(144)   Post Evacuate Collection Set: 0.25ms
[2026-07-18T17:20:09.845+0000][info][gc,phases   ] GC(144)   Other: 0.08ms
[2026-07-18T17:20:09.845+0000][info][gc,heap     ] GC(144) Eden regions: 698->0(698)
[2026-07-18T17:20:09.845+0000][info][gc,heap     ] GC(144) Survivor regions: 0->0(75)
[2026-07-18T17:20:09.845+0000][info][gc,heap     ] GC(144) Old regions: 697->697
[2026-07-18T17:20:09.845+0000][info][gc,heap     ] GC(144) Humongous regions: 30->30
[2026-07-18T17:20:09.845+0000][info][gc,metaspace] GC(144) Metaspace: 398K(576K)->398K(576K) NonClass: 368K(448K)->368K(448K) Class: 29K(128K)->29K(128K)
[2026-07-18T17:20:09.845+0000][info][gc          ] GC(144) Pause Young (Normal) (G1 Evacuation Pause) 1424M->726M(1500M) 1.129ms
[2026-07-18T17:20:09.845+0000][info][gc,cpu      ] GC(144) User=0.00s Sys=0.00s Real=0.00s
[2026-07-18T17:20:09.954+0000][info][gc,start    ] GC(145) Pause Young (Concurrent Start) (G1 Evacuation Pause)
[2026-07-18T17:20:09.954+0000][info][gc,task     ] GC(145) Using 4 workers of 4 for evacuation
[2026-07-18T17:20:09.955+0000][info][gc,phases   ] GC(145)   Pre Evacuate Collection Set: 0.18ms
[2026-07-18T17:20:09.955+0000][info][gc,phases   ] GC(145)   Merge Heap Roots: 0.07ms
[2026-07-18T17:20:09.955+0000][info][gc,phases   ] GC(145)   Evacuate Collection Set: 0.11ms
[2026-07-18T17:20:09.955+0000][info][gc,phases   ] GC(145)   Post Evacuate Collection Set: 0.24ms
[2026-07-18T17:20:09.955+0000][info][gc,phases   ] GC(145)   Other: 0.09ms
[2026-07-18T17:20:09.955+0000][info][gc,heap     ] GC(145) Eden regions: 698->0(698)
[2026-07-18T17:20:09.955+0000][info][gc,heap     ] GC(145) Survivor regions: 0->0(75)
[2026-07-18T17:20:09.955+0000][info][gc,heap     ] GC(145) Old regions: 697->697
[2026-07-18T17:20:09.955+0000][info][gc,heap     ] GC(145) Humongous regions: 30->30
[2026-07-18T17:20:09.955+0000][info][gc,metaspace] GC(145) Metaspace: 398K(576K)->398K(576K) NonClass: 368K(448K)->368K(448K) Class: 29K(128K)->29K(128K)
[2026-07-18T17:20:09.955+0000][info][gc          ] GC(145) Pause Young (Concurrent Start) (G1 Evacuation Pause) 1424M->726M(1500M) 1.101ms
[2026-07-18T17:20:09.955+0000][info][gc,cpu      ] GC(145) User=0.00s Sys=0.00s Real=0.00s
[2026-07-18T17:20:09.955+0000][info][gc          ] GC(146) Concurrent Mark Cycle
[2026-07-18T17:20:09.959+0000][info][gc,marking  ] GC(146) Concurrent Scan Root Regions
[2026-07-18T17:20:09.959+0000][info][gc,marking  ] GC(146) Concurrent Scan Root Regions 0.065ms
[2026-07-18T17:20:09.959+0000][info][gc,marking  ] GC(146) Concurrent Mark
[2026-07-18T17:20:09.959+0000][info][gc,marking  ] GC(146) Concurrent Mark From Roots
[2026-07-18T17:20:09.959+0000][info][gc,task     ] GC(146) Using 1 workers of 1 for marking
[2026-07-18T17:20:10.037+0000][info][gc,marking  ] GC(146) Concurrent Mark From Roots 78.476ms
[2026-07-18T17:20:10.038+0000][info][gc,marking  ] GC(146) Concurrent Preclean
[2026-07-18T17:20:10.038+0000][info][gc,marking  ] GC(146) Concurrent Preclean 0.046ms
[2026-07-18T17:20:10.038+0000][info][gc,start    ] GC(146) Pause Remark
[2026-07-18T17:20:10.038+0000][info][gc          ] GC(146) Pause Remark 1194M->1194M(1500M) 0.474ms
[2026-07-18T17:20:10.038+0000][info][gc,cpu      ] GC(146) User=0.00s Sys=0.00s Real=0.00s
[2026-07-18T17:20:10.038+0000][info][gc,marking  ] GC(146) Concurrent Mark 79.449ms
[2026-07-18T17:20:10.042+0000][info][gc,marking  ] GC(146) Concurrent Rebuild Remembered Sets and Scrub Regions
[2026-07-18T17:20:10.080+0000][info][gc,start    ] GC(147) Pause Young (Normal) (G1 Evacuation Pause)
[2026-07-18T17:20:10.080+0000][info][gc,task     ] GC(147) Using 4 workers of 4 for evacuation
[2026-07-18T17:20:10.080+0000][info][gc,phases   ] GC(147)   Pre Evacuate Collection Set: 0.18ms
[2026-07-18T17:20:10.081+0000][info][gc,phases   ] GC(147)   Merge Heap Roots: 0.07ms
[2026-07-18T17:20:10.081+0000][info][gc,phases   ] GC(147)   Evacuate Collection Set: 0.10ms
[2026-07-18T17:20:10.081+0000][info][gc,phases   ] GC(147)   Post Evacuate Collection Set: 0.24ms
[2026-07-18T17:20:10.081+0000][info][gc,phases   ] GC(147)   Other: 0.06ms
[2026-07-18T17:20:10.081+0000][info][gc,heap     ] GC(147) Eden regions: 698->0(698)
[2026-07-18T17:20:10.081+0000][info][gc,heap     ] GC(147) Survivor regions: 0->0(75)
[2026-07-18T17:20:10.081+0000][info][gc,heap     ] GC(147) Old regions: 697->697
[2026-07-18T17:20:10.081+0000][info][gc,heap     ] GC(147) Humongous regions: 30->30
[2026-07-18T17:20:10.081+0000][info][gc,metaspace] GC(147) Metaspace: 398K(576K)->398K(576K) NonClass: 368K(448K)->368K(448K) Class: 29K(128K)->29K(128K)
[2026-07-18T17:20:10.081+0000][info][gc          ] GC(147) Pause Young (Normal) (G1 Evacuation Pause) 1424M->726M(1500M) 1.043ms
[2026-07-18T17:20:10.081+0000][info][gc,cpu      ] GC(147) User=0.00s Sys=0.00s Real=0.00s
[2026-07-18T17:20:10.091+0000][info][gc,marking  ] GC(146) Concurrent Rebuild Remembered Sets and Scrub Regions 49.034ms
[2026-07-18T17:20:10.096+0000][info][gc,start    ] GC(146) Pause Cleanup
[2026-07-18T17:20:10.096+0000][info][gc          ] GC(146) Pause Cleanup 797M->797M(1500M) 0.197ms
[2026-07-18T17:20:10.096+0000][info][gc,cpu      ] GC(146) User=0.00s Sys=0.00s Real=0.00s
[2026-07-18T17:20:10.096+0000][info][gc,marking  ] GC(146) Concurrent Clear Claimed Marks
[2026-07-18T17:20:10.100+0000][info][gc,marking  ] GC(146) Concurrent Clear Claimed Marks 3.502ms
[2026-07-18T17:20:10.100+0000][info][gc,marking  ] GC(146) Concurrent Cleanup for Next Mark
[2026-07-18T17:20:10.101+0000][info][gc,marking  ] GC(146) Concurrent Cleanup for Next Mark 0.637ms
[2026-07-18T17:20:10.101+0000][info][gc          ] GC(146) Concurrent Mark Cycle 145.196ms
[2026-07-18T17:20:10.194+0000][info][gc,start    ] GC(148) Pause Young (Normal) (G1 Evacuation Pause)
[2026-07-18T17:20:10.194+0000][info][gc,task     ] GC(148) Using 4 workers of 4 for evacuation
[2026-07-18T17:20:10.195+0000][info][gc,phases   ] GC(148)   Pre Evacuate Collection Set: 0.16ms
[2026-07-18T17:20:10.195+0000][info][gc,phases   ] GC(148)   Merge Heap Roots: 0.07ms
[2026-07-18T17:20:10.195+0000][info][gc,phases   ] GC(148)   Evacuate Collection Set: 0.11ms
[2026-07-18T17:20:10.195+0000][info][gc,phases   ] GC(148)   Post Evacuate Collection Set: 0.24ms
[2026-07-18T17:20:10.195+0000][info][gc,phases   ] GC(148)   Other: 0.08ms
[2026-07-18T17:20:10.195+0000][info][gc,heap     ] GC(148) Eden regions: 698->0(698)
[2026-07-18T17:20:10.195+0000][info][gc,heap     ] GC(148) Survivor regions: 0->0(75)
[2026-07-18T17:20:10.195+0000][info][gc,heap     ] GC(148) Old regions: 697->697
[2026-07-18T17:20:10.195+0000][info][gc,heap     ] GC(148) Humongous regions: 30->30
[2026-07-18T17:20:10.195+0000][info][gc,metaspace] GC(148) Metaspace: 398K(576K)->398K(576K) NonClass: 368K(448K)->368K(448K) Class: 29K(128K)->29K(128K)
[2026-07-18T17:20:10.195+0000][info][gc          ] GC(148) Pause Young (Normal) (G1 Evacuation Pause) 1424M->726M(1500M) 1.105ms
[2026-07-18T17:20:10.195+0000][info][gc,cpu      ] GC(148) User=0.01s Sys=0.00s Real=0.00s
[2026-07-18T17:20:10.304+0000][info][gc,start    ] GC(149) Pause Young (Concurrent Start) (G1 Evacuation Pause)
[2026-07-18T17:20:10.304+0000][info][gc,task     ] GC(149) Using 4 workers of 4 for evacuation
[2026-07-18T17:20:10.305+0000][info][gc,phases   ] GC(149)   Pre Evacuate Collection Set: 0.23ms
[2026-07-18T17:20:10.305+0000][info][gc,phases   ] GC(149)   Merge Heap Roots: 0.05ms
[2026-07-18T17:20:10.305+0000][info][gc,phases   ] GC(149)   Evacuate Collection Set: 0.12ms
[2026-07-18T17:20:10.305+0000][info][gc,phases   ] GC(149)   Post Evacuate Collection Set: 0.25ms
[2026-07-18T17:20:10.305+0000][info][gc,phases   ] GC(149)   Other: 0.10ms
[2026-07-18T17:20:10.305+0000][info][gc,heap     ] GC(149) Eden regions: 698->0(698)
[2026-07-18T17:20:10.305+0000][info][gc,heap     ] GC(149) Survivor regions: 0->0(75)
[2026-07-18T17:20:10.305+0000][info][gc,heap     ] GC(149) Old regions: 697->697
[2026-07-18T17:20:10.305+0000][info][gc,heap     ] GC(149) Humongous regions: 30->30
[2026-07-18T17:20:10.305+0000][info][gc,metaspace] GC(149) Metaspace: 398K(576K)->398K(576K) NonClass: 368K(448K)->368K(448K) Class: 29K(128K)->29K(128K)
[2026-07-18T17:20:10.305+0000][info][gc          ] GC(149) Pause Young (Concurrent Start) (G1 Evacuation Pause) 1424M->726M(1500M) 1.167ms
[2026-07-18T17:20:10.305+0000][info][gc,cpu      ] GC(149) User=0.01s Sys=0.00s Real=0.00s
[2026-07-18T17:20:10.305+0000][info][gc          ] GC(150) Concurrent Mark Cycle
[2026-07-18T17:20:10.309+0000][info][gc,marking  ] GC(150) Concurrent Scan Root Regions
[2026-07-18T17:20:10.309+0000][info][gc,marking  ] GC(150) Concurrent Scan Root Regions 0.055ms
[2026-07-18T17:20:10.309+0000][info][gc,marking  ] GC(150) Concurrent Mark
[2026-07-18T17:20:10.309+0000][info][gc,marking  ] GC(150) Concurrent Mark From Roots
[2026-07-18T17:20:10.309+0000][info][gc,task     ] GC(150) Using 1 workers of 1 for marking
[2026-07-18T17:20:10.387+0000][info][gc,marking  ] GC(150) Concurrent Mark From Roots 78.387ms
[2026-07-18T17:20:10.387+0000][info][gc,marking  ] GC(150) Concurrent Preclean
[2026-07-18T17:20:10.387+0000][info][gc,marking  ] GC(150) Concurrent Preclean 0.047ms
[2026-07-18T17:20:10.388+0000][info][gc,start    ] GC(150) Pause Remark
[2026-07-18T17:20:10.388+0000][info][gc          ] GC(150) Pause Remark 1189M->1189M(1500M) 0.445ms
[2026-07-18T17:20:10.388+0000][info][gc,cpu      ] GC(150) User=0.00s Sys=0.00s Real=0.00s
[2026-07-18T17:20:10.388+0000][info][gc,marking  ] GC(150) Concurrent Mark 79.491ms
[2026-07-18T17:20:10.392+0000][info][gc,marking  ] GC(150) Concurrent Rebuild Remembered Sets and Scrub Regions
[2026-07-18T17:20:10.430+0000][info][gc,start    ] GC(151) Pause Young (Normal) (G1 Evacuation Pause)
[2026-07-18T17:20:10.430+0000][info][gc,task     ] GC(151) Using 4 workers of 4 for evacuation
[2026-07-18T17:20:10.431+0000][info][gc,phases   ] GC(151)   Pre Evacuate Collection Set: 0.21ms
[2026-07-18T17:20:10.431+0000][info][gc,phases   ] GC(151)   Merge Heap Roots: 0.07ms
[2026-07-18T17:20:10.431+0000][info][gc,phases   ] GC(151)   Evacuate Collection Set: 0.13ms
[2026-07-18T17:20:10.431+0000][info][gc,phases   ] GC(151)   Post Evacuate Collection Set: 0.29ms
[2026-07-18T17:20:10.431+0000][info][gc,phases   ] GC(151)   Other: 0.07ms
[2026-07-18T17:20:10.431+0000][info][gc,heap     ] GC(151) Eden regions: 698->0(698)
[2026-07-18T17:20:10.431+0000][info][gc,heap     ] GC(151) Survivor regions: 0->0(75)
[2026-07-18T17:20:10.431+0000][info][gc,heap     ] GC(151) Old regions: 697->697
[2026-07-18T17:20:10.431+0000][info][gc,heap     ] GC(151) Humongous regions: 30->30
[2026-07-18T17:20:10.431+0000][info][gc,metaspace] GC(151) Metaspace: 398K(576K)->398K(576K) NonClass: 368K(448K)->368K(448K) Class: 29K(128K)->29K(128K)
[2026-07-18T17:20:10.431+0000][info][gc          ] GC(151) Pause Young (Normal) (G1 Evacuation Pause) 1424M->726M(1500M) 1.163ms
[2026-07-18T17:20:10.431+0000][info][gc,cpu      ] GC(151) User=0.00s Sys=0.00s Real=0.00s
[2026-07-18T17:20:10.441+0000][info][gc,marking  ] GC(150) Concurrent Rebuild Remembered Sets and Scrub Regions 49.084ms
[2026-07-18T17:20:10.444+0000][info][gc,start    ] GC(150) Pause Cleanup
[2026-07-18T17:20:10.444+0000][info][gc          ] GC(150) Pause Cleanup 790M->790M(1500M) 0.161ms
[2026-07-18T17:20:10.444+0000][info][gc,cpu      ] GC(150) User=0.00s Sys=0.00s Real=0.00s
[2026-07-18T17:20:10.444+0000][info][gc,marking  ] GC(150) Concurrent Clear Claimed Marks
[2026-07-18T17:20:10.448+0000][info][gc,marking  ] GC(150) Concurrent Clear Claimed Marks 3.512ms
[2026-07-18T17:20:10.448+0000][info][gc,marking  ] GC(150) Concurrent Cleanup for Next Mark
[2026-07-18T17:20:10.449+0000][info][gc,marking  ] GC(150) Concurrent Cleanup for Next Mark 0.671ms
[2026-07-18T17:20:10.449+0000][info][gc          ] GC(150) Concurrent Mark Cycle 143.359ms
[2026-07-18T17:20:10.542+0000][info][gc,start    ] GC(152) Pause Young (Normal) (G1 Evacuation Pause)
[2026-07-18T17:20:10.543+0000][info][gc,task     ] GC(152) Using 4 workers of 4 for evacuation
[2026-07-18T17:20:10.543+0000][info][gc,phases   ] GC(152)   Pre Evacuate Collection Set: 0.16ms
[2026-07-18T17:20:10.543+0000][info][gc,phases   ] GC(152)   Merge Heap Roots: 0.05ms
[2026-07-18T17:20:10.543+0000][info][gc,phases   ] GC(152)   Evacuate Collection Set: 0.10ms
[2026-07-18T17:20:10.543+0000][info][gc,phases   ] GC(152)   Post Evacuate Collection Set: 0.24ms
[2026-07-18T17:20:10.543+0000][info][gc,phases   ] GC(152)   Other: 0.07ms
[2026-07-18T17:20:10.543+0000][info][gc,heap     ] GC(152) Eden regions: 698->0(698)
[2026-07-18T17:20:10.543+0000][info][gc,heap     ] GC(152) Survivor regions: 0->0(75)
[2026-07-18T17:20:10.543+0000][info][gc,heap     ] GC(152) Old regions: 697->697
[2026-07-18T17:20:10.543+0000][info][gc,heap     ] GC(152) Humongous regions: 30->30
[2026-07-18T17:20:10.543+0000][info][gc,metaspace] GC(152) Metaspace: 398K(576K)->398K(576K) NonClass: 368K(448K)->368K(448K) Class: 29K(128K)->29K(128K)
[2026-07-18T17:20:10.543+0000][info][gc          ] GC(152) Pause Young (Normal) (G1 Evacuation Pause) 1424M->726M(1500M) 1.005ms
[2026-07-18T17:20:10.544+0000][info][gc,cpu      ] GC(152) User=0.00s Sys=0.01s Real=0.00s
[2026-07-18T17:20:10.648+0000][info][gc,start    ] GC(153) Pause Young (Concurrent Start) (G1 Evacuation Pause)
[2026-07-18T17:20:10.648+0000][info][gc,task     ] GC(153) Using 4 workers of 4 for evacuation
[2026-07-18T17:20:10.649+0000][info][gc,phases   ] GC(153)   Pre Evacuate Collection Set: 0.23ms
[2026-07-18T17:20:10.649+0000][info][gc,phases   ] GC(153)   Merge Heap Roots: 0.10ms
[2026-07-18T17:20:10.649+0000][info][gc,phases   ] GC(153)   Evacuate Collection Set: 0.11ms
[2026-07-18T17:20:10.649+0000][info][gc,phases   ] GC(153)   Post Evacuate Collection Set: 0.25ms
[2026-07-18T17:20:10.649+0000][info][gc,phases   ] GC(153)   Other: 0.09ms
[2026-07-18T17:20:10.649+0000][info][gc,heap     ] GC(153) Eden regions: 698->0(698)
[2026-07-18T17:20:10.649+0000][info][gc,heap     ] GC(153) Survivor regions: 0->0(75)
[2026-07-18T17:20:10.649+0000][info][gc,heap     ] GC(153) Old regions: 697->697
[2026-07-18T17:20:10.649+0000][info][gc,heap     ] GC(153) Humongous regions: 30->30
[2026-07-18T17:20:10.649+0000][info][gc,metaspace] GC(153) Metaspace: 398K(576K)->398K(576K) NonClass: 368K(448K)->368K(448K) Class: 29K(128K)->29K(128K)
[2026-07-18T17:20:10.649+0000][info][gc          ] GC(153) Pause Young (Concurrent Start) (G1 Evacuation Pause) 1424M->726M(1500M) 1.168ms
[2026-07-18T17:20:10.649+0000][info][gc,cpu      ] GC(153) User=0.00s Sys=0.00s Real=0.00s
[2026-07-18T17:20:10.649+0000][info][gc          ] GC(154) Concurrent Mark Cycle
[2026-07-18T17:20:10.653+0000][info][gc,marking  ] GC(154) Concurrent Scan Root Regions
[2026-07-18T17:20:10.653+0000][info][gc,marking  ] GC(154) Concurrent Scan Root Regions 0.100ms
[2026-07-18T17:20:10.653+0000][info][gc,marking  ] GC(154) Concurrent Mark
[2026-07-18T17:20:10.653+0000][info][gc,marking  ] GC(154) Concurrent Mark From Roots
[2026-07-18T17:20:10.653+0000][info][gc,task     ] GC(154) Using 1 workers of 1 for marking
[2026-07-18T17:20:10.733+0000][info][gc,marking  ] GC(154) Concurrent Mark From Roots 80.029ms
[2026-07-18T17:20:10.733+0000][info][gc,marking  ] GC(154) Concurrent Preclean
[2026-07-18T17:20:10.733+0000][info][gc,marking  ] GC(154) Concurrent Preclean 0.110ms
[2026-07-18T17:20:10.734+0000][info][gc,start    ] GC(154) Pause Remark
[2026-07-18T17:20:10.735+0000][info][gc          ] GC(154) Pause Remark 1176M->1176M(1500M) 0.723ms
[2026-07-18T17:20:10.735+0000][info][gc,cpu      ] GC(154) User=0.00s Sys=0.00s Real=0.00s
[2026-07-18T17:20:10.735+0000][info][gc,marking  ] GC(154) Concurrent Mark 81.952ms
[2026-07-18T17:20:10.735+0000][info][gc,marking  ] GC(154) Concurrent Rebuild Remembered Sets and Scrub Regions
[2026-07-18T17:20:10.784+0000][info][gc,marking  ] GC(154) Concurrent Rebuild Remembered Sets and Scrub Regions 49.213ms
[2026-07-18T17:20:10.784+0000][info][gc,start    ] GC(154) Pause Cleanup
[2026-07-18T17:20:10.785+0000][info][gc          ] GC(154) Pause Cleanup 1420M->1420M(1500M) 0.177ms
[2026-07-18T17:20:10.785+0000][info][gc,cpu      ] GC(154) User=0.00s Sys=0.00s Real=0.00s
[2026-07-18T17:20:10.785+0000][info][gc,marking  ] GC(154) Concurrent Clear Claimed Marks
[2026-07-18T17:20:10.785+0000][info][gc,marking  ] GC(154) Concurrent Clear Claimed Marks 0.743ms
[2026-07-18T17:20:10.786+0000][info][gc,marking  ] GC(154) Concurrent Cleanup for Next Mark
[2026-07-18T17:20:10.785+0000][info][gc,start    ] GC(155) Pause Young (Normal) (G1 Evacuation Pause)
[2026-07-18T17:20:10.786+0000][info][gc,task     ] GC(155) Using 4 workers of 4 for evacuation
[2026-07-18T17:20:10.786+0000][info][gc,phases   ] GC(155)   Pre Evacuate Collection Set: 0.19ms
[2026-07-18T17:20:10.786+0000][info][gc,phases   ] GC(155)   Merge Heap Roots: 0.06ms
[2026-07-18T17:20:10.786+0000][info][gc,phases   ] GC(155)   Evacuate Collection Set: 0.12ms
[2026-07-18T17:20:10.786+0000][info][gc,phases   ] GC(155)   Post Evacuate Collection Set: 0.29ms
[2026-07-18T17:20:10.786+0000][info][gc,phases   ] GC(155)   Other: 0.05ms
[2026-07-18T17:20:10.786+0000][info][gc,heap     ] GC(155) Eden regions: 698->0(698)
[2026-07-18T17:20:10.786+0000][info][gc,heap     ] GC(155) Survivor regions: 0->0(75)
[2026-07-18T17:20:10.786+0000][info][gc,heap     ] GC(155) Old regions: 697->697
[2026-07-18T17:20:10.786+0000][info][gc,heap     ] GC(155) Humongous regions: 30->30
[2026-07-18T17:20:10.787+0000][info][gc,metaspace] GC(155) Metaspace: 398K(576K)->398K(576K) NonClass: 368K(448K)->368K(448K) Class: 29K(128K)->29K(128K)
[2026-07-18T17:20:10.787+0000][info][gc          ] GC(155) Pause Young (Normal) (G1 Evacuation Pause) 1424M->726M(1500M) 1.054ms
[2026-07-18T17:20:10.787+0000][info][gc,cpu      ] GC(155) User=0.00s Sys=0.00s Real=0.00s
[2026-07-18T17:20:10.787+0000][info][gc,marking  ] GC(154) Concurrent Cleanup for Next Mark 1.598ms
[2026-07-18T17:20:10.790+0000][info][gc          ] GC(154) Concurrent Mark Cycle 140.336ms
[2026-07-18T17:20:10.909+0000][info][gc,start    ] GC(156) Pause Young (Normal) (G1 Evacuation Pause)
[2026-07-18T17:20:10.909+0000][info][gc,task     ] GC(156) Using 4 workers of 4 for evacuation
[2026-07-18T17:20:10.910+0000][info][gc,phases   ] GC(156)   Pre Evacuate Collection Set: 0.19ms
[2026-07-18T17:20:10.910+0000][info][gc,phases   ] GC(156)   Merge Heap Roots: 0.17ms
[2026-07-18T17:20:10.910+0000][info][gc,phases   ] GC(156)   Evacuate Collection Set: 0.16ms
[2026-07-18T17:20:10.910+0000][info][gc,phases   ] GC(156)   Post Evacuate Collection Set: 0.27ms
[2026-07-18T17:20:10.910+0000][info][gc,phases   ] GC(156)   Other: 0.08ms
[2026-07-18T17:20:10.910+0000][info][gc,heap     ] GC(156) Eden regions: 698->0(698)
[2026-07-18T17:20:10.910+0000][info][gc,heap     ] GC(156) Survivor regions: 0->0(75)
[2026-07-18T17:20:10.910+0000][info][gc,heap     ] GC(156) Old regions: 697->697
[2026-07-18T17:20:10.910+0000][info][gc,heap     ] GC(156) Humongous regions: 30->30
[2026-07-18T17:20:10.910+0000][info][gc,metaspace] GC(156) Metaspace: 398K(576K)->398K(576K) NonClass: 368K(448K)->368K(448K) Class: 29K(128K)->29K(128K)
[2026-07-18T17:20:10.910+0000][info][gc          ] GC(156) Pause Young (Normal) (G1 Evacuation Pause) 1424M->726M(1500M) 1.307ms
[2026-07-18T17:20:10.910+0000][info][gc,cpu      ] GC(156) User=0.01s Sys=0.00s Real=0.00s
[2026-07-18T17:20:11.027+0000][info][gc,start    ] GC(157) Pause Young (Concurrent Start) (G1 Evacuation Pause)
[2026-07-18T17:20:11.027+0000][info][gc,task     ] GC(157) Using 4 workers of 4 for evacuation
[2026-07-18T17:20:11.028+0000][info][gc,phases   ] GC(157)   Pre Evacuate Collection Set: 0.20ms
[2026-07-18T17:20:11.028+0000][info][gc,phases   ] GC(157)   Merge Heap Roots: 0.08ms
[2026-07-18T17:20:11.028+0000][info][gc,phases   ] GC(157)   Evacuate Collection Set: 0.15ms
[2026-07-18T17:20:11.028+0000][info][gc,phases   ] GC(157)   Post Evacuate Collection Set: 0.24ms
[2026-07-18T17:20:11.028+0000][info][gc,phases   ] GC(157)   Other: 0.12ms
[2026-07-18T17:20:11.028+0000][info][gc,heap     ] GC(157) Eden regions: 698->0(698)
[2026-07-18T17:20:11.028+0000][info][gc,heap     ] GC(157) Survivor regions: 0->0(75)
[2026-07-18T17:20:11.028+0000][info][gc,heap     ] GC(157) Old regions: 697->697
[2026-07-18T17:20:11.028+0000][info][gc,heap     ] GC(157) Humongous regions: 30->30
[2026-07-18T17:20:11.028+0000][info][gc,metaspace] GC(157) Metaspace: 398K(576K)->398K(576K) NonClass: 368K(448K)->368K(448K) Class: 29K(128K)->29K(128K)
[2026-07-18T17:20:11.028+0000][info][gc          ] GC(157) Pause Young (Concurrent Start) (G1 Evacuation Pause) 1424M->726M(1500M) 1.225ms
[2026-07-18T17:20:11.028+0000][info][gc,cpu      ] GC(157) User=0.00s Sys=0.00s Real=0.00s
[2026-07-18T17:20:11.028+0000][info][gc          ] GC(158) Concurrent Mark Cycle
[2026-07-18T17:20:11.032+0000][info][gc,marking  ] GC(158) Concurrent Scan Root Regions
[2026-07-18T17:20:11.032+0000][info][gc,marking  ] GC(158) Concurrent Scan Root Regions 0.071ms
[2026-07-18T17:20:11.032+0000][info][gc,marking  ] GC(158) Concurrent Mark
[2026-07-18T17:20:11.032+0000][info][gc,marking  ] GC(158) Concurrent Mark From Roots
[2026-07-18T17:20:11.032+0000][info][gc,task     ] GC(158) Using 1 workers of 1 for marking
[2026-07-18T17:20:11.111+0000][info][gc,marking  ] GC(158) Concurrent Mark From Roots 78.772ms
[2026-07-18T17:20:11.111+0000][info][gc,marking  ] GC(158) Concurrent Preclean
[2026-07-18T17:20:11.111+0000][info][gc,marking  ] GC(158) Concurrent Preclean 0.053ms
[2026-07-18T17:20:11.112+0000][info][gc,start    ] GC(158) Pause Remark
[2026-07-18T17:20:11.112+0000][info][gc          ] GC(158) Pause Remark 1120M->1120M(1500M) 0.465ms
[2026-07-18T17:20:11.113+0000][info][gc,cpu      ] GC(158) User=0.00s Sys=0.00s Real=0.00s
[2026-07-18T17:20:11.113+0000][info][gc,marking  ] GC(158) Concurrent Mark 80.657ms
[2026-07-18T17:20:11.116+0000][info][gc,marking  ] GC(158) Concurrent Rebuild Remembered Sets and Scrub Regions
[2026-07-18T17:20:11.148+0000][info][gc,marking  ] GC(158) Concurrent Rebuild Remembered Sets and Scrub Regions 32.025ms
[2026-07-18T17:20:11.148+0000][info][gc,marking  ] GC(158) Concurrent Mark Abort
[2026-07-18T17:20:11.148+0000][info][gc          ] GC(158) Concurrent Mark Cycle 119.640ms
[2026-07-18T17:20:11.148+0000][info][gc,heap,exit] Heap
[2026-07-18T17:20:11.148+0000][info][gc,heap,exit]  garbage-first heap   total 1536000K, used 1148342K [0x00000000a2400000, 0x0000000100000000)
[2026-07-18T17:20:11.148+0000][info][gc,heap,exit]   region size 1024K, 379 young (388096K), 0 survivors (0K)
[2026-07-18T17:20:11.148+0000][info][gc,heap,exit]  Metaspace       used 774K, committed 896K, reserved 1114112K
[2026-07-18T17:20:11.148+0000][info][gc,heap,exit]   class space    used 60K, committed 128K, reserved 1048576K
