[2026-07-18T16:59:32.827+0000][info][gc,init] CardTable entry size: 512
[2026-07-18T16:59:32.828+0000][info][gc     ] Using G1
[2026-07-18T16:59:32.833+0000][info][gc,init] Version: 21.0.11+10-LTS (release)
[2026-07-18T16:59:32.833+0000][info][gc,init] CPUs: 10 total, 4 available
[2026-07-18T16:59:32.833+0000][info][gc,init] Memory: 3072M
[2026-07-18T16:59:32.833+0000][info][gc,init] Large Page Support: Disabled
[2026-07-18T16:59:32.833+0000][info][gc,init] NUMA Support: Disabled
[2026-07-18T16:59:32.833+0000][info][gc,init] Compressed Oops: Enabled (32-bit)
[2026-07-18T16:59:32.833+0000][info][gc,init] Heap Region Size: 1M
[2026-07-18T16:59:32.833+0000][info][gc,init] Heap Min Capacity: 1500M
[2026-07-18T16:59:32.833+0000][info][gc,init] Heap Initial Capacity: 1500M
[2026-07-18T16:59:32.834+0000][info][gc,init] Heap Max Capacity: 1500M
[2026-07-18T16:59:32.834+0000][info][gc,init] Pre-touch: Disabled
[2026-07-18T16:59:32.834+0000][info][gc,init] Parallel Workers: 4
[2026-07-18T16:59:32.834+0000][info][gc,init] Concurrent Workers: 1
[2026-07-18T16:59:32.834+0000][info][gc,init] Concurrent Refinement Workers: 4
[2026-07-18T16:59:32.834+0000][info][gc,init] Periodic GC: Disabled
[2026-07-18T16:59:32.841+0000][info][gc,metaspace] CDS archive(s) mapped at: [0x0000008800000000-0x0000008800cb0000-0x0000008800cb0000), size 13303808, SharedBaseAddress: 0x0000008800000000, ArchiveRelocationMode: 1.
[2026-07-18T16:59:32.841+0000][info][gc,metaspace] Compressed class space mapped at: 0x0000008801000000-0x0000008841000000, reserved size: 1073741824
[2026-07-18T16:59:32.841+0000][info][gc,metaspace] Narrow klass base: 0x0000008800000000, Narrow klass shift: 0, Narrow klass range: 0x100000000
[2026-07-18T16:59:32.917+0000][info][gc,start    ] GC(0) Pause Young (Normal) (G1 Evacuation Pause)
[2026-07-18T16:59:32.918+0000][info][gc,task     ] GC(0) Using 4 workers of 4 for evacuation
[2026-07-18T16:59:32.936+0000][info][gc,phases   ] GC(0)   Pre Evacuate Collection Set: 0.17ms
[2026-07-18T16:59:32.936+0000][info][gc,phases   ] GC(0)   Merge Heap Roots: 0.04ms
[2026-07-18T16:59:32.936+0000][info][gc,phases   ] GC(0)   Evacuate Collection Set: 17.09ms
[2026-07-18T16:59:32.936+0000][info][gc,phases   ] GC(0)   Post Evacuate Collection Set: 0.23ms
[2026-07-18T16:59:32.936+0000][info][gc,phases   ] GC(0)   Other: 1.24ms
[2026-07-18T16:59:32.936+0000][info][gc,heap     ] GC(0) Eden regions: 75->0(65)
[2026-07-18T16:59:32.936+0000][info][gc,heap     ] GC(0) Survivor regions: 0->10(10)
[2026-07-18T16:59:32.936+0000][info][gc,heap     ] GC(0) Old regions: 2->67
[2026-07-18T16:59:32.936+0000][info][gc,heap     ] GC(0) Humongous regions: 33->33
[2026-07-18T16:59:32.936+0000][info][gc,metaspace] GC(0) Metaspace: 406K(576K)->406K(576K) NonClass: 376K(448K)->376K(448K) Class: 29K(128K)->29K(128K)
[2026-07-18T16:59:32.937+0000][info][gc          ] GC(0) Pause Young (Normal) (G1 Evacuation Pause) 109M->108M(1500M) 19.338ms
[2026-07-18T16:59:32.937+0000][info][gc,cpu      ] GC(0) User=0.03s Sys=0.04s Real=0.02s
[2026-07-18T16:59:32.950+0000][info][gc,start    ] GC(1) Pause Young (Normal) (G1 Evacuation Pause)
[2026-07-18T16:59:32.950+0000][info][gc,task     ] GC(1) Using 4 workers of 4 for evacuation
[2026-07-18T16:59:32.968+0000][info][gc,phases   ] GC(1)   Pre Evacuate Collection Set: 0.13ms
[2026-07-18T16:59:32.968+0000][info][gc,phases   ] GC(1)   Merge Heap Roots: 0.04ms
[2026-07-18T16:59:32.968+0000][info][gc,phases   ] GC(1)   Evacuate Collection Set: 17.77ms
[2026-07-18T16:59:32.968+0000][info][gc,phases   ] GC(1)   Post Evacuate Collection Set: 0.23ms
[2026-07-18T16:59:32.968+0000][info][gc,phases   ] GC(1)   Other: 0.08ms
[2026-07-18T16:59:32.968+0000][info][gc,heap     ] GC(1) Eden regions: 65->0(65)
[2026-07-18T16:59:32.968+0000][info][gc,heap     ] GC(1) Survivor regions: 10->10(10)
[2026-07-18T16:59:32.968+0000][info][gc,heap     ] GC(1) Old regions: 67->133
[2026-07-18T16:59:32.968+0000][info][gc,heap     ] GC(1) Humongous regions: 33->33
[2026-07-18T16:59:32.968+0000][info][gc,metaspace] GC(1) Metaspace: 406K(576K)->406K(576K) NonClass: 376K(448K)->376K(448K) Class: 29K(128K)->29K(128K)
[2026-07-18T16:59:32.968+0000][info][gc          ] GC(1) Pause Young (Normal) (G1 Evacuation Pause) 173M->175M(1500M) 18.839ms
[2026-07-18T16:59:32.968+0000][info][gc,cpu      ] GC(1) User=0.02s Sys=0.04s Real=0.02s
[2026-07-18T16:59:32.981+0000][info][gc,start    ] GC(2) Pause Young (Normal) (G1 Evacuation Pause)
[2026-07-18T16:59:32.981+0000][info][gc,task     ] GC(2) Using 4 workers of 4 for evacuation
[2026-07-18T16:59:33.022+0000][info][gc,phases   ] GC(2)   Pre Evacuate Collection Set: 0.17ms
[2026-07-18T16:59:33.022+0000][info][gc,phases   ] GC(2)   Merge Heap Roots: 0.04ms
[2026-07-18T16:59:33.022+0000][info][gc,phases   ] GC(2)   Evacuate Collection Set: 39.47ms
[2026-07-18T16:59:33.022+0000][info][gc,phases   ] GC(2)   Post Evacuate Collection Set: 0.55ms
[2026-07-18T16:59:33.022+0000][info][gc,phases   ] GC(2)   Other: 0.09ms
[2026-07-18T16:59:33.022+0000][info][gc,heap     ] GC(2) Eden regions: 65->0(65)
[2026-07-18T16:59:33.022+0000][info][gc,heap     ] GC(2) Survivor regions: 10->10(10)
[2026-07-18T16:59:33.022+0000][info][gc,heap     ] GC(2) Old regions: 133->200
[2026-07-18T16:59:33.022+0000][info][gc,heap     ] GC(2) Humongous regions: 33->33
[2026-07-18T16:59:33.022+0000][info][gc,metaspace] GC(2) Metaspace: 406K(576K)->406K(576K) NonClass: 376K(448K)->376K(448K) Class: 29K(128K)->29K(128K)
[2026-07-18T16:59:33.022+0000][info][gc          ] GC(2) Pause Young (Normal) (G1 Evacuation Pause) 240M->241M(1500M) 41.008ms
[2026-07-18T16:59:33.022+0000][info][gc,cpu      ] GC(2) User=0.08s Sys=0.09s Real=0.05s
[2026-07-18T16:59:33.036+0000][info][gc,start    ] GC(3) Pause Young (Normal) (G1 Evacuation Pause)
[2026-07-18T16:59:33.037+0000][info][gc,task     ] GC(3) Using 4 workers of 4 for evacuation
[2026-07-18T16:59:33.052+0000][info][gc,phases   ] GC(3)   Pre Evacuate Collection Set: 0.14ms
[2026-07-18T16:59:33.052+0000][info][gc,phases   ] GC(3)   Merge Heap Roots: 0.04ms
[2026-07-18T16:59:33.052+0000][info][gc,phases   ] GC(3)   Evacuate Collection Set: 15.10ms
[2026-07-18T16:59:33.052+0000][info][gc,phases   ] GC(3)   Post Evacuate Collection Set: 0.21ms
[2026-07-18T16:59:33.052+0000][info][gc,phases   ] GC(3)   Other: 0.08ms
[2026-07-18T16:59:33.052+0000][info][gc,heap     ] GC(3) Eden regions: 65->0(65)
[2026-07-18T16:59:33.052+0000][info][gc,heap     ] GC(3) Survivor regions: 10->10(10)
[2026-07-18T16:59:33.052+0000][info][gc,heap     ] GC(3) Old regions: 200->266
[2026-07-18T16:59:33.052+0000][info][gc,heap     ] GC(3) Humongous regions: 33->33
[2026-07-18T16:59:33.052+0000][info][gc,metaspace] GC(3) Metaspace: 406K(576K)->406K(576K) NonClass: 376K(448K)->376K(448K) Class: 29K(128K)->29K(128K)
[2026-07-18T16:59:33.053+0000][info][gc          ] GC(3) Pause Young (Normal) (G1 Evacuation Pause) 306M->308M(1500M) 16.068ms
[2026-07-18T16:59:33.053+0000][info][gc,cpu      ] GC(3) User=0.02s Sys=0.04s Real=0.02s
[2026-07-18T16:59:33.066+0000][info][gc,start    ] GC(4) Pause Young (Normal) (G1 Evacuation Pause)
[2026-07-18T16:59:33.066+0000][info][gc,task     ] GC(4) Using 4 workers of 4 for evacuation
[2026-07-18T16:59:33.081+0000][info][gc,phases   ] GC(4)   Pre Evacuate Collection Set: 0.16ms
[2026-07-18T16:59:33.081+0000][info][gc,phases   ] GC(4)   Merge Heap Roots: 0.13ms
[2026-07-18T16:59:33.082+0000][info][gc,phases   ] GC(4)   Evacuate Collection Set: 14.55ms
[2026-07-18T16:59:33.082+0000][info][gc,phases   ] GC(4)   Post Evacuate Collection Set: 0.48ms
[2026-07-18T16:59:33.082+0000][info][gc,phases   ] GC(4)   Other: 0.06ms
[2026-07-18T16:59:33.082+0000][info][gc,heap     ] GC(4) Eden regions: 65->0(65)
[2026-07-18T16:59:33.082+0000][info][gc,heap     ] GC(4) Survivor regions: 10->10(10)
[2026-07-18T16:59:33.082+0000][info][gc,heap     ] GC(4) Old regions: 266->333
[2026-07-18T16:59:33.082+0000][info][gc,heap     ] GC(4) Humongous regions: 33->33
[2026-07-18T16:59:33.082+0000][info][gc,metaspace] GC(4) Metaspace: 406K(576K)->406K(576K) NonClass: 376K(448K)->376K(448K) Class: 29K(128K)->29K(128K)
[2026-07-18T16:59:33.082+0000][info][gc          ] GC(4) Pause Young (Normal) (G1 Evacuation Pause) 373M->374M(1500M) 16.258ms
[2026-07-18T16:59:33.082+0000][info][gc,cpu      ] GC(4) User=0.03s Sys=0.03s Real=0.02s
[2026-07-18T16:59:33.095+0000][info][gc,start    ] GC(5) Pause Young (Normal) (G1 Evacuation Pause)
[2026-07-18T16:59:33.095+0000][info][gc,task     ] GC(5) Using 4 workers of 4 for evacuation
[2026-07-18T16:59:33.105+0000][info][gc,phases   ] GC(5)   Pre Evacuate Collection Set: 0.21ms
[2026-07-18T16:59:33.105+0000][info][gc,phases   ] GC(5)   Merge Heap Roots: 0.03ms
[2026-07-18T16:59:33.105+0000][info][gc,phases   ] GC(5)   Evacuate Collection Set: 9.01ms
[2026-07-18T16:59:33.105+0000][info][gc,phases   ] GC(5)   Post Evacuate Collection Set: 0.26ms
[2026-07-18T16:59:33.105+0000][info][gc,phases   ] GC(5)   Other: 0.06ms
[2026-07-18T16:59:33.105+0000][info][gc,heap     ] GC(5) Eden regions: 65->0(65)
[2026-07-18T16:59:33.105+0000][info][gc,heap     ] GC(5) Survivor regions: 10->10(10)
[2026-07-18T16:59:33.105+0000][info][gc,heap     ] GC(5) Old regions: 333->399
[2026-07-18T16:59:33.105+0000][info][gc,heap     ] GC(5) Humongous regions: 33->33
[2026-07-18T16:59:33.105+0000][info][gc,metaspace] GC(5) Metaspace: 406K(576K)->406K(576K) NonClass: 376K(448K)->376K(448K) Class: 29K(128K)->29K(128K)
[2026-07-18T16:59:33.105+0000][info][gc          ] GC(5) Pause Young (Normal) (G1 Evacuation Pause) 439M->440M(1500M) 10.323ms
[2026-07-18T16:59:33.105+0000][info][gc,cpu      ] GC(5) User=0.02s Sys=0.01s Real=0.01s
[2026-07-18T16:59:33.118+0000][info][gc,start    ] GC(6) Pause Young (Normal) (G1 Evacuation Pause)
[2026-07-18T16:59:33.118+0000][info][gc,task     ] GC(6) Using 4 workers of 4 for evacuation
[2026-07-18T16:59:33.127+0000][info][gc,phases   ] GC(6)   Pre Evacuate Collection Set: 0.16ms
[2026-07-18T16:59:33.127+0000][info][gc,phases   ] GC(6)   Merge Heap Roots: 0.06ms
[2026-07-18T16:59:33.127+0000][info][gc,phases   ] GC(6)   Evacuate Collection Set: 8.14ms
[2026-07-18T16:59:33.127+0000][info][gc,phases   ] GC(6)   Post Evacuate Collection Set: 0.29ms
[2026-07-18T16:59:33.127+0000][info][gc,phases   ] GC(6)   Other: 0.07ms
[2026-07-18T16:59:33.127+0000][info][gc,heap     ] GC(6) Eden regions: 65->0(65)
[2026-07-18T16:59:33.127+0000][info][gc,heap     ] GC(6) Survivor regions: 10->10(10)
[2026-07-18T16:59:33.127+0000][info][gc,heap     ] GC(6) Old regions: 399->465
[2026-07-18T16:59:33.127+0000][info][gc,heap     ] GC(6) Humongous regions: 33->33
[2026-07-18T16:59:33.127+0000][info][gc,metaspace] GC(6) Metaspace: 406K(576K)->406K(576K) NonClass: 376K(448K)->376K(448K) Class: 29K(128K)->29K(128K)
[2026-07-18T16:59:33.127+0000][info][gc          ] GC(6) Pause Young (Normal) (G1 Evacuation Pause) 505M->506M(1500M) 9.204ms
[2026-07-18T16:59:33.128+0000][info][gc,cpu      ] GC(6) User=0.02s Sys=0.02s Real=0.01s
[2026-07-18T16:59:33.141+0000][info][gc,start    ] GC(7) Pause Young (Normal) (G1 Evacuation Pause)
[2026-07-18T16:59:33.141+0000][info][gc,task     ] GC(7) Using 4 workers of 4 for evacuation
[2026-07-18T16:59:33.149+0000][info][gc,phases   ] GC(7)   Pre Evacuate Collection Set: 0.15ms
[2026-07-18T16:59:33.149+0000][info][gc,phases   ] GC(7)   Merge Heap Roots: 0.05ms
[2026-07-18T16:59:33.150+0000][info][gc,phases   ] GC(7)   Evacuate Collection Set: 8.19ms
[2026-07-18T16:59:33.150+0000][info][gc,phases   ] GC(7)   Post Evacuate Collection Set: 0.27ms
[2026-07-18T16:59:33.150+0000][info][gc,phases   ] GC(7)   Other: 0.07ms
[2026-07-18T16:59:33.150+0000][info][gc,heap     ] GC(7) Eden regions: 65->0(65)
[2026-07-18T16:59:33.150+0000][info][gc,heap     ] GC(7) Survivor regions: 10->10(10)
[2026-07-18T16:59:33.150+0000][info][gc,heap     ] GC(7) Old regions: 465->531
[2026-07-18T16:59:33.150+0000][info][gc,heap     ] GC(7) Humongous regions: 33->33
[2026-07-18T16:59:33.150+0000][info][gc,metaspace] GC(7) Metaspace: 406K(576K)->406K(576K) NonClass: 376K(448K)->376K(448K) Class: 29K(128K)->29K(128K)
[2026-07-18T16:59:33.150+0000][info][gc          ] GC(7) Pause Young (Normal) (G1 Evacuation Pause) 571M->572M(1500M) 9.157ms
[2026-07-18T16:59:33.150+0000][info][gc,cpu      ] GC(7) User=0.02s Sys=0.01s Real=0.01s
[2026-07-18T16:59:33.163+0000][info][gc,start    ] GC(8) Pause Young (Normal) (G1 Evacuation Pause)
[2026-07-18T16:59:33.163+0000][info][gc,task     ] GC(8) Using 4 workers of 4 for evacuation
[2026-07-18T16:59:33.172+0000][info][gc,phases   ] GC(8)   Pre Evacuate Collection Set: 0.22ms
[2026-07-18T16:59:33.172+0000][info][gc,phases   ] GC(8)   Merge Heap Roots: 0.05ms
[2026-07-18T16:59:33.172+0000][info][gc,phases   ] GC(8)   Evacuate Collection Set: 8.28ms
[2026-07-18T16:59:33.172+0000][info][gc,phases   ] GC(8)   Post Evacuate Collection Set: 0.19ms
[2026-07-18T16:59:33.172+0000][info][gc,phases   ] GC(8)   Other: 0.06ms
[2026-07-18T16:59:33.172+0000][info][gc,heap     ] GC(8) Eden regions: 65->0(73)
[2026-07-18T16:59:33.172+0000][info][gc,heap     ] GC(8) Survivor regions: 10->10(10)
[2026-07-18T16:59:33.172+0000][info][gc,heap     ] GC(8) Old regions: 531->597
[2026-07-18T16:59:33.172+0000][info][gc,heap     ] GC(8) Humongous regions: 33->33
[2026-07-18T16:59:33.172+0000][info][gc,metaspace] GC(8) Metaspace: 406K(576K)->406K(576K) NonClass: 376K(448K)->376K(448K) Class: 29K(128K)->29K(128K)
[2026-07-18T16:59:33.172+0000][info][gc          ] GC(8) Pause Young (Normal) (G1 Evacuation Pause) 637M->638M(1500M) 9.506ms
[2026-07-18T16:59:33.172+0000][info][gc,cpu      ] GC(8) User=0.02s Sys=0.01s Real=0.01s
[2026-07-18T16:59:33.186+0000][info][gc,start    ] GC(9) Pause Young (Normal) (G1 Evacuation Pause)
[2026-07-18T16:59:33.186+0000][info][gc,task     ] GC(9) Using 4 workers of 4 for evacuation
[2026-07-18T16:59:33.197+0000][info][gc,phases   ] GC(9)   Pre Evacuate Collection Set: 0.26ms
[2026-07-18T16:59:33.198+0000][info][gc,phases   ] GC(9)   Merge Heap Roots: 0.07ms
[2026-07-18T16:59:33.198+0000][info][gc,phases   ] GC(9)   Evacuate Collection Set: 10.66ms
[2026-07-18T16:59:33.198+0000][info][gc,phases   ] GC(9)   Post Evacuate Collection Set: 0.17ms
[2026-07-18T16:59:33.198+0000][info][gc,phases   ] GC(9)   Other: 0.09ms
[2026-07-18T16:59:33.198+0000][info][gc,heap     ] GC(9) Eden regions: 74->0(93)
[2026-07-18T16:59:33.198+0000][info][gc,heap     ] GC(9) Survivor regions: 10->11(11)
[2026-07-18T16:59:33.198+0000][info][gc,heap     ] GC(9) Old regions: 597->671
[2026-07-18T16:59:33.198+0000][info][gc,heap     ] GC(9) Humongous regions: 33->33
[2026-07-18T16:59:33.198+0000][info][gc,metaspace] GC(9) Metaspace: 406K(576K)->406K(576K) NonClass: 376K(448K)->376K(448K) Class: 29K(128K)->29K(128K)
[2026-07-18T16:59:33.198+0000][info][gc          ] GC(9) Pause Young (Normal) (G1 Evacuation Pause) 712M->713M(1500M) 11.835ms
[2026-07-18T16:59:33.198+0000][info][gc,cpu      ] GC(9) User=0.04s Sys=0.01s Real=0.01s
[2026-07-18T16:59:33.219+0000][info][gc,start    ] GC(10) Pause Young (Concurrent Start) (G1 Evacuation Pause)
[2026-07-18T16:59:33.219+0000][info][gc,task     ] GC(10) Using 4 workers of 4 for evacuation
[2026-07-18T16:59:33.233+0000][info][gc,phases   ] GC(10)   Pre Evacuate Collection Set: 0.21ms
[2026-07-18T16:59:33.233+0000][info][gc,phases   ] GC(10)   Merge Heap Roots: 0.06ms
[2026-07-18T16:59:33.233+0000][info][gc,phases   ] GC(10)   Evacuate Collection Set: 13.07ms
[2026-07-18T16:59:33.233+0000][info][gc,phases   ] GC(10)   Post Evacuate Collection Set: 0.39ms
[2026-07-18T16:59:33.233+0000][info][gc,phases   ] GC(10)   Other: 0.10ms
[2026-07-18T16:59:33.233+0000][info][gc,heap     ] GC(10) Eden regions: 94->0(116)
[2026-07-18T16:59:33.233+0000][info][gc,heap     ] GC(10) Survivor regions: 11->14(14)
[2026-07-18T16:59:33.233+0000][info][gc,heap     ] GC(10) Old regions: 671->763
[2026-07-18T16:59:33.233+0000][info][gc,heap     ] GC(10) Humongous regions: 33->33
[2026-07-18T16:59:33.233+0000][info][gc,metaspace] GC(10) Metaspace: 406K(576K)->406K(576K) NonClass: 376K(448K)->376K(448K) Class: 29K(128K)->29K(128K)
[2026-07-18T16:59:33.233+0000][info][gc          ] GC(10) Pause Young (Concurrent Start) (G1 Evacuation Pause) 807M->808M(1500M) 14.636ms
[2026-07-18T16:59:33.233+0000][info][gc,cpu      ] GC(10) User=0.04s Sys=0.01s Real=0.02s
[2026-07-18T16:59:33.233+0000][info][gc          ] GC(11) Concurrent Mark Cycle
[2026-07-18T16:59:33.237+0000][info][gc,marking  ] GC(11) Concurrent Scan Root Regions
[2026-07-18T16:59:33.245+0000][info][gc,marking  ] GC(11) Concurrent Scan Root Regions 7.846ms
[2026-07-18T16:59:33.245+0000][info][gc,marking  ] GC(11) Concurrent Mark
[2026-07-18T16:59:33.245+0000][info][gc,marking  ] GC(11) Concurrent Mark From Roots
[2026-07-18T16:59:33.245+0000][info][gc,task     ] GC(11) Using 1 workers of 1 for marking
[2026-07-18T16:59:33.257+0000][info][gc,start    ] GC(12) Pause Young (Normal) (G1 Evacuation Pause)
[2026-07-18T16:59:33.257+0000][info][gc,task     ] GC(12) Using 4 workers of 4 for evacuation
[2026-07-18T16:59:33.274+0000][info][gc,phases   ] GC(12)   Pre Evacuate Collection Set: 0.15ms
[2026-07-18T16:59:33.274+0000][info][gc,phases   ] GC(12)   Merge Heap Roots: 0.13ms
[2026-07-18T16:59:33.274+0000][info][gc,phases   ] GC(12)   Evacuate Collection Set: 16.08ms
[2026-07-18T16:59:33.274+0000][info][gc,phases   ] GC(12)   Post Evacuate Collection Set: 0.38ms
[2026-07-18T16:59:33.274+0000][info][gc,phases   ] GC(12)   Other: 0.07ms
[2026-07-18T16:59:33.274+0000][info][gc,heap     ] GC(12) Eden regions: 117->0(140)
[2026-07-18T16:59:33.274+0000][info][gc,heap     ] GC(12) Survivor regions: 14->17(17)
[2026-07-18T16:59:33.274+0000][info][gc,heap     ] GC(12) Old regions: 763->878
[2026-07-18T16:59:33.274+0000][info][gc,heap     ] GC(12) Humongous regions: 33->33
[2026-07-18T16:59:33.274+0000][info][gc,metaspace] GC(12) Metaspace: 406K(576K)->406K(576K) NonClass: 376K(448K)->376K(448K) Class: 29K(128K)->29K(128K)
[2026-07-18T16:59:33.274+0000][info][gc          ] GC(12) Pause Young (Normal) (G1 Evacuation Pause) 925M->926M(1500M) 17.452ms
[2026-07-18T16:59:33.274+0000][info][gc,cpu      ] GC(12) User=0.04s Sys=0.02s Real=0.02s
[2026-07-18T16:59:33.321+0000][info][gc,start    ] GC(13) Pause Young (Normal) (G1 Evacuation Pause)
[2026-07-18T16:59:33.321+0000][info][gc,task     ] GC(13) Using 4 workers of 4 for evacuation
[2026-07-18T16:59:33.324+0000][info][gc,phases   ] GC(13)   Pre Evacuate Collection Set: 0.17ms
[2026-07-18T16:59:33.325+0000][info][gc,phases   ] GC(13)   Merge Heap Roots: 0.03ms
[2026-07-18T16:59:33.325+0000][info][gc,phases   ] GC(13)   Evacuate Collection Set: 2.85ms
[2026-07-18T16:59:33.325+0000][info][gc,phases   ] GC(13)   Post Evacuate Collection Set: 0.20ms
[2026-07-18T16:59:33.325+0000][info][gc,phases   ] GC(13)   Other: 0.05ms
[2026-07-18T16:59:33.325+0000][info][gc,heap     ] GC(13) Eden regions: 142->0(188)
[2026-07-18T16:59:33.325+0000][info][gc,heap     ] GC(13) Survivor regions: 17->6(20)
[2026-07-18T16:59:33.325+0000][info][gc,heap     ] GC(13) Old regions: 878->896
[2026-07-18T16:59:33.325+0000][info][gc,heap     ] GC(13) Humongous regions: 49->49
[2026-07-18T16:59:33.325+0000][info][gc,metaspace] GC(13) Metaspace: 409K(576K)->409K(576K) NonClass: 379K(448K)->379K(448K) Class: 29K(128K)->29K(128K)
[2026-07-18T16:59:33.325+0000][info][gc          ] GC(13) Pause Young (Normal) (G1 Evacuation Pause) 1084M->949M(1500M) 3.777ms
[2026-07-18T16:59:33.325+0000][info][gc,cpu      ] GC(13) User=0.00s Sys=0.00s Real=0.01s
[2026-07-18T16:59:33.371+0000][info][gc,start    ] GC(14) Pause Young (Normal) (G1 Evacuation Pause)
[2026-07-18T16:59:33.371+0000][info][gc,task     ] GC(14) Using 4 workers of 4 for evacuation
[2026-07-18T16:59:33.372+0000][info][gc,phases   ] GC(14)   Pre Evacuate Collection Set: 0.12ms
[2026-07-18T16:59:33.372+0000][info][gc,phases   ] GC(14)   Merge Heap Roots: 0.04ms
[2026-07-18T16:59:33.372+0000][info][gc,phases   ] GC(14)   Evacuate Collection Set: 0.85ms
[2026-07-18T16:59:33.372+0000][info][gc,phases   ] GC(14)   Post Evacuate Collection Set: 0.20ms
[2026-07-18T16:59:33.372+0000][info][gc,phases   ] GC(14)   Other: 0.07ms
[2026-07-18T16:59:33.373+0000][info][gc,heap     ] GC(14) Eden regions: 188->0(348)
[2026-07-18T16:59:33.373+0000][info][gc,heap     ] GC(14) Survivor regions: 6->6(25)
[2026-07-18T16:59:33.373+0000][info][gc,heap     ] GC(14) Old regions: 896->896
[2026-07-18T16:59:33.373+0000][info][gc,heap     ] GC(14) Humongous regions: 49->49
[2026-07-18T16:59:33.373+0000][info][gc,metaspace] GC(14) Metaspace: 409K(576K)->409K(576K) NonClass: 379K(448K)->379K(448K) Class: 29K(128K)->29K(128K)
[2026-07-18T16:59:33.373+0000][info][gc          ] GC(14) Pause Young (Normal) (G1 Evacuation Pause) 1137M->948M(1500M) 1.835ms
[2026-07-18T16:59:33.373+0000][info][gc,cpu      ] GC(14) User=0.01s Sys=0.00s Real=0.01s
[2026-07-18T16:59:33.400+0000][info][gc,marking  ] GC(11) Concurrent Mark From Roots 154.852ms
[2026-07-18T16:59:33.401+0000][info][gc,marking  ] GC(11) Concurrent Preclean
[2026-07-18T16:59:33.401+0000][info][gc,marking  ] GC(11) Concurrent Preclean 0.053ms
[2026-07-18T16:59:33.402+0000][info][gc,start    ] GC(11) Pause Remark
[2026-07-18T16:59:33.403+0000][info][gc          ] GC(11) Pause Remark 1088M->1088M(1500M) 0.520ms
[2026-07-18T16:59:33.403+0000][info][gc,cpu      ] GC(11) User=0.00s Sys=0.00s Real=0.00s
[2026-07-18T16:59:33.403+0000][info][gc,marking  ] GC(11) Concurrent Mark 157.671ms
[2026-07-18T16:59:33.406+0000][info][gc,marking  ] GC(11) Concurrent Rebuild Remembered Sets and Scrub Regions
[2026-07-18T16:59:33.482+0000][info][gc,start    ] GC(15) Pause Young (Normal) (G1 Evacuation Pause)
[2026-07-18T16:59:33.482+0000][info][gc,task     ] GC(15) Using 4 workers of 4 for evacuation
[2026-07-18T16:59:33.484+0000][info][gc,phases   ] GC(15)   Pre Evacuate Collection Set: 0.15ms
[2026-07-18T16:59:33.484+0000][info][gc,phases   ] GC(15)   Merge Heap Roots: 0.04ms
[2026-07-18T16:59:33.484+0000][info][gc,phases   ] GC(15)   Evacuate Collection Set: 1.84ms
[2026-07-18T16:59:33.484+0000][info][gc,phases   ] GC(15)   Post Evacuate Collection Set: 0.27ms
[2026-07-18T16:59:33.484+0000][info][gc,phases   ] GC(15)   Other: 0.09ms
[2026-07-18T16:59:33.484+0000][info][gc,heap     ] GC(15) Eden regions: 348->0(392)
[2026-07-18T16:59:33.484+0000][info][gc,heap     ] GC(15) Survivor regions: 6->6(45)
[2026-07-18T16:59:33.484+0000][info][gc,heap     ] GC(15) Old regions: 896->896
[2026-07-18T16:59:33.484+0000][info][gc,heap     ] GC(15) Humongous regions: 49->49
[2026-07-18T16:59:33.484+0000][info][gc,metaspace] GC(15) Metaspace: 409K(576K)->409K(576K) NonClass: 379K(448K)->379K(448K) Class: 29K(128K)->29K(128K)
[2026-07-18T16:59:33.485+0000][info][gc          ] GC(15) Pause Young (Normal) (G1 Evacuation Pause) 1296M->948M(1500M) 2.885ms
[2026-07-18T16:59:33.485+0000][info][gc,cpu      ] GC(15) User=0.01s Sys=0.01s Real=0.01s
[2026-07-18T16:59:33.486+0000][info][gc,marking  ] GC(11) Concurrent Rebuild Remembered Sets and Scrub Regions 79.869ms
[2026-07-18T16:59:33.489+0000][info][gc,start    ] GC(11) Pause Cleanup
[2026-07-18T16:59:33.489+0000][info][gc          ] GC(11) Pause Cleanup 964M->964M(1500M) 0.216ms
[2026-07-18T16:59:33.489+0000][info][gc,cpu      ] GC(11) User=0.00s Sys=0.00s Real=0.00s
[2026-07-18T16:59:33.489+0000][info][gc,marking  ] GC(11) Concurrent Clear Claimed Marks
[2026-07-18T16:59:33.490+0000][info][gc,marking  ] GC(11) Concurrent Clear Claimed Marks 0.637ms
[2026-07-18T16:59:33.490+0000][info][gc,marking  ] GC(11) Concurrent Cleanup for Next Mark
[2026-07-18T16:59:33.496+0000][info][gc,marking  ] GC(11) Concurrent Cleanup for Next Mark 6.261ms
[2026-07-18T16:59:33.497+0000][info][gc          ] GC(11) Concurrent Mark Cycle 263.052ms
[2026-07-18T16:59:33.590+0000][info][gc,start    ] GC(16) Pause Young (Prepare Mixed) (G1 Evacuation Pause)
[2026-07-18T16:59:33.590+0000][info][gc,task     ] GC(16) Using 4 workers of 4 for evacuation
[2026-07-18T16:59:33.592+0000][info][gc,phases   ] GC(16)   Pre Evacuate Collection Set: 0.33ms
[2026-07-18T16:59:33.592+0000][info][gc,phases   ] GC(16)   Merge Heap Roots: 0.09ms
[2026-07-18T16:59:33.592+0000][info][gc,phases   ] GC(16)   Evacuate Collection Set: 1.29ms
[2026-07-18T16:59:33.593+0000][info][gc,phases   ] GC(16)   Post Evacuate Collection Set: 0.33ms
[2026-07-18T16:59:33.593+0000][info][gc,phases   ] GC(16)   Other: 0.09ms
[2026-07-18T16:59:33.593+0000][info][gc,heap     ] GC(16) Eden regions: 392->0(426)
[2026-07-18T16:59:33.593+0000][info][gc,heap     ] GC(16) Survivor regions: 6->6(50)
[2026-07-18T16:59:33.593+0000][info][gc,heap     ] GC(16) Old regions: 896->896
[2026-07-18T16:59:33.593+0000][info][gc,heap     ] GC(16) Humongous regions: 49->49
[2026-07-18T16:59:33.593+0000][info][gc,metaspace] GC(16) Metaspace: 409K(576K)->409K(576K) NonClass: 379K(448K)->379K(448K) Class: 29K(128K)->29K(128K)
[2026-07-18T16:59:33.593+0000][info][gc          ] GC(16) Pause Young (Prepare Mixed) (G1 Evacuation Pause) 1340M->948M(1500M) 2.771ms
[2026-07-18T16:59:33.593+0000][info][gc,cpu      ] GC(16) User=0.01s Sys=0.00s Real=0.01s
[2026-07-18T16:59:33.686+0000][info][gc,start    ] GC(17) Pause Young (Mixed) (G1 Evacuation Pause)
[2026-07-18T16:59:33.686+0000][info][gc,task     ] GC(17) Using 4 workers of 4 for evacuation
[2026-07-18T16:59:33.687+0000][info][gc,phases   ] GC(17)   Pre Evacuate Collection Set: 0.19ms
[2026-07-18T16:59:33.688+0000][info][gc,phases   ] GC(17)   Merge Heap Roots: 0.08ms
[2026-07-18T16:59:33.688+0000][info][gc,phases   ] GC(17)   Evacuate Collection Set: 0.83ms
[2026-07-18T16:59:33.688+0000][info][gc,phases   ] GC(17)   Post Evacuate Collection Set: 0.25ms
[2026-07-18T16:59:33.688+0000][info][gc,phases   ] GC(17)   Other: 0.08ms
[2026-07-18T16:59:33.688+0000][info][gc,heap     ] GC(17) Eden regions: 426->0(458)
[2026-07-18T16:59:33.688+0000][info][gc,heap     ] GC(17) Survivor regions: 6->5(54)
[2026-07-18T16:59:33.688+0000][info][gc,heap     ] GC(17) Old regions: 896->892
[2026-07-18T16:59:33.688+0000][info][gc,heap     ] GC(17) Humongous regions: 49->49
[2026-07-18T16:59:33.688+0000][info][gc,metaspace] GC(17) Metaspace: 409K(576K)->409K(576K) NonClass: 379K(448K)->379K(448K) Class: 29K(128K)->29K(128K)
[2026-07-18T16:59:33.688+0000][info][gc          ] GC(17) Pause Young (Mixed) (G1 Evacuation Pause) 1374M->945M(1500M) 1.864ms
[2026-07-18T16:59:33.688+0000][info][gc,cpu      ] GC(17) User=0.01s Sys=0.00s Real=0.00s
[2026-07-18T16:59:33.786+0000][info][gc,start    ] GC(18) Pause Young (Concurrent Start) (G1 Evacuation Pause)
[2026-07-18T16:59:33.786+0000][info][gc,task     ] GC(18) Using 4 workers of 4 for evacuation
[2026-07-18T16:59:33.787+0000][info][gc,phases   ] GC(18)   Pre Evacuate Collection Set: 0.14ms
[2026-07-18T16:59:33.787+0000][info][gc,phases   ] GC(18)   Merge Heap Roots: 0.07ms
[2026-07-18T16:59:33.787+0000][info][gc,phases   ] GC(18)   Evacuate Collection Set: 0.91ms
[2026-07-18T16:59:33.787+0000][info][gc,phases   ] GC(18)   Post Evacuate Collection Set: 0.21ms
[2026-07-18T16:59:33.787+0000][info][gc,phases   ] GC(18)   Other: 0.11ms
[2026-07-18T16:59:33.787+0000][info][gc,heap     ] GC(18) Eden regions: 458->0(478)
[2026-07-18T16:59:33.787+0000][info][gc,heap     ] GC(18) Survivor regions: 5->5(58)
[2026-07-18T16:59:33.788+0000][info][gc,heap     ] GC(18) Old regions: 892->892
[2026-07-18T16:59:33.788+0000][info][gc,heap     ] GC(18) Humongous regions: 49->49
[2026-07-18T16:59:33.788+0000][info][gc,metaspace] GC(18) Metaspace: 409K(576K)->409K(576K) NonClass: 379K(448K)->379K(448K) Class: 29K(128K)->29K(128K)
[2026-07-18T16:59:33.788+0000][info][gc          ] GC(18) Pause Young (Concurrent Start) (G1 Evacuation Pause) 1403M->945M(1500M) 1.952ms
[2026-07-18T16:59:33.788+0000][info][gc,cpu      ] GC(18) User=0.00s Sys=0.00s Real=0.00s
[2026-07-18T16:59:33.788+0000][info][gc          ] GC(19) Concurrent Mark Cycle
[2026-07-18T16:59:33.788+0000][info][gc,marking  ] GC(19) Concurrent Scan Root Regions
[2026-07-18T16:59:33.788+0000][info][gc,marking  ] GC(19) Concurrent Scan Root Regions 0.416ms
[2026-07-18T16:59:33.788+0000][info][gc,marking  ] GC(19) Concurrent Mark
[2026-07-18T16:59:33.790+0000][info][gc,marking  ] GC(19) Concurrent Mark From Roots
[2026-07-18T16:59:33.790+0000][info][gc,task     ] GC(19) Using 1 workers of 1 for marking
[2026-07-18T16:59:33.890+0000][info][gc,start    ] GC(20) Pause Young (Normal) (G1 Evacuation Pause)
[2026-07-18T16:59:33.890+0000][info][gc,task     ] GC(20) Using 4 workers of 4 for evacuation
[2026-07-18T16:59:33.892+0000][info][gc,phases   ] GC(20)   Pre Evacuate Collection Set: 0.18ms
[2026-07-18T16:59:33.892+0000][info][gc,phases   ] GC(20)   Merge Heap Roots: 0.07ms
[2026-07-18T16:59:33.892+0000][info][gc,phases   ] GC(20)   Evacuate Collection Set: 0.99ms
[2026-07-18T16:59:33.892+0000][info][gc,phases   ] GC(20)   Post Evacuate Collection Set: 0.22ms
[2026-07-18T16:59:33.892+0000][info][gc,phases   ] GC(20)   Other: 0.07ms
[2026-07-18T16:59:33.892+0000][info][gc,heap     ] GC(20) Eden regions: 478->0(479)
[2026-07-18T16:59:33.892+0000][info][gc,heap     ] GC(20) Survivor regions: 5->5(61)
[2026-07-18T16:59:33.892+0000][info][gc,heap     ] GC(20) Old regions: 892->892
[2026-07-18T16:59:33.892+0000][info][gc,heap     ] GC(20) Humongous regions: 49->49
[2026-07-18T16:59:33.892+0000][info][gc,metaspace] GC(20) Metaspace: 409K(576K)->409K(576K) NonClass: 379K(448K)->379K(448K) Class: 29K(128K)->29K(128K)
[2026-07-18T16:59:33.892+0000][info][gc          ] GC(20) Pause Young (Normal) (G1 Evacuation Pause) 1423M->945M(1500M) 2.038ms
[2026-07-18T16:59:33.892+0000][info][gc,cpu      ] GC(20) User=0.00s Sys=0.00s Real=0.01s
[2026-07-18T16:59:33.955+0000][info][gc,marking  ] GC(19) Concurrent Mark From Roots 164.501ms
[2026-07-18T16:59:33.956+0000][info][gc,marking  ] GC(19) Concurrent Preclean
[2026-07-18T16:59:33.956+0000][info][gc,marking  ] GC(19) Concurrent Preclean 0.059ms
[2026-07-18T16:59:33.956+0000][info][gc,start    ] GC(19) Pause Remark
[2026-07-18T16:59:33.957+0000][info][gc          ] GC(19) Pause Remark 1255M->1255M(1500M) 0.664ms
[2026-07-18T16:59:33.957+0000][info][gc,cpu      ] GC(19) User=0.00s Sys=0.00s Real=0.00s
[2026-07-18T16:59:33.957+0000][info][gc,marking  ] GC(19) Concurrent Mark 168.430ms
[2026-07-18T16:59:33.960+0000][info][gc,marking  ] GC(19) Concurrent Rebuild Remembered Sets and Scrub Regions
[2026-07-18T16:59:33.991+0000][info][gc,start    ] GC(21) Pause Young (Normal) (G1 Evacuation Pause)
[2026-07-18T16:59:33.991+0000][info][gc,task     ] GC(21) Using 4 workers of 4 for evacuation
[2026-07-18T16:59:33.992+0000][info][gc,phases   ] GC(21)   Pre Evacuate Collection Set: 0.12ms
[2026-07-18T16:59:33.992+0000][info][gc,phases   ] GC(21)   Merge Heap Roots: 0.06ms
[2026-07-18T16:59:33.992+0000][info][gc,phases   ] GC(21)   Evacuate Collection Set: 0.46ms
[2026-07-18T16:59:33.992+0000][info][gc,phases   ] GC(21)   Post Evacuate Collection Set: 0.23ms
[2026-07-18T16:59:33.992+0000][info][gc,phases   ] GC(21)   Other: 0.06ms
[2026-07-18T16:59:33.992+0000][info][gc,heap     ] GC(21) Eden regions: 479->0(479)
[2026-07-18T16:59:33.992+0000][info][gc,heap     ] GC(21) Survivor regions: 5->5(61)
[2026-07-18T16:59:33.992+0000][info][gc,heap     ] GC(21) Old regions: 892->892
[2026-07-18T16:59:33.992+0000][info][gc,heap     ] GC(21) Humongous regions: 49->49
[2026-07-18T16:59:33.992+0000][info][gc,metaspace] GC(21) Metaspace: 409K(576K)->409K(576K) NonClass: 379K(448K)->379K(448K) Class: 29K(128K)->29K(128K)
[2026-07-18T16:59:33.992+0000][info][gc          ] GC(21) Pause Young (Normal) (G1 Evacuation Pause) 1424M->945M(1500M) 1.345ms
[2026-07-18T16:59:33.992+0000][info][gc,cpu      ] GC(21) User=0.00s Sys=0.00s Real=0.01s
[2026-07-18T16:59:34.034+0000][info][gc,marking  ] GC(19) Concurrent Rebuild Remembered Sets and Scrub Regions 74.526ms
[2026-07-18T16:59:34.035+0000][info][gc,start    ] GC(19) Pause Cleanup
[2026-07-18T16:59:34.035+0000][info][gc          ] GC(19) Pause Cleanup 1145M->1145M(1500M) 0.202ms
[2026-07-18T16:59:34.035+0000][info][gc,cpu      ] GC(19) User=0.00s Sys=0.00s Real=0.00s
[2026-07-18T16:59:34.035+0000][info][gc,marking  ] GC(19) Concurrent Clear Claimed Marks
[2026-07-18T16:59:34.035+0000][info][gc,marking  ] GC(19) Concurrent Clear Claimed Marks 0.040ms
[2026-07-18T16:59:34.035+0000][info][gc,marking  ] GC(19) Concurrent Cleanup for Next Mark
[2026-07-18T16:59:34.036+0000][info][gc,marking  ] GC(19) Concurrent Cleanup for Next Mark 0.685ms
[2026-07-18T16:59:34.036+0000][info][gc          ] GC(19) Concurrent Mark Cycle 248.384ms
[2026-07-18T16:59:34.092+0000][info][gc,start    ] GC(22) Pause Young (Prepare Mixed) (G1 Evacuation Pause)
[2026-07-18T16:59:34.092+0000][info][gc,task     ] GC(22) Using 4 workers of 4 for evacuation
[2026-07-18T16:59:34.093+0000][info][gc,phases   ] GC(22)   Pre Evacuate Collection Set: 0.20ms
[2026-07-18T16:59:34.093+0000][info][gc,phases   ] GC(22)   Merge Heap Roots: 0.06ms
[2026-07-18T16:59:34.093+0000][info][gc,phases   ] GC(22)   Evacuate Collection Set: 0.40ms
[2026-07-18T16:59:34.093+0000][info][gc,phases   ] GC(22)   Post Evacuate Collection Set: 0.22ms
[2026-07-18T16:59:34.093+0000][info][gc,phases   ] GC(22)   Other: 0.13ms
[2026-07-18T16:59:34.093+0000][info][gc,heap     ] GC(22) Eden regions: 479->0(479)
[2026-07-18T16:59:34.093+0000][info][gc,heap     ] GC(22) Survivor regions: 5->5(61)
[2026-07-18T16:59:34.093+0000][info][gc,heap     ] GC(22) Old regions: 892->892
[2026-07-18T16:59:34.093+0000][info][gc,heap     ] GC(22) Humongous regions: 49->49
[2026-07-18T16:59:34.093+0000][info][gc,metaspace] GC(22) Metaspace: 409K(576K)->409K(576K) NonClass: 379K(448K)->379K(448K) Class: 29K(128K)->29K(128K)
[2026-07-18T16:59:34.093+0000][info][gc          ] GC(22) Pause Young (Prepare Mixed) (G1 Evacuation Pause) 1424M->945M(1500M) 1.440ms
[2026-07-18T16:59:34.093+0000][info][gc,cpu      ] GC(22) User=0.01s Sys=0.00s Real=0.00s
[2026-07-18T16:59:34.172+0000][info][gc,start    ] GC(23) Pause Young (Mixed) (G1 Evacuation Pause)
[2026-07-18T16:59:34.172+0000][info][gc,task     ] GC(23) Using 4 workers of 4 for evacuation
[2026-07-18T16:59:34.173+0000][info][gc,phases   ] GC(23)   Pre Evacuate Collection Set: 0.14ms
[2026-07-18T16:59:34.173+0000][info][gc,phases   ] GC(23)   Merge Heap Roots: 0.06ms
[2026-07-18T16:59:34.173+0000][info][gc,phases   ] GC(23)   Evacuate Collection Set: 0.43ms
[2026-07-18T16:59:34.173+0000][info][gc,phases   ] GC(23)   Post Evacuate Collection Set: 0.21ms
[2026-07-18T16:59:34.173+0000][info][gc,phases   ] GC(23)   Other: 0.07ms
[2026-07-18T16:59:34.173+0000][info][gc,heap     ] GC(23) Eden regions: 479->0(482)
[2026-07-18T16:59:34.173+0000][info][gc,heap     ] GC(23) Survivor regions: 5->5(61)
[2026-07-18T16:59:34.173+0000][info][gc,heap     ] GC(23) Old regions: 892->889
[2026-07-18T16:59:34.173+0000][info][gc,heap     ] GC(23) Humongous regions: 49->49
[2026-07-18T16:59:34.173+0000][info][gc,metaspace] GC(23) Metaspace: 409K(576K)->409K(576K) NonClass: 379K(448K)->379K(448K) Class: 29K(128K)->29K(128K)
[2026-07-18T16:59:34.173+0000][info][gc          ] GC(23) Pause Young (Mixed) (G1 Evacuation Pause) 1424M->942M(1500M) 1.292ms
[2026-07-18T16:59:34.173+0000][info][gc,cpu      ] GC(23) User=0.00s Sys=0.01s Real=0.01s
[2026-07-18T16:59:34.249+0000][info][gc,start    ] GC(24) Pause Young (Concurrent Start) (G1 Evacuation Pause)
[2026-07-18T16:59:34.249+0000][info][gc,task     ] GC(24) Using 4 workers of 4 for evacuation
[2026-07-18T16:59:34.250+0000][info][gc,phases   ] GC(24)   Pre Evacuate Collection Set: 0.14ms
[2026-07-18T16:59:34.250+0000][info][gc,phases   ] GC(24)   Merge Heap Roots: 0.06ms
[2026-07-18T16:59:34.250+0000][info][gc,phases   ] GC(24)   Evacuate Collection Set: 0.83ms
[2026-07-18T16:59:34.250+0000][info][gc,phases   ] GC(24)   Post Evacuate Collection Set: 0.21ms
[2026-07-18T16:59:34.250+0000][info][gc,phases   ] GC(24)   Other: 0.10ms
[2026-07-18T16:59:34.250+0000][info][gc,heap     ] GC(24) Eden regions: 482->0(482)
[2026-07-18T16:59:34.250+0000][info][gc,heap     ] GC(24) Survivor regions: 5->5(61)
[2026-07-18T16:59:34.250+0000][info][gc,heap     ] GC(24) Old regions: 889->889
[2026-07-18T16:59:34.251+0000][info][gc,heap     ] GC(24) Humongous regions: 49->49
[2026-07-18T16:59:34.251+0000][info][gc,metaspace] GC(24) Metaspace: 409K(576K)->409K(576K) NonClass: 379K(448K)->379K(448K) Class: 29K(128K)->29K(128K)
[2026-07-18T16:59:34.251+0000][info][gc          ] GC(24) Pause Young (Concurrent Start) (G1 Evacuation Pause) 1424M->942M(1500M) 1.714ms
[2026-07-18T16:59:34.251+0000][info][gc,cpu      ] GC(24) User=0.00s Sys=0.00s Real=0.00s
[2026-07-18T16:59:34.251+0000][info][gc          ] GC(25) Concurrent Mark Cycle
[2026-07-18T16:59:34.254+0000][info][gc,marking  ] GC(25) Concurrent Scan Root Regions
[2026-07-18T16:59:34.254+0000][info][gc,marking  ] GC(25) Concurrent Scan Root Regions 0.453ms
[2026-07-18T16:59:34.254+0000][info][gc,marking  ] GC(25) Concurrent Mark
[2026-07-18T16:59:34.255+0000][info][gc,marking  ] GC(25) Concurrent Mark From Roots
[2026-07-18T16:59:34.255+0000][info][gc,task     ] GC(25) Using 1 workers of 1 for marking
[2026-07-18T16:59:34.336+0000][info][gc,start    ] GC(26) Pause Young (Normal) (G1 Evacuation Pause)
[2026-07-18T16:59:34.336+0000][info][gc,task     ] GC(26) Using 4 workers of 4 for evacuation
[2026-07-18T16:59:34.337+0000][info][gc,phases   ] GC(26)   Pre Evacuate Collection Set: 0.12ms
[2026-07-18T16:59:34.337+0000][info][gc,phases   ] GC(26)   Merge Heap Roots: 0.05ms
[2026-07-18T16:59:34.337+0000][info][gc,phases   ] GC(26)   Evacuate Collection Set: 0.38ms
[2026-07-18T16:59:34.337+0000][info][gc,phases   ] GC(26)   Post Evacuate Collection Set: 0.21ms
[2026-07-18T16:59:34.337+0000][info][gc,phases   ] GC(26)   Other: 0.07ms
[2026-07-18T16:59:34.337+0000][info][gc,heap     ] GC(26) Eden regions: 482->0(482)
[2026-07-18T16:59:34.337+0000][info][gc,heap     ] GC(26) Survivor regions: 5->5(61)
[2026-07-18T16:59:34.337+0000][info][gc,heap     ] GC(26) Old regions: 889->889
[2026-07-18T16:59:34.337+0000][info][gc,heap     ] GC(26) Humongous regions: 49->49
[2026-07-18T16:59:34.337+0000][info][gc,metaspace] GC(26) Metaspace: 409K(576K)->409K(576K) NonClass: 379K(448K)->379K(448K) Class: 29K(128K)->29K(128K)
[2026-07-18T16:59:34.337+0000][info][gc          ] GC(26) Pause Young (Normal) (G1 Evacuation Pause) 1424M->942M(1500M) 1.228ms
[2026-07-18T16:59:34.337+0000][info][gc,cpu      ] GC(26) User=0.00s Sys=0.00s Real=0.00s
[2026-07-18T16:59:34.423+0000][info][gc,marking  ] GC(25) Concurrent Mark From Roots 168.065ms
[2026-07-18T16:59:34.426+0000][info][gc,marking  ] GC(25) Concurrent Preclean
[2026-07-18T16:59:34.426+0000][info][gc,marking  ] GC(25) Concurrent Preclean 0.146ms
[2026-07-18T16:59:34.427+0000][info][gc,start    ] GC(25) Pause Remark
[2026-07-18T16:59:34.428+0000][info][gc          ] GC(25) Pause Remark 1362M->1362M(1500M) 0.825ms
[2026-07-18T16:59:34.428+0000][info][gc,cpu      ] GC(25) User=0.00s Sys=0.00s Real=0.00s
[2026-07-18T16:59:34.428+0000][info][gc,marking  ] GC(25) Concurrent Mark 173.580ms
[2026-07-18T16:59:34.432+0000][info][gc,marking  ] GC(25) Concurrent Rebuild Remembered Sets and Scrub Regions
[2026-07-18T16:59:34.442+0000][info][gc,start    ] GC(27) Pause Young (Normal) (G1 Evacuation Pause)
[2026-07-18T16:59:34.442+0000][info][gc,task     ] GC(27) Using 4 workers of 4 for evacuation
[2026-07-18T16:59:34.444+0000][info][gc,phases   ] GC(27)   Pre Evacuate Collection Set: 0.24ms
[2026-07-18T16:59:34.444+0000][info][gc,phases   ] GC(27)   Merge Heap Roots: 0.08ms
[2026-07-18T16:59:34.444+0000][info][gc,phases   ] GC(27)   Evacuate Collection Set: 0.96ms
[2026-07-18T16:59:34.444+0000][info][gc,phases   ] GC(27)   Post Evacuate Collection Set: 0.23ms
[2026-07-18T16:59:34.444+0000][info][gc,phases   ] GC(27)   Other: 0.12ms
[2026-07-18T16:59:34.444+0000][info][gc,heap     ] GC(27) Eden regions: 482->0(482)
[2026-07-18T16:59:34.444+0000][info][gc,heap     ] GC(27) Survivor regions: 5->5(61)
[2026-07-18T16:59:34.444+0000][info][gc,heap     ] GC(27) Old regions: 889->889
[2026-07-18T16:59:34.444+0000][info][gc,heap     ] GC(27) Humongous regions: 49->49
[2026-07-18T16:59:34.444+0000][info][gc,metaspace] GC(27) Metaspace: 409K(576K)->409K(576K) NonClass: 379K(448K)->379K(448K) Class: 29K(128K)->29K(128K)
[2026-07-18T16:59:34.444+0000][info][gc          ] GC(27) Pause Young (Normal) (G1 Evacuation Pause) 1424M->942M(1500M) 2.553ms
[2026-07-18T16:59:34.444+0000][info][gc,cpu      ] GC(27) User=0.01s Sys=0.00s Real=0.01s
[2026-07-18T16:59:34.518+0000][info][gc,marking  ] GC(25) Concurrent Rebuild Remembered Sets and Scrub Regions 85.887ms
[2026-07-18T16:59:34.521+0000][info][gc,start    ] GC(25) Pause Cleanup
[2026-07-18T16:59:34.521+0000][info][gc          ] GC(25) Pause Cleanup 1223M->1223M(1500M) 0.459ms
[2026-07-18T16:59:34.522+0000][info][gc,cpu      ] GC(25) User=0.00s Sys=0.00s Real=0.00s
[2026-07-18T16:59:34.522+0000][info][gc,marking  ] GC(25) Concurrent Clear Claimed Marks
[2026-07-18T16:59:34.525+0000][info][gc,marking  ] GC(25) Concurrent Clear Claimed Marks 3.218ms
[2026-07-18T16:59:34.525+0000][info][gc,marking  ] GC(25) Concurrent Cleanup for Next Mark
[2026-07-18T16:59:34.526+0000][info][gc,marking  ] GC(25) Concurrent Cleanup for Next Mark 0.878ms
[2026-07-18T16:59:34.526+0000][info][gc          ] GC(25) Concurrent Mark Cycle 275.521ms
[2026-07-18T16:59:34.575+0000][info][gc,start    ] GC(28) Pause Young (Prepare Mixed) (G1 Evacuation Pause)
[2026-07-18T16:59:34.576+0000][info][gc,task     ] GC(28) Using 4 workers of 4 for evacuation
[2026-07-18T16:59:34.578+0000][info][gc,phases   ] GC(28)   Pre Evacuate Collection Set: 0.29ms
[2026-07-18T16:59:34.578+0000][info][gc,phases   ] GC(28)   Merge Heap Roots: 0.10ms
[2026-07-18T16:59:34.578+0000][info][gc,phases   ] GC(28)   Evacuate Collection Set: 0.92ms
[2026-07-18T16:59:34.578+0000][info][gc,phases   ] GC(28)   Post Evacuate Collection Set: 0.43ms
[2026-07-18T16:59:34.578+0000][info][gc,phases   ] GC(28)   Other: 0.16ms
[2026-07-18T16:59:34.578+0000][info][gc,heap     ] GC(28) Eden regions: 482->0(481)
[2026-07-18T16:59:34.578+0000][info][gc,heap     ] GC(28) Survivor regions: 5->6(61)
[2026-07-18T16:59:34.578+0000][info][gc,heap     ] GC(28) Old regions: 889->889
[2026-07-18T16:59:34.579+0000][info][gc,heap     ] GC(28) Humongous regions: 49->49
[2026-07-18T16:59:34.579+0000][info][gc,metaspace] GC(28) Metaspace: 409K(576K)->409K(576K) NonClass: 379K(448K)->379K(448K) Class: 29K(128K)->29K(128K)
[2026-07-18T16:59:34.579+0000][info][gc          ] GC(28) Pause Young (Prepare Mixed) (G1 Evacuation Pause) 1424M->943M(1500M) 3.228ms
[2026-07-18T16:59:34.579+0000][info][gc,cpu      ] GC(28) User=0.00s Sys=0.00s Real=0.00s
[2026-07-18T16:59:34.820+0000][info][gc,start    ] GC(29) Pause Young (Mixed) (G1 Evacuation Pause)
[2026-07-18T16:59:34.820+0000][info][gc,task     ] GC(29) Using 4 workers of 4 for evacuation
[2026-07-18T16:59:34.823+0000][info][gc,phases   ] GC(29)   Pre Evacuate Collection Set: 0.40ms
[2026-07-18T16:59:34.823+0000][info][gc,phases   ] GC(29)   Merge Heap Roots: 0.11ms
[2026-07-18T16:59:34.823+0000][info][gc,phases   ] GC(29)   Evacuate Collection Set: 1.36ms
[2026-07-18T16:59:34.823+0000][info][gc,phases   ] GC(29)   Post Evacuate Collection Set: 0.59ms
[2026-07-18T16:59:34.823+0000][info][gc,phases   ] GC(29)   Other: 0.21ms
[2026-07-18T16:59:34.824+0000][info][gc,heap     ] GC(29) Eden regions: 481->0(484)
[2026-07-18T16:59:34.824+0000][info][gc,heap     ] GC(29) Survivor regions: 6->5(61)
[2026-07-18T16:59:34.824+0000][info][gc,heap     ] GC(29) Old regions: 889->887
[2026-07-18T16:59:34.824+0000][info][gc,heap     ] GC(29) Humongous regions: 49->49
[2026-07-18T16:59:34.824+0000][info][gc,metaspace] GC(29) Metaspace: 409K(576K)->409K(576K) NonClass: 379K(448K)->379K(448K) Class: 29K(128K)->29K(128K)
[2026-07-18T16:59:34.824+0000][info][gc          ] GC(29) Pause Young (Mixed) (G1 Evacuation Pause) 1424M->940M(1500M) 4.032ms
[2026-07-18T16:59:34.824+0000][info][gc,cpu      ] GC(29) User=0.00s Sys=0.00s Real=0.01s
[2026-07-18T16:59:34.971+0000][info][gc,start    ] GC(30) Pause Young (Concurrent Start) (G1 Evacuation Pause)
[2026-07-18T16:59:34.971+0000][info][gc,task     ] GC(30) Using 4 workers of 4 for evacuation
[2026-07-18T16:59:34.974+0000][info][gc,phases   ] GC(30)   Pre Evacuate Collection Set: 1.01ms
[2026-07-18T16:59:34.974+0000][info][gc,phases   ] GC(30)   Merge Heap Roots: 0.13ms
[2026-07-18T16:59:34.974+0000][info][gc,phases   ] GC(30)   Evacuate Collection Set: 1.07ms
[2026-07-18T16:59:34.974+0000][info][gc,phases   ] GC(30)   Post Evacuate Collection Set: 0.40ms
[2026-07-18T16:59:34.974+0000][info][gc,phases   ] GC(30)   Other: 0.27ms
[2026-07-18T16:59:34.974+0000][info][gc,heap     ] GC(30) Eden regions: 484->0(484)
[2026-07-18T16:59:34.974+0000][info][gc,heap     ] GC(30) Survivor regions: 5->0(62)
[2026-07-18T16:59:34.974+0000][info][gc,heap     ] GC(30) Old regions: 887->892
[2026-07-18T16:59:34.974+0000][info][gc,heap     ] GC(30) Humongous regions: 49->49
[2026-07-18T16:59:34.975+0000][info][gc,metaspace] GC(30) Metaspace: 409K(576K)->409K(576K) NonClass: 379K(448K)->379K(448K) Class: 29K(128K)->29K(128K)
[2026-07-18T16:59:34.975+0000][info][gc          ] GC(30) Pause Young (Concurrent Start) (G1 Evacuation Pause) 1424M->940M(1500M) 3.944ms
[2026-07-18T16:59:34.975+0000][info][gc,cpu      ] GC(30) User=0.00s Sys=0.00s Real=0.01s
[2026-07-18T16:59:34.975+0000][info][gc          ] GC(31) Concurrent Mark Cycle
[2026-07-18T16:59:34.976+0000][info][gc,marking  ] GC(31) Concurrent Scan Root Regions
[2026-07-18T16:59:34.976+0000][info][gc,marking  ] GC(31) Concurrent Scan Root Regions 0.465ms
[2026-07-18T16:59:34.976+0000][info][gc,marking  ] GC(31) Concurrent Mark
[2026-07-18T16:59:34.976+0000][info][gc,marking  ] GC(31) Concurrent Mark From Roots
[2026-07-18T16:59:34.977+0000][info][gc,task     ] GC(31) Using 1 workers of 1 for marking
[2026-07-18T16:59:35.112+0000][info][gc,start    ] GC(32) Pause Young (Normal) (G1 Evacuation Pause)
[2026-07-18T16:59:35.112+0000][info][gc,task     ] GC(32) Using 4 workers of 4 for evacuation
[2026-07-18T16:59:35.114+0000][info][gc,phases   ] GC(32)   Pre Evacuate Collection Set: 0.21ms
[2026-07-18T16:59:35.114+0000][info][gc,phases   ] GC(32)   Merge Heap Roots: 0.54ms
[2026-07-18T16:59:35.114+0000][info][gc,phases   ] GC(32)   Evacuate Collection Set: 0.17ms
[2026-07-18T16:59:35.114+0000][info][gc,phases   ] GC(32)   Post Evacuate Collection Set: 0.54ms
[2026-07-18T16:59:35.114+0000][info][gc,phases   ] GC(32)   Other: 0.08ms
[2026-07-18T16:59:35.114+0000][info][gc,heap     ] GC(32) Eden regions: 484->0(484)
[2026-07-18T16:59:35.115+0000][info][gc,heap     ] GC(32) Survivor regions: 0->0(61)
[2026-07-18T16:59:35.115+0000][info][gc,heap     ] GC(32) Old regions: 892->892
[2026-07-18T16:59:35.115+0000][info][gc,heap     ] GC(32) Humongous regions: 49->49
[2026-07-18T16:59:35.115+0000][info][gc,metaspace] GC(32) Metaspace: 409K(576K)->409K(576K) NonClass: 379K(448K)->379K(448K) Class: 29K(128K)->29K(128K)
[2026-07-18T16:59:35.115+0000][info][gc          ] GC(32) Pause Young (Normal) (G1 Evacuation Pause) 1424M->940M(1500M) 3.143ms
[2026-07-18T16:59:35.115+0000][info][gc,cpu      ] GC(32) User=0.00s Sys=0.00s Real=0.00s
[2026-07-18T16:59:35.163+0000][info][gc,marking  ] GC(31) Concurrent Mark From Roots 186.226ms
[2026-07-18T16:59:35.163+0000][info][gc,marking  ] GC(31) Concurrent Preclean
[2026-07-18T16:59:35.163+0000][info][gc,marking  ] GC(31) Concurrent Preclean 0.046ms
[2026-07-18T16:59:35.164+0000][info][gc,start    ] GC(31) Pause Remark
[2026-07-18T16:59:35.164+0000][info][gc          ] GC(31) Pause Remark 1143M->1143M(1500M) 0.474ms
[2026-07-18T16:59:35.164+0000][info][gc,cpu      ] GC(31) User=0.00s Sys=0.00s Real=0.00s
[2026-07-18T16:59:35.164+0000][info][gc,marking  ] GC(31) Concurrent Mark 188.159ms
[2026-07-18T16:59:35.165+0000][info][gc,marking  ] GC(31) Concurrent Rebuild Remembered Sets and Scrub Regions
[2026-07-18T16:59:35.237+0000][info][gc,start    ] GC(33) Pause Young (Normal) (G1 Evacuation Pause)
[2026-07-18T16:59:35.237+0000][info][gc,task     ] GC(33) Using 4 workers of 4 for evacuation
[2026-07-18T16:59:35.238+0000][info][gc,phases   ] GC(33)   Pre Evacuate Collection Set: 0.14ms
[2026-07-18T16:59:35.238+0000][info][gc,phases   ] GC(33)   Merge Heap Roots: 0.05ms
[2026-07-18T16:59:35.238+0000][info][gc,phases   ] GC(33)   Evacuate Collection Set: 0.11ms
[2026-07-18T16:59:35.238+0000][info][gc,phases   ] GC(33)   Post Evacuate Collection Set: 0.24ms
[2026-07-18T16:59:35.238+0000][info][gc,phases   ] GC(33)   Other: 0.07ms
[2026-07-18T16:59:35.238+0000][info][gc,heap     ] GC(33) Eden regions: 484->0(484)
[2026-07-18T16:59:35.238+0000][info][gc,heap     ] GC(33) Survivor regions: 0->0(61)
[2026-07-18T16:59:35.238+0000][info][gc,heap     ] GC(33) Old regions: 892->892
[2026-07-18T16:59:35.238+0000][info][gc,heap     ] GC(33) Humongous regions: 49->49
[2026-07-18T16:59:35.238+0000][info][gc,metaspace] GC(33) Metaspace: 409K(576K)->409K(576K) NonClass: 379K(448K)->379K(448K) Class: 29K(128K)->29K(128K)
[2026-07-18T16:59:35.239+0000][info][gc          ] GC(33) Pause Young (Normal) (G1 Evacuation Pause) 1424M->940M(1500M) 1.179ms
[2026-07-18T16:59:35.239+0000][info][gc,cpu      ] GC(33) User=0.00s Sys=0.00s Real=0.00s
[2026-07-18T16:59:35.240+0000][info][gc,marking  ] GC(31) Concurrent Rebuild Remembered Sets and Scrub Regions 75.759ms
[2026-07-18T16:59:35.243+0000][info][gc,start    ] GC(31) Pause Cleanup
[2026-07-18T16:59:35.243+0000][info][gc          ] GC(31) Pause Cleanup 955M->955M(1500M) 0.294ms
[2026-07-18T16:59:35.244+0000][info][gc,cpu      ] GC(31) User=0.00s Sys=0.00s Real=0.00s
[2026-07-18T16:59:35.244+0000][info][gc,marking  ] GC(31) Concurrent Clear Claimed Marks
[2026-07-18T16:59:35.246+0000][info][gc,marking  ] GC(31) Concurrent Clear Claimed Marks 2.019ms
[2026-07-18T16:59:35.246+0000][info][gc,marking  ] GC(31) Concurrent Cleanup for Next Mark
[2026-07-18T16:59:35.246+0000][info][gc,marking  ] GC(31) Concurrent Cleanup for Next Mark 0.833ms
[2026-07-18T16:59:35.247+0000][info][gc          ] GC(31) Concurrent Mark Cycle 271.825ms
[2026-07-18T16:59:35.345+0000][info][gc,start    ] GC(34) Pause Young (Prepare Mixed) (G1 Evacuation Pause)
[2026-07-18T16:59:35.345+0000][info][gc,task     ] GC(34) Using 4 workers of 4 for evacuation
[2026-07-18T16:59:35.345+0000][info][gc,phases   ] GC(34)   Pre Evacuate Collection Set: 0.12ms
[2026-07-18T16:59:35.345+0000][info][gc,phases   ] GC(34)   Merge Heap Roots: 0.04ms
[2026-07-18T16:59:35.345+0000][info][gc,phases   ] GC(34)   Evacuate Collection Set: 0.09ms
[2026-07-18T16:59:35.345+0000][info][gc,phases   ] GC(34)   Post Evacuate Collection Set: 0.23ms
[2026-07-18T16:59:35.345+0000][info][gc,phases   ] GC(34)   Other: 0.09ms
[2026-07-18T16:59:35.345+0000][info][gc,heap     ] GC(34) Eden regions: 484->0(484)
[2026-07-18T16:59:35.346+0000][info][gc,heap     ] GC(34) Survivor regions: 0->0(61)
[2026-07-18T16:59:35.346+0000][info][gc,heap     ] GC(34) Old regions: 892->892
[2026-07-18T16:59:35.346+0000][info][gc,heap     ] GC(34) Humongous regions: 49->49
[2026-07-18T16:59:35.346+0000][info][gc,metaspace] GC(34) Metaspace: 409K(576K)->409K(576K) NonClass: 379K(448K)->379K(448K) Class: 29K(128K)->29K(128K)
[2026-07-18T16:59:35.346+0000][info][gc          ] GC(34) Pause Young (Prepare Mixed) (G1 Evacuation Pause) 1424M->940M(1500M) 0.992ms
[2026-07-18T16:59:35.346+0000][info][gc,cpu      ] GC(34) User=0.00s Sys=0.00s Real=0.00s
[2026-07-18T16:59:35.446+0000][info][gc,start    ] GC(35) Pause Young (Mixed) (G1 Evacuation Pause)
[2026-07-18T16:59:35.447+0000][info][gc,task     ] GC(35) Using 4 workers of 4 for evacuation
[2026-07-18T16:59:35.447+0000][info][gc,phases   ] GC(35)   Pre Evacuate Collection Set: 0.18ms
[2026-07-18T16:59:35.447+0000][info][gc,phases   ] GC(35)   Merge Heap Roots: 0.04ms
[2026-07-18T16:59:35.447+0000][info][gc,phases   ] GC(35)   Evacuate Collection Set: 0.31ms
[2026-07-18T16:59:35.447+0000][info][gc,phases   ] GC(35)   Post Evacuate Collection Set: 0.20ms
[2026-07-18T16:59:35.447+0000][info][gc,phases   ] GC(35)   Other: 0.07ms
[2026-07-18T16:59:35.448+0000][info][gc,heap     ] GC(35) Eden regions: 484->0(485)
[2026-07-18T16:59:35.448+0000][info][gc,heap     ] GC(35) Survivor regions: 0->0(61)
[2026-07-18T16:59:35.448+0000][info][gc,heap     ] GC(35) Old regions: 892->891
[2026-07-18T16:59:35.448+0000][info][gc,heap     ] GC(35) Humongous regions: 49->49
[2026-07-18T16:59:35.448+0000][info][gc,metaspace] GC(35) Metaspace: 409K(576K)->409K(576K) NonClass: 379K(448K)->379K(448K) Class: 29K(128K)->29K(128K)
[2026-07-18T16:59:35.448+0000][info][gc          ] GC(35) Pause Young (Mixed) (G1 Evacuation Pause) 1424M->939M(1500M) 1.193ms
[2026-07-18T16:59:35.448+0000][info][gc,cpu      ] GC(35) User=0.00s Sys=0.00s Real=0.00s
[2026-07-18T16:59:35.536+0000][info][gc,start    ] GC(36) Pause Young (Concurrent Start) (G1 Evacuation Pause)
[2026-07-18T16:59:35.536+0000][info][gc,task     ] GC(36) Using 4 workers of 4 for evacuation
[2026-07-18T16:59:35.537+0000][info][gc,phases   ] GC(36)   Pre Evacuate Collection Set: 0.15ms
[2026-07-18T16:59:35.537+0000][info][gc,phases   ] GC(36)   Merge Heap Roots: 0.05ms
[2026-07-18T16:59:35.537+0000][info][gc,phases   ] GC(36)   Evacuate Collection Set: 0.11ms
[2026-07-18T16:59:35.537+0000][info][gc,phases   ] GC(36)   Post Evacuate Collection Set: 0.19ms
[2026-07-18T16:59:35.537+0000][info][gc,phases   ] GC(36)   Other: 0.11ms
[2026-07-18T16:59:35.537+0000][info][gc,heap     ] GC(36) Eden regions: 485->0(485)
[2026-07-18T16:59:35.537+0000][info][gc,heap     ] GC(36) Survivor regions: 0->0(61)
[2026-07-18T16:59:35.537+0000][info][gc,heap     ] GC(36) Old regions: 891->891
[2026-07-18T16:59:35.537+0000][info][gc,heap     ] GC(36) Humongous regions: 49->49
[2026-07-18T16:59:35.537+0000][info][gc,metaspace] GC(36) Metaspace: 409K(576K)->409K(576K) NonClass: 379K(448K)->379K(448K) Class: 29K(128K)->29K(128K)
[2026-07-18T16:59:35.537+0000][info][gc          ] GC(36) Pause Young (Concurrent Start) (G1 Evacuation Pause) 1424M->939M(1500M) 1.117ms
[2026-07-18T16:59:35.537+0000][info][gc,cpu      ] GC(36) User=0.00s Sys=0.00s Real=0.00s
[2026-07-18T16:59:35.537+0000][info][gc          ] GC(37) Concurrent Mark Cycle
[2026-07-18T16:59:35.541+0000][info][gc,marking  ] GC(37) Concurrent Scan Root Regions
[2026-07-18T16:59:35.541+0000][info][gc,marking  ] GC(37) Concurrent Scan Root Regions 0.061ms
[2026-07-18T16:59:35.541+0000][info][gc,marking  ] GC(37) Concurrent Mark
[2026-07-18T16:59:35.541+0000][info][gc,marking  ] GC(37) Concurrent Mark From Roots
[2026-07-18T16:59:35.541+0000][info][gc,task     ] GC(37) Using 1 workers of 1 for marking
[2026-07-18T16:59:35.648+0000][info][gc,start    ] GC(38) Pause Young (Normal) (G1 Evacuation Pause)
[2026-07-18T16:59:35.648+0000][info][gc,task     ] GC(38) Using 4 workers of 4 for evacuation
[2026-07-18T16:59:35.649+0000][info][gc,phases   ] GC(38)   Pre Evacuate Collection Set: 0.21ms
[2026-07-18T16:59:35.649+0000][info][gc,phases   ] GC(38)   Merge Heap Roots: 0.06ms
[2026-07-18T16:59:35.649+0000][info][gc,phases   ] GC(38)   Evacuate Collection Set: 0.19ms
[2026-07-18T16:59:35.649+0000][info][gc,phases   ] GC(38)   Post Evacuate Collection Set: 0.51ms
[2026-07-18T16:59:35.649+0000][info][gc,phases   ] GC(38)   Other: 0.10ms
[2026-07-18T16:59:35.649+0000][info][gc,heap     ] GC(38) Eden regions: 485->0(485)
[2026-07-18T16:59:35.649+0000][info][gc,heap     ] GC(38) Survivor regions: 0->0(61)
[2026-07-18T16:59:35.649+0000][info][gc,heap     ] GC(38) Old regions: 891->891
[2026-07-18T16:59:35.649+0000][info][gc,heap     ] GC(38) Humongous regions: 49->49
[2026-07-18T16:59:35.649+0000][info][gc,metaspace] GC(38) Metaspace: 409K(576K)->409K(576K) NonClass: 379K(448K)->379K(448K) Class: 29K(128K)->29K(128K)
[2026-07-18T16:59:35.649+0000][info][gc          ] GC(38) Pause Young (Normal) (G1 Evacuation Pause) 1424M->939M(1500M) 1.670ms
[2026-07-18T16:59:35.649+0000][info][gc,cpu      ] GC(38) User=0.00s Sys=0.00s Real=0.00s
[2026-07-18T16:59:35.721+0000][info][gc,marking  ] GC(37) Concurrent Mark From Roots 179.755ms
[2026-07-18T16:59:35.721+0000][info][gc,marking  ] GC(37) Concurrent Preclean
[2026-07-18T16:59:35.721+0000][info][gc,marking  ] GC(37) Concurrent Preclean 0.049ms
[2026-07-18T16:59:35.722+0000][info][gc,start    ] GC(37) Pause Remark
[2026-07-18T16:59:35.723+0000][info][gc          ] GC(37) Pause Remark 1284M->1284M(1500M) 0.452ms
[2026-07-18T16:59:35.723+0000][info][gc,cpu      ] GC(37) User=0.00s Sys=0.00s Real=0.00s
[2026-07-18T16:59:35.723+0000][info][gc,marking  ] GC(37) Concurrent Mark 181.675ms
[2026-07-18T16:59:35.726+0000][info][gc,marking  ] GC(37) Concurrent Rebuild Remembered Sets and Scrub Regions
[2026-07-18T16:59:35.755+0000][info][gc,start    ] GC(39) Pause Young (Normal) (G1 Evacuation Pause)
[2026-07-18T16:59:35.755+0000][info][gc,task     ] GC(39) Using 4 workers of 4 for evacuation
[2026-07-18T16:59:35.755+0000][info][gc,phases   ] GC(39)   Pre Evacuate Collection Set: 0.16ms
[2026-07-18T16:59:35.755+0000][info][gc,phases   ] GC(39)   Merge Heap Roots: 0.06ms
[2026-07-18T16:59:35.756+0000][info][gc,phases   ] GC(39)   Evacuate Collection Set: 0.10ms
[2026-07-18T16:59:35.756+0000][info][gc,phases   ] GC(39)   Post Evacuate Collection Set: 0.23ms
[2026-07-18T16:59:35.756+0000][info][gc,phases   ] GC(39)   Other: 0.08ms
[2026-07-18T16:59:35.756+0000][info][gc,heap     ] GC(39) Eden regions: 485->0(485)
[2026-07-18T16:59:35.756+0000][info][gc,heap     ] GC(39) Survivor regions: 0->0(61)
[2026-07-18T16:59:35.756+0000][info][gc,heap     ] GC(39) Old regions: 891->891
[2026-07-18T16:59:35.756+0000][info][gc,heap     ] GC(39) Humongous regions: 49->49
[2026-07-18T16:59:35.756+0000][info][gc,metaspace] GC(39) Metaspace: 409K(576K)->409K(576K) NonClass: 379K(448K)->379K(448K) Class: 29K(128K)->29K(128K)
[2026-07-18T16:59:35.756+0000][info][gc          ] GC(39) Pause Young (Normal) (G1 Evacuation Pause) 1424M->939M(1500M) 1.072ms
[2026-07-18T16:59:35.756+0000][info][gc,cpu      ] GC(39) User=0.01s Sys=0.00s Real=0.00s
[2026-07-18T16:59:35.801+0000][info][gc,marking  ] GC(37) Concurrent Rebuild Remembered Sets and Scrub Regions 75.068ms
[2026-07-18T16:59:35.805+0000][info][gc,start    ] GC(37) Pause Cleanup
[2026-07-18T16:59:35.805+0000][info][gc          ] GC(37) Pause Cleanup 1175M->1175M(1500M) 0.223ms
[2026-07-18T16:59:35.806+0000][info][gc,cpu      ] GC(37) User=0.00s Sys=0.00s Real=0.00s
[2026-07-18T16:59:35.806+0000][info][gc,marking  ] GC(37) Concurrent Clear Claimed Marks
[2026-07-18T16:59:35.809+0000][info][gc,marking  ] GC(37) Concurrent Clear Claimed Marks 3.357ms
[2026-07-18T16:59:35.809+0000][info][gc,marking  ] GC(37) Concurrent Cleanup for Next Mark
[2026-07-18T16:59:35.810+0000][info][gc,marking  ] GC(37) Concurrent Cleanup for Next Mark 0.800ms
[2026-07-18T16:59:35.810+0000][info][gc          ] GC(37) Concurrent Mark Cycle 272.565ms
[2026-07-18T16:59:35.849+0000][info][gc,start    ] GC(40) Pause Young (Prepare Mixed) (G1 Evacuation Pause)
[2026-07-18T16:59:35.850+0000][info][gc,task     ] GC(40) Using 4 workers of 4 for evacuation
[2026-07-18T16:59:35.850+0000][info][gc,phases   ] GC(40)   Pre Evacuate Collection Set: 0.24ms
[2026-07-18T16:59:35.850+0000][info][gc,phases   ] GC(40)   Merge Heap Roots: 0.07ms
[2026-07-18T16:59:35.850+0000][info][gc,phases   ] GC(40)   Evacuate Collection Set: 0.14ms
[2026-07-18T16:59:35.851+0000][info][gc,phases   ] GC(40)   Post Evacuate Collection Set: 0.32ms
[2026-07-18T16:59:35.851+0000][info][gc,phases   ] GC(40)   Other: 0.07ms
[2026-07-18T16:59:35.851+0000][info][gc,heap     ] GC(40) Eden regions: 485->0(485)
[2026-07-18T16:59:35.851+0000][info][gc,heap     ] GC(40) Survivor regions: 0->0(61)
[2026-07-18T16:59:35.851+0000][info][gc,heap     ] GC(40) Old regions: 891->891
[2026-07-18T16:59:35.851+0000][info][gc,heap     ] GC(40) Humongous regions: 49->49
[2026-07-18T16:59:35.851+0000][info][gc,metaspace] GC(40) Metaspace: 409K(576K)->409K(576K) NonClass: 379K(448K)->379K(448K) Class: 29K(128K)->29K(128K)
[2026-07-18T16:59:35.851+0000][info][gc          ] GC(40) Pause Young (Prepare Mixed) (G1 Evacuation Pause) 1424M->939M(1500M) 1.205ms
[2026-07-18T16:59:35.851+0000][info][gc,cpu      ] GC(40) User=0.00s Sys=0.00s Real=0.00s
[2026-07-18T16:59:35.941+0000][info][gc,start    ] GC(41) Pause Young (Mixed) (G1 Evacuation Pause)
[2026-07-18T16:59:35.941+0000][info][gc,task     ] GC(41) Using 4 workers of 4 for evacuation
[2026-07-18T16:59:35.942+0000][info][gc,phases   ] GC(41)   Pre Evacuate Collection Set: 0.14ms
[2026-07-18T16:59:35.942+0000][info][gc,phases   ] GC(41)   Merge Heap Roots: 0.05ms
[2026-07-18T16:59:35.942+0000][info][gc,phases   ] GC(41)   Evacuate Collection Set: 0.20ms
[2026-07-18T16:59:35.942+0000][info][gc,phases   ] GC(41)   Post Evacuate Collection Set: 0.21ms
[2026-07-18T16:59:35.942+0000][info][gc,phases   ] GC(41)   Other: 0.08ms
[2026-07-18T16:59:35.942+0000][info][gc,heap     ] GC(41) Eden regions: 485->0(487)
[2026-07-18T16:59:35.942+0000][info][gc,heap     ] GC(41) Survivor regions: 0->0(61)
[2026-07-18T16:59:35.942+0000][info][gc,heap     ] GC(41) Old regions: 891->889
[2026-07-18T16:59:35.942+0000][info][gc,heap     ] GC(41) Humongous regions: 49->49
[2026-07-18T16:59:35.942+0000][info][gc,metaspace] GC(41) Metaspace: 409K(576K)->409K(576K) NonClass: 379K(448K)->379K(448K) Class: 29K(128K)->29K(128K)
[2026-07-18T16:59:35.942+0000][info][gc          ] GC(41) Pause Young (Mixed) (G1 Evacuation Pause) 1424M->937M(1500M) 1.175ms
[2026-07-18T16:59:35.942+0000][info][gc,cpu      ] GC(41) User=0.01s Sys=0.00s Real=0.01s
[2026-07-18T16:59:36.030+0000][info][gc,start    ] GC(42) Pause Young (Concurrent Start) (G1 Evacuation Pause)
[2026-07-18T16:59:36.030+0000][info][gc,task     ] GC(42) Using 4 workers of 4 for evacuation
[2026-07-18T16:59:36.031+0000][info][gc,phases   ] GC(42)   Pre Evacuate Collection Set: 0.14ms
[2026-07-18T16:59:36.031+0000][info][gc,phases   ] GC(42)   Merge Heap Roots: 0.05ms
[2026-07-18T16:59:36.031+0000][info][gc,phases   ] GC(42)   Evacuate Collection Set: 0.10ms
[2026-07-18T16:59:36.031+0000][info][gc,phases   ] GC(42)   Post Evacuate Collection Set: 0.19ms
[2026-07-18T16:59:36.031+0000][info][gc,phases   ] GC(42)   Other: 0.10ms
[2026-07-18T16:59:36.031+0000][info][gc,heap     ] GC(42) Eden regions: 487->0(487)
[2026-07-18T16:59:36.031+0000][info][gc,heap     ] GC(42) Survivor regions: 0->0(61)
[2026-07-18T16:59:36.031+0000][info][gc,heap     ] GC(42) Old regions: 889->889
[2026-07-18T16:59:36.031+0000][info][gc,heap     ] GC(42) Humongous regions: 49->49
[2026-07-18T16:59:36.031+0000][info][gc,metaspace] GC(42) Metaspace: 409K(576K)->409K(576K) NonClass: 379K(448K)->379K(448K) Class: 29K(128K)->29K(128K)
[2026-07-18T16:59:36.031+0000][info][gc          ] GC(42) Pause Young (Concurrent Start) (G1 Evacuation Pause) 1424M->937M(1500M) 1.025ms
[2026-07-18T16:59:36.031+0000][info][gc,cpu      ] GC(42) User=0.00s Sys=0.00s Real=0.00s
[2026-07-18T16:59:36.031+0000][info][gc          ] GC(43) Concurrent Mark Cycle
[2026-07-18T16:59:36.035+0000][info][gc,marking  ] GC(43) Concurrent Scan Root Regions
[2026-07-18T16:59:36.035+0000][info][gc,marking  ] GC(43) Concurrent Scan Root Regions 0.054ms
[2026-07-18T16:59:36.035+0000][info][gc,marking  ] GC(43) Concurrent Mark
[2026-07-18T16:59:36.035+0000][info][gc,marking  ] GC(43) Concurrent Mark From Roots
[2026-07-18T16:59:36.035+0000][info][gc,task     ] GC(43) Using 1 workers of 1 for marking
[2026-07-18T16:59:36.142+0000][info][gc,start    ] GC(44) Pause Young (Normal) (G1 Evacuation Pause)
[2026-07-18T16:59:36.142+0000][info][gc,task     ] GC(44) Using 4 workers of 4 for evacuation
[2026-07-18T16:59:36.142+0000][info][gc,phases   ] GC(44)   Pre Evacuate Collection Set: 0.13ms
[2026-07-18T16:59:36.142+0000][info][gc,phases   ] GC(44)   Merge Heap Roots: 0.06ms
[2026-07-18T16:59:36.142+0000][info][gc,phases   ] GC(44)   Evacuate Collection Set: 0.08ms
[2026-07-18T16:59:36.142+0000][info][gc,phases   ] GC(44)   Post Evacuate Collection Set: 0.20ms
[2026-07-18T16:59:36.143+0000][info][gc,phases   ] GC(44)   Other: 0.08ms
[2026-07-18T16:59:36.143+0000][info][gc,heap     ] GC(44) Eden regions: 487->0(487)
[2026-07-18T16:59:36.143+0000][info][gc,heap     ] GC(44) Survivor regions: 0->0(61)
[2026-07-18T16:59:36.143+0000][info][gc,heap     ] GC(44) Old regions: 889->889
[2026-07-18T16:59:36.143+0000][info][gc,heap     ] GC(44) Humongous regions: 49->49
[2026-07-18T16:59:36.143+0000][info][gc,metaspace] GC(44) Metaspace: 409K(576K)->409K(576K) NonClass: 379K(448K)->379K(448K) Class: 29K(128K)->29K(128K)
[2026-07-18T16:59:36.143+0000][info][gc          ] GC(44) Pause Young (Normal) (G1 Evacuation Pause) 1424M->937M(1500M) 0.977ms
[2026-07-18T16:59:36.143+0000][info][gc,cpu      ] GC(44) User=0.00s Sys=0.00s Real=0.01s
[2026-07-18T16:59:36.211+0000][info][gc,marking  ] GC(43) Concurrent Mark From Roots 175.883ms
[2026-07-18T16:59:36.220+0000][info][gc,marking  ] GC(43) Concurrent Preclean
[2026-07-18T16:59:36.224+0000][info][gc,marking  ] GC(43) Concurrent Preclean 4.157ms
[2026-07-18T16:59:36.225+0000][info][gc,start    ] GC(43) Pause Remark
[2026-07-18T16:59:36.226+0000][info][gc          ] GC(43) Pause Remark 1238M->1238M(1500M) 0.699ms
[2026-07-18T16:59:36.226+0000][info][gc,cpu      ] GC(43) User=0.00s Sys=0.00s Real=0.00s
[2026-07-18T16:59:36.226+0000][info][gc,marking  ] GC(43) Concurrent Mark 190.912ms
[2026-07-18T16:59:36.230+0000][info][gc,marking  ] GC(43) Concurrent Rebuild Remembered Sets and Scrub Regions
[2026-07-18T16:59:36.270+0000][info][gc,start    ] GC(45) Pause Young (Normal) (G1 Evacuation Pause)
[2026-07-18T16:59:36.270+0000][info][gc,task     ] GC(45) Using 4 workers of 4 for evacuation
[2026-07-18T16:59:36.271+0000][info][gc,phases   ] GC(45)   Pre Evacuate Collection Set: 0.20ms
[2026-07-18T16:59:36.271+0000][info][gc,phases   ] GC(45)   Merge Heap Roots: 0.08ms
[2026-07-18T16:59:36.271+0000][info][gc,phases   ] GC(45)   Evacuate Collection Set: 0.14ms
[2026-07-18T16:59:36.271+0000][info][gc,phases   ] GC(45)   Post Evacuate Collection Set: 0.24ms
[2026-07-18T16:59:36.271+0000][info][gc,phases   ] GC(45)   Other: 0.07ms
[2026-07-18T16:59:36.271+0000][info][gc,heap     ] GC(45) Eden regions: 487->0(487)
[2026-07-18T16:59:36.271+0000][info][gc,heap     ] GC(45) Survivor regions: 0->0(61)
[2026-07-18T16:59:36.271+0000][info][gc,heap     ] GC(45) Old regions: 889->889
[2026-07-18T16:59:36.271+0000][info][gc,heap     ] GC(45) Humongous regions: 49->49
[2026-07-18T16:59:36.271+0000][info][gc,metaspace] GC(45) Metaspace: 409K(576K)->409K(576K) NonClass: 379K(448K)->379K(448K) Class: 29K(128K)->29K(128K)
[2026-07-18T16:59:36.271+0000][info][gc          ] GC(45) Pause Young (Normal) (G1 Evacuation Pause) 1424M->937M(1500M) 1.258ms
[2026-07-18T16:59:36.271+0000][info][gc,cpu      ] GC(45) User=0.00s Sys=0.00s Real=0.00s
[2026-07-18T16:59:36.308+0000][info][gc,marking  ] GC(43) Concurrent Rebuild Remembered Sets and Scrub Regions 77.700ms
[2026-07-18T16:59:36.308+0000][info][gc,start    ] GC(43) Pause Cleanup
[2026-07-18T16:59:36.309+0000][info][gc          ] GC(43) Pause Cleanup 1088M->1088M(1500M) 0.246ms
[2026-07-18T16:59:36.309+0000][info][gc,cpu      ] GC(43) User=0.00s Sys=0.00s Real=0.00s
[2026-07-18T16:59:36.309+0000][info][gc,marking  ] GC(43) Concurrent Clear Claimed Marks
[2026-07-18T16:59:36.312+0000][info][gc,marking  ] GC(43) Concurrent Clear Claimed Marks 3.190ms
[2026-07-18T16:59:36.312+0000][info][gc,marking  ] GC(43) Concurrent Cleanup for Next Mark
[2026-07-18T16:59:36.313+0000][info][gc,marking  ] GC(43) Concurrent Cleanup for Next Mark 0.759ms
[2026-07-18T16:59:36.313+0000][info][gc          ] GC(43) Concurrent Mark Cycle 281.902ms
[2026-07-18T16:59:36.375+0000][info][gc,start    ] GC(46) Pause Young (Prepare Mixed) (G1 Evacuation Pause)
[2026-07-18T16:59:36.376+0000][info][gc,task     ] GC(46) Using 4 workers of 4 for evacuation
[2026-07-18T16:59:36.376+0000][info][gc,phases   ] GC(46)   Pre Evacuate Collection Set: 0.19ms
[2026-07-18T16:59:36.376+0000][info][gc,phases   ] GC(46)   Merge Heap Roots: 0.06ms
[2026-07-18T16:59:36.376+0000][info][gc,phases   ] GC(46)   Evacuate Collection Set: 0.22ms
[2026-07-18T16:59:36.377+0000][info][gc,phases   ] GC(46)   Post Evacuate Collection Set: 0.26ms
[2026-07-18T16:59:36.377+0000][info][gc,phases   ] GC(46)   Other: 0.10ms
[2026-07-18T16:59:36.377+0000][info][gc,heap     ] GC(46) Eden regions: 487->0(487)
[2026-07-18T16:59:36.377+0000][info][gc,heap     ] GC(46) Survivor regions: 0->0(61)
[2026-07-18T16:59:36.377+0000][info][gc,heap     ] GC(46) Old regions: 889->889
[2026-07-18T16:59:36.377+0000][info][gc,heap     ] GC(46) Humongous regions: 49->49
[2026-07-18T16:59:36.377+0000][info][gc,metaspace] GC(46) Metaspace: 409K(576K)->409K(576K) NonClass: 379K(448K)->379K(448K) Class: 29K(128K)->29K(128K)
[2026-07-18T16:59:36.377+0000][info][gc          ] GC(46) Pause Young (Prepare Mixed) (G1 Evacuation Pause) 1424M->937M(1500M) 1.341ms
[2026-07-18T16:59:36.377+0000][info][gc,cpu      ] GC(46) User=0.00s Sys=0.00s Real=0.00s
[2026-07-18T16:59:36.479+0000][info][gc,start    ] GC(47) Pause Young (Mixed) (G1 Evacuation Pause)
[2026-07-18T16:59:36.480+0000][info][gc,task     ] GC(47) Using 4 workers of 4 for evacuation
[2026-07-18T16:59:36.481+0000][info][gc,phases   ] GC(47)   Pre Evacuate Collection Set: 0.22ms
[2026-07-18T16:59:36.481+0000][info][gc,phases   ] GC(47)   Merge Heap Roots: 0.06ms
[2026-07-18T16:59:36.481+0000][info][gc,phases   ] GC(47)   Evacuate Collection Set: 0.33ms
[2026-07-18T16:59:36.481+0000][info][gc,phases   ] GC(47)   Post Evacuate Collection Set: 0.37ms
[2026-07-18T16:59:36.481+0000][info][gc,phases   ] GC(47)   Other: 0.15ms
[2026-07-18T16:59:36.481+0000][info][gc,heap     ] GC(47) Eden regions: 487->0(488)
[2026-07-18T16:59:36.481+0000][info][gc,heap     ] GC(47) Survivor regions: 0->0(61)
[2026-07-18T16:59:36.481+0000][info][gc,heap     ] GC(47) Old regions: 889->888
[2026-07-18T16:59:36.481+0000][info][gc,heap     ] GC(47) Humongous regions: 49->49
[2026-07-18T16:59:36.481+0000][info][gc,metaspace] GC(47) Metaspace: 409K(576K)->409K(576K) NonClass: 379K(448K)->379K(448K) Class: 29K(128K)->29K(128K)
[2026-07-18T16:59:36.481+0000][info][gc          ] GC(47) Pause Young (Mixed) (G1 Evacuation Pause) 1424M->936M(1500M) 1.764ms
[2026-07-18T16:59:36.481+0000][info][gc,cpu      ] GC(47) User=0.00s Sys=0.00s Real=0.00s
[2026-07-18T16:59:36.576+0000][info][gc,start    ] GC(48) Pause Young (Concurrent Start) (G1 Evacuation Pause)
[2026-07-18T16:59:36.576+0000][info][gc,task     ] GC(48) Using 4 workers of 4 for evacuation
[2026-07-18T16:59:36.577+0000][info][gc,phases   ] GC(48)   Pre Evacuate Collection Set: 0.22ms
[2026-07-18T16:59:36.577+0000][info][gc,phases   ] GC(48)   Merge Heap Roots: 0.06ms
[2026-07-18T16:59:36.577+0000][info][gc,phases   ] GC(48)   Evacuate Collection Set: 0.11ms
[2026-07-18T16:59:36.577+0000][info][gc,phases   ] GC(48)   Post Evacuate Collection Set: 0.21ms
[2026-07-18T16:59:36.577+0000][info][gc,phases   ] GC(48)   Other: 0.10ms
[2026-07-18T16:59:36.577+0000][info][gc,heap     ] GC(48) Eden regions: 488->0(488)
[2026-07-18T16:59:36.577+0000][info][gc,heap     ] GC(48) Survivor regions: 0->0(61)
[2026-07-18T16:59:36.577+0000][info][gc,heap     ] GC(48) Old regions: 888->888
[2026-07-18T16:59:36.577+0000][info][gc,heap     ] GC(48) Humongous regions: 49->49
[2026-07-18T16:59:36.577+0000][info][gc,metaspace] GC(48) Metaspace: 409K(576K)->409K(576K) NonClass: 379K(448K)->379K(448K) Class: 29K(128K)->29K(128K)
[2026-07-18T16:59:36.577+0000][info][gc          ] GC(48) Pause Young (Concurrent Start) (G1 Evacuation Pause) 1424M->936M(1500M) 1.163ms
[2026-07-18T16:59:36.577+0000][info][gc,cpu      ] GC(48) User=0.00s Sys=0.00s Real=0.00s
[2026-07-18T16:59:36.577+0000][info][gc          ] GC(49) Concurrent Mark Cycle
[2026-07-18T16:59:36.578+0000][info][gc,marking  ] GC(49) Concurrent Scan Root Regions
[2026-07-18T16:59:36.578+0000][info][gc,marking  ] GC(49) Concurrent Scan Root Regions 0.038ms
[2026-07-18T16:59:36.578+0000][info][gc,marking  ] GC(49) Concurrent Mark
[2026-07-18T16:59:36.578+0000][info][gc,marking  ] GC(49) Concurrent Mark From Roots
[2026-07-18T16:59:36.578+0000][info][gc,task     ] GC(49) Using 1 workers of 1 for marking
[2026-07-18T16:59:36.670+0000][info][gc,start    ] GC(50) Pause Young (Normal) (G1 Evacuation Pause)
[2026-07-18T16:59:36.670+0000][info][gc,task     ] GC(50) Using 4 workers of 4 for evacuation
[2026-07-18T16:59:36.670+0000][info][gc,phases   ] GC(50)   Pre Evacuate Collection Set: 0.13ms
[2026-07-18T16:59:36.670+0000][info][gc,phases   ] GC(50)   Merge Heap Roots: 0.08ms
[2026-07-18T16:59:36.670+0000][info][gc,phases   ] GC(50)   Evacuate Collection Set: 0.07ms
[2026-07-18T16:59:36.670+0000][info][gc,phases   ] GC(50)   Post Evacuate Collection Set: 0.20ms
[2026-07-18T16:59:36.670+0000][info][gc,phases   ] GC(50)   Other: 0.06ms
[2026-07-18T16:59:36.670+0000][info][gc,heap     ] GC(50) Eden regions: 488->0(488)
[2026-07-18T16:59:36.670+0000][info][gc,heap     ] GC(50) Survivor regions: 0->0(61)
[2026-07-18T16:59:36.671+0000][info][gc,heap     ] GC(50) Old regions: 888->888
[2026-07-18T16:59:36.671+0000][info][gc,heap     ] GC(50) Humongous regions: 49->49
[2026-07-18T16:59:36.671+0000][info][gc,metaspace] GC(50) Metaspace: 409K(576K)->409K(576K) NonClass: 379K(448K)->379K(448K) Class: 29K(128K)->29K(128K)
[2026-07-18T16:59:36.671+0000][info][gc          ] GC(50) Pause Young (Normal) (G1 Evacuation Pause) 1424M->936M(1500M) 1.006ms
[2026-07-18T16:59:36.671+0000][info][gc,cpu      ] GC(50) User=0.01s Sys=0.00s Real=0.00s
[2026-07-18T16:59:36.738+0000][info][gc,marking  ] GC(49) Concurrent Mark From Roots 160.297ms
[2026-07-18T16:59:36.738+0000][info][gc,marking  ] GC(49) Concurrent Preclean
[2026-07-18T16:59:36.739+0000][info][gc,marking  ] GC(49) Concurrent Preclean 0.048ms
[2026-07-18T16:59:36.739+0000][info][gc,start    ] GC(49) Pause Remark
[2026-07-18T16:59:36.740+0000][info][gc          ] GC(49) Pause Remark 1296M->1296M(1500M) 0.565ms
[2026-07-18T16:59:36.740+0000][info][gc,cpu      ] GC(49) User=0.00s Sys=0.00s Real=0.00s
[2026-07-18T16:59:36.740+0000][info][gc,marking  ] GC(49) Concurrent Mark 161.691ms
[2026-07-18T16:59:36.743+0000][info][gc,marking  ] GC(49) Concurrent Rebuild Remembered Sets and Scrub Regions
[2026-07-18T16:59:36.764+0000][info][gc,start    ] GC(51) Pause Young (Normal) (G1 Evacuation Pause)
[2026-07-18T16:59:36.764+0000][info][gc,task     ] GC(51) Using 4 workers of 4 for evacuation
[2026-07-18T16:59:36.765+0000][info][gc,phases   ] GC(51)   Pre Evacuate Collection Set: 0.13ms
[2026-07-18T16:59:36.765+0000][info][gc,phases   ] GC(51)   Merge Heap Roots: 0.05ms
[2026-07-18T16:59:36.765+0000][info][gc,phases   ] GC(51)   Evacuate Collection Set: 0.06ms
[2026-07-18T16:59:36.765+0000][info][gc,phases   ] GC(51)   Post Evacuate Collection Set: 0.20ms
[2026-07-18T16:59:36.765+0000][info][gc,phases   ] GC(51)   Other: 0.07ms
[2026-07-18T16:59:36.765+0000][info][gc,heap     ] GC(51) Eden regions: 488->0(488)
[2026-07-18T16:59:36.765+0000][info][gc,heap     ] GC(51) Survivor regions: 0->0(61)
[2026-07-18T16:59:36.765+0000][info][gc,heap     ] GC(51) Old regions: 888->888
[2026-07-18T16:59:36.765+0000][info][gc,heap     ] GC(51) Humongous regions: 49->49
[2026-07-18T16:59:36.765+0000][info][gc,metaspace] GC(51) Metaspace: 409K(576K)->409K(576K) NonClass: 379K(448K)->379K(448K) Class: 29K(128K)->29K(128K)
[2026-07-18T16:59:36.765+0000][info][gc          ] GC(51) Pause Young (Normal) (G1 Evacuation Pause) 1424M->936M(1500M) 0.928ms
[2026-07-18T16:59:36.765+0000][info][gc,cpu      ] GC(51) User=0.00s Sys=0.00s Real=0.00s
[2026-07-18T16:59:36.815+0000][info][gc,marking  ] GC(49) Concurrent Rebuild Remembered Sets and Scrub Regions 72.509ms
[2026-07-18T16:59:36.816+0000][info][gc,start    ] GC(49) Pause Cleanup
[2026-07-18T16:59:36.816+0000][info][gc          ] GC(49) Pause Cleanup 1211M->1211M(1500M) 0.231ms
[2026-07-18T16:59:36.816+0000][info][gc,cpu      ] GC(49) User=0.00s Sys=0.00s Real=0.00s
[2026-07-18T16:59:36.816+0000][info][gc,marking  ] GC(49) Concurrent Clear Claimed Marks
[2026-07-18T16:59:36.820+0000][info][gc,marking  ] GC(49) Concurrent Clear Claimed Marks 3.517ms
[2026-07-18T16:59:36.820+0000][info][gc,marking  ] GC(49) Concurrent Cleanup for Next Mark
[2026-07-18T16:59:36.821+0000][info][gc,marking  ] GC(49) Concurrent Cleanup for Next Mark 0.600ms
[2026-07-18T16:59:36.821+0000][info][gc          ] GC(49) Concurrent Mark Cycle 243.145ms
[2026-07-18T16:59:36.850+0000][info][gc,start    ] GC(52) Pause Young (Prepare Mixed) (G1 Evacuation Pause)
[2026-07-18T16:59:36.851+0000][info][gc,task     ] GC(52) Using 4 workers of 4 for evacuation
[2026-07-18T16:59:36.851+0000][info][gc,phases   ] GC(52)   Pre Evacuate Collection Set: 0.14ms
[2026-07-18T16:59:36.851+0000][info][gc,phases   ] GC(52)   Merge Heap Roots: 0.06ms
[2026-07-18T16:59:36.851+0000][info][gc,phases   ] GC(52)   Evacuate Collection Set: 0.08ms
[2026-07-18T16:59:36.851+0000][info][gc,phases   ] GC(52)   Post Evacuate Collection Set: 0.21ms
[2026-07-18T16:59:36.851+0000][info][gc,phases   ] GC(52)   Other: 0.06ms
[2026-07-18T16:59:36.851+0000][info][gc,heap     ] GC(52) Eden regions: 488->0(488)
[2026-07-18T16:59:36.851+0000][info][gc,heap     ] GC(52) Survivor regions: 0->0(61)
[2026-07-18T16:59:36.851+0000][info][gc,heap     ] GC(52) Old regions: 888->888
[2026-07-18T16:59:36.851+0000][info][gc,heap     ] GC(52) Humongous regions: 49->49
[2026-07-18T16:59:36.851+0000][info][gc,metaspace] GC(52) Metaspace: 409K(576K)->409K(576K) NonClass: 379K(448K)->379K(448K) Class: 29K(128K)->29K(128K)
[2026-07-18T16:59:36.851+0000][info][gc          ] GC(52) Pause Young (Prepare Mixed) (G1 Evacuation Pause) 1424M->936M(1500M) 0.979ms
[2026-07-18T16:59:36.851+0000][info][gc,cpu      ] GC(52) User=0.00s Sys=0.00s Real=0.00s
[2026-07-18T16:59:36.929+0000][info][gc,start    ] GC(53) Pause Young (Mixed) (G1 Evacuation Pause)
[2026-07-18T16:59:36.929+0000][info][gc,task     ] GC(53) Using 4 workers of 4 for evacuation
[2026-07-18T16:59:36.930+0000][info][gc,phases   ] GC(53)   Pre Evacuate Collection Set: 0.21ms
[2026-07-18T16:59:36.930+0000][info][gc,phases   ] GC(53)   Merge Heap Roots: 0.05ms
[2026-07-18T16:59:36.930+0000][info][gc,phases   ] GC(53)   Evacuate Collection Set: 0.31ms
[2026-07-18T16:59:36.930+0000][info][gc,phases   ] GC(53)   Post Evacuate Collection Set: 0.22ms
[2026-07-18T16:59:36.930+0000][info][gc,phases   ] GC(53)   Other: 0.06ms
[2026-07-18T16:59:36.930+0000][info][gc,heap     ] GC(53) Eden regions: 488->0(489)
[2026-07-18T16:59:36.930+0000][info][gc,heap     ] GC(53) Survivor regions: 0->0(61)
[2026-07-18T16:59:36.930+0000][info][gc,heap     ] GC(53) Old regions: 888->887
[2026-07-18T16:59:36.930+0000][info][gc,heap     ] GC(53) Humongous regions: 49->49
[2026-07-18T16:59:36.930+0000][info][gc,metaspace] GC(53) Metaspace: 409K(576K)->409K(576K) NonClass: 379K(448K)->379K(448K) Class: 29K(128K)->29K(128K)
[2026-07-18T16:59:36.930+0000][info][gc          ] GC(53) Pause Young (Mixed) (G1 Evacuation Pause) 1424M->935M(1500M) 1.269ms
[2026-07-18T16:59:36.930+0000][info][gc,cpu      ] GC(53) User=0.00s Sys=0.00s Real=0.00s
[2026-07-18T16:59:37.010+0000][info][gc,start    ] GC(54) Pause Young (Concurrent Start) (G1 Evacuation Pause)
[2026-07-18T16:59:37.010+0000][info][gc,task     ] GC(54) Using 4 workers of 4 for evacuation
[2026-07-18T16:59:37.011+0000][info][gc,phases   ] GC(54)   Pre Evacuate Collection Set: 0.20ms
[2026-07-18T16:59:37.011+0000][info][gc,phases   ] GC(54)   Merge Heap Roots: 0.05ms
[2026-07-18T16:59:37.011+0000][info][gc,phases   ] GC(54)   Evacuate Collection Set: 0.11ms
[2026-07-18T16:59:37.011+0000][info][gc,phases   ] GC(54)   Post Evacuate Collection Set: 0.20ms
[2026-07-18T16:59:37.011+0000][info][gc,phases   ] GC(54)   Other: 0.10ms
[2026-07-18T16:59:37.011+0000][info][gc,heap     ] GC(54) Eden regions: 489->0(489)
[2026-07-18T16:59:37.011+0000][info][gc,heap     ] GC(54) Survivor regions: 0->0(62)
[2026-07-18T16:59:37.011+0000][info][gc,heap     ] GC(54) Old regions: 887->887
[2026-07-18T16:59:37.011+0000][info][gc,heap     ] GC(54) Humongous regions: 49->49
[2026-07-18T16:59:37.011+0000][info][gc,metaspace] GC(54) Metaspace: 409K(576K)->409K(576K) NonClass: 379K(448K)->379K(448K) Class: 29K(128K)->29K(128K)
[2026-07-18T16:59:37.011+0000][info][gc          ] GC(54) Pause Young (Concurrent Start) (G1 Evacuation Pause) 1424M->935M(1500M) 1.056ms
[2026-07-18T16:59:37.011+0000][info][gc,cpu      ] GC(54) User=0.00s Sys=0.00s Real=0.00s
[2026-07-18T16:59:37.011+0000][info][gc          ] GC(55) Concurrent Mark Cycle
[2026-07-18T16:59:37.014+0000][info][gc,marking  ] GC(55) Concurrent Scan Root Regions
[2026-07-18T16:59:37.014+0000][info][gc,marking  ] GC(55) Concurrent Scan Root Regions 0.044ms
[2026-07-18T16:59:37.014+0000][info][gc,marking  ] GC(55) Concurrent Mark
[2026-07-18T16:59:37.014+0000][info][gc,marking  ] GC(55) Concurrent Mark From Roots
[2026-07-18T16:59:37.014+0000][info][gc,task     ] GC(55) Using 1 workers of 1 for marking
[2026-07-18T16:59:37.104+0000][info][gc,start    ] GC(56) Pause Young (Normal) (G1 Evacuation Pause)
[2026-07-18T16:59:37.104+0000][info][gc,task     ] GC(56) Using 4 workers of 4 for evacuation
[2026-07-18T16:59:37.105+0000][info][gc,phases   ] GC(56)   Pre Evacuate Collection Set: 0.21ms
[2026-07-18T16:59:37.105+0000][info][gc,phases   ] GC(56)   Merge Heap Roots: 0.08ms
[2026-07-18T16:59:37.105+0000][info][gc,phases   ] GC(56)   Evacuate Collection Set: 0.12ms
[2026-07-18T16:59:37.105+0000][info][gc,phases   ] GC(56)   Post Evacuate Collection Set: 0.24ms
[2026-07-18T16:59:37.105+0000][info][gc,phases   ] GC(56)   Other: 0.07ms
[2026-07-18T16:59:37.105+0000][info][gc,heap     ] GC(56) Eden regions: 489->0(489)
[2026-07-18T16:59:37.105+0000][info][gc,heap     ] GC(56) Survivor regions: 0->0(62)
[2026-07-18T16:59:37.105+0000][info][gc,heap     ] GC(56) Old regions: 887->887
[2026-07-18T16:59:37.105+0000][info][gc,heap     ] GC(56) Humongous regions: 49->49
[2026-07-18T16:59:37.105+0000][info][gc,metaspace] GC(56) Metaspace: 409K(576K)->409K(576K) NonClass: 379K(448K)->379K(448K) Class: 29K(128K)->29K(128K)
[2026-07-18T16:59:37.105+0000][info][gc          ] GC(56) Pause Young (Normal) (G1 Evacuation Pause) 1424M->935M(1500M) 1.217ms
[2026-07-18T16:59:37.106+0000][info][gc,cpu      ] GC(56) User=0.00s Sys=0.00s Real=0.00s
[2026-07-18T16:59:37.176+0000][info][gc,marking  ] GC(55) Concurrent Mark From Roots 161.447ms
[2026-07-18T16:59:37.178+0000][info][gc,marking  ] GC(55) Concurrent Preclean
[2026-07-18T16:59:37.178+0000][info][gc,marking  ] GC(55) Concurrent Preclean 0.107ms
[2026-07-18T16:59:37.178+0000][info][gc,start    ] GC(55) Pause Remark
[2026-07-18T16:59:37.179+0000][info][gc          ] GC(55) Pause Remark 1310M->1310M(1500M) 0.522ms
[2026-07-18T16:59:37.179+0000][info][gc,cpu      ] GC(55) User=0.01s Sys=0.00s Real=0.00s
[2026-07-18T16:59:37.179+0000][info][gc,marking  ] GC(55) Concurrent Mark 164.997ms
[2026-07-18T16:59:37.179+0000][info][gc,marking  ] GC(55) Concurrent Rebuild Remembered Sets and Scrub Regions
[2026-07-18T16:59:37.203+0000][info][gc,start    ] GC(57) Pause Young (Normal) (G1 Evacuation Pause)
[2026-07-18T16:59:37.203+0000][info][gc,task     ] GC(57) Using 4 workers of 4 for evacuation
[2026-07-18T16:59:37.203+0000][info][gc,phases   ] GC(57)   Pre Evacuate Collection Set: 0.23ms
[2026-07-18T16:59:37.203+0000][info][gc,phases   ] GC(57)   Merge Heap Roots: 0.05ms
[2026-07-18T16:59:37.204+0000][info][gc,phases   ] GC(57)   Evacuate Collection Set: 0.10ms
[2026-07-18T16:59:37.204+0000][info][gc,phases   ] GC(57)   Post Evacuate Collection Set: 0.29ms
[2026-07-18T16:59:37.204+0000][info][gc,phases   ] GC(57)   Other: 0.08ms
[2026-07-18T16:59:37.204+0000][info][gc,heap     ] GC(57) Eden regions: 489->0(489)
[2026-07-18T16:59:37.204+0000][info][gc,heap     ] GC(57) Survivor regions: 0->0(62)
[2026-07-18T16:59:37.204+0000][info][gc,heap     ] GC(57) Old regions: 887->887
[2026-07-18T16:59:37.204+0000][info][gc,heap     ] GC(57) Humongous regions: 49->49
[2026-07-18T16:59:37.204+0000][info][gc,metaspace] GC(57) Metaspace: 409K(576K)->409K(576K) NonClass: 379K(448K)->379K(448K) Class: 29K(128K)->29K(128K)
[2026-07-18T16:59:37.204+0000][info][gc          ] GC(57) Pause Young (Normal) (G1 Evacuation Pause) 1424M->935M(1500M) 1.144ms
[2026-07-18T16:59:37.204+0000][info][gc,cpu      ] GC(57) User=0.00s Sys=0.00s Real=0.00s
[2026-07-18T16:59:37.253+0000][info][gc,marking  ] GC(55) Concurrent Rebuild Remembered Sets and Scrub Regions 73.426ms
[2026-07-18T16:59:37.253+0000][info][gc,start    ] GC(55) Pause Cleanup
[2026-07-18T16:59:37.253+0000][info][gc          ] GC(55) Pause Cleanup 1171M->1171M(1500M) 0.198ms
[2026-07-18T16:59:37.253+0000][info][gc,cpu      ] GC(55) User=0.00s Sys=0.00s Real=0.00s
[2026-07-18T16:59:37.253+0000][info][gc,marking  ] GC(55) Concurrent Clear Claimed Marks
[2026-07-18T16:59:37.257+0000][info][gc,marking  ] GC(55) Concurrent Clear Claimed Marks 3.691ms
[2026-07-18T16:59:37.257+0000][info][gc,marking  ] GC(55) Concurrent Cleanup for Next Mark
[2026-07-18T16:59:37.258+0000][info][gc,marking  ] GC(55) Concurrent Cleanup for Next Mark 0.642ms
[2026-07-18T16:59:37.258+0000][info][gc          ] GC(55) Concurrent Mark Cycle 246.841ms
[2026-07-18T16:59:37.300+0000][info][gc,start    ] GC(58) Pause Young (Prepare Mixed) (G1 Evacuation Pause)
[2026-07-18T16:59:37.301+0000][info][gc,task     ] GC(58) Using 4 workers of 4 for evacuation
[2026-07-18T16:59:37.301+0000][info][gc,phases   ] GC(58)   Pre Evacuate Collection Set: 0.13ms
[2026-07-18T16:59:37.301+0000][info][gc,phases   ] GC(58)   Merge Heap Roots: 0.05ms
[2026-07-18T16:59:37.301+0000][info][gc,phases   ] GC(58)   Evacuate Collection Set: 0.07ms
[2026-07-18T16:59:37.301+0000][info][gc,phases   ] GC(58)   Post Evacuate Collection Set: 0.18ms
[2026-07-18T16:59:37.301+0000][info][gc,phases   ] GC(58)   Other: 0.07ms
[2026-07-18T16:59:37.301+0000][info][gc,heap     ] GC(58) Eden regions: 489->0(489)
[2026-07-18T16:59:37.301+0000][info][gc,heap     ] GC(58) Survivor regions: 0->0(62)
[2026-07-18T16:59:37.301+0000][info][gc,heap     ] GC(58) Old regions: 887->887
[2026-07-18T16:59:37.301+0000][info][gc,heap     ] GC(58) Humongous regions: 49->49
[2026-07-18T16:59:37.301+0000][info][gc,metaspace] GC(58) Metaspace: 409K(576K)->409K(576K) NonClass: 379K(448K)->379K(448K) Class: 29K(128K)->29K(128K)
[2026-07-18T16:59:37.301+0000][info][gc          ] GC(58) Pause Young (Prepare Mixed) (G1 Evacuation Pause) 1424M->935M(1500M) 0.935ms
[2026-07-18T16:59:37.301+0000][info][gc,cpu      ] GC(58) User=0.00s Sys=0.00s Real=0.00s
[2026-07-18T16:59:37.380+0000][info][gc,start    ] GC(59) Pause Young (Mixed) (G1 Evacuation Pause)
[2026-07-18T16:59:37.381+0000][info][gc,task     ] GC(59) Using 4 workers of 4 for evacuation
[2026-07-18T16:59:37.381+0000][info][gc,phases   ] GC(59)   Pre Evacuate Collection Set: 0.12ms
[2026-07-18T16:59:37.381+0000][info][gc,phases   ] GC(59)   Merge Heap Roots: 0.05ms
[2026-07-18T16:59:37.381+0000][info][gc,phases   ] GC(59)   Evacuate Collection Set: 0.21ms
[2026-07-18T16:59:37.381+0000][info][gc,phases   ] GC(59)   Post Evacuate Collection Set: 0.20ms
[2026-07-18T16:59:37.381+0000][info][gc,phases   ] GC(59)   Other: 0.06ms
[2026-07-18T16:59:37.381+0000][info][gc,heap     ] GC(59) Eden regions: 489->0(489)
[2026-07-18T16:59:37.381+0000][info][gc,heap     ] GC(59) Survivor regions: 0->0(62)
[2026-07-18T16:59:37.381+0000][info][gc,heap     ] GC(59) Old regions: 887->887
[2026-07-18T16:59:37.381+0000][info][gc,heap     ] GC(59) Humongous regions: 49->49
[2026-07-18T16:59:37.381+0000][info][gc,metaspace] GC(59) Metaspace: 409K(576K)->409K(576K) NonClass: 379K(448K)->379K(448K) Class: 29K(128K)->29K(128K)
[2026-07-18T16:59:37.381+0000][info][gc          ] GC(59) Pause Young (Mixed) (G1 Evacuation Pause) 1424M->935M(1500M) 1.042ms
[2026-07-18T16:59:37.382+0000][info][gc,cpu      ] GC(59) User=0.00s Sys=0.00s Real=0.00s
[2026-07-18T16:59:37.458+0000][info][gc,start    ] GC(60) Pause Young (Concurrent Start) (G1 Evacuation Pause)
[2026-07-18T16:59:37.459+0000][info][gc,task     ] GC(60) Using 4 workers of 4 for evacuation
[2026-07-18T16:59:37.459+0000][info][gc,phases   ] GC(60)   Pre Evacuate Collection Set: 0.19ms
[2026-07-18T16:59:37.459+0000][info][gc,phases   ] GC(60)   Merge Heap Roots: 0.06ms
[2026-07-18T16:59:37.459+0000][info][gc,phases   ] GC(60)   Evacuate Collection Set: 0.10ms
[2026-07-18T16:59:37.459+0000][info][gc,phases   ] GC(60)   Post Evacuate Collection Set: 0.19ms
[2026-07-18T16:59:37.459+0000][info][gc,phases   ] GC(60)   Other: 0.09ms
[2026-07-18T16:59:37.459+0000][info][gc,heap     ] GC(60) Eden regions: 489->0(489)
[2026-07-18T16:59:37.459+0000][info][gc,heap     ] GC(60) Survivor regions: 0->0(62)
[2026-07-18T16:59:37.459+0000][info][gc,heap     ] GC(60) Old regions: 887->887
[2026-07-18T16:59:37.459+0000][info][gc,heap     ] GC(60) Humongous regions: 49->49
[2026-07-18T16:59:37.459+0000][info][gc,metaspace] GC(60) Metaspace: 409K(576K)->409K(576K) NonClass: 379K(448K)->379K(448K) Class: 29K(128K)->29K(128K)
[2026-07-18T16:59:37.459+0000][info][gc          ] GC(60) Pause Young (Concurrent Start) (G1 Evacuation Pause) 1424M->935M(1500M) 0.996ms
[2026-07-18T16:59:37.460+0000][info][gc,cpu      ] GC(60) User=0.01s Sys=0.00s Real=0.00s
[2026-07-18T16:59:37.460+0000][info][gc          ] GC(61) Concurrent Mark Cycle
[2026-07-18T16:59:37.463+0000][info][gc,marking  ] GC(61) Concurrent Scan Root Regions
[2026-07-18T16:59:37.463+0000][info][gc,marking  ] GC(61) Concurrent Scan Root Regions 0.051ms
[2026-07-18T16:59:37.463+0000][info][gc,marking  ] GC(61) Concurrent Mark
[2026-07-18T16:59:37.463+0000][info][gc,marking  ] GC(61) Concurrent Mark From Roots
[2026-07-18T16:59:37.463+0000][info][gc,task     ] GC(61) Using 1 workers of 1 for marking
[2026-07-18T16:59:37.543+0000][info][gc,start    ] GC(62) Pause Young (Normal) (G1 Evacuation Pause)
[2026-07-18T16:59:37.543+0000][info][gc,task     ] GC(62) Using 4 workers of 4 for evacuation
[2026-07-18T16:59:37.544+0000][info][gc,phases   ] GC(62)   Pre Evacuate Collection Set: 0.12ms
[2026-07-18T16:59:37.544+0000][info][gc,phases   ] GC(62)   Merge Heap Roots: 0.05ms
[2026-07-18T16:59:37.544+0000][info][gc,phases   ] GC(62)   Evacuate Collection Set: 0.07ms
[2026-07-18T16:59:37.544+0000][info][gc,phases   ] GC(62)   Post Evacuate Collection Set: 0.20ms
[2026-07-18T16:59:37.544+0000][info][gc,phases   ] GC(62)   Other: 0.06ms
[2026-07-18T16:59:37.544+0000][info][gc,heap     ] GC(62) Eden regions: 489->0(489)
[2026-07-18T16:59:37.544+0000][info][gc,heap     ] GC(62) Survivor regions: 0->0(62)
[2026-07-18T16:59:37.544+0000][info][gc,heap     ] GC(62) Old regions: 887->887
[2026-07-18T16:59:37.544+0000][info][gc,heap     ] GC(62) Humongous regions: 49->49
[2026-07-18T16:59:37.544+0000][info][gc,metaspace] GC(62) Metaspace: 409K(576K)->409K(576K) NonClass: 379K(448K)->379K(448K) Class: 29K(128K)->29K(128K)
[2026-07-18T16:59:37.544+0000][info][gc          ] GC(62) Pause Young (Normal) (G1 Evacuation Pause) 1424M->935M(1500M) 0.870ms
[2026-07-18T16:59:37.544+0000][info][gc,cpu      ] GC(62) User=0.00s Sys=0.00s Real=0.00s
[2026-07-18T16:59:37.621+0000][info][gc,marking  ] GC(61) Concurrent Mark From Roots 158.340ms
[2026-07-18T16:59:37.621+0000][info][gc,marking  ] GC(61) Concurrent Preclean
[2026-07-18T16:59:37.622+0000][info][gc,marking  ] GC(61) Concurrent Preclean 0.043ms
[2026-07-18T16:59:37.622+0000][info][gc,start    ] GC(61) Pause Remark
[2026-07-18T16:59:37.623+0000][info][gc          ] GC(61) Pause Remark 1393M->1393M(1500M) 0.458ms
[2026-07-18T16:59:37.623+0000][info][gc,cpu      ] GC(61) User=0.00s Sys=0.00s Real=0.00s
[2026-07-18T16:59:37.623+0000][info][gc,marking  ] GC(61) Concurrent Mark 159.576ms
[2026-07-18T16:59:37.626+0000][info][gc,marking  ] GC(61) Concurrent Rebuild Remembered Sets and Scrub Regions
[2026-07-18T16:59:37.628+0000][info][gc,start    ] GC(63) Pause Young (Normal) (G1 Evacuation Pause)
[2026-07-18T16:59:37.628+0000][info][gc,task     ] GC(63) Using 4 workers of 4 for evacuation
[2026-07-18T16:59:37.628+0000][info][gc,phases   ] GC(63)   Pre Evacuate Collection Set: 0.14ms
[2026-07-18T16:59:37.628+0000][info][gc,phases   ] GC(63)   Merge Heap Roots: 0.03ms
[2026-07-18T16:59:37.628+0000][info][gc,phases   ] GC(63)   Evacuate Collection Set: 0.08ms
[2026-07-18T16:59:37.628+0000][info][gc,phases   ] GC(63)   Post Evacuate Collection Set: 0.20ms
[2026-07-18T16:59:37.628+0000][info][gc,phases   ] GC(63)   Other: 0.06ms
[2026-07-18T16:59:37.628+0000][info][gc,heap     ] GC(63) Eden regions: 489->0(489)
[2026-07-18T16:59:37.629+0000][info][gc,heap     ] GC(63) Survivor regions: 0->0(62)
[2026-07-18T16:59:37.629+0000][info][gc,heap     ] GC(63) Old regions: 887->887
[2026-07-18T16:59:37.629+0000][info][gc,heap     ] GC(63) Humongous regions: 49->49
[2026-07-18T16:59:37.629+0000][info][gc,metaspace] GC(63) Metaspace: 409K(576K)->409K(576K) NonClass: 379K(448K)->379K(448K) Class: 29K(128K)->29K(128K)
[2026-07-18T16:59:37.629+0000][info][gc          ] GC(63) Pause Young (Normal) (G1 Evacuation Pause) 1424M->935M(1500M) 0.845ms
[2026-07-18T16:59:37.629+0000][info][gc,cpu      ] GC(63) User=0.00s Sys=0.00s Real=0.00s
[2026-07-18T16:59:37.699+0000][info][gc,marking  ] GC(61) Concurrent Rebuild Remembered Sets and Scrub Regions 72.869ms
[2026-07-18T16:59:37.700+0000][info][gc,start    ] GC(61) Pause Cleanup
[2026-07-18T16:59:37.700+0000][info][gc          ] GC(61) Pause Cleanup 1333M->1333M(1500M) 0.195ms
[2026-07-18T16:59:37.701+0000][info][gc,cpu      ] GC(61) User=0.00s Sys=0.00s Real=0.00s
[2026-07-18T16:59:37.701+0000][info][gc,marking  ] GC(61) Concurrent Clear Claimed Marks
[2026-07-18T16:59:37.701+0000][info][gc,marking  ] GC(61) Concurrent Clear Claimed Marks 0.389ms
[2026-07-18T16:59:37.701+0000][info][gc,marking  ] GC(61) Concurrent Cleanup for Next Mark
[2026-07-18T16:59:37.702+0000][info][gc,marking  ] GC(61) Concurrent Cleanup for Next Mark 0.726ms
[2026-07-18T16:59:37.702+0000][info][gc          ] GC(61) Concurrent Mark Cycle 242.284ms
[2026-07-18T16:59:37.717+0000][info][gc,start    ] GC(64) Pause Young (Prepare Mixed) (G1 Evacuation Pause)
[2026-07-18T16:59:37.717+0000][info][gc,task     ] GC(64) Using 4 workers of 4 for evacuation
[2026-07-18T16:59:37.718+0000][info][gc,phases   ] GC(64)   Pre Evacuate Collection Set: 0.14ms
[2026-07-18T16:59:37.718+0000][info][gc,phases   ] GC(64)   Merge Heap Roots: 0.05ms
[2026-07-18T16:59:37.718+0000][info][gc,phases   ] GC(64)   Evacuate Collection Set: 0.07ms
[2026-07-18T16:59:37.718+0000][info][gc,phases   ] GC(64)   Post Evacuate Collection Set: 0.20ms
[2026-07-18T16:59:37.718+0000][info][gc,phases   ] GC(64)   Other: 0.06ms
[2026-07-18T16:59:37.718+0000][info][gc,heap     ] GC(64) Eden regions: 489->0(489)
[2026-07-18T16:59:37.718+0000][info][gc,heap     ] GC(64) Survivor regions: 0->0(62)
[2026-07-18T16:59:37.718+0000][info][gc,heap     ] GC(64) Old regions: 887->887
[2026-07-18T16:59:37.718+0000][info][gc,heap     ] GC(64) Humongous regions: 49->49
[2026-07-18T16:59:37.718+0000][info][gc,metaspace] GC(64) Metaspace: 409K(576K)->409K(576K) NonClass: 379K(448K)->379K(448K) Class: 29K(128K)->29K(128K)
[2026-07-18T16:59:37.718+0000][info][gc          ] GC(64) Pause Young (Prepare Mixed) (G1 Evacuation Pause) 1424M->935M(1500M) 0.894ms
[2026-07-18T16:59:37.718+0000][info][gc,cpu      ] GC(64) User=0.00s Sys=0.00s Real=0.00s
[2026-07-18T16:59:37.803+0000][info][gc,start    ] GC(65) Pause Young (Mixed) (G1 Evacuation Pause)
[2026-07-18T16:59:37.803+0000][info][gc,task     ] GC(65) Using 4 workers of 4 for evacuation
[2026-07-18T16:59:37.804+0000][info][gc,phases   ] GC(65)   Pre Evacuate Collection Set: 0.19ms
[2026-07-18T16:59:37.804+0000][info][gc,phases   ] GC(65)   Merge Heap Roots: 0.04ms
[2026-07-18T16:59:37.804+0000][info][gc,phases   ] GC(65)   Evacuate Collection Set: 0.33ms
[2026-07-18T16:59:37.804+0000][info][gc,phases   ] GC(65)   Post Evacuate Collection Set: 0.31ms
[2026-07-18T16:59:37.804+0000][info][gc,phases   ] GC(65)   Other: 0.08ms
[2026-07-18T16:59:37.804+0000][info][gc,heap     ] GC(65) Eden regions: 489->0(490)
[2026-07-18T16:59:37.804+0000][info][gc,heap     ] GC(65) Survivor regions: 0->0(62)
[2026-07-18T16:59:37.804+0000][info][gc,heap     ] GC(65) Old regions: 887->886
[2026-07-18T16:59:37.804+0000][info][gc,heap     ] GC(65) Humongous regions: 49->49
[2026-07-18T16:59:37.804+0000][info][gc,metaspace] GC(65) Metaspace: 409K(576K)->409K(576K) NonClass: 379K(448K)->379K(448K) Class: 29K(128K)->29K(128K)
[2026-07-18T16:59:37.804+0000][info][gc          ] GC(65) Pause Young (Mixed) (G1 Evacuation Pause) 1424M->934M(1500M) 1.396ms
[2026-07-18T16:59:37.804+0000][info][gc,cpu      ] GC(65) User=0.01s Sys=0.00s Real=0.00s
[2026-07-18T16:59:37.893+0000][info][gc,start    ] GC(66) Pause Young (Concurrent Start) (G1 Evacuation Pause)
[2026-07-18T16:59:37.893+0000][info][gc,task     ] GC(66) Using 4 workers of 4 for evacuation
[2026-07-18T16:59:37.894+0000][info][gc,phases   ] GC(66)   Pre Evacuate Collection Set: 0.28ms
[2026-07-18T16:59:37.894+0000][info][gc,phases   ] GC(66)   Merge Heap Roots: 0.11ms
[2026-07-18T16:59:37.894+0000][info][gc,phases   ] GC(66)   Evacuate Collection Set: 0.14ms
[2026-07-18T16:59:37.894+0000][info][gc,phases   ] GC(66)   Post Evacuate Collection Set: 0.24ms
[2026-07-18T16:59:37.894+0000][info][gc,phases   ] GC(66)   Other: 0.18ms
[2026-07-18T16:59:37.894+0000][info][gc,heap     ] GC(66) Eden regions: 490->0(490)
[2026-07-18T16:59:37.894+0000][info][gc,heap     ] GC(66) Survivor regions: 0->0(62)
[2026-07-18T16:59:37.894+0000][info][gc,heap     ] GC(66) Old regions: 886->886
[2026-07-18T16:59:37.894+0000][info][gc,heap     ] GC(66) Humongous regions: 49->49
[2026-07-18T16:59:37.894+0000][info][gc,metaspace] GC(66) Metaspace: 409K(576K)->409K(576K) NonClass: 379K(448K)->379K(448K) Class: 29K(128K)->29K(128K)
[2026-07-18T16:59:37.894+0000][info][gc          ] GC(66) Pause Young (Concurrent Start) (G1 Evacuation Pause) 1424M->934M(1500M) 1.410ms
[2026-07-18T16:59:37.894+0000][info][gc,cpu      ] GC(66) User=0.00s Sys=0.00s Real=0.00s
[2026-07-18T16:59:37.894+0000][info][gc          ] GC(67) Concurrent Mark Cycle
[2026-07-18T16:59:37.898+0000][info][gc,marking  ] GC(67) Concurrent Scan Root Regions
[2026-07-18T16:59:37.898+0000][info][gc,marking  ] GC(67) Concurrent Scan Root Regions 0.071ms
[2026-07-18T16:59:37.898+0000][info][gc,marking  ] GC(67) Concurrent Mark
[2026-07-18T16:59:37.898+0000][info][gc,marking  ] GC(67) Concurrent Mark From Roots
[2026-07-18T16:59:37.898+0000][info][gc,task     ] GC(67) Using 1 workers of 1 for marking
[2026-07-18T16:59:37.985+0000][info][gc,start    ] GC(68) Pause Young (Normal) (G1 Evacuation Pause)
[2026-07-18T16:59:37.985+0000][info][gc,task     ] GC(68) Using 4 workers of 4 for evacuation
[2026-07-18T16:59:37.986+0000][info][gc,phases   ] GC(68)   Pre Evacuate Collection Set: 0.13ms
[2026-07-18T16:59:37.986+0000][info][gc,phases   ] GC(68)   Merge Heap Roots: 0.05ms
[2026-07-18T16:59:37.986+0000][info][gc,phases   ] GC(68)   Evacuate Collection Set: 0.09ms
[2026-07-18T16:59:37.986+0000][info][gc,phases   ] GC(68)   Post Evacuate Collection Set: 0.20ms
[2026-07-18T16:59:37.986+0000][info][gc,phases   ] GC(68)   Other: 0.07ms
[2026-07-18T16:59:37.986+0000][info][gc,heap     ] GC(68) Eden regions: 490->0(490)
[2026-07-18T16:59:37.986+0000][info][gc,heap     ] GC(68) Survivor regions: 0->0(62)
[2026-07-18T16:59:37.986+0000][info][gc,heap     ] GC(68) Old regions: 886->886
[2026-07-18T16:59:37.986+0000][info][gc,heap     ] GC(68) Humongous regions: 49->49
[2026-07-18T16:59:37.986+0000][info][gc,metaspace] GC(68) Metaspace: 409K(576K)->409K(576K) NonClass: 379K(448K)->379K(448K) Class: 29K(128K)->29K(128K)
[2026-07-18T16:59:37.986+0000][info][gc          ] GC(68) Pause Young (Normal) (G1 Evacuation Pause) 1424M->934M(1500M) 0.970ms
[2026-07-18T16:59:37.986+0000][info][gc,cpu      ] GC(68) User=0.00s Sys=0.00s Real=0.00s
[2026-07-18T16:59:38.062+0000][info][gc,marking  ] GC(67) Concurrent Mark From Roots 163.751ms
[2026-07-18T16:59:38.062+0000][info][gc,marking  ] GC(67) Concurrent Preclean
[2026-07-18T16:59:38.062+0000][info][gc,marking  ] GC(67) Concurrent Preclean 0.098ms
[2026-07-18T16:59:38.062+0000][info][gc,start    ] GC(67) Pause Remark
[2026-07-18T16:59:38.064+0000][info][gc          ] GC(67) Pause Remark 1301M->1301M(1500M) 1.264ms
[2026-07-18T16:59:38.064+0000][info][gc,cpu      ] GC(67) User=0.00s Sys=0.00s Real=0.00s
[2026-07-18T16:59:38.064+0000][info][gc,marking  ] GC(67) Concurrent Mark 165.728ms
[2026-07-18T16:59:38.067+0000][info][gc,marking  ] GC(67) Concurrent Rebuild Remembered Sets and Scrub Regions
[2026-07-18T16:59:38.090+0000][info][gc,start    ] GC(69) Pause Young (Normal) (G1 Evacuation Pause)
[2026-07-18T16:59:38.090+0000][info][gc,task     ] GC(69) Using 4 workers of 4 for evacuation
[2026-07-18T16:59:38.092+0000][info][gc,phases   ] GC(69)   Pre Evacuate Collection Set: 0.35ms
[2026-07-18T16:59:38.092+0000][info][gc,phases   ] GC(69)   Merge Heap Roots: 0.08ms
[2026-07-18T16:59:38.092+0000][info][gc,phases   ] GC(69)   Evacuate Collection Set: 0.77ms
[2026-07-18T16:59:38.092+0000][info][gc,phases   ] GC(69)   Post Evacuate Collection Set: 0.36ms
[2026-07-18T16:59:38.092+0000][info][gc,phases   ] GC(69)   Other: 0.12ms
[2026-07-18T16:59:38.092+0000][info][gc,heap     ] GC(69) Eden regions: 490->0(490)
[2026-07-18T16:59:38.092+0000][info][gc,heap     ] GC(69) Survivor regions: 0->0(62)
[2026-07-18T16:59:38.092+0000][info][gc,heap     ] GC(69) Old regions: 886->886
[2026-07-18T16:59:38.092+0000][info][gc,heap     ] GC(69) Humongous regions: 49->49
[2026-07-18T16:59:38.092+0000][info][gc,metaspace] GC(69) Metaspace: 409K(576K)->409K(576K) NonClass: 379K(448K)->379K(448K) Class: 29K(128K)->29K(128K)
[2026-07-18T16:59:38.092+0000][info][gc          ] GC(69) Pause Young (Normal) (G1 Evacuation Pause) 1424M->934M(1500M) 2.295ms
[2026-07-18T16:59:38.092+0000][info][gc,cpu      ] GC(69) User=0.00s Sys=0.00s Real=0.01s
[2026-07-18T16:59:38.144+0000][info][gc,marking  ] GC(67) Concurrent Rebuild Remembered Sets and Scrub Regions 77.216ms
[2026-07-18T16:59:38.145+0000][info][gc,start    ] GC(67) Pause Cleanup
[2026-07-18T16:59:38.145+0000][info][gc          ] GC(67) Pause Cleanup 1174M->1174M(1500M) 0.243ms
[2026-07-18T16:59:38.145+0000][info][gc,cpu      ] GC(67) User=0.00s Sys=0.00s Real=0.00s
[2026-07-18T16:59:38.145+0000][info][gc,marking  ] GC(67) Concurrent Clear Claimed Marks
[2026-07-18T16:59:38.149+0000][info][gc,marking  ] GC(67) Concurrent Clear Claimed Marks 3.577ms
[2026-07-18T16:59:38.149+0000][info][gc,marking  ] GC(67) Concurrent Cleanup for Next Mark
[2026-07-18T16:59:38.150+0000][info][gc,marking  ] GC(67) Concurrent Cleanup for Next Mark 0.960ms
[2026-07-18T16:59:38.150+0000][info][gc          ] GC(67) Concurrent Mark Cycle 255.898ms
[2026-07-18T16:59:38.196+0000][info][gc,start    ] GC(70) Pause Young (Prepare Mixed) (G1 Evacuation Pause)
[2026-07-18T16:59:38.196+0000][info][gc,task     ] GC(70) Using 4 workers of 4 for evacuation
[2026-07-18T16:59:38.197+0000][info][gc,phases   ] GC(70)   Pre Evacuate Collection Set: 0.21ms
[2026-07-18T16:59:38.197+0000][info][gc,phases   ] GC(70)   Merge Heap Roots: 0.15ms
[2026-07-18T16:59:38.197+0000][info][gc,phases   ] GC(70)   Evacuate Collection Set: 0.14ms
[2026-07-18T16:59:38.197+0000][info][gc,phases   ] GC(70)   Post Evacuate Collection Set: 0.37ms
[2026-07-18T16:59:38.197+0000][info][gc,phases   ] GC(70)   Other: 0.10ms
[2026-07-18T16:59:38.197+0000][info][gc,heap     ] GC(70) Eden regions: 490->0(490)
[2026-07-18T16:59:38.197+0000][info][gc,heap     ] GC(70) Survivor regions: 0->0(62)
[2026-07-18T16:59:38.197+0000][info][gc,heap     ] GC(70) Old regions: 886->886
[2026-07-18T16:59:38.197+0000][info][gc,heap     ] GC(70) Humongous regions: 49->49
[2026-07-18T16:59:38.197+0000][info][gc,metaspace] GC(70) Metaspace: 409K(576K)->409K(576K) NonClass: 379K(448K)->379K(448K) Class: 29K(128K)->29K(128K)
[2026-07-18T16:59:38.197+0000][info][gc          ] GC(70) Pause Young (Prepare Mixed) (G1 Evacuation Pause) 1424M->934M(1500M) 1.709ms
[2026-07-18T16:59:38.197+0000][info][gc,cpu      ] GC(70) User=0.00s Sys=0.00s Real=0.00s
[2026-07-18T16:59:38.297+0000][info][gc,start    ] GC(71) Pause Young (Mixed) (G1 Evacuation Pause)
[2026-07-18T16:59:38.297+0000][info][gc,task     ] GC(71) Using 4 workers of 4 for evacuation
[2026-07-18T16:59:38.298+0000][info][gc,phases   ] GC(71)   Pre Evacuate Collection Set: 0.25ms
[2026-07-18T16:59:38.298+0000][info][gc,phases   ] GC(71)   Merge Heap Roots: 0.05ms
[2026-07-18T16:59:38.299+0000][info][gc,phases   ] GC(71)   Evacuate Collection Set: 0.40ms
[2026-07-18T16:59:38.299+0000][info][gc,phases   ] GC(71)   Post Evacuate Collection Set: 0.36ms
[2026-07-18T16:59:38.299+0000][info][gc,phases   ] GC(71)   Other: 0.11ms
[2026-07-18T16:59:38.299+0000][info][gc,heap     ] GC(71) Eden regions: 490->0(490)
[2026-07-18T16:59:38.299+0000][info][gc,heap     ] GC(71) Survivor regions: 0->0(62)
[2026-07-18T16:59:38.299+0000][info][gc,heap     ] GC(71) Old regions: 886->886
[2026-07-18T16:59:38.299+0000][info][gc,heap     ] GC(71) Humongous regions: 49->49
[2026-07-18T16:59:38.299+0000][info][gc,metaspace] GC(71) Metaspace: 409K(576K)->409K(576K) NonClass: 379K(448K)->379K(448K) Class: 29K(128K)->29K(128K)
[2026-07-18T16:59:38.299+0000][info][gc          ] GC(71) Pause Young (Mixed) (G1 Evacuation Pause) 1424M->934M(1500M) 1.964ms
[2026-07-18T16:59:38.299+0000][info][gc,cpu      ] GC(71) User=0.00s Sys=0.00s Real=0.00s
[2026-07-18T16:59:38.402+0000][info][gc,start    ] GC(72) Pause Young (Concurrent Start) (G1 Evacuation Pause)
[2026-07-18T16:59:38.403+0000][info][gc,task     ] GC(72) Using 4 workers of 4 for evacuation
[2026-07-18T16:59:38.403+0000][info][gc,phases   ] GC(72)   Pre Evacuate Collection Set: 0.14ms
[2026-07-18T16:59:38.403+0000][info][gc,phases   ] GC(72)   Merge Heap Roots: 0.05ms
[2026-07-18T16:59:38.403+0000][info][gc,phases   ] GC(72)   Evacuate Collection Set: 0.11ms
[2026-07-18T16:59:38.403+0000][info][gc,phases   ] GC(72)   Post Evacuate Collection Set: 0.19ms
[2026-07-18T16:59:38.403+0000][info][gc,phases   ] GC(72)   Other: 0.11ms
[2026-07-18T16:59:38.403+0000][info][gc,heap     ] GC(72) Eden regions: 490->0(490)
[2026-07-18T16:59:38.403+0000][info][gc,heap     ] GC(72) Survivor regions: 0->0(62)
[2026-07-18T16:59:38.403+0000][info][gc,heap     ] GC(72) Old regions: 886->886
[2026-07-18T16:59:38.403+0000][info][gc,heap     ] GC(72) Humongous regions: 49->49
[2026-07-18T16:59:38.403+0000][info][gc,metaspace] GC(72) Metaspace: 409K(576K)->409K(576K) NonClass: 379K(448K)->379K(448K) Class: 29K(128K)->29K(128K)
[2026-07-18T16:59:38.404+0000][info][gc          ] GC(72) Pause Young (Concurrent Start) (G1 Evacuation Pause) 1424M->934M(1500M) 1.073ms
[2026-07-18T16:59:38.404+0000][info][gc,cpu      ] GC(72) User=0.00s Sys=0.00s Real=0.00s
[2026-07-18T16:59:38.404+0000][info][gc          ] GC(73) Concurrent Mark Cycle
[2026-07-18T16:59:38.407+0000][info][gc,marking  ] GC(73) Concurrent Scan Root Regions
[2026-07-18T16:59:38.407+0000][info][gc,marking  ] GC(73) Concurrent Scan Root Regions 0.063ms
[2026-07-18T16:59:38.407+0000][info][gc,marking  ] GC(73) Concurrent Mark
[2026-07-18T16:59:38.407+0000][info][gc,marking  ] GC(73) Concurrent Mark From Roots
[2026-07-18T16:59:38.407+0000][info][gc,task     ] GC(73) Using 1 workers of 1 for marking
[2026-07-18T16:59:38.494+0000][info][gc,start    ] GC(74) Pause Young (Normal) (G1 Evacuation Pause)
[2026-07-18T16:59:38.494+0000][info][gc,task     ] GC(74) Using 4 workers of 4 for evacuation
[2026-07-18T16:59:38.494+0000][info][gc,phases   ] GC(74)   Pre Evacuate Collection Set: 0.20ms
[2026-07-18T16:59:38.495+0000][info][gc,phases   ] GC(74)   Merge Heap Roots: 0.14ms
[2026-07-18T16:59:38.495+0000][info][gc,phases   ] GC(74)   Evacuate Collection Set: 0.16ms
[2026-07-18T16:59:38.495+0000][info][gc,phases   ] GC(74)   Post Evacuate Collection Set: 0.26ms
[2026-07-18T16:59:38.495+0000][info][gc,phases   ] GC(74)   Other: 0.07ms
[2026-07-18T16:59:38.495+0000][info][gc,heap     ] GC(74) Eden regions: 490->0(490)
[2026-07-18T16:59:38.495+0000][info][gc,heap     ] GC(74) Survivor regions: 0->0(62)
[2026-07-18T16:59:38.495+0000][info][gc,heap     ] GC(74) Old regions: 886->886
[2026-07-18T16:59:38.495+0000][info][gc,heap     ] GC(74) Humongous regions: 49->49
[2026-07-18T16:59:38.495+0000][info][gc,metaspace] GC(74) Metaspace: 409K(576K)->409K(576K) NonClass: 379K(448K)->379K(448K) Class: 29K(128K)->29K(128K)
[2026-07-18T16:59:38.495+0000][info][gc          ] GC(74) Pause Young (Normal) (G1 Evacuation Pause) 1424M->934M(1500M) 1.247ms
[2026-07-18T16:59:38.495+0000][info][gc,cpu      ] GC(74) User=0.01s Sys=0.00s Real=0.00s
[2026-07-18T16:59:38.597+0000][info][gc,marking  ] GC(73) Concurrent Mark From Roots 190.329ms
[2026-07-18T16:59:38.598+0000][info][gc,marking  ] GC(73) Concurrent Preclean
[2026-07-18T16:59:38.598+0000][info][gc,marking  ] GC(73) Concurrent Preclean 0.054ms
[2026-07-18T16:59:38.598+0000][info][gc,start    ] GC(73) Pause Remark
[2026-07-18T16:59:38.598+0000][info][gc          ] GC(73) Pause Remark 1306M->1306M(1500M) 0.473ms
[2026-07-18T16:59:38.599+0000][info][gc,cpu      ] GC(73) User=0.00s Sys=0.00s Real=0.00s
[2026-07-18T16:59:38.599+0000][info][gc,marking  ] GC(73) Concurrent Mark 191.541ms
[2026-07-18T16:59:38.599+0000][info][gc,marking  ] GC(73) Concurrent Rebuild Remembered Sets and Scrub Regions
[2026-07-18T16:59:38.621+0000][info][gc,start    ] GC(75) Pause Young (Normal) (G1 Evacuation Pause)
[2026-07-18T16:59:38.621+0000][info][gc,task     ] GC(75) Using 4 workers of 4 for evacuation
[2026-07-18T16:59:38.621+0000][info][gc,phases   ] GC(75)   Pre Evacuate Collection Set: 0.15ms
[2026-07-18T16:59:38.621+0000][info][gc,phases   ] GC(75)   Merge Heap Roots: 0.05ms
[2026-07-18T16:59:38.621+0000][info][gc,phases   ] GC(75)   Evacuate Collection Set: 0.14ms
[2026-07-18T16:59:38.621+0000][info][gc,phases   ] GC(75)   Post Evacuate Collection Set: 0.26ms
[2026-07-18T16:59:38.621+0000][info][gc,phases   ] GC(75)   Other: 0.07ms
[2026-07-18T16:59:38.621+0000][info][gc,heap     ] GC(75) Eden regions: 490->0(490)
[2026-07-18T16:59:38.622+0000][info][gc,heap     ] GC(75) Survivor regions: 0->0(62)
[2026-07-18T16:59:38.622+0000][info][gc,heap     ] GC(75) Old regions: 886->886
[2026-07-18T16:59:38.622+0000][info][gc,heap     ] GC(75) Humongous regions: 49->49
[2026-07-18T16:59:38.622+0000][info][gc,metaspace] GC(75) Metaspace: 409K(576K)->409K(576K) NonClass: 379K(448K)->379K(448K) Class: 29K(128K)->29K(128K)
[2026-07-18T16:59:38.622+0000][info][gc          ] GC(75) Pause Young (Normal) (G1 Evacuation Pause) 1424M->934M(1500M) 1.126ms
[2026-07-18T16:59:38.622+0000][info][gc,cpu      ] GC(75) User=0.00s Sys=0.00s Real=0.00s
[2026-07-18T16:59:38.672+0000][info][gc,marking  ] GC(73) Concurrent Rebuild Remembered Sets and Scrub Regions 73.312ms
[2026-07-18T16:59:38.673+0000][info][gc,start    ] GC(73) Pause Cleanup
[2026-07-18T16:59:38.673+0000][info][gc          ] GC(73) Pause Cleanup 1200M->1200M(1500M) 0.196ms
[2026-07-18T16:59:38.673+0000][info][gc,cpu      ] GC(73) User=0.00s Sys=0.00s Real=0.00s
[2026-07-18T16:59:38.673+0000][info][gc,marking  ] GC(73) Concurrent Clear Claimed Marks
[2026-07-18T16:59:38.677+0000][info][gc,marking  ] GC(73) Concurrent Clear Claimed Marks 3.546ms
[2026-07-18T16:59:38.677+0000][info][gc,marking  ] GC(73) Concurrent Cleanup for Next Mark
[2026-07-18T16:59:38.678+0000][info][gc,marking  ] GC(73) Concurrent Cleanup for Next Mark 0.638ms
[2026-07-18T16:59:38.678+0000][info][gc          ] GC(73) Concurrent Mark Cycle 274.116ms
[2026-07-18T16:59:38.712+0000][info][gc,start    ] GC(76) Pause Young (Prepare Mixed) (G1 Evacuation Pause)
[2026-07-18T16:59:38.712+0000][info][gc,task     ] GC(76) Using 4 workers of 4 for evacuation
[2026-07-18T16:59:38.713+0000][info][gc,phases   ] GC(76)   Pre Evacuate Collection Set: 0.19ms
[2026-07-18T16:59:38.713+0000][info][gc,phases   ] GC(76)   Merge Heap Roots: 0.05ms
[2026-07-18T16:59:38.713+0000][info][gc,phases   ] GC(76)   Evacuate Collection Set: 0.11ms
[2026-07-18T16:59:38.713+0000][info][gc,phases   ] GC(76)   Post Evacuate Collection Set: 0.21ms
[2026-07-18T16:59:38.713+0000][info][gc,phases   ] GC(76)   Other: 0.09ms
[2026-07-18T16:59:38.713+0000][info][gc,heap     ] GC(76) Eden regions: 490->0(490)
[2026-07-18T16:59:38.713+0000][info][gc,heap     ] GC(76) Survivor regions: 0->0(62)
[2026-07-18T16:59:38.713+0000][info][gc,heap     ] GC(76) Old regions: 886->886
[2026-07-18T16:59:38.713+0000][info][gc,heap     ] GC(76) Humongous regions: 49->49
[2026-07-18T16:59:38.713+0000][info][gc,metaspace] GC(76) Metaspace: 409K(576K)->409K(576K) NonClass: 379K(448K)->379K(448K) Class: 29K(128K)->29K(128K)
[2026-07-18T16:59:38.713+0000][info][gc          ] GC(76) Pause Young (Prepare Mixed) (G1 Evacuation Pause) 1424M->934M(1500M) 1.061ms
[2026-07-18T16:59:38.713+0000][info][gc,cpu      ] GC(76) User=0.00s Sys=0.00s Real=0.00s
[2026-07-18T16:59:38.798+0000][info][gc,start    ] GC(77) Pause Young (Mixed) (G1 Evacuation Pause)
[2026-07-18T16:59:38.798+0000][info][gc,task     ] GC(77) Using 4 workers of 4 for evacuation
[2026-07-18T16:59:38.798+0000][info][gc,phases   ] GC(77)   Pre Evacuate Collection Set: 0.14ms
[2026-07-18T16:59:38.798+0000][info][gc,phases   ] GC(77)   Merge Heap Roots: 0.06ms
[2026-07-18T16:59:38.798+0000][info][gc,phases   ] GC(77)   Evacuate Collection Set: 0.19ms
[2026-07-18T16:59:38.798+0000][info][gc,phases   ] GC(77)   Post Evacuate Collection Set: 0.20ms
[2026-07-18T16:59:38.798+0000][info][gc,phases   ] GC(77)   Other: 0.07ms
[2026-07-18T16:59:38.799+0000][info][gc,heap     ] GC(77) Eden regions: 490->0(490)
[2026-07-18T16:59:38.799+0000][info][gc,heap     ] GC(77) Survivor regions: 0->0(62)
[2026-07-18T16:59:38.799+0000][info][gc,heap     ] GC(77) Old regions: 886->886
[2026-07-18T16:59:38.799+0000][info][gc,heap     ] GC(77) Humongous regions: 49->49
[2026-07-18T16:59:38.799+0000][info][gc,metaspace] GC(77) Metaspace: 409K(576K)->409K(576K) NonClass: 379K(448K)->379K(448K) Class: 29K(128K)->29K(128K)
[2026-07-18T16:59:38.799+0000][info][gc          ] GC(77) Pause Young (Mixed) (G1 Evacuation Pause) 1424M->934M(1500M) 1.082ms
[2026-07-18T16:59:38.799+0000][info][gc,cpu      ] GC(77) User=0.00s Sys=0.00s Real=0.00s
[2026-07-18T16:59:38.877+0000][info][gc,start    ] GC(78) Pause Young (Concurrent Start) (G1 Evacuation Pause)
[2026-07-18T16:59:38.877+0000][info][gc,task     ] GC(78) Using 4 workers of 4 for evacuation
[2026-07-18T16:59:38.878+0000][info][gc,phases   ] GC(78)   Pre Evacuate Collection Set: 0.16ms
[2026-07-18T16:59:38.878+0000][info][gc,phases   ] GC(78)   Merge Heap Roots: 0.06ms
[2026-07-18T16:59:38.878+0000][info][gc,phases   ] GC(78)   Evacuate Collection Set: 0.11ms
[2026-07-18T16:59:38.878+0000][info][gc,phases   ] GC(78)   Post Evacuate Collection Set: 0.20ms
[2026-07-18T16:59:38.878+0000][info][gc,phases   ] GC(78)   Other: 0.09ms
[2026-07-18T16:59:38.878+0000][info][gc,heap     ] GC(78) Eden regions: 490->0(490)
[2026-07-18T16:59:38.878+0000][info][gc,heap     ] GC(78) Survivor regions: 0->0(62)
[2026-07-18T16:59:38.878+0000][info][gc,heap     ] GC(78) Old regions: 886->886
[2026-07-18T16:59:38.878+0000][info][gc,heap     ] GC(78) Humongous regions: 49->49
[2026-07-18T16:59:38.878+0000][info][gc,metaspace] GC(78) Metaspace: 409K(576K)->409K(576K) NonClass: 379K(448K)->379K(448K) Class: 29K(128K)->29K(128K)
[2026-07-18T16:59:38.878+0000][info][gc          ] GC(78) Pause Young (Concurrent Start) (G1 Evacuation Pause) 1424M->934M(1500M) 0.989ms
[2026-07-18T16:59:38.878+0000][info][gc,cpu      ] GC(78) User=0.00s Sys=0.00s Real=0.00s
[2026-07-18T16:59:38.878+0000][info][gc          ] GC(79) Concurrent Mark Cycle
[2026-07-18T16:59:38.882+0000][info][gc,marking  ] GC(79) Concurrent Scan Root Regions
[2026-07-18T16:59:38.882+0000][info][gc,marking  ] GC(79) Concurrent Scan Root Regions 0.051ms
[2026-07-18T16:59:38.882+0000][info][gc,marking  ] GC(79) Concurrent Mark
[2026-07-18T16:59:38.882+0000][info][gc,marking  ] GC(79) Concurrent Mark From Roots
[2026-07-18T16:59:38.882+0000][info][gc,task     ] GC(79) Using 1 workers of 1 for marking
[2026-07-18T16:59:38.963+0000][info][gc,start    ] GC(80) Pause Young (Normal) (G1 Evacuation Pause)
[2026-07-18T16:59:38.963+0000][info][gc,task     ] GC(80) Using 4 workers of 4 for evacuation
[2026-07-18T16:59:38.964+0000][info][gc,phases   ] GC(80)   Pre Evacuate Collection Set: 0.13ms
[2026-07-18T16:59:38.964+0000][info][gc,phases   ] GC(80)   Merge Heap Roots: 0.05ms
[2026-07-18T16:59:38.964+0000][info][gc,phases   ] GC(80)   Evacuate Collection Set: 0.07ms
[2026-07-18T16:59:38.964+0000][info][gc,phases   ] GC(80)   Post Evacuate Collection Set: 0.19ms
[2026-07-18T16:59:38.964+0000][info][gc,phases   ] GC(80)   Other: 0.06ms
[2026-07-18T16:59:38.964+0000][info][gc,heap     ] GC(80) Eden regions: 490->0(490)
[2026-07-18T16:59:38.964+0000][info][gc,heap     ] GC(80) Survivor regions: 0->0(62)
[2026-07-18T16:59:38.964+0000][info][gc,heap     ] GC(80) Old regions: 886->886
[2026-07-18T16:59:38.964+0000][info][gc,heap     ] GC(80) Humongous regions: 49->49
[2026-07-18T16:59:38.964+0000][info][gc,metaspace] GC(80) Metaspace: 409K(576K)->409K(576K) NonClass: 379K(448K)->379K(448K) Class: 29K(128K)->29K(128K)
[2026-07-18T16:59:38.964+0000][info][gc          ] GC(80) Pause Young (Normal) (G1 Evacuation Pause) 1424M->934M(1500M) 0.935ms
[2026-07-18T16:59:38.964+0000][info][gc,cpu      ] GC(80) User=0.01s Sys=0.00s Real=0.00s
[2026-07-18T16:59:39.041+0000][info][gc,marking  ] GC(79) Concurrent Mark From Roots 158.679ms
[2026-07-18T16:59:39.042+0000][info][gc,marking  ] GC(79) Concurrent Preclean
[2026-07-18T16:59:39.042+0000][info][gc,marking  ] GC(79) Concurrent Preclean 0.063ms
[2026-07-18T16:59:39.043+0000][info][gc,start    ] GC(79) Pause Remark
[2026-07-18T16:59:39.044+0000][info][gc          ] GC(79) Pause Remark 1377M->1377M(1500M) 0.373ms
[2026-07-18T16:59:39.044+0000][info][gc,cpu      ] GC(79) User=0.00s Sys=0.00s Real=0.00s
[2026-07-18T16:59:39.044+0000][info][gc,marking  ] GC(79) Concurrent Mark 161.666ms
[2026-07-18T16:59:39.047+0000][info][gc,marking  ] GC(79) Concurrent Rebuild Remembered Sets and Scrub Regions
[2026-07-18T16:59:39.051+0000][info][gc,start    ] GC(81) Pause Young (Normal) (G1 Evacuation Pause)
[2026-07-18T16:59:39.051+0000][info][gc,task     ] GC(81) Using 4 workers of 4 for evacuation
[2026-07-18T16:59:39.052+0000][info][gc,phases   ] GC(81)   Pre Evacuate Collection Set: 0.12ms
[2026-07-18T16:59:39.052+0000][info][gc,phases   ] GC(81)   Merge Heap Roots: 0.05ms
[2026-07-18T16:59:39.052+0000][info][gc,phases   ] GC(81)   Evacuate Collection Set: 0.07ms
[2026-07-18T16:59:39.052+0000][info][gc,phases   ] GC(81)   Post Evacuate Collection Set: 0.20ms
[2026-07-18T16:59:39.052+0000][info][gc,phases   ] GC(81)   Other: 0.11ms
[2026-07-18T16:59:39.052+0000][info][gc,heap     ] GC(81) Eden regions: 490->0(490)
[2026-07-18T16:59:39.052+0000][info][gc,heap     ] GC(81) Survivor regions: 0->0(62)
[2026-07-18T16:59:39.052+0000][info][gc,heap     ] GC(81) Old regions: 886->886
[2026-07-18T16:59:39.052+0000][info][gc,heap     ] GC(81) Humongous regions: 49->49
[2026-07-18T16:59:39.052+0000][info][gc,metaspace] GC(81) Metaspace: 409K(576K)->409K(576K) NonClass: 379K(448K)->379K(448K) Class: 29K(128K)->29K(128K)
[2026-07-18T16:59:39.052+0000][info][gc          ] GC(81) Pause Young (Normal) (G1 Evacuation Pause) 1424M->934M(1500M) 0.905ms
[2026-07-18T16:59:39.052+0000][info][gc,cpu      ] GC(81) User=0.00s Sys=0.00s Real=0.01s
[2026-07-18T16:59:39.119+0000][info][gc,marking  ] GC(79) Concurrent Rebuild Remembered Sets and Scrub Regions 71.983ms
[2026-07-18T16:59:39.120+0000][info][gc,start    ] GC(79) Pause Cleanup
[2026-07-18T16:59:39.120+0000][info][gc          ] GC(79) Pause Cleanup 1316M->1316M(1500M) 0.197ms
[2026-07-18T16:59:39.120+0000][info][gc,cpu      ] GC(79) User=0.00s Sys=0.00s Real=0.00s
[2026-07-18T16:59:39.121+0000][info][gc,marking  ] GC(79) Concurrent Clear Claimed Marks
[2026-07-18T16:59:39.124+0000][info][gc,marking  ] GC(79) Concurrent Clear Claimed Marks 3.400ms
[2026-07-18T16:59:39.124+0000][info][gc,marking  ] GC(79) Concurrent Cleanup for Next Mark
[2026-07-18T16:59:39.125+0000][info][gc,marking  ] GC(79) Concurrent Cleanup for Next Mark 0.615ms
[2026-07-18T16:59:39.125+0000][info][gc          ] GC(79) Concurrent Mark Cycle 246.556ms
[2026-07-18T16:59:39.139+0000][info][gc,start    ] GC(82) Pause Young (Prepare Mixed) (G1 Evacuation Pause)
[2026-07-18T16:59:39.139+0000][info][gc,task     ] GC(82) Using 4 workers of 4 for evacuation
[2026-07-18T16:59:39.139+0000][info][gc,phases   ] GC(82)   Pre Evacuate Collection Set: 0.13ms
[2026-07-18T16:59:39.139+0000][info][gc,phases   ] GC(82)   Merge Heap Roots: 0.05ms
[2026-07-18T16:59:39.139+0000][info][gc,phases   ] GC(82)   Evacuate Collection Set: 0.07ms
[2026-07-18T16:59:39.139+0000][info][gc,phases   ] GC(82)   Post Evacuate Collection Set: 0.22ms
[2026-07-18T16:59:39.139+0000][info][gc,phases   ] GC(82)   Other: 0.06ms
[2026-07-18T16:59:39.139+0000][info][gc,heap     ] GC(82) Eden regions: 490->0(490)
[2026-07-18T16:59:39.139+0000][info][gc,heap     ] GC(82) Survivor regions: 0->0(62)
[2026-07-18T16:59:39.139+0000][info][gc,heap     ] GC(82) Old regions: 886->886
[2026-07-18T16:59:39.139+0000][info][gc,heap     ] GC(82) Humongous regions: 49->49
[2026-07-18T16:59:39.139+0000][info][gc,metaspace] GC(82) Metaspace: 409K(576K)->409K(576K) NonClass: 379K(448K)->379K(448K) Class: 29K(128K)->29K(128K)
[2026-07-18T16:59:39.140+0000][info][gc          ] GC(82) Pause Young (Prepare Mixed) (G1 Evacuation Pause) 1424M->934M(1500M) 0.922ms
[2026-07-18T16:59:39.140+0000][info][gc,cpu      ] GC(82) User=0.00s Sys=0.00s Real=0.00s
[2026-07-18T16:59:39.216+0000][info][gc,start    ] GC(83) Pause Young (Mixed) (G1 Evacuation Pause)
[2026-07-18T16:59:39.216+0000][info][gc,task     ] GC(83) Using 4 workers of 4 for evacuation
[2026-07-18T16:59:39.217+0000][info][gc,phases   ] GC(83)   Pre Evacuate Collection Set: 0.14ms
[2026-07-18T16:59:39.217+0000][info][gc,phases   ] GC(83)   Merge Heap Roots: 0.06ms
[2026-07-18T16:59:39.217+0000][info][gc,phases   ] GC(83)   Evacuate Collection Set: 0.23ms
[2026-07-18T16:59:39.217+0000][info][gc,phases   ] GC(83)   Post Evacuate Collection Set: 0.22ms
[2026-07-18T16:59:39.217+0000][info][gc,phases   ] GC(83)   Other: 0.05ms
[2026-07-18T16:59:39.217+0000][info][gc,heap     ] GC(83) Eden regions: 490->0(491)
[2026-07-18T16:59:39.217+0000][info][gc,heap     ] GC(83) Survivor regions: 0->0(62)
[2026-07-18T16:59:39.217+0000][info][gc,heap     ] GC(83) Old regions: 886->885
[2026-07-18T16:59:39.217+0000][info][gc,heap     ] GC(83) Humongous regions: 49->49
[2026-07-18T16:59:39.217+0000][info][gc,metaspace] GC(83) Metaspace: 409K(576K)->409K(576K) NonClass: 379K(448K)->379K(448K) Class: 29K(128K)->29K(128K)
[2026-07-18T16:59:39.217+0000][info][gc          ] GC(83) Pause Young (Mixed) (G1 Evacuation Pause) 1424M->933M(1500M) 1.092ms
[2026-07-18T16:59:39.217+0000][info][gc,cpu      ] GC(83) User=0.00s Sys=0.00s Real=0.00s
[2026-07-18T16:59:39.294+0000][info][gc,start    ] GC(84) Pause Young (Concurrent Start) (G1 Evacuation Pause)
[2026-07-18T16:59:39.294+0000][info][gc,task     ] GC(84) Using 4 workers of 4 for evacuation
[2026-07-18T16:59:39.294+0000][info][gc,phases   ] GC(84)   Pre Evacuate Collection Set: 0.14ms
[2026-07-18T16:59:39.295+0000][info][gc,phases   ] GC(84)   Merge Heap Roots: 0.05ms
[2026-07-18T16:59:39.295+0000][info][gc,phases   ] GC(84)   Evacuate Collection Set: 0.10ms
[2026-07-18T16:59:39.295+0000][info][gc,phases   ] GC(84)   Post Evacuate Collection Set: 0.20ms
[2026-07-18T16:59:39.295+0000][info][gc,phases   ] GC(84)   Other: 0.09ms
[2026-07-18T16:59:39.295+0000][info][gc,heap     ] GC(84) Eden regions: 491->0(491)
[2026-07-18T16:59:39.295+0000][info][gc,heap     ] GC(84) Survivor regions: 0->0(62)
[2026-07-18T16:59:39.295+0000][info][gc,heap     ] GC(84) Old regions: 885->885
[2026-07-18T16:59:39.295+0000][info][gc,heap     ] GC(84) Humongous regions: 49->49
[2026-07-18T16:59:39.295+0000][info][gc,metaspace] GC(84) Metaspace: 409K(576K)->409K(576K) NonClass: 379K(448K)->379K(448K) Class: 29K(128K)->29K(128K)
[2026-07-18T16:59:39.295+0000][info][gc          ] GC(84) Pause Young (Concurrent Start) (G1 Evacuation Pause) 1424M->933M(1500M) 0.973ms
[2026-07-18T16:59:39.295+0000][info][gc,cpu      ] GC(84) User=0.00s Sys=0.00s Real=0.00s
[2026-07-18T16:59:39.295+0000][info][gc          ] GC(85) Concurrent Mark Cycle
[2026-07-18T16:59:39.298+0000][info][gc,marking  ] GC(85) Concurrent Scan Root Regions
[2026-07-18T16:59:39.298+0000][info][gc,marking  ] GC(85) Concurrent Scan Root Regions 0.048ms
[2026-07-18T16:59:39.298+0000][info][gc,marking  ] GC(85) Concurrent Mark
[2026-07-18T16:59:39.298+0000][info][gc,marking  ] GC(85) Concurrent Mark From Roots
[2026-07-18T16:59:39.298+0000][info][gc,task     ] GC(85) Using 1 workers of 1 for marking
[2026-07-18T16:59:39.385+0000][info][gc,start    ] GC(86) Pause Young (Normal) (G1 Evacuation Pause)
[2026-07-18T16:59:39.385+0000][info][gc,task     ] GC(86) Using 4 workers of 4 for evacuation
[2026-07-18T16:59:39.386+0000][info][gc,phases   ] GC(86)   Pre Evacuate Collection Set: 0.14ms
[2026-07-18T16:59:39.386+0000][info][gc,phases   ] GC(86)   Merge Heap Roots: 0.05ms
[2026-07-18T16:59:39.386+0000][info][gc,phases   ] GC(86)   Evacuate Collection Set: 0.08ms
[2026-07-18T16:59:39.386+0000][info][gc,phases   ] GC(86)   Post Evacuate Collection Set: 0.20ms
[2026-07-18T16:59:39.386+0000][info][gc,phases   ] GC(86)   Other: 0.07ms
[2026-07-18T16:59:39.386+0000][info][gc,heap     ] GC(86) Eden regions: 491->0(491)
[2026-07-18T16:59:39.386+0000][info][gc,heap     ] GC(86) Survivor regions: 0->0(62)
[2026-07-18T16:59:39.386+0000][info][gc,heap     ] GC(86) Old regions: 885->885
[2026-07-18T16:59:39.386+0000][info][gc,heap     ] GC(86) Humongous regions: 49->49
[2026-07-18T16:59:39.386+0000][info][gc,metaspace] GC(86) Metaspace: 409K(576K)->409K(576K) NonClass: 379K(448K)->379K(448K) Class: 29K(128K)->29K(128K)
[2026-07-18T16:59:39.386+0000][info][gc          ] GC(86) Pause Young (Normal) (G1 Evacuation Pause) 1424M->933M(1500M) 0.949ms
[2026-07-18T16:59:39.386+0000][info][gc,cpu      ] GC(86) User=0.00s Sys=0.00s Real=0.00s
[2026-07-18T16:59:39.458+0000][info][gc,marking  ] GC(85) Concurrent Mark From Roots 159.830ms
[2026-07-18T16:59:39.461+0000][info][gc,marking  ] GC(85) Concurrent Preclean
[2026-07-18T16:59:39.461+0000][info][gc,marking  ] GC(85) Concurrent Preclean 0.064ms
[2026-07-18T16:59:39.462+0000][info][gc,start    ] GC(85) Pause Remark
[2026-07-18T16:59:39.463+0000][info][gc          ] GC(85) Pause Remark 1361M->1361M(1500M) 0.474ms
[2026-07-18T16:59:39.463+0000][info][gc,cpu      ] GC(85) User=0.00s Sys=0.00s Real=0.00s
[2026-07-18T16:59:39.463+0000][info][gc,marking  ] GC(85) Concurrent Mark 164.752ms
[2026-07-18T16:59:39.466+0000][info][gc,marking  ] GC(85) Concurrent Rebuild Remembered Sets and Scrub Regions
[2026-07-18T16:59:39.473+0000][info][gc,start    ] GC(87) Pause Young (Normal) (G1 Evacuation Pause)
[2026-07-18T16:59:39.474+0000][info][gc,task     ] GC(87) Using 4 workers of 4 for evacuation
[2026-07-18T16:59:39.474+0000][info][gc,phases   ] GC(87)   Pre Evacuate Collection Set: 0.13ms
[2026-07-18T16:59:39.474+0000][info][gc,phases   ] GC(87)   Merge Heap Roots: 0.06ms
[2026-07-18T16:59:39.474+0000][info][gc,phases   ] GC(87)   Evacuate Collection Set: 0.07ms
[2026-07-18T16:59:39.474+0000][info][gc,phases   ] GC(87)   Post Evacuate Collection Set: 0.21ms
[2026-07-18T16:59:39.474+0000][info][gc,phases   ] GC(87)   Other: 0.06ms
[2026-07-18T16:59:39.474+0000][info][gc,heap     ] GC(87) Eden regions: 491->0(491)
[2026-07-18T16:59:39.474+0000][info][gc,heap     ] GC(87) Survivor regions: 0->0(62)
[2026-07-18T16:59:39.474+0000][info][gc,heap     ] GC(87) Old regions: 885->885
[2026-07-18T16:59:39.474+0000][info][gc,heap     ] GC(87) Humongous regions: 49->49
[2026-07-18T16:59:39.474+0000][info][gc,metaspace] GC(87) Metaspace: 409K(576K)->409K(576K) NonClass: 379K(448K)->379K(448K) Class: 29K(128K)->29K(128K)
[2026-07-18T16:59:39.474+0000][info][gc          ] GC(87) Pause Young (Normal) (G1 Evacuation Pause) 1424M->933M(1500M) 0.863ms
[2026-07-18T16:59:39.474+0000][info][gc,cpu      ] GC(87) User=0.00s Sys=0.00s Real=0.00s
[2026-07-18T16:59:39.539+0000][info][gc,marking  ] GC(85) Concurrent Rebuild Remembered Sets and Scrub Regions 73.138ms
[2026-07-18T16:59:39.540+0000][info][gc,start    ] GC(85) Pause Cleanup
[2026-07-18T16:59:39.540+0000][info][gc          ] GC(85) Pause Cleanup 1263M->1263M(1500M) 0.151ms
[2026-07-18T16:59:39.540+0000][info][gc,cpu      ] GC(85) User=0.00s Sys=0.00s Real=0.00s
[2026-07-18T16:59:39.540+0000][info][gc,marking  ] GC(85) Concurrent Clear Claimed Marks
[2026-07-18T16:59:39.544+0000][info][gc,marking  ] GC(85) Concurrent Clear Claimed Marks 3.772ms
[2026-07-18T16:59:39.544+0000][info][gc,marking  ] GC(85) Concurrent Cleanup for Next Mark
[2026-07-18T16:59:39.545+0000][info][gc,marking  ] GC(85) Concurrent Cleanup for Next Mark 0.660ms
[2026-07-18T16:59:39.545+0000][info][gc          ] GC(85) Concurrent Mark Cycle 249.881ms
[2026-07-18T16:59:39.576+0000][info][gc,start    ] GC(88) Pause Young (Prepare Mixed) (G1 Evacuation Pause)
[2026-07-18T16:59:39.576+0000][info][gc,task     ] GC(88) Using 4 workers of 4 for evacuation
[2026-07-18T16:59:39.577+0000][info][gc,phases   ] GC(88)   Pre Evacuate Collection Set: 0.16ms
[2026-07-18T16:59:39.577+0000][info][gc,phases   ] GC(88)   Merge Heap Roots: 0.03ms
[2026-07-18T16:59:39.577+0000][info][gc,phases   ] GC(88)   Evacuate Collection Set: 0.07ms
[2026-07-18T16:59:39.577+0000][info][gc,phases   ] GC(88)   Post Evacuate Collection Set: 0.24ms
[2026-07-18T16:59:39.577+0000][info][gc,phases   ] GC(88)   Other: 0.07ms
[2026-07-18T16:59:39.577+0000][info][gc,heap     ] GC(88) Eden regions: 491->0(491)
[2026-07-18T16:59:39.577+0000][info][gc,heap     ] GC(88) Survivor regions: 0->0(62)
[2026-07-18T16:59:39.577+0000][info][gc,heap     ] GC(88) Old regions: 885->885
[2026-07-18T16:59:39.577+0000][info][gc,heap     ] GC(88) Humongous regions: 49->49
[2026-07-18T16:59:39.577+0000][info][gc,metaspace] GC(88) Metaspace: 409K(576K)->409K(576K) NonClass: 379K(448K)->379K(448K) Class: 29K(128K)->29K(128K)
[2026-07-18T16:59:39.577+0000][info][gc          ] GC(88) Pause Young (Prepare Mixed) (G1 Evacuation Pause) 1424M->933M(1500M) 0.809ms
[2026-07-18T16:59:39.577+0000][info][gc,cpu      ] GC(88) User=0.01s Sys=0.00s Real=0.00s
[2026-07-18T16:59:39.669+0000][info][gc,start    ] GC(89) Pause Young (Mixed) (G1 Evacuation Pause)
[2026-07-18T16:59:39.669+0000][info][gc,task     ] GC(89) Using 4 workers of 4 for evacuation
[2026-07-18T16:59:39.670+0000][info][gc,phases   ] GC(89)   Pre Evacuate Collection Set: 0.19ms
[2026-07-18T16:59:39.670+0000][info][gc,phases   ] GC(89)   Merge Heap Roots: 0.05ms
[2026-07-18T16:59:39.670+0000][info][gc,phases   ] GC(89)   Evacuate Collection Set: 0.27ms
[2026-07-18T16:59:39.670+0000][info][gc,phases   ] GC(89)   Post Evacuate Collection Set: 0.28ms
[2026-07-18T16:59:39.670+0000][info][gc,phases   ] GC(89)   Other: 0.08ms
[2026-07-18T16:59:39.670+0000][info][gc,heap     ] GC(89) Eden regions: 491->0(491)
[2026-07-18T16:59:39.670+0000][info][gc,heap     ] GC(89) Survivor regions: 0->0(62)
[2026-07-18T16:59:39.670+0000][info][gc,heap     ] GC(89) Old regions: 885->885
[2026-07-18T16:59:39.670+0000][info][gc,heap     ] GC(89) Humongous regions: 49->49
[2026-07-18T16:59:39.670+0000][info][gc,metaspace] GC(89) Metaspace: 409K(576K)->409K(576K) NonClass: 379K(448K)->379K(448K) Class: 29K(128K)->29K(128K)
[2026-07-18T16:59:39.671+0000][info][gc          ] GC(89) Pause Young (Mixed) (G1 Evacuation Pause) 1424M->933M(1500M) 1.472ms
[2026-07-18T16:59:39.671+0000][info][gc,cpu      ] GC(89) User=0.01s Sys=0.01s Real=0.00s
[2026-07-18T16:59:39.753+0000][info][gc,start    ] GC(90) Pause Young (Concurrent Start) (G1 Evacuation Pause)
[2026-07-18T16:59:39.753+0000][info][gc,task     ] GC(90) Using 4 workers of 4 for evacuation
[2026-07-18T16:59:39.754+0000][info][gc,phases   ] GC(90)   Pre Evacuate Collection Set: 0.13ms
[2026-07-18T16:59:39.754+0000][info][gc,phases   ] GC(90)   Merge Heap Roots: 0.05ms
[2026-07-18T16:59:39.754+0000][info][gc,phases   ] GC(90)   Evacuate Collection Set: 0.11ms
[2026-07-18T16:59:39.754+0000][info][gc,phases   ] GC(90)   Post Evacuate Collection Set: 0.19ms
[2026-07-18T16:59:39.754+0000][info][gc,phases   ] GC(90)   Other: 0.12ms
[2026-07-18T16:59:39.754+0000][info][gc,heap     ] GC(90) Eden regions: 491->0(491)
[2026-07-18T16:59:39.754+0000][info][gc,heap     ] GC(90) Survivor regions: 0->0(62)
[2026-07-18T16:59:39.754+0000][info][gc,heap     ] GC(90) Old regions: 885->885
[2026-07-18T16:59:39.754+0000][info][gc,heap     ] GC(90) Humongous regions: 49->49
[2026-07-18T16:59:39.754+0000][info][gc,metaspace] GC(90) Metaspace: 409K(576K)->409K(576K) NonClass: 379K(448K)->379K(448K) Class: 29K(128K)->29K(128K)
[2026-07-18T16:59:39.754+0000][info][gc          ] GC(90) Pause Young (Concurrent Start) (G1 Evacuation Pause) 1424M->933M(1500M) 0.911ms
[2026-07-18T16:59:39.754+0000][info][gc,cpu      ] GC(90) User=0.00s Sys=0.00s Real=0.00s
[2026-07-18T16:59:39.754+0000][info][gc          ] GC(91) Concurrent Mark Cycle
[2026-07-18T16:59:39.757+0000][info][gc,marking  ] GC(91) Concurrent Scan Root Regions
[2026-07-18T16:59:39.757+0000][info][gc,marking  ] GC(91) Concurrent Scan Root Regions 0.046ms
[2026-07-18T16:59:39.757+0000][info][gc,marking  ] GC(91) Concurrent Mark
[2026-07-18T16:59:39.757+0000][info][gc,marking  ] GC(91) Concurrent Mark From Roots
[2026-07-18T16:59:39.757+0000][info][gc,task     ] GC(91) Using 1 workers of 1 for marking
[2026-07-18T16:59:39.862+0000][info][gc,start    ] GC(92) Pause Young (Normal) (G1 Evacuation Pause)
[2026-07-18T16:59:39.862+0000][info][gc,task     ] GC(92) Using 4 workers of 4 for evacuation
[2026-07-18T16:59:39.863+0000][info][gc,phases   ] GC(92)   Pre Evacuate Collection Set: 0.21ms
[2026-07-18T16:59:39.863+0000][info][gc,phases   ] GC(92)   Merge Heap Roots: 0.07ms
[2026-07-18T16:59:39.863+0000][info][gc,phases   ] GC(92)   Evacuate Collection Set: 0.11ms
[2026-07-18T16:59:39.863+0000][info][gc,phases   ] GC(92)   Post Evacuate Collection Set: 0.22ms
[2026-07-18T16:59:39.863+0000][info][gc,phases   ] GC(92)   Other: 0.15ms
[2026-07-18T16:59:39.863+0000][info][gc,heap     ] GC(92) Eden regions: 491->0(491)
[2026-07-18T16:59:39.863+0000][info][gc,heap     ] GC(92) Survivor regions: 0->0(62)
[2026-07-18T16:59:39.863+0000][info][gc,heap     ] GC(92) Old regions: 885->885
[2026-07-18T16:59:39.863+0000][info][gc,heap     ] GC(92) Humongous regions: 49->49
[2026-07-18T16:59:39.863+0000][info][gc,metaspace] GC(92) Metaspace: 409K(576K)->409K(576K) NonClass: 379K(448K)->379K(448K) Class: 29K(128K)->29K(128K)
[2026-07-18T16:59:39.863+0000][info][gc          ] GC(92) Pause Young (Normal) (G1 Evacuation Pause) 1424M->933M(1500M) 1.296ms
[2026-07-18T16:59:39.863+0000][info][gc,cpu      ] GC(92) User=0.00s Sys=0.00s Real=0.01s
[2026-07-18T16:59:39.925+0000][info][gc,marking  ] GC(91) Concurrent Mark From Roots 167.479ms
[2026-07-18T16:59:39.925+0000][info][gc,marking  ] GC(91) Concurrent Preclean
[2026-07-18T16:59:39.925+0000][info][gc,marking  ] GC(91) Concurrent Preclean 0.045ms
[2026-07-18T16:59:39.925+0000][info][gc,start    ] GC(91) Pause Remark
[2026-07-18T16:59:39.925+0000][info][gc          ] GC(91) Pause Remark 1283M->1283M(1500M) 0.417ms
[2026-07-18T16:59:39.925+0000][info][gc,cpu      ] GC(91) User=0.00s Sys=0.00s Real=0.00s
[2026-07-18T16:59:39.926+0000][info][gc,marking  ] GC(91) Concurrent Mark 168.492ms
[2026-07-18T16:59:39.929+0000][info][gc,marking  ] GC(91) Concurrent Rebuild Remembered Sets and Scrub Regions
[2026-07-18T16:59:39.950+0000][info][gc,start    ] GC(93) Pause Young (Normal) (G1 Evacuation Pause)
[2026-07-18T16:59:39.950+0000][info][gc,task     ] GC(93) Using 4 workers of 4 for evacuation
[2026-07-18T16:59:39.951+0000][info][gc,phases   ] GC(93)   Pre Evacuate Collection Set: 0.14ms
[2026-07-18T16:59:39.951+0000][info][gc,phases   ] GC(93)   Merge Heap Roots: 0.05ms
[2026-07-18T16:59:39.951+0000][info][gc,phases   ] GC(93)   Evacuate Collection Set: 0.08ms
[2026-07-18T16:59:39.951+0000][info][gc,phases   ] GC(93)   Post Evacuate Collection Set: 0.20ms
[2026-07-18T16:59:39.951+0000][info][gc,phases   ] GC(93)   Other: 0.06ms
[2026-07-18T16:59:39.951+0000][info][gc,heap     ] GC(93) Eden regions: 491->0(491)
[2026-07-18T16:59:39.951+0000][info][gc,heap     ] GC(93) Survivor regions: 0->0(62)
[2026-07-18T16:59:39.951+0000][info][gc,heap     ] GC(93) Old regions: 885->885
[2026-07-18T16:59:39.951+0000][info][gc,heap     ] GC(93) Humongous regions: 49->49
[2026-07-18T16:59:39.951+0000][info][gc,metaspace] GC(93) Metaspace: 409K(576K)->409K(576K) NonClass: 379K(448K)->379K(448K) Class: 29K(128K)->29K(128K)
[2026-07-18T16:59:39.951+0000][info][gc          ] GC(93) Pause Young (Normal) (G1 Evacuation Pause) 1424M->933M(1500M) 0.919ms
[2026-07-18T16:59:39.951+0000][info][gc,cpu      ] GC(93) User=0.00s Sys=0.00s Real=0.00s
[2026-07-18T16:59:40.002+0000][info][gc,marking  ] GC(91) Concurrent Rebuild Remembered Sets and Scrub Regions 72.760ms
[2026-07-18T16:59:40.002+0000][info][gc,start    ] GC(91) Pause Cleanup
[2026-07-18T16:59:40.002+0000][info][gc          ] GC(91) Pause Cleanup 1225M->1225M(1500M) 0.157ms
[2026-07-18T16:59:40.002+0000][info][gc,cpu      ] GC(91) User=0.00s Sys=0.00s Real=0.00s
[2026-07-18T16:59:40.002+0000][info][gc,marking  ] GC(91) Concurrent Clear Claimed Marks
[2026-07-18T16:59:40.006+0000][info][gc,marking  ] GC(91) Concurrent Clear Claimed Marks 3.713ms
[2026-07-18T16:59:40.006+0000][info][gc,marking  ] GC(91) Concurrent Cleanup for Next Mark
[2026-07-18T16:59:40.007+0000][info][gc,marking  ] GC(91) Concurrent Cleanup for Next Mark 0.658ms
[2026-07-18T16:59:40.007+0000][info][gc          ] GC(91) Concurrent Mark Cycle 252.789ms
[2026-07-18T16:59:40.037+0000][info][gc,start    ] GC(94) Pause Young (Prepare Mixed) (G1 Evacuation Pause)
[2026-07-18T16:59:40.037+0000][info][gc,task     ] GC(94) Using 4 workers of 4 for evacuation
[2026-07-18T16:59:40.038+0000][info][gc,phases   ] GC(94)   Pre Evacuate Collection Set: 0.13ms
[2026-07-18T16:59:40.038+0000][info][gc,phases   ] GC(94)   Merge Heap Roots: 0.05ms
[2026-07-18T16:59:40.038+0000][info][gc,phases   ] GC(94)   Evacuate Collection Set: 0.09ms
[2026-07-18T16:59:40.038+0000][info][gc,phases   ] GC(94)   Post Evacuate Collection Set: 0.21ms
[2026-07-18T16:59:40.038+0000][info][gc,phases   ] GC(94)   Other: 0.06ms
[2026-07-18T16:59:40.038+0000][info][gc,heap     ] GC(94) Eden regions: 491->0(491)
[2026-07-18T16:59:40.038+0000][info][gc,heap     ] GC(94) Survivor regions: 0->0(62)
[2026-07-18T16:59:40.038+0000][info][gc,heap     ] GC(94) Old regions: 885->885
[2026-07-18T16:59:40.038+0000][info][gc,heap     ] GC(94) Humongous regions: 49->49
[2026-07-18T16:59:40.038+0000][info][gc,metaspace] GC(94) Metaspace: 409K(576K)->409K(576K) NonClass: 379K(448K)->379K(448K) Class: 29K(128K)->29K(128K)
[2026-07-18T16:59:40.038+0000][info][gc          ] GC(94) Pause Young (Prepare Mixed) (G1 Evacuation Pause) 1424M->933M(1500M) 0.948ms
[2026-07-18T16:59:40.038+0000][info][gc,cpu      ] GC(94) User=0.00s Sys=0.00s Real=0.00s
[2026-07-18T16:59:40.115+0000][info][gc,start    ] GC(95) Pause Young (Mixed) (G1 Evacuation Pause)
[2026-07-18T16:59:40.115+0000][info][gc,task     ] GC(95) Using 4 workers of 4 for evacuation
[2026-07-18T16:59:40.116+0000][info][gc,phases   ] GC(95)   Pre Evacuate Collection Set: 0.14ms
[2026-07-18T16:59:40.116+0000][info][gc,phases   ] GC(95)   Merge Heap Roots: 0.06ms
[2026-07-18T16:59:40.116+0000][info][gc,phases   ] GC(95)   Evacuate Collection Set: 0.21ms
[2026-07-18T16:59:40.116+0000][info][gc,phases   ] GC(95)   Post Evacuate Collection Set: 0.20ms
[2026-07-18T16:59:40.116+0000][info][gc,phases   ] GC(95)   Other: 0.06ms
[2026-07-18T16:59:40.116+0000][info][gc,heap     ] GC(95) Eden regions: 491->0(491)
[2026-07-18T16:59:40.116+0000][info][gc,heap     ] GC(95) Survivor regions: 0->0(62)
[2026-07-18T16:59:40.116+0000][info][gc,heap     ] GC(95) Old regions: 885->885
[2026-07-18T16:59:40.116+0000][info][gc,heap     ] GC(95) Humongous regions: 49->49
[2026-07-18T16:59:40.116+0000][info][gc,metaspace] GC(95) Metaspace: 409K(576K)->409K(576K) NonClass: 379K(448K)->379K(448K) Class: 29K(128K)->29K(128K)
[2026-07-18T16:59:40.116+0000][info][gc          ] GC(95) Pause Young (Mixed) (G1 Evacuation Pause) 1424M->933M(1500M) 1.048ms
[2026-07-18T16:59:40.116+0000][info][gc,cpu      ] GC(95) User=0.00s Sys=0.00s Real=0.00s
[2026-07-18T16:59:40.204+0000][info][gc,start    ] GC(96) Pause Young (Concurrent Start) (G1 Evacuation Pause)
[2026-07-18T16:59:40.204+0000][info][gc,task     ] GC(96) Using 4 workers of 4 for evacuation
[2026-07-18T16:59:40.205+0000][info][gc,phases   ] GC(96)   Pre Evacuate Collection Set: 0.48ms
[2026-07-18T16:59:40.205+0000][info][gc,phases   ] GC(96)   Merge Heap Roots: 0.05ms
[2026-07-18T16:59:40.205+0000][info][gc,phases   ] GC(96)   Evacuate Collection Set: 0.14ms
[2026-07-18T16:59:40.205+0000][info][gc,phases   ] GC(96)   Post Evacuate Collection Set: 0.23ms
[2026-07-18T16:59:40.205+0000][info][gc,phases   ] GC(96)   Other: 0.15ms
[2026-07-18T16:59:40.205+0000][info][gc,heap     ] GC(96) Eden regions: 491->0(491)
[2026-07-18T16:59:40.205+0000][info][gc,heap     ] GC(96) Survivor regions: 0->0(62)
[2026-07-18T16:59:40.206+0000][info][gc,heap     ] GC(96) Old regions: 885->885
[2026-07-18T16:59:40.206+0000][info][gc,heap     ] GC(96) Humongous regions: 49->49
[2026-07-18T16:59:40.206+0000][info][gc,metaspace] GC(96) Metaspace: 409K(576K)->409K(576K) NonClass: 379K(448K)->379K(448K) Class: 29K(128K)->29K(128K)
[2026-07-18T16:59:40.206+0000][info][gc          ] GC(96) Pause Young (Concurrent Start) (G1 Evacuation Pause) 1424M->933M(1500M) 1.738ms
[2026-07-18T16:59:40.206+0000][info][gc,cpu      ] GC(96) User=0.00s Sys=0.01s Real=0.00s
[2026-07-18T16:59:40.206+0000][info][gc          ] GC(97) Concurrent Mark Cycle
[2026-07-18T16:59:40.209+0000][info][gc,marking  ] GC(97) Concurrent Scan Root Regions
[2026-07-18T16:59:40.209+0000][info][gc,marking  ] GC(97) Concurrent Scan Root Regions 0.201ms
[2026-07-18T16:59:40.209+0000][info][gc,marking  ] GC(97) Concurrent Mark
[2026-07-18T16:59:40.209+0000][info][gc,marking  ] GC(97) Concurrent Mark From Roots
[2026-07-18T16:59:40.209+0000][info][gc,task     ] GC(97) Using 1 workers of 1 for marking
[2026-07-18T16:59:40.302+0000][info][gc,start    ] GC(98) Pause Young (Normal) (G1 Evacuation Pause)
[2026-07-18T16:59:40.302+0000][info][gc,task     ] GC(98) Using 4 workers of 4 for evacuation
[2026-07-18T16:59:40.303+0000][info][gc,phases   ] GC(98)   Pre Evacuate Collection Set: 0.22ms
[2026-07-18T16:59:40.303+0000][info][gc,phases   ] GC(98)   Merge Heap Roots: 0.05ms
[2026-07-18T16:59:40.303+0000][info][gc,phases   ] GC(98)   Evacuate Collection Set: 0.12ms
[2026-07-18T16:59:40.303+0000][info][gc,phases   ] GC(98)   Post Evacuate Collection Set: 0.27ms
[2026-07-18T16:59:40.303+0000][info][gc,phases   ] GC(98)   Other: 0.07ms
[2026-07-18T16:59:40.303+0000][info][gc,heap     ] GC(98) Eden regions: 491->0(491)
[2026-07-18T16:59:40.303+0000][info][gc,heap     ] GC(98) Survivor regions: 0->0(62)
[2026-07-18T16:59:40.303+0000][info][gc,heap     ] GC(98) Old regions: 885->885
[2026-07-18T16:59:40.303+0000][info][gc,heap     ] GC(98) Humongous regions: 49->49
[2026-07-18T16:59:40.303+0000][info][gc,metaspace] GC(98) Metaspace: 409K(576K)->409K(576K) NonClass: 379K(448K)->379K(448K) Class: 29K(128K)->29K(128K)
[2026-07-18T16:59:40.303+0000][info][gc          ] GC(98) Pause Young (Normal) (G1 Evacuation Pause) 1424M->933M(1500M) 1.144ms
[2026-07-18T16:59:40.303+0000][info][gc,cpu      ] GC(98) User=0.01s Sys=0.00s Real=0.00s
[2026-07-18T16:59:40.373+0000][info][gc,marking  ] GC(97) Concurrent Mark From Roots 163.981ms
[2026-07-18T16:59:40.375+0000][info][gc,marking  ] GC(97) Concurrent Preclean
[2026-07-18T16:59:40.375+0000][info][gc,marking  ] GC(97) Concurrent Preclean 0.125ms
[2026-07-18T16:59:40.376+0000][info][gc,start    ] GC(97) Pause Remark
[2026-07-18T16:59:40.377+0000][info][gc          ] GC(97) Pause Remark 1269M->1269M(1500M) 0.484ms
[2026-07-18T16:59:40.377+0000][info][gc,cpu      ] GC(97) User=0.00s Sys=0.00s Real=0.00s
[2026-07-18T16:59:40.377+0000][info][gc,marking  ] GC(97) Concurrent Mark 167.436ms
[2026-07-18T16:59:40.380+0000][info][gc,marking  ] GC(97) Concurrent Rebuild Remembered Sets and Scrub Regions
[2026-07-18T16:59:40.410+0000][info][gc,start    ] GC(99) Pause Young (Normal) (G1 Evacuation Pause)
[2026-07-18T16:59:40.410+0000][info][gc,task     ] GC(99) Using 4 workers of 4 for evacuation
[2026-07-18T16:59:40.411+0000][info][gc,phases   ] GC(99)   Pre Evacuate Collection Set: 0.26ms
[2026-07-18T16:59:40.411+0000][info][gc,phases   ] GC(99)   Merge Heap Roots: 0.07ms
[2026-07-18T16:59:40.411+0000][info][gc,phases   ] GC(99)   Evacuate Collection Set: 0.10ms
[2026-07-18T16:59:40.411+0000][info][gc,phases   ] GC(99)   Post Evacuate Collection Set: 0.23ms
[2026-07-18T16:59:40.411+0000][info][gc,phases   ] GC(99)   Other: 0.09ms
[2026-07-18T16:59:40.411+0000][info][gc,heap     ] GC(99) Eden regions: 491->0(491)
[2026-07-18T16:59:40.411+0000][info][gc,heap     ] GC(99) Survivor regions: 0->0(62)
[2026-07-18T16:59:40.411+0000][info][gc,heap     ] GC(99) Old regions: 885->885
[2026-07-18T16:59:40.411+0000][info][gc,heap     ] GC(99) Humongous regions: 49->49
[2026-07-18T16:59:40.411+0000][info][gc,metaspace] GC(99) Metaspace: 409K(576K)->409K(576K) NonClass: 379K(448K)->379K(448K) Class: 29K(128K)->29K(128K)
[2026-07-18T16:59:40.411+0000][info][gc          ] GC(99) Pause Young (Normal) (G1 Evacuation Pause) 1424M->933M(1500M) 1.115ms
[2026-07-18T16:59:40.411+0000][info][gc,cpu      ] GC(99) User=0.00s Sys=0.00s Real=0.00s
[2026-07-18T16:59:40.455+0000][info][gc,marking  ] GC(97) Concurrent Rebuild Remembered Sets and Scrub Regions 74.636ms
[2026-07-18T16:59:40.458+0000][info][gc,start    ] GC(97) Pause Cleanup
[2026-07-18T16:59:40.458+0000][info][gc          ] GC(97) Pause Cleanup 1157M->1157M(1500M) 0.206ms
[2026-07-18T16:59:40.458+0000][info][gc,cpu      ] GC(97) User=0.00s Sys=0.00s Real=0.00s
[2026-07-18T16:59:40.458+0000][info][gc,marking  ] GC(97) Concurrent Clear Claimed Marks
[2026-07-18T16:59:40.462+0000][info][gc,marking  ] GC(97) Concurrent Clear Claimed Marks 3.531ms
[2026-07-18T16:59:40.462+0000][info][gc,marking  ] GC(97) Concurrent Cleanup for Next Mark
[2026-07-18T16:59:40.463+0000][info][gc,marking  ] GC(97) Concurrent Cleanup for Next Mark 0.686ms
[2026-07-18T16:59:40.463+0000][info][gc          ] GC(97) Concurrent Mark Cycle 257.098ms
[2026-07-18T16:59:40.509+0000][info][gc,start    ] GC(100) Pause Young (Prepare Mixed) (G1 Evacuation Pause)
[2026-07-18T16:59:40.509+0000][info][gc,task     ] GC(100) Using 4 workers of 4 for evacuation
[2026-07-18T16:59:40.510+0000][info][gc,phases   ] GC(100)   Pre Evacuate Collection Set: 0.28ms
[2026-07-18T16:59:40.510+0000][info][gc,phases   ] GC(100)   Merge Heap Roots: 0.10ms
[2026-07-18T16:59:40.510+0000][info][gc,phases   ] GC(100)   Evacuate Collection Set: 0.21ms
[2026-07-18T16:59:40.510+0000][info][gc,phases   ] GC(100)   Post Evacuate Collection Set: 0.32ms
[2026-07-18T16:59:40.510+0000][info][gc,phases   ] GC(100)   Other: 0.24ms
[2026-07-18T16:59:40.510+0000][info][gc,heap     ] GC(100) Eden regions: 491->0(491)
[2026-07-18T16:59:40.510+0000][info][gc,heap     ] GC(100) Survivor regions: 0->0(62)
[2026-07-18T16:59:40.510+0000][info][gc,heap     ] GC(100) Old regions: 885->885
[2026-07-18T16:59:40.510+0000][info][gc,heap     ] GC(100) Humongous regions: 49->49
[2026-07-18T16:59:40.510+0000][info][gc,metaspace] GC(100) Metaspace: 409K(576K)->409K(576K) NonClass: 379K(448K)->379K(448K) Class: 29K(128K)->29K(128K)
[2026-07-18T16:59:40.510+0000][info][gc          ] GC(100) Pause Young (Prepare Mixed) (G1 Evacuation Pause) 1424M->933M(1500M) 1.654ms
[2026-07-18T16:59:40.510+0000][info][gc,cpu      ] GC(100) User=0.00s Sys=0.00s Real=0.00s
[2026-07-18T16:59:40.612+0000][info][gc,start    ] GC(101) Pause Young (Mixed) (G1 Evacuation Pause)
[2026-07-18T16:59:40.612+0000][info][gc,task     ] GC(101) Using 4 workers of 4 for evacuation
[2026-07-18T16:59:40.613+0000][info][gc,phases   ] GC(101)   Pre Evacuate Collection Set: 0.20ms
[2026-07-18T16:59:40.613+0000][info][gc,phases   ] GC(101)   Merge Heap Roots: 0.05ms
[2026-07-18T16:59:40.613+0000][info][gc,phases   ] GC(101)   Evacuate Collection Set: 0.34ms
[2026-07-18T16:59:40.613+0000][info][gc,phases   ] GC(101)   Post Evacuate Collection Set: 0.29ms
[2026-07-18T16:59:40.613+0000][info][gc,phases   ] GC(101)   Other: 0.07ms
[2026-07-18T16:59:40.613+0000][info][gc,heap     ] GC(101) Eden regions: 491->0(491)
[2026-07-18T16:59:40.613+0000][info][gc,heap     ] GC(101) Survivor regions: 0->0(62)
[2026-07-18T16:59:40.613+0000][info][gc,heap     ] GC(101) Old regions: 885->885
[2026-07-18T16:59:40.613+0000][info][gc,heap     ] GC(101) Humongous regions: 49->49
[2026-07-18T16:59:40.613+0000][info][gc,metaspace] GC(101) Metaspace: 409K(576K)->409K(576K) NonClass: 379K(448K)->379K(448K) Class: 29K(128K)->29K(128K)
[2026-07-18T16:59:40.613+0000][info][gc          ] GC(101) Pause Young (Mixed) (G1 Evacuation Pause) 1424M->933M(1500M) 1.444ms
[2026-07-18T16:59:40.613+0000][info][gc,cpu      ] GC(101) User=0.00s Sys=0.00s Real=0.01s
[2026-07-18T16:59:40.705+0000][info][gc,start    ] GC(102) Pause Young (Concurrent Start) (G1 Evacuation Pause)
[2026-07-18T16:59:40.705+0000][info][gc,task     ] GC(102) Using 4 workers of 4 for evacuation
[2026-07-18T16:59:40.706+0000][info][gc,phases   ] GC(102)   Pre Evacuate Collection Set: 0.16ms
[2026-07-18T16:59:40.706+0000][info][gc,phases   ] GC(102)   Merge Heap Roots: 0.05ms
[2026-07-18T16:59:40.706+0000][info][gc,phases   ] GC(102)   Evacuate Collection Set: 0.11ms
[2026-07-18T16:59:40.706+0000][info][gc,phases   ] GC(102)   Post Evacuate Collection Set: 0.19ms
[2026-07-18T16:59:40.706+0000][info][gc,phases   ] GC(102)   Other: 0.10ms
[2026-07-18T16:59:40.706+0000][info][gc,heap     ] GC(102) Eden regions: 491->0(491)
[2026-07-18T16:59:40.706+0000][info][gc,heap     ] GC(102) Survivor regions: 0->0(62)
[2026-07-18T16:59:40.706+0000][info][gc,heap     ] GC(102) Old regions: 885->885
[2026-07-18T16:59:40.706+0000][info][gc,heap     ] GC(102) Humongous regions: 49->49
[2026-07-18T16:59:40.706+0000][info][gc,metaspace] GC(102) Metaspace: 409K(576K)->409K(576K) NonClass: 379K(448K)->379K(448K) Class: 29K(128K)->29K(128K)
[2026-07-18T16:59:40.706+0000][info][gc          ] GC(102) Pause Young (Concurrent Start) (G1 Evacuation Pause) 1424M->933M(1500M) 1.112ms
[2026-07-18T16:59:40.706+0000][info][gc,cpu      ] GC(102) User=0.00s Sys=0.00s Real=0.00s
[2026-07-18T16:59:40.706+0000][info][gc          ] GC(103) Concurrent Mark Cycle
[2026-07-18T16:59:40.708+0000][info][gc,marking  ] GC(103) Concurrent Scan Root Regions
[2026-07-18T16:59:40.708+0000][info][gc,marking  ] GC(103) Concurrent Scan Root Regions 0.089ms
[2026-07-18T16:59:40.708+0000][info][gc,marking  ] GC(103) Concurrent Mark
[2026-07-18T16:59:40.708+0000][info][gc,marking  ] GC(103) Concurrent Mark From Roots
[2026-07-18T16:59:40.708+0000][info][gc,task     ] GC(103) Using 1 workers of 1 for marking
[2026-07-18T16:59:40.800+0000][info][gc,start    ] GC(104) Pause Young (Normal) (G1 Evacuation Pause)
[2026-07-18T16:59:40.801+0000][info][gc,task     ] GC(104) Using 4 workers of 4 for evacuation
[2026-07-18T16:59:40.801+0000][info][gc,phases   ] GC(104)   Pre Evacuate Collection Set: 0.12ms
[2026-07-18T16:59:40.801+0000][info][gc,phases   ] GC(104)   Merge Heap Roots: 0.05ms
[2026-07-18T16:59:40.801+0000][info][gc,phases   ] GC(104)   Evacuate Collection Set: 0.09ms
[2026-07-18T16:59:40.801+0000][info][gc,phases   ] GC(104)   Post Evacuate Collection Set: 0.20ms
[2026-07-18T16:59:40.801+0000][info][gc,phases   ] GC(104)   Other: 0.08ms
[2026-07-18T16:59:40.801+0000][info][gc,heap     ] GC(104) Eden regions: 491->0(491)
[2026-07-18T16:59:40.801+0000][info][gc,heap     ] GC(104) Survivor regions: 0->0(62)
[2026-07-18T16:59:40.801+0000][info][gc,heap     ] GC(104) Old regions: 885->885
[2026-07-18T16:59:40.801+0000][info][gc,heap     ] GC(104) Humongous regions: 49->49
[2026-07-18T16:59:40.801+0000][info][gc,metaspace] GC(104) Metaspace: 409K(576K)->409K(576K) NonClass: 379K(448K)->379K(448K) Class: 29K(128K)->29K(128K)
[2026-07-18T16:59:40.801+0000][info][gc          ] GC(104) Pause Young (Normal) (G1 Evacuation Pause) 1424M->933M(1500M) 0.966ms
[2026-07-18T16:59:40.801+0000][info][gc,cpu      ] GC(104) User=0.00s Sys=0.00s Real=0.00s
[2026-07-18T16:59:40.869+0000][info][gc,marking  ] GC(103) Concurrent Mark From Roots 160.895ms
[2026-07-18T16:59:40.869+0000][info][gc,marking  ] GC(103) Concurrent Preclean
[2026-07-18T16:59:40.869+0000][info][gc,marking  ] GC(103) Concurrent Preclean 0.050ms
[2026-07-18T16:59:40.870+0000][info][gc,start    ] GC(103) Pause Remark
[2026-07-18T16:59:40.871+0000][info][gc          ] GC(103) Pause Remark 1276M->1276M(1500M) 0.594ms
[2026-07-18T16:59:40.871+0000][info][gc,cpu      ] GC(103) User=0.00s Sys=0.00s Real=0.00s
[2026-07-18T16:59:40.871+0000][info][gc,marking  ] GC(103) Concurrent Mark 162.815ms
[2026-07-18T16:59:40.874+0000][info][gc,marking  ] GC(103) Concurrent Rebuild Remembered Sets and Scrub Regions
[2026-07-18T16:59:40.899+0000][info][gc,start    ] GC(105) Pause Young (Normal) (G1 Evacuation Pause)
[2026-07-18T16:59:40.899+0000][info][gc,task     ] GC(105) Using 4 workers of 4 for evacuation
[2026-07-18T16:59:40.900+0000][info][gc,phases   ] GC(105)   Pre Evacuate Collection Set: 0.22ms
[2026-07-18T16:59:40.900+0000][info][gc,phases   ] GC(105)   Merge Heap Roots: 0.08ms
[2026-07-18T16:59:40.900+0000][info][gc,phases   ] GC(105)   Evacuate Collection Set: 0.13ms
[2026-07-18T16:59:40.900+0000][info][gc,phases   ] GC(105)   Post Evacuate Collection Set: 0.24ms
[2026-07-18T16:59:40.900+0000][info][gc,phases   ] GC(105)   Other: 0.07ms
[2026-07-18T16:59:40.900+0000][info][gc,heap     ] GC(105) Eden regions: 491->0(491)
[2026-07-18T16:59:40.900+0000][info][gc,heap     ] GC(105) Survivor regions: 0->0(62)
[2026-07-18T16:59:40.900+0000][info][gc,heap     ] GC(105) Old regions: 885->885
[2026-07-18T16:59:40.900+0000][info][gc,heap     ] GC(105) Humongous regions: 49->49
[2026-07-18T16:59:40.900+0000][info][gc,metaspace] GC(105) Metaspace: 409K(576K)->409K(576K) NonClass: 379K(448K)->379K(448K) Class: 29K(128K)->29K(128K)
[2026-07-18T16:59:40.900+0000][info][gc          ] GC(105) Pause Young (Normal) (G1 Evacuation Pause) 1424M->933M(1500M) 1.170ms
[2026-07-18T16:59:40.900+0000][info][gc,cpu      ] GC(105) User=0.00s Sys=0.00s Real=0.00s
[2026-07-18T16:59:40.946+0000][info][gc,marking  ] GC(103) Concurrent Rebuild Remembered Sets and Scrub Regions 72.490ms
[2026-07-18T16:59:40.949+0000][info][gc,start    ] GC(103) Pause Cleanup
[2026-07-18T16:59:40.949+0000][info][gc          ] GC(103) Pause Cleanup 1193M->1193M(1500M) 0.200ms
[2026-07-18T16:59:40.950+0000][info][gc,cpu      ] GC(103) User=0.00s Sys=0.00s Real=0.00s
[2026-07-18T16:59:40.950+0000][info][gc,marking  ] GC(103) Concurrent Clear Claimed Marks
[2026-07-18T16:59:40.953+0000][info][gc,marking  ] GC(103) Concurrent Clear Claimed Marks 3.352ms
[2026-07-18T16:59:40.953+0000][info][gc,marking  ] GC(103) Concurrent Cleanup for Next Mark
[2026-07-18T16:59:40.954+0000][info][gc,marking  ] GC(103) Concurrent Cleanup for Next Mark 0.623ms
[2026-07-18T16:59:40.954+0000][info][gc          ] GC(103) Concurrent Mark Cycle 247.606ms
[2026-07-18T16:59:40.987+0000][info][gc,start    ] GC(106) Pause Young (Prepare Mixed) (G1 Evacuation Pause)
[2026-07-18T16:59:40.987+0000][info][gc,task     ] GC(106) Using 4 workers of 4 for evacuation
[2026-07-18T16:59:40.987+0000][info][gc,phases   ] GC(106)   Pre Evacuate Collection Set: 0.18ms
[2026-07-18T16:59:40.987+0000][info][gc,phases   ] GC(106)   Merge Heap Roots: 0.04ms
[2026-07-18T16:59:40.987+0000][info][gc,phases   ] GC(106)   Evacuate Collection Set: 0.10ms
[2026-07-18T16:59:40.987+0000][info][gc,phases   ] GC(106)   Post Evacuate Collection Set: 0.24ms
[2026-07-18T16:59:40.988+0000][info][gc,phases   ] GC(106)   Other: 0.07ms
[2026-07-18T16:59:40.988+0000][info][gc,heap     ] GC(106) Eden regions: 491->0(491)
[2026-07-18T16:59:40.988+0000][info][gc,heap     ] GC(106) Survivor regions: 0->0(62)
[2026-07-18T16:59:40.988+0000][info][gc,heap     ] GC(106) Old regions: 885->885
[2026-07-18T16:59:40.988+0000][info][gc,heap     ] GC(106) Humongous regions: 49->49
[2026-07-18T16:59:40.988+0000][info][gc,metaspace] GC(106) Metaspace: 409K(576K)->409K(576K) NonClass: 379K(448K)->379K(448K) Class: 29K(128K)->29K(128K)
[2026-07-18T16:59:40.988+0000][info][gc          ] GC(106) Pause Young (Prepare Mixed) (G1 Evacuation Pause) 1424M->933M(1500M) 1.030ms
[2026-07-18T16:59:40.988+0000][info][gc,cpu      ] GC(106) User=0.00s Sys=0.00s Real=0.00s
[2026-07-18T16:59:41.070+0000][info][gc,start    ] GC(107) Pause Young (Mixed) (G1 Evacuation Pause)
[2026-07-18T16:59:41.070+0000][info][gc,task     ] GC(107) Using 4 workers of 4 for evacuation
[2026-07-18T16:59:41.071+0000][info][gc,phases   ] GC(107)   Pre Evacuate Collection Set: 0.13ms
[2026-07-18T16:59:41.071+0000][info][gc,phases   ] GC(107)   Merge Heap Roots: 0.06ms
[2026-07-18T16:59:41.071+0000][info][gc,phases   ] GC(107)   Evacuate Collection Set: 0.28ms
[2026-07-18T16:59:41.071+0000][info][gc,phases   ] GC(107)   Post Evacuate Collection Set: 0.21ms
[2026-07-18T16:59:41.071+0000][info][gc,phases   ] GC(107)   Other: 0.06ms
[2026-07-18T16:59:41.071+0000][info][gc,heap     ] GC(107) Eden regions: 491->0(491)
[2026-07-18T16:59:41.071+0000][info][gc,heap     ] GC(107) Survivor regions: 0->0(62)
[2026-07-18T16:59:41.071+0000][info][gc,heap     ] GC(107) Old regions: 885->885
[2026-07-18T16:59:41.071+0000][info][gc,heap     ] GC(107) Humongous regions: 49->49
[2026-07-18T16:59:41.071+0000][info][gc,metaspace] GC(107) Metaspace: 409K(576K)->409K(576K) NonClass: 379K(448K)->379K(448K) Class: 29K(128K)->29K(128K)
[2026-07-18T16:59:41.071+0000][info][gc          ] GC(107) Pause Young (Mixed) (G1 Evacuation Pause) 1424M->933M(1500M) 1.159ms
[2026-07-18T16:59:41.071+0000][info][gc,cpu      ] GC(107) User=0.00s Sys=0.00s Real=0.00s
[2026-07-18T16:59:41.147+0000][info][gc,start    ] GC(108) Pause Young (Concurrent Start) (G1 Evacuation Pause)
[2026-07-18T16:59:41.147+0000][info][gc,task     ] GC(108) Using 4 workers of 4 for evacuation
[2026-07-18T16:59:41.148+0000][info][gc,phases   ] GC(108)   Pre Evacuate Collection Set: 0.16ms
[2026-07-18T16:59:41.148+0000][info][gc,phases   ] GC(108)   Merge Heap Roots: 0.06ms
[2026-07-18T16:59:41.148+0000][info][gc,phases   ] GC(108)   Evacuate Collection Set: 0.10ms
[2026-07-18T16:59:41.148+0000][info][gc,phases   ] GC(108)   Post Evacuate Collection Set: 0.20ms
[2026-07-18T16:59:41.148+0000][info][gc,phases   ] GC(108)   Other: 0.09ms
[2026-07-18T16:59:41.148+0000][info][gc,heap     ] GC(108) Eden regions: 491->0(491)
[2026-07-18T16:59:41.148+0000][info][gc,heap     ] GC(108) Survivor regions: 0->0(62)
[2026-07-18T16:59:41.148+0000][info][gc,heap     ] GC(108) Old regions: 885->885
[2026-07-18T16:59:41.148+0000][info][gc,heap     ] GC(108) Humongous regions: 49->49
[2026-07-18T16:59:41.148+0000][info][gc,metaspace] GC(108) Metaspace: 409K(576K)->409K(576K) NonClass: 379K(448K)->379K(448K) Class: 29K(128K)->29K(128K)
[2026-07-18T16:59:41.148+0000][info][gc          ] GC(108) Pause Young (Concurrent Start) (G1 Evacuation Pause) 1424M->933M(1500M) 1.080ms
[2026-07-18T16:59:41.148+0000][info][gc,cpu      ] GC(108) User=0.00s Sys=0.00s Real=0.00s
[2026-07-18T16:59:41.148+0000][info][gc          ] GC(109) Concurrent Mark Cycle
[2026-07-18T16:59:41.150+0000][info][gc,marking  ] GC(109) Concurrent Scan Root Regions
[2026-07-18T16:59:41.150+0000][info][gc,marking  ] GC(109) Concurrent Scan Root Regions 0.041ms
[2026-07-18T16:59:41.150+0000][info][gc,marking  ] GC(109) Concurrent Mark
[2026-07-18T16:59:41.150+0000][info][gc,marking  ] GC(109) Concurrent Mark From Roots
[2026-07-18T16:59:41.150+0000][info][gc,task     ] GC(109) Using 1 workers of 1 for marking
[2026-07-18T16:59:41.233+0000][info][gc,start    ] GC(110) Pause Young (Normal) (G1 Evacuation Pause)
[2026-07-18T16:59:41.233+0000][info][gc,task     ] GC(110) Using 4 workers of 4 for evacuation
[2026-07-18T16:59:41.233+0000][info][gc,phases   ] GC(110)   Pre Evacuate Collection Set: 0.15ms
[2026-07-18T16:59:41.233+0000][info][gc,phases   ] GC(110)   Merge Heap Roots: 0.05ms
[2026-07-18T16:59:41.233+0000][info][gc,phases   ] GC(110)   Evacuate Collection Set: 0.07ms
[2026-07-18T16:59:41.233+0000][info][gc,phases   ] GC(110)   Post Evacuate Collection Set: 0.20ms
[2026-07-18T16:59:41.233+0000][info][gc,phases   ] GC(110)   Other: 0.06ms
[2026-07-18T16:59:41.233+0000][info][gc,heap     ] GC(110) Eden regions: 491->0(491)
[2026-07-18T16:59:41.234+0000][info][gc,heap     ] GC(110) Survivor regions: 0->0(62)
[2026-07-18T16:59:41.234+0000][info][gc,heap     ] GC(110) Old regions: 885->885
[2026-07-18T16:59:41.234+0000][info][gc,heap     ] GC(110) Humongous regions: 49->49
[2026-07-18T16:59:41.234+0000][info][gc,metaspace] GC(110) Metaspace: 409K(576K)->409K(576K) NonClass: 379K(448K)->379K(448K) Class: 29K(128K)->29K(128K)
[2026-07-18T16:59:41.234+0000][info][gc          ] GC(110) Pause Young (Normal) (G1 Evacuation Pause) 1424M->933M(1500M) 0.941ms
[2026-07-18T16:59:41.234+0000][info][gc,cpu      ] GC(110) User=0.00s Sys=0.00s Real=0.00s
[2026-07-18T16:59:41.308+0000][info][gc,marking  ] GC(109) Concurrent Mark From Roots 158.167ms
[2026-07-18T16:59:41.312+0000][info][gc,marking  ] GC(109) Concurrent Preclean
[2026-07-18T16:59:41.312+0000][info][gc,marking  ] GC(109) Concurrent Preclean 0.063ms
[2026-07-18T16:59:41.313+0000][info][gc,start    ] GC(109) Pause Remark
[2026-07-18T16:59:41.314+0000][info][gc          ] GC(109) Pause Remark 1395M->1395M(1500M) 0.380ms
[2026-07-18T16:59:41.314+0000][info][gc,cpu      ] GC(109) User=0.00s Sys=0.00s Real=0.00s
[2026-07-18T16:59:41.314+0000][info][gc,marking  ] GC(109) Concurrent Mark 163.672ms
[2026-07-18T16:59:41.317+0000][info][gc,marking  ] GC(109) Concurrent Rebuild Remembered Sets and Scrub Regions
[2026-07-18T16:59:41.319+0000][info][gc,start    ] GC(111) Pause Young (Normal) (G1 Evacuation Pause)
[2026-07-18T16:59:41.319+0000][info][gc,task     ] GC(111) Using 4 workers of 4 for evacuation
[2026-07-18T16:59:41.319+0000][info][gc,phases   ] GC(111)   Pre Evacuate Collection Set: 0.11ms
[2026-07-18T16:59:41.319+0000][info][gc,phases   ] GC(111)   Merge Heap Roots: 0.05ms
[2026-07-18T16:59:41.319+0000][info][gc,phases   ] GC(111)   Evacuate Collection Set: 0.07ms
[2026-07-18T16:59:41.319+0000][info][gc,phases   ] GC(111)   Post Evacuate Collection Set: 0.19ms
[2026-07-18T16:59:41.319+0000][info][gc,phases   ] GC(111)   Other: 0.07ms
[2026-07-18T16:59:41.319+0000][info][gc,heap     ] GC(111) Eden regions: 491->0(491)
[2026-07-18T16:59:41.319+0000][info][gc,heap     ] GC(111) Survivor regions: 0->0(62)
[2026-07-18T16:59:41.319+0000][info][gc,heap     ] GC(111) Old regions: 885->885
[2026-07-18T16:59:41.319+0000][info][gc,heap     ] GC(111) Humongous regions: 49->49
[2026-07-18T16:59:41.319+0000][info][gc,metaspace] GC(111) Metaspace: 409K(576K)->409K(576K) NonClass: 379K(448K)->379K(448K) Class: 29K(128K)->29K(128K)
[2026-07-18T16:59:41.319+0000][info][gc          ] GC(111) Pause Young (Normal) (G1 Evacuation Pause) 1424M->933M(1500M) 0.883ms
[2026-07-18T16:59:41.319+0000][info][gc,cpu      ] GC(111) User=0.00s Sys=0.00s Real=0.00s
[2026-07-18T16:59:41.390+0000][info][gc,marking  ] GC(109) Concurrent Rebuild Remembered Sets and Scrub Regions 73.422ms
[2026-07-18T16:59:41.391+0000][info][gc,start    ] GC(109) Pause Cleanup
[2026-07-18T16:59:41.391+0000][info][gc          ] GC(109) Pause Cleanup 1290M->1290M(1500M) 0.225ms
[2026-07-18T16:59:41.391+0000][info][gc,cpu      ] GC(109) User=0.00s Sys=0.00s Real=0.00s
[2026-07-18T16:59:41.391+0000][info][gc,marking  ] GC(109) Concurrent Clear Claimed Marks
[2026-07-18T16:59:41.395+0000][info][gc,marking  ] GC(109) Concurrent Clear Claimed Marks 3.631ms
[2026-07-18T16:59:41.396+0000][info][gc,marking  ] GC(109) Concurrent Cleanup for Next Mark
[2026-07-18T16:59:41.396+0000][info][gc,marking  ] GC(109) Concurrent Cleanup for Next Mark 0.785ms
[2026-07-18T16:59:41.396+0000][info][gc          ] GC(109) Concurrent Mark Cycle 248.144ms
[2026-07-18T16:59:41.418+0000][info][gc,start    ] GC(112) Pause Young (Prepare Mixed) (G1 Evacuation Pause)
[2026-07-18T16:59:41.418+0000][info][gc,task     ] GC(112) Using 4 workers of 4 for evacuation
[2026-07-18T16:59:41.419+0000][info][gc,phases   ] GC(112)   Pre Evacuate Collection Set: 0.23ms
[2026-07-18T16:59:41.419+0000][info][gc,phases   ] GC(112)   Merge Heap Roots: 0.09ms
[2026-07-18T16:59:41.419+0000][info][gc,phases   ] GC(112)   Evacuate Collection Set: 0.15ms
[2026-07-18T16:59:41.419+0000][info][gc,phases   ] GC(112)   Post Evacuate Collection Set: 0.31ms
[2026-07-18T16:59:41.419+0000][info][gc,phases   ] GC(112)   Other: 0.15ms
[2026-07-18T16:59:41.419+0000][info][gc,heap     ] GC(112) Eden regions: 491->0(491)
[2026-07-18T16:59:41.419+0000][info][gc,heap     ] GC(112) Survivor regions: 0->0(62)
[2026-07-18T16:59:41.419+0000][info][gc,heap     ] GC(112) Old regions: 885->885
[2026-07-18T16:59:41.419+0000][info][gc,heap     ] GC(112) Humongous regions: 49->49
[2026-07-18T16:59:41.419+0000][info][gc,metaspace] GC(112) Metaspace: 409K(576K)->409K(576K) NonClass: 379K(448K)->379K(448K) Class: 29K(128K)->29K(128K)
[2026-07-18T16:59:41.419+0000][info][gc          ] GC(112) Pause Young (Prepare Mixed) (G1 Evacuation Pause) 1424M->933M(1500M) 1.652ms
[2026-07-18T16:59:41.419+0000][info][gc,cpu      ] GC(112) User=0.00s Sys=0.00s Real=0.00s
[2026-07-18T16:59:41.511+0000][info][gc,start    ] GC(113) Pause Young (Mixed) (G1 Evacuation Pause)
[2026-07-18T16:59:41.511+0000][info][gc,task     ] GC(113) Using 4 workers of 4 for evacuation
[2026-07-18T16:59:41.512+0000][info][gc,phases   ] GC(113)   Pre Evacuate Collection Set: 0.21ms
[2026-07-18T16:59:41.512+0000][info][gc,phases   ] GC(113)   Merge Heap Roots: 0.06ms
[2026-07-18T16:59:41.512+0000][info][gc,phases   ] GC(113)   Evacuate Collection Set: 0.29ms
[2026-07-18T16:59:41.512+0000][info][gc,phases   ] GC(113)   Post Evacuate Collection Set: 0.46ms
[2026-07-18T16:59:41.512+0000][info][gc,phases   ] GC(113)   Other: 0.08ms
[2026-07-18T16:59:41.512+0000][info][gc,heap     ] GC(113) Eden regions: 491->0(491)
[2026-07-18T16:59:41.512+0000][info][gc,heap     ] GC(113) Survivor regions: 0->0(62)
[2026-07-18T16:59:41.512+0000][info][gc,heap     ] GC(113) Old regions: 885->885
[2026-07-18T16:59:41.512+0000][info][gc,heap     ] GC(113) Humongous regions: 49->49
[2026-07-18T16:59:41.512+0000][info][gc,metaspace] GC(113) Metaspace: 409K(576K)->409K(576K) NonClass: 379K(448K)->379K(448K) Class: 29K(128K)->29K(128K)
[2026-07-18T16:59:41.512+0000][info][gc          ] GC(113) Pause Young (Mixed) (G1 Evacuation Pause) 1424M->933M(1500M) 1.621ms
[2026-07-18T16:59:41.512+0000][info][gc,cpu      ] GC(113) User=0.00s Sys=0.00s Real=0.01s
[2026-07-18T16:59:41.606+0000][info][gc,start    ] GC(114) Pause Young (Concurrent Start) (G1 Evacuation Pause)
[2026-07-18T16:59:41.606+0000][info][gc,task     ] GC(114) Using 4 workers of 4 for evacuation
[2026-07-18T16:59:41.607+0000][info][gc,phases   ] GC(114)   Pre Evacuate Collection Set: 0.23ms
[2026-07-18T16:59:41.607+0000][info][gc,phases   ] GC(114)   Merge Heap Roots: 0.06ms
[2026-07-18T16:59:41.607+0000][info][gc,phases   ] GC(114)   Evacuate Collection Set: 0.20ms
[2026-07-18T16:59:41.607+0000][info][gc,phases   ] GC(114)   Post Evacuate Collection Set: 0.25ms
[2026-07-18T16:59:41.607+0000][info][gc,phases   ] GC(114)   Other: 0.10ms
[2026-07-18T16:59:41.607+0000][info][gc,heap     ] GC(114) Eden regions: 491->0(491)
[2026-07-18T16:59:41.607+0000][info][gc,heap     ] GC(114) Survivor regions: 0->0(62)
[2026-07-18T16:59:41.608+0000][info][gc,heap     ] GC(114) Old regions: 885->885
[2026-07-18T16:59:41.608+0000][info][gc,heap     ] GC(114) Humongous regions: 49->49
[2026-07-18T16:59:41.608+0000][info][gc,metaspace] GC(114) Metaspace: 409K(576K)->409K(576K) NonClass: 379K(448K)->379K(448K) Class: 29K(128K)->29K(128K)
[2026-07-18T16:59:41.608+0000][info][gc          ] GC(114) Pause Young (Concurrent Start) (G1 Evacuation Pause) 1424M->933M(1500M) 1.360ms
[2026-07-18T16:59:41.608+0000][info][gc,cpu      ] GC(114) User=0.01s Sys=0.00s Real=0.00s
[2026-07-18T16:59:41.608+0000][info][gc          ] GC(115) Concurrent Mark Cycle
[2026-07-18T16:59:41.609+0000][info][gc,marking  ] GC(115) Concurrent Scan Root Regions
[2026-07-18T16:59:41.610+0000][info][gc,marking  ] GC(115) Concurrent Scan Root Regions 0.094ms
[2026-07-18T16:59:41.610+0000][info][gc,marking  ] GC(115) Concurrent Mark
[2026-07-18T16:59:41.610+0000][info][gc,marking  ] GC(115) Concurrent Mark From Roots
[2026-07-18T16:59:41.610+0000][info][gc,task     ] GC(115) Using 1 workers of 1 for marking
[2026-07-18T16:59:41.702+0000][info][gc,start    ] GC(116) Pause Young (Normal) (G1 Evacuation Pause)
[2026-07-18T16:59:41.702+0000][info][gc,task     ] GC(116) Using 4 workers of 4 for evacuation
[2026-07-18T16:59:41.702+0000][info][gc,phases   ] GC(116)   Pre Evacuate Collection Set: 0.14ms
[2026-07-18T16:59:41.702+0000][info][gc,phases   ] GC(116)   Merge Heap Roots: 0.05ms
[2026-07-18T16:59:41.702+0000][info][gc,phases   ] GC(116)   Evacuate Collection Set: 0.07ms
[2026-07-18T16:59:41.702+0000][info][gc,phases   ] GC(116)   Post Evacuate Collection Set: 0.20ms
[2026-07-18T16:59:41.702+0000][info][gc,phases   ] GC(116)   Other: 0.07ms
[2026-07-18T16:59:41.702+0000][info][gc,heap     ] GC(116) Eden regions: 491->0(491)
[2026-07-18T16:59:41.702+0000][info][gc,heap     ] GC(116) Survivor regions: 0->0(62)
[2026-07-18T16:59:41.702+0000][info][gc,heap     ] GC(116) Old regions: 885->885
[2026-07-18T16:59:41.702+0000][info][gc,heap     ] GC(116) Humongous regions: 49->49
[2026-07-18T16:59:41.702+0000][info][gc,metaspace] GC(116) Metaspace: 409K(576K)->409K(576K) NonClass: 379K(448K)->379K(448K) Class: 29K(128K)->29K(128K)
[2026-07-18T16:59:41.703+0000][info][gc          ] GC(116) Pause Young (Normal) (G1 Evacuation Pause) 1424M->933M(1500M) 0.997ms
[2026-07-18T16:59:41.703+0000][info][gc,cpu      ] GC(116) User=0.00s Sys=0.00s Real=0.01s
[2026-07-18T16:59:41.769+0000][info][gc,marking  ] GC(115) Concurrent Mark From Roots 159.057ms
[2026-07-18T16:59:41.769+0000][info][gc,marking  ] GC(115) Concurrent Preclean
[2026-07-18T16:59:41.769+0000][info][gc,marking  ] GC(115) Concurrent Preclean 0.045ms
[2026-07-18T16:59:41.770+0000][info][gc,start    ] GC(115) Pause Remark
[2026-07-18T16:59:41.771+0000][info][gc          ] GC(115) Pause Remark 1319M->1319M(1500M) 0.413ms
[2026-07-18T16:59:41.771+0000][info][gc,cpu      ] GC(115) User=0.00s Sys=0.00s Real=0.00s
[2026-07-18T16:59:41.771+0000][info][gc,marking  ] GC(115) Concurrent Mark 161.159ms
[2026-07-18T16:59:41.774+0000][info][gc,marking  ] GC(115) Concurrent Rebuild Remembered Sets and Scrub Regions
[2026-07-18T16:59:41.789+0000][info][gc,start    ] GC(117) Pause Young (Normal) (G1 Evacuation Pause)
[2026-07-18T16:59:41.789+0000][info][gc,task     ] GC(117) Using 4 workers of 4 for evacuation
[2026-07-18T16:59:41.789+0000][info][gc,phases   ] GC(117)   Pre Evacuate Collection Set: 0.13ms
[2026-07-18T16:59:41.789+0000][info][gc,phases   ] GC(117)   Merge Heap Roots: 0.05ms
[2026-07-18T16:59:41.789+0000][info][gc,phases   ] GC(117)   Evacuate Collection Set: 0.06ms
[2026-07-18T16:59:41.789+0000][info][gc,phases   ] GC(117)   Post Evacuate Collection Set: 0.19ms
[2026-07-18T16:59:41.789+0000][info][gc,phases   ] GC(117)   Other: 0.06ms
[2026-07-18T16:59:41.789+0000][info][gc,heap     ] GC(117) Eden regions: 491->0(491)
[2026-07-18T16:59:41.789+0000][info][gc,heap     ] GC(117) Survivor regions: 0->0(62)
[2026-07-18T16:59:41.789+0000][info][gc,heap     ] GC(117) Old regions: 885->885
[2026-07-18T16:59:41.789+0000][info][gc,heap     ] GC(117) Humongous regions: 49->49
[2026-07-18T16:59:41.789+0000][info][gc,metaspace] GC(117) Metaspace: 409K(576K)->409K(576K) NonClass: 379K(448K)->379K(448K) Class: 29K(128K)->29K(128K)
[2026-07-18T16:59:41.789+0000][info][gc          ] GC(117) Pause Young (Normal) (G1 Evacuation Pause) 1424M->933M(1500M) 0.922ms
[2026-07-18T16:59:41.790+0000][info][gc,cpu      ] GC(117) User=0.00s Sys=0.00s Real=0.00s
[2026-07-18T16:59:41.846+0000][info][gc,marking  ] GC(115) Concurrent Rebuild Remembered Sets and Scrub Regions 71.788ms
[2026-07-18T16:59:41.846+0000][info][gc,start    ] GC(115) Pause Cleanup
[2026-07-18T16:59:41.846+0000][info][gc          ] GC(115) Pause Cleanup 1257M->1257M(1500M) 0.143ms
[2026-07-18T16:59:41.846+0000][info][gc,cpu      ] GC(115) User=0.00s Sys=0.00s Real=0.00s
[2026-07-18T16:59:41.846+0000][info][gc,marking  ] GC(115) Concurrent Clear Claimed Marks
[2026-07-18T16:59:41.850+0000][info][gc,marking  ] GC(115) Concurrent Clear Claimed Marks 3.739ms
[2026-07-18T16:59:41.850+0000][info][gc,marking  ] GC(115) Concurrent Cleanup for Next Mark
[2026-07-18T16:59:41.851+0000][info][gc,marking  ] GC(115) Concurrent Cleanup for Next Mark 0.623ms
[2026-07-18T16:59:41.851+0000][info][gc          ] GC(115) Concurrent Mark Cycle 242.928ms
[2026-07-18T16:59:41.874+0000][info][gc,start    ] GC(118) Pause Young (Normal) (G1 Evacuation Pause)
[2026-07-18T16:59:41.874+0000][info][gc,task     ] GC(118) Using 4 workers of 4 for evacuation
[2026-07-18T16:59:41.874+0000][info][gc,phases   ] GC(118)   Pre Evacuate Collection Set: 0.13ms
[2026-07-18T16:59:41.874+0000][info][gc,phases   ] GC(118)   Merge Heap Roots: 0.05ms
[2026-07-18T16:59:41.874+0000][info][gc,phases   ] GC(118)   Evacuate Collection Set: 0.06ms
[2026-07-18T16:59:41.874+0000][info][gc,phases   ] GC(118)   Post Evacuate Collection Set: 0.20ms
[2026-07-18T16:59:41.874+0000][info][gc,phases   ] GC(118)   Other: 0.06ms
[2026-07-18T16:59:41.874+0000][info][gc,heap     ] GC(118) Eden regions: 491->0(491)
[2026-07-18T16:59:41.874+0000][info][gc,heap     ] GC(118) Survivor regions: 0->0(62)
[2026-07-18T16:59:41.875+0000][info][gc,heap     ] GC(118) Old regions: 885->885
[2026-07-18T16:59:41.875+0000][info][gc,heap     ] GC(118) Humongous regions: 49->49
[2026-07-18T16:59:41.875+0000][info][gc,metaspace] GC(118) Metaspace: 409K(576K)->409K(576K) NonClass: 379K(448K)->379K(448K) Class: 29K(128K)->29K(128K)
[2026-07-18T16:59:41.875+0000][info][gc          ] GC(118) Pause Young (Normal) (G1 Evacuation Pause) 1424M->933M(1500M) 0.870ms
[2026-07-18T16:59:41.875+0000][info][gc,cpu      ] GC(118) User=0.01s Sys=0.00s Real=0.00s
[2026-07-18T16:59:41.952+0000][info][gc,start    ] GC(119) Pause Young (Concurrent Start) (G1 Evacuation Pause)
[2026-07-18T16:59:41.952+0000][info][gc,task     ] GC(119) Using 4 workers of 4 for evacuation
[2026-07-18T16:59:41.953+0000][info][gc,phases   ] GC(119)   Pre Evacuate Collection Set: 0.14ms
[2026-07-18T16:59:41.953+0000][info][gc,phases   ] GC(119)   Merge Heap Roots: 0.05ms
[2026-07-18T16:59:41.953+0000][info][gc,phases   ] GC(119)   Evacuate Collection Set: 0.10ms
[2026-07-18T16:59:41.953+0000][info][gc,phases   ] GC(119)   Post Evacuate Collection Set: 0.19ms
[2026-07-18T16:59:41.953+0000][info][gc,phases   ] GC(119)   Other: 0.09ms
[2026-07-18T16:59:41.953+0000][info][gc,heap     ] GC(119) Eden regions: 491->0(491)
[2026-07-18T16:59:41.953+0000][info][gc,heap     ] GC(119) Survivor regions: 0->0(62)
[2026-07-18T16:59:41.953+0000][info][gc,heap     ] GC(119) Old regions: 885->885
[2026-07-18T16:59:41.953+0000][info][gc,heap     ] GC(119) Humongous regions: 49->49
[2026-07-18T16:59:41.953+0000][info][gc,metaspace] GC(119) Metaspace: 409K(576K)->409K(576K) NonClass: 379K(448K)->379K(448K) Class: 29K(128K)->29K(128K)
[2026-07-18T16:59:41.953+0000][info][gc          ] GC(119) Pause Young (Concurrent Start) (G1 Evacuation Pause) 1424M->933M(1500M) 0.991ms
[2026-07-18T16:59:41.953+0000][info][gc,cpu      ] GC(119) User=0.00s Sys=0.00s Real=0.00s
[2026-07-18T16:59:41.953+0000][info][gc          ] GC(120) Concurrent Mark Cycle
[2026-07-18T16:59:41.957+0000][info][gc,marking  ] GC(120) Concurrent Scan Root Regions
[2026-07-18T16:59:41.957+0000][info][gc,marking  ] GC(120) Concurrent Scan Root Regions 0.036ms
[2026-07-18T16:59:41.957+0000][info][gc,marking  ] GC(120) Concurrent Mark
[2026-07-18T16:59:41.957+0000][info][gc,marking  ] GC(120) Concurrent Mark From Roots
[2026-07-18T16:59:41.957+0000][info][gc,task     ] GC(120) Using 1 workers of 1 for marking
[2026-07-18T16:59:42.049+0000][info][gc,start    ] GC(121) Pause Young (Normal) (G1 Evacuation Pause)
[2026-07-18T16:59:42.049+0000][info][gc,task     ] GC(121) Using 4 workers of 4 for evacuation
[2026-07-18T16:59:42.050+0000][info][gc,phases   ] GC(121)   Pre Evacuate Collection Set: 0.13ms
[2026-07-18T16:59:42.050+0000][info][gc,phases   ] GC(121)   Merge Heap Roots: 0.06ms
[2026-07-18T16:59:42.050+0000][info][gc,phases   ] GC(121)   Evacuate Collection Set: 0.08ms
[2026-07-18T16:59:42.050+0000][info][gc,phases   ] GC(121)   Post Evacuate Collection Set: 0.20ms
[2026-07-18T16:59:42.050+0000][info][gc,phases   ] GC(121)   Other: 0.07ms
[2026-07-18T16:59:42.050+0000][info][gc,heap     ] GC(121) Eden regions: 491->0(491)
[2026-07-18T16:59:42.050+0000][info][gc,heap     ] GC(121) Survivor regions: 0->0(62)
[2026-07-18T16:59:42.050+0000][info][gc,heap     ] GC(121) Old regions: 885->885
[2026-07-18T16:59:42.050+0000][info][gc,heap     ] GC(121) Humongous regions: 49->49
[2026-07-18T16:59:42.050+0000][info][gc,metaspace] GC(121) Metaspace: 409K(576K)->409K(576K) NonClass: 379K(448K)->379K(448K) Class: 29K(128K)->29K(128K)
[2026-07-18T16:59:42.050+0000][info][gc          ] GC(121) Pause Young (Normal) (G1 Evacuation Pause) 1424M->933M(1500M) 0.965ms
[2026-07-18T16:59:42.050+0000][info][gc,cpu      ] GC(121) User=0.00s Sys=0.00s Real=0.00s
[2026-07-18T16:59:42.120+0000][info][gc,marking  ] GC(120) Concurrent Mark From Roots 163.334ms
[2026-07-18T16:59:42.121+0000][info][gc,marking  ] GC(120) Concurrent Preclean
[2026-07-18T16:59:42.121+0000][info][gc,marking  ] GC(120) Concurrent Preclean 0.050ms
[2026-07-18T16:59:42.121+0000][info][gc,start    ] GC(120) Pause Remark
[2026-07-18T16:59:42.121+0000][info][gc          ] GC(120) Pause Remark 1325M->1325M(1500M) 0.421ms
[2026-07-18T16:59:42.121+0000][info][gc,cpu      ] GC(120) User=0.00s Sys=0.00s Real=0.00s
[2026-07-18T16:59:42.122+0000][info][gc,marking  ] GC(120) Concurrent Mark 164.518ms
[2026-07-18T16:59:42.125+0000][info][gc,marking  ] GC(120) Concurrent Rebuild Remembered Sets and Scrub Regions
[2026-07-18T16:59:42.139+0000][info][gc,start    ] GC(122) Pause Young (Normal) (G1 Evacuation Pause)
[2026-07-18T16:59:42.139+0000][info][gc,task     ] GC(122) Using 4 workers of 4 for evacuation
[2026-07-18T16:59:42.139+0000][info][gc,phases   ] GC(122)   Pre Evacuate Collection Set: 0.14ms
[2026-07-18T16:59:42.139+0000][info][gc,phases   ] GC(122)   Merge Heap Roots: 0.06ms
[2026-07-18T16:59:42.139+0000][info][gc,phases   ] GC(122)   Evacuate Collection Set: 0.08ms
[2026-07-18T16:59:42.139+0000][info][gc,phases   ] GC(122)   Post Evacuate Collection Set: 0.20ms
[2026-07-18T16:59:42.139+0000][info][gc,phases   ] GC(122)   Other: 0.06ms
[2026-07-18T16:59:42.139+0000][info][gc,heap     ] GC(122) Eden regions: 491->0(491)
[2026-07-18T16:59:42.140+0000][info][gc,heap     ] GC(122) Survivor regions: 0->0(62)
[2026-07-18T16:59:42.140+0000][info][gc,heap     ] GC(122) Old regions: 885->885
[2026-07-18T16:59:42.140+0000][info][gc,heap     ] GC(122) Humongous regions: 49->49
[2026-07-18T16:59:42.140+0000][info][gc,metaspace] GC(122) Metaspace: 409K(576K)->409K(576K) NonClass: 379K(448K)->379K(448K) Class: 29K(128K)->29K(128K)
[2026-07-18T16:59:42.140+0000][info][gc          ] GC(122) Pause Young (Normal) (G1 Evacuation Pause) 1424M->933M(1500M) 0.963ms
[2026-07-18T16:59:42.140+0000][info][gc,cpu      ] GC(122) User=0.00s Sys=0.01s Real=0.00s
[2026-07-18T16:59:42.198+0000][info][gc,marking  ] GC(120) Concurrent Rebuild Remembered Sets and Scrub Regions 73.157ms
[2026-07-18T16:59:42.201+0000][info][gc,start    ] GC(120) Pause Cleanup
[2026-07-18T16:59:42.201+0000][info][gc          ] GC(120) Pause Cleanup 1274M->1274M(1500M) 0.209ms
[2026-07-18T16:59:42.202+0000][info][gc,cpu      ] GC(120) User=0.00s Sys=0.00s Real=0.00s
[2026-07-18T16:59:42.202+0000][info][gc,marking  ] GC(120) Concurrent Clear Claimed Marks
[2026-07-18T16:59:42.205+0000][info][gc,marking  ] GC(120) Concurrent Clear Claimed Marks 3.381ms
[2026-07-18T16:59:42.205+0000][info][gc,marking  ] GC(120) Concurrent Cleanup for Next Mark
[2026-07-18T16:59:42.206+0000][info][gc,marking  ] GC(120) Concurrent Cleanup for Next Mark 0.630ms
[2026-07-18T16:59:42.206+0000][info][gc          ] GC(120) Concurrent Mark Cycle 252.454ms
[2026-07-18T16:59:42.226+0000][info][gc,start    ] GC(123) Pause Young (Normal) (G1 Evacuation Pause)
[2026-07-18T16:59:42.226+0000][info][gc,task     ] GC(123) Using 4 workers of 4 for evacuation
[2026-07-18T16:59:42.227+0000][info][gc,phases   ] GC(123)   Pre Evacuate Collection Set: 0.13ms
[2026-07-18T16:59:42.227+0000][info][gc,phases   ] GC(123)   Merge Heap Roots: 0.06ms
[2026-07-18T16:59:42.227+0000][info][gc,phases   ] GC(123)   Evacuate Collection Set: 0.09ms
[2026-07-18T16:59:42.227+0000][info][gc,phases   ] GC(123)   Post Evacuate Collection Set: 0.20ms
[2026-07-18T16:59:42.227+0000][info][gc,phases   ] GC(123)   Other: 0.07ms
[2026-07-18T16:59:42.227+0000][info][gc,heap     ] GC(123) Eden regions: 491->0(491)
[2026-07-18T16:59:42.227+0000][info][gc,heap     ] GC(123) Survivor regions: 0->0(62)
[2026-07-18T16:59:42.227+0000][info][gc,heap     ] GC(123) Old regions: 885->885
[2026-07-18T16:59:42.227+0000][info][gc,heap     ] GC(123) Humongous regions: 49->49
[2026-07-18T16:59:42.227+0000][info][gc,metaspace] GC(123) Metaspace: 409K(576K)->409K(576K) NonClass: 379K(448K)->379K(448K) Class: 29K(128K)->29K(128K)
[2026-07-18T16:59:42.227+0000][info][gc          ] GC(123) Pause Young (Normal) (G1 Evacuation Pause) 1424M->933M(1500M) 0.908ms
[2026-07-18T16:59:42.227+0000][info][gc,cpu      ] GC(123) User=0.00s Sys=0.00s Real=0.00s
[2026-07-18T16:59:42.306+0000][info][gc,start    ] GC(124) Pause Young (Concurrent Start) (G1 Evacuation Pause)
[2026-07-18T16:59:42.306+0000][info][gc,task     ] GC(124) Using 4 workers of 4 for evacuation
[2026-07-18T16:59:42.306+0000][info][gc,phases   ] GC(124)   Pre Evacuate Collection Set: 0.16ms
[2026-07-18T16:59:42.306+0000][info][gc,phases   ] GC(124)   Merge Heap Roots: 0.06ms
[2026-07-18T16:59:42.306+0000][info][gc,phases   ] GC(124)   Evacuate Collection Set: 0.10ms
[2026-07-18T16:59:42.306+0000][info][gc,phases   ] GC(124)   Post Evacuate Collection Set: 0.20ms
[2026-07-18T16:59:42.306+0000][info][gc,phases   ] GC(124)   Other: 0.08ms
[2026-07-18T16:59:42.306+0000][info][gc,heap     ] GC(124) Eden regions: 491->0(491)
[2026-07-18T16:59:42.307+0000][info][gc,heap     ] GC(124) Survivor regions: 0->0(62)
[2026-07-18T16:59:42.307+0000][info][gc,heap     ] GC(124) Old regions: 885->885
[2026-07-18T16:59:42.307+0000][info][gc,heap     ] GC(124) Humongous regions: 49->49
[2026-07-18T16:59:42.307+0000][info][gc,metaspace] GC(124) Metaspace: 409K(576K)->409K(576K) NonClass: 379K(448K)->379K(448K) Class: 29K(128K)->29K(128K)
[2026-07-18T16:59:42.307+0000][info][gc          ] GC(124) Pause Young (Concurrent Start) (G1 Evacuation Pause) 1424M->933M(1500M) 0.990ms
[2026-07-18T16:59:42.307+0000][info][gc,cpu      ] GC(124) User=0.00s Sys=0.00s Real=0.00s
[2026-07-18T16:59:42.307+0000][info][gc          ] GC(125) Concurrent Mark Cycle
[2026-07-18T16:59:42.307+0000][info][gc,marking  ] GC(125) Concurrent Scan Root Regions
[2026-07-18T16:59:42.307+0000][info][gc,marking  ] GC(125) Concurrent Scan Root Regions 0.043ms
[2026-07-18T16:59:42.307+0000][info][gc,marking  ] GC(125) Concurrent Mark
[2026-07-18T16:59:42.307+0000][info][gc,marking  ] GC(125) Concurrent Mark From Roots
[2026-07-18T16:59:42.307+0000][info][gc,task     ] GC(125) Using 1 workers of 1 for marking
[2026-07-18T16:59:42.398+0000][info][gc,start    ] GC(126) Pause Young (Normal) (G1 Evacuation Pause)
[2026-07-18T16:59:42.398+0000][info][gc,task     ] GC(126) Using 4 workers of 4 for evacuation
[2026-07-18T16:59:42.399+0000][info][gc,phases   ] GC(126)   Pre Evacuate Collection Set: 0.14ms
[2026-07-18T16:59:42.399+0000][info][gc,phases   ] GC(126)   Merge Heap Roots: 0.06ms
[2026-07-18T16:59:42.399+0000][info][gc,phases   ] GC(126)   Evacuate Collection Set: 0.09ms
[2026-07-18T16:59:42.399+0000][info][gc,phases   ] GC(126)   Post Evacuate Collection Set: 0.20ms
[2026-07-18T16:59:42.399+0000][info][gc,phases   ] GC(126)   Other: 0.06ms
[2026-07-18T16:59:42.399+0000][info][gc,heap     ] GC(126) Eden regions: 491->0(491)
[2026-07-18T16:59:42.399+0000][info][gc,heap     ] GC(126) Survivor regions: 0->0(62)
[2026-07-18T16:59:42.399+0000][info][gc,heap     ] GC(126) Old regions: 885->885
[2026-07-18T16:59:42.399+0000][info][gc,heap     ] GC(126) Humongous regions: 49->49
[2026-07-18T16:59:42.399+0000][info][gc,metaspace] GC(126) Metaspace: 409K(576K)->409K(576K) NonClass: 379K(448K)->379K(448K) Class: 29K(128K)->29K(128K)
[2026-07-18T16:59:42.399+0000][info][gc          ] GC(126) Pause Young (Normal) (G1 Evacuation Pause) 1424M->933M(1500M) 1.056ms
[2026-07-18T16:59:42.399+0000][info][gc,cpu      ] GC(126) User=0.00s Sys=0.00s Real=0.00s
[2026-07-18T16:59:42.491+0000][info][gc,marking  ] GC(125) Concurrent Mark From Roots 184.201ms
[2026-07-18T16:59:42.494+0000][info][gc,marking  ] GC(125) Concurrent Preclean
[2026-07-18T16:59:42.494+0000][info][gc,marking  ] GC(125) Concurrent Preclean 0.168ms
[2026-07-18T16:59:42.495+0000][info][gc,start    ] GC(125) Pause Remark
[2026-07-18T16:59:42.496+0000][info][gc          ] GC(125) Pause Remark 1336M->1336M(1500M) 0.600ms
[2026-07-18T16:59:42.496+0000][info][gc,cpu      ] GC(125) User=0.00s Sys=0.00s Real=0.00s
[2026-07-18T16:59:42.496+0000][info][gc,marking  ] GC(125) Concurrent Mark 188.800ms
[2026-07-18T16:59:42.499+0000][info][gc,marking  ] GC(125) Concurrent Rebuild Remembered Sets and Scrub Regions
[2026-07-18T16:59:42.517+0000][info][gc,start    ] GC(127) Pause Young (Normal) (G1 Evacuation Pause)
[2026-07-18T16:59:42.517+0000][info][gc,task     ] GC(127) Using 4 workers of 4 for evacuation
[2026-07-18T16:59:42.518+0000][info][gc,phases   ] GC(127)   Pre Evacuate Collection Set: 0.17ms
[2026-07-18T16:59:42.518+0000][info][gc,phases   ] GC(127)   Merge Heap Roots: 0.04ms
[2026-07-18T16:59:42.518+0000][info][gc,phases   ] GC(127)   Evacuate Collection Set: 0.10ms
[2026-07-18T16:59:42.518+0000][info][gc,phases   ] GC(127)   Post Evacuate Collection Set: 0.25ms
[2026-07-18T16:59:42.518+0000][info][gc,phases   ] GC(127)   Other: 0.07ms
[2026-07-18T16:59:42.518+0000][info][gc,heap     ] GC(127) Eden regions: 491->0(491)
[2026-07-18T16:59:42.518+0000][info][gc,heap     ] GC(127) Survivor regions: 0->0(62)
[2026-07-18T16:59:42.518+0000][info][gc,heap     ] GC(127) Old regions: 885->885
[2026-07-18T16:59:42.518+0000][info][gc,heap     ] GC(127) Humongous regions: 49->49
[2026-07-18T16:59:42.518+0000][info][gc,metaspace] GC(127) Metaspace: 409K(576K)->409K(576K) NonClass: 379K(448K)->379K(448K) Class: 29K(128K)->29K(128K)
[2026-07-18T16:59:42.518+0000][info][gc          ] GC(127) Pause Young (Normal) (G1 Evacuation Pause) 1424M->933M(1500M) 1.052ms
[2026-07-18T16:59:42.518+0000][info][gc,cpu      ] GC(127) User=0.00s Sys=0.00s Real=0.00s
[2026-07-18T16:59:42.574+0000][info][gc,marking  ] GC(125) Concurrent Rebuild Remembered Sets and Scrub Regions 74.682ms
[2026-07-18T16:59:42.578+0000][info][gc,start    ] GC(125) Pause Cleanup
[2026-07-18T16:59:42.579+0000][info][gc          ] GC(125) Pause Cleanup 1242M->1242M(1500M) 0.234ms
[2026-07-18T16:59:42.579+0000][info][gc,cpu      ] GC(125) User=0.00s Sys=0.00s Real=0.00s
[2026-07-18T16:59:42.579+0000][info][gc,marking  ] GC(125) Concurrent Clear Claimed Marks
[2026-07-18T16:59:42.582+0000][info][gc,marking  ] GC(125) Concurrent Clear Claimed Marks 3.346ms
[2026-07-18T16:59:42.582+0000][info][gc,marking  ] GC(125) Concurrent Cleanup for Next Mark
[2026-07-18T16:59:42.583+0000][info][gc,marking  ] GC(125) Concurrent Cleanup for Next Mark 0.715ms
[2026-07-18T16:59:42.583+0000][info][gc          ] GC(125) Concurrent Mark Cycle 276.103ms
[2026-07-18T16:59:42.610+0000][info][gc,start    ] GC(128) Pause Young (Normal) (G1 Evacuation Pause)
[2026-07-18T16:59:42.610+0000][info][gc,task     ] GC(128) Using 4 workers of 4 for evacuation
[2026-07-18T16:59:42.611+0000][info][gc,phases   ] GC(128)   Pre Evacuate Collection Set: 0.14ms
[2026-07-18T16:59:42.611+0000][info][gc,phases   ] GC(128)   Merge Heap Roots: 0.05ms
[2026-07-18T16:59:42.611+0000][info][gc,phases   ] GC(128)   Evacuate Collection Set: 0.08ms
[2026-07-18T16:59:42.611+0000][info][gc,phases   ] GC(128)   Post Evacuate Collection Set: 0.19ms
[2026-07-18T16:59:42.611+0000][info][gc,phases   ] GC(128)   Other: 0.07ms
[2026-07-18T16:59:42.611+0000][info][gc,heap     ] GC(128) Eden regions: 491->0(491)
[2026-07-18T16:59:42.611+0000][info][gc,heap     ] GC(128) Survivor regions: 0->0(62)
[2026-07-18T16:59:42.611+0000][info][gc,heap     ] GC(128) Old regions: 885->885
[2026-07-18T16:59:42.611+0000][info][gc,heap     ] GC(128) Humongous regions: 49->49
[2026-07-18T16:59:42.611+0000][info][gc,metaspace] GC(128) Metaspace: 409K(576K)->409K(576K) NonClass: 379K(448K)->379K(448K) Class: 29K(128K)->29K(128K)
[2026-07-18T16:59:42.611+0000][info][gc          ] GC(128) Pause Young (Normal) (G1 Evacuation Pause) 1424M->933M(1500M) 0.958ms
[2026-07-18T16:59:42.611+0000][info][gc,cpu      ] GC(128) User=0.00s Sys=0.00s Real=0.00s
[2026-07-18T16:59:42.697+0000][info][gc,start    ] GC(129) Pause Young (Concurrent Start) (G1 Evacuation Pause)
[2026-07-18T16:59:42.697+0000][info][gc,task     ] GC(129) Using 4 workers of 4 for evacuation
[2026-07-18T16:59:42.698+0000][info][gc,phases   ] GC(129)   Pre Evacuate Collection Set: 0.14ms
[2026-07-18T16:59:42.698+0000][info][gc,phases   ] GC(129)   Merge Heap Roots: 0.06ms
[2026-07-18T16:59:42.698+0000][info][gc,phases   ] GC(129)   Evacuate Collection Set: 0.10ms
[2026-07-18T16:59:42.698+0000][info][gc,phases   ] GC(129)   Post Evacuate Collection Set: 0.20ms
[2026-07-18T16:59:42.698+0000][info][gc,phases   ] GC(129)   Other: 0.09ms
[2026-07-18T16:59:42.698+0000][info][gc,heap     ] GC(129) Eden regions: 491->0(491)
[2026-07-18T16:59:42.698+0000][info][gc,heap     ] GC(129) Survivor regions: 0->0(62)
[2026-07-18T16:59:42.698+0000][info][gc,heap     ] GC(129) Old regions: 885->885
[2026-07-18T16:59:42.698+0000][info][gc,heap     ] GC(129) Humongous regions: 49->49
[2026-07-18T16:59:42.698+0000][info][gc,metaspace] GC(129) Metaspace: 409K(576K)->409K(576K) NonClass: 379K(448K)->379K(448K) Class: 29K(128K)->29K(128K)
[2026-07-18T16:59:42.698+0000][info][gc          ] GC(129) Pause Young (Concurrent Start) (G1 Evacuation Pause) 1424M->933M(1500M) 0.996ms
[2026-07-18T16:59:42.698+0000][info][gc,cpu      ] GC(129) User=0.00s Sys=0.00s Real=0.00s
[2026-07-18T16:59:42.698+0000][info][gc          ] GC(130) Concurrent Mark Cycle
[2026-07-18T16:59:42.702+0000][info][gc,marking  ] GC(130) Concurrent Scan Root Regions
[2026-07-18T16:59:42.702+0000][info][gc,marking  ] GC(130) Concurrent Scan Root Regions 0.056ms
[2026-07-18T16:59:42.702+0000][info][gc,marking  ] GC(130) Concurrent Mark
[2026-07-18T16:59:42.702+0000][info][gc,marking  ] GC(130) Concurrent Mark From Roots
[2026-07-18T16:59:42.702+0000][info][gc,task     ] GC(130) Using 1 workers of 1 for marking
[2026-07-18T16:59:42.790+0000][info][gc,start    ] GC(131) Pause Young (Normal) (G1 Evacuation Pause)
[2026-07-18T16:59:42.790+0000][info][gc,task     ] GC(131) Using 4 workers of 4 for evacuation
[2026-07-18T16:59:42.791+0000][info][gc,phases   ] GC(131)   Pre Evacuate Collection Set: 0.25ms
[2026-07-18T16:59:42.791+0000][info][gc,phases   ] GC(131)   Merge Heap Roots: 0.06ms
[2026-07-18T16:59:42.791+0000][info][gc,phases   ] GC(131)   Evacuate Collection Set: 0.10ms
[2026-07-18T16:59:42.791+0000][info][gc,phases   ] GC(131)   Post Evacuate Collection Set: 0.23ms
[2026-07-18T16:59:42.791+0000][info][gc,phases   ] GC(131)   Other: 0.10ms
[2026-07-18T16:59:42.791+0000][info][gc,heap     ] GC(131) Eden regions: 491->0(491)
[2026-07-18T16:59:42.791+0000][info][gc,heap     ] GC(131) Survivor regions: 0->0(62)
[2026-07-18T16:59:42.791+0000][info][gc,heap     ] GC(131) Old regions: 885->885
[2026-07-18T16:59:42.791+0000][info][gc,heap     ] GC(131) Humongous regions: 49->49
[2026-07-18T16:59:42.791+0000][info][gc,metaspace] GC(131) Metaspace: 409K(576K)->409K(576K) NonClass: 379K(448K)->379K(448K) Class: 29K(128K)->29K(128K)
[2026-07-18T16:59:42.791+0000][info][gc          ] GC(131) Pause Young (Normal) (G1 Evacuation Pause) 1424M->933M(1500M) 1.232ms
[2026-07-18T16:59:42.791+0000][info][gc,cpu      ] GC(131) User=0.01s Sys=0.00s Real=0.00s
[2026-07-18T16:59:42.864+0000][info][gc,marking  ] GC(130) Concurrent Mark From Roots 162.363ms
[2026-07-18T16:59:42.865+0000][info][gc,marking  ] GC(130) Concurrent Preclean
[2026-07-18T16:59:42.865+0000][info][gc,marking  ] GC(130) Concurrent Preclean 0.051ms
[2026-07-18T16:59:42.865+0000][info][gc,start    ] GC(130) Pause Remark
[2026-07-18T16:59:42.865+0000][info][gc          ] GC(130) Pause Remark 1320M->1320M(1500M) 0.402ms
[2026-07-18T16:59:42.865+0000][info][gc,cpu      ] GC(130) User=0.00s Sys=0.00s Real=0.00s
[2026-07-18T16:59:42.866+0000][info][gc,marking  ] GC(130) Concurrent Mark 163.475ms
[2026-07-18T16:59:42.867+0000][info][gc,marking  ] GC(130) Concurrent Rebuild Remembered Sets and Scrub Regions
[2026-07-18T16:59:42.885+0000][info][gc,start    ] GC(132) Pause Young (Normal) (G1 Evacuation Pause)
[2026-07-18T16:59:42.885+0000][info][gc,task     ] GC(132) Using 4 workers of 4 for evacuation
[2026-07-18T16:59:42.885+0000][info][gc,phases   ] GC(132)   Pre Evacuate Collection Set: 0.17ms
[2026-07-18T16:59:42.885+0000][info][gc,phases   ] GC(132)   Merge Heap Roots: 0.04ms
[2026-07-18T16:59:42.886+0000][info][gc,phases   ] GC(132)   Evacuate Collection Set: 0.09ms
[2026-07-18T16:59:42.886+0000][info][gc,phases   ] GC(132)   Post Evacuate Collection Set: 0.26ms
[2026-07-18T16:59:42.886+0000][info][gc,phases   ] GC(132)   Other: 0.06ms
[2026-07-18T16:59:42.886+0000][info][gc,heap     ] GC(132) Eden regions: 491->0(491)
[2026-07-18T16:59:42.886+0000][info][gc,heap     ] GC(132) Survivor regions: 0->0(62)
[2026-07-18T16:59:42.886+0000][info][gc,heap     ] GC(132) Old regions: 885->885
[2026-07-18T16:59:42.886+0000][info][gc,heap     ] GC(132) Humongous regions: 49->49
[2026-07-18T16:59:42.886+0000][info][gc,metaspace] GC(132) Metaspace: 409K(576K)->409K(576K) NonClass: 379K(448K)->379K(448K) Class: 29K(128K)->29K(128K)
[2026-07-18T16:59:42.886+0000][info][gc          ] GC(132) Pause Young (Normal) (G1 Evacuation Pause) 1424M->933M(1500M) 1.153ms
[2026-07-18T16:59:42.886+0000][info][gc,cpu      ] GC(132) User=0.00s Sys=0.00s Real=0.00s
[2026-07-18T16:59:42.940+0000][info][gc,marking  ] GC(130) Concurrent Rebuild Remembered Sets and Scrub Regions 72.740ms
[2026-07-18T16:59:42.940+0000][info][gc,start    ] GC(130) Pause Cleanup
[2026-07-18T16:59:42.940+0000][info][gc          ] GC(130) Pause Cleanup 1216M->1216M(1500M) 0.215ms
[2026-07-18T16:59:42.940+0000][info][gc,cpu      ] GC(130) User=0.00s Sys=0.00s Real=0.00s
[2026-07-18T16:59:42.940+0000][info][gc,marking  ] GC(130) Concurrent Clear Claimed Marks
[2026-07-18T16:59:42.943+0000][info][gc,marking  ] GC(130) Concurrent Clear Claimed Marks 2.653ms
[2026-07-18T16:59:42.943+0000][info][gc,marking  ] GC(130) Concurrent Cleanup for Next Mark
[2026-07-18T16:59:42.944+0000][info][gc,marking  ] GC(130) Concurrent Cleanup for Next Mark 0.731ms
[2026-07-18T16:59:42.944+0000][info][gc          ] GC(130) Concurrent Mark Cycle 245.760ms
[2026-07-18T16:59:42.975+0000][info][gc,start    ] GC(133) Pause Young (Normal) (G1 Evacuation Pause)
[2026-07-18T16:59:42.975+0000][info][gc,task     ] GC(133) Using 4 workers of 4 for evacuation
[2026-07-18T16:59:42.976+0000][info][gc,phases   ] GC(133)   Pre Evacuate Collection Set: 0.14ms
[2026-07-18T16:59:42.976+0000][info][gc,phases   ] GC(133)   Merge Heap Roots: 0.05ms
[2026-07-18T16:59:42.976+0000][info][gc,phases   ] GC(133)   Evacuate Collection Set: 0.07ms
[2026-07-18T16:59:42.976+0000][info][gc,phases   ] GC(133)   Post Evacuate Collection Set: 0.20ms
[2026-07-18T16:59:42.976+0000][info][gc,phases   ] GC(133)   Other: 0.07ms
[2026-07-18T16:59:42.976+0000][info][gc,heap     ] GC(133) Eden regions: 491->0(491)
[2026-07-18T16:59:42.976+0000][info][gc,heap     ] GC(133) Survivor regions: 0->0(62)
[2026-07-18T16:59:42.976+0000][info][gc,heap     ] GC(133) Old regions: 885->885
[2026-07-18T16:59:42.976+0000][info][gc,heap     ] GC(133) Humongous regions: 49->49
[2026-07-18T16:59:42.976+0000][info][gc,metaspace] GC(133) Metaspace: 409K(576K)->409K(576K) NonClass: 379K(448K)->379K(448K) Class: 29K(128K)->29K(128K)
[2026-07-18T16:59:42.976+0000][info][gc          ] GC(133) Pause Young (Normal) (G1 Evacuation Pause) 1424M->933M(1500M) 0.918ms
[2026-07-18T16:59:42.976+0000][info][gc,cpu      ] GC(133) User=0.00s Sys=0.00s Real=0.00s
[2026-07-18T16:59:43.054+0000][info][gc,start    ] GC(134) Pause Young (Concurrent Start) (G1 Evacuation Pause)
[2026-07-18T16:59:43.054+0000][info][gc,task     ] GC(134) Using 4 workers of 4 for evacuation
[2026-07-18T16:59:43.055+0000][info][gc,phases   ] GC(134)   Pre Evacuate Collection Set: 0.14ms
[2026-07-18T16:59:43.055+0000][info][gc,phases   ] GC(134)   Merge Heap Roots: 0.05ms
[2026-07-18T16:59:43.055+0000][info][gc,phases   ] GC(134)   Evacuate Collection Set: 0.10ms
[2026-07-18T16:59:43.055+0000][info][gc,phases   ] GC(134)   Post Evacuate Collection Set: 0.20ms
[2026-07-18T16:59:43.055+0000][info][gc,phases   ] GC(134)   Other: 0.10ms
[2026-07-18T16:59:43.055+0000][info][gc,heap     ] GC(134) Eden regions: 491->0(491)
[2026-07-18T16:59:43.055+0000][info][gc,heap     ] GC(134) Survivor regions: 0->0(62)
[2026-07-18T16:59:43.055+0000][info][gc,heap     ] GC(134) Old regions: 885->885
[2026-07-18T16:59:43.055+0000][info][gc,heap     ] GC(134) Humongous regions: 49->49
[2026-07-18T16:59:43.055+0000][info][gc,metaspace] GC(134) Metaspace: 409K(576K)->409K(576K) NonClass: 379K(448K)->379K(448K) Class: 29K(128K)->29K(128K)
[2026-07-18T16:59:43.055+0000][info][gc          ] GC(134) Pause Young (Concurrent Start) (G1 Evacuation Pause) 1424M->933M(1500M) 0.969ms
[2026-07-18T16:59:43.055+0000][info][gc,cpu      ] GC(134) User=0.00s Sys=0.00s Real=0.00s
[2026-07-18T16:59:43.055+0000][info][gc          ] GC(135) Concurrent Mark Cycle
[2026-07-18T16:59:43.058+0000][info][gc,marking  ] GC(135) Concurrent Scan Root Regions
[2026-07-18T16:59:43.058+0000][info][gc,marking  ] GC(135) Concurrent Scan Root Regions 0.051ms
[2026-07-18T16:59:43.058+0000][info][gc,marking  ] GC(135) Concurrent Mark
[2026-07-18T16:59:43.058+0000][info][gc,marking  ] GC(135) Concurrent Mark From Roots
[2026-07-18T16:59:43.058+0000][info][gc,task     ] GC(135) Using 1 workers of 1 for marking
[2026-07-18T16:59:43.140+0000][info][gc,start    ] GC(136) Pause Young (Normal) (G1 Evacuation Pause)
[2026-07-18T16:59:43.140+0000][info][gc,task     ] GC(136) Using 4 workers of 4 for evacuation
[2026-07-18T16:59:43.141+0000][info][gc,phases   ] GC(136)   Pre Evacuate Collection Set: 0.13ms
[2026-07-18T16:59:43.141+0000][info][gc,phases   ] GC(136)   Merge Heap Roots: 0.05ms
[2026-07-18T16:59:43.141+0000][info][gc,phases   ] GC(136)   Evacuate Collection Set: 0.09ms
[2026-07-18T16:59:43.141+0000][info][gc,phases   ] GC(136)   Post Evacuate Collection Set: 0.21ms
[2026-07-18T16:59:43.141+0000][info][gc,phases   ] GC(136)   Other: 0.06ms
[2026-07-18T16:59:43.141+0000][info][gc,heap     ] GC(136) Eden regions: 491->0(491)
[2026-07-18T16:59:43.141+0000][info][gc,heap     ] GC(136) Survivor regions: 0->0(62)
[2026-07-18T16:59:43.141+0000][info][gc,heap     ] GC(136) Old regions: 885->885
[2026-07-18T16:59:43.141+0000][info][gc,heap     ] GC(136) Humongous regions: 49->49
[2026-07-18T16:59:43.141+0000][info][gc,metaspace] GC(136) Metaspace: 409K(576K)->409K(576K) NonClass: 379K(448K)->379K(448K) Class: 29K(128K)->29K(128K)
[2026-07-18T16:59:43.141+0000][info][gc          ] GC(136) Pause Young (Normal) (G1 Evacuation Pause) 1424M->933M(1500M) 0.963ms
[2026-07-18T16:59:43.141+0000][info][gc,cpu      ] GC(136) User=0.00s Sys=0.00s Real=0.00s
[2026-07-18T16:59:43.217+0000][info][gc,marking  ] GC(135) Concurrent Mark From Roots 159.282ms
[2026-07-18T16:59:43.219+0000][info][gc,marking  ] GC(135) Concurrent Preclean
[2026-07-18T16:59:43.219+0000][info][gc,marking  ] GC(135) Concurrent Preclean 0.057ms
[2026-07-18T16:59:43.220+0000][info][gc,start    ] GC(135) Pause Remark
[2026-07-18T16:59:43.221+0000][info][gc          ] GC(135) Pause Remark 1393M->1393M(1500M) 0.387ms
[2026-07-18T16:59:43.221+0000][info][gc,cpu      ] GC(135) User=0.00s Sys=0.00s Real=0.00s
[2026-07-18T16:59:43.221+0000][info][gc,marking  ] GC(135) Concurrent Mark 162.690ms
[2026-07-18T16:59:43.224+0000][info][gc,marking  ] GC(135) Concurrent Rebuild Remembered Sets and Scrub Regions
[2026-07-18T16:59:43.226+0000][info][gc,start    ] GC(137) Pause Young (Normal) (G1 Evacuation Pause)
[2026-07-18T16:59:43.226+0000][info][gc,task     ] GC(137) Using 4 workers of 4 for evacuation
[2026-07-18T16:59:43.226+0000][info][gc,phases   ] GC(137)   Pre Evacuate Collection Set: 0.12ms
[2026-07-18T16:59:43.226+0000][info][gc,phases   ] GC(137)   Merge Heap Roots: 0.05ms
[2026-07-18T16:59:43.226+0000][info][gc,phases   ] GC(137)   Evacuate Collection Set: 0.07ms
[2026-07-18T16:59:43.227+0000][info][gc,phases   ] GC(137)   Post Evacuate Collection Set: 0.19ms
[2026-07-18T16:59:43.227+0000][info][gc,phases   ] GC(137)   Other: 0.05ms
[2026-07-18T16:59:43.227+0000][info][gc,heap     ] GC(137) Eden regions: 491->0(491)
[2026-07-18T16:59:43.227+0000][info][gc,heap     ] GC(137) Survivor regions: 0->0(62)
[2026-07-18T16:59:43.227+0000][info][gc,heap     ] GC(137) Old regions: 885->885
[2026-07-18T16:59:43.227+0000][info][gc,heap     ] GC(137) Humongous regions: 49->49
[2026-07-18T16:59:43.227+0000][info][gc,metaspace] GC(137) Metaspace: 409K(576K)->409K(576K) NonClass: 379K(448K)->379K(448K) Class: 29K(128K)->29K(128K)
[2026-07-18T16:59:43.227+0000][info][gc          ] GC(137) Pause Young (Normal) (G1 Evacuation Pause) 1424M->933M(1500M) 0.813ms
[2026-07-18T16:59:43.227+0000][info][gc,cpu      ] GC(137) User=0.00s Sys=0.00s Real=0.00s
[2026-07-18T16:59:43.296+0000][info][gc,marking  ] GC(135) Concurrent Rebuild Remembered Sets and Scrub Regions 72.103ms
[2026-07-18T16:59:43.297+0000][info][gc,start    ] GC(135) Pause Cleanup
[2026-07-18T16:59:43.297+0000][info][gc          ] GC(135) Pause Cleanup 1333M->1333M(1500M) 0.191ms
[2026-07-18T16:59:43.297+0000][info][gc,cpu      ] GC(135) User=0.00s Sys=0.00s Real=0.00s
[2026-07-18T16:59:43.297+0000][info][gc,marking  ] GC(135) Concurrent Clear Claimed Marks
[2026-07-18T16:59:43.301+0000][info][gc,marking  ] GC(135) Concurrent Clear Claimed Marks 3.464ms
[2026-07-18T16:59:43.301+0000][info][gc,marking  ] GC(135) Concurrent Cleanup for Next Mark
[2026-07-18T16:59:43.302+0000][info][gc,marking  ] GC(135) Concurrent Cleanup for Next Mark 0.606ms
[2026-07-18T16:59:43.302+0000][info][gc          ] GC(135) Concurrent Mark Cycle 246.773ms
[2026-07-18T16:59:43.312+0000][info][gc,start    ] GC(138) Pause Young (Normal) (G1 Evacuation Pause)
[2026-07-18T16:59:43.312+0000][info][gc,task     ] GC(138) Using 4 workers of 4 for evacuation
[2026-07-18T16:59:43.313+0000][info][gc,phases   ] GC(138)   Pre Evacuate Collection Set: 0.13ms
[2026-07-18T16:59:43.313+0000][info][gc,phases   ] GC(138)   Merge Heap Roots: 0.05ms
[2026-07-18T16:59:43.313+0000][info][gc,phases   ] GC(138)   Evacuate Collection Set: 0.08ms
[2026-07-18T16:59:43.313+0000][info][gc,phases   ] GC(138)   Post Evacuate Collection Set: 0.20ms
[2026-07-18T16:59:43.313+0000][info][gc,phases   ] GC(138)   Other: 0.06ms
[2026-07-18T16:59:43.313+0000][info][gc,heap     ] GC(138) Eden regions: 491->0(491)
[2026-07-18T16:59:43.313+0000][info][gc,heap     ] GC(138) Survivor regions: 0->0(62)
[2026-07-18T16:59:43.313+0000][info][gc,heap     ] GC(138) Old regions: 885->885
[2026-07-18T16:59:43.313+0000][info][gc,heap     ] GC(138) Humongous regions: 49->49
[2026-07-18T16:59:43.313+0000][info][gc,metaspace] GC(138) Metaspace: 409K(576K)->409K(576K) NonClass: 379K(448K)->379K(448K) Class: 29K(128K)->29K(128K)
[2026-07-18T16:59:43.313+0000][info][gc          ] GC(138) Pause Young (Normal) (G1 Evacuation Pause) 1424M->933M(1500M) 0.920ms
[2026-07-18T16:59:43.313+0000][info][gc,cpu      ] GC(138) User=0.00s Sys=0.00s Real=0.00s
[2026-07-18T16:59:43.399+0000][info][gc,start    ] GC(139) Pause Young (Concurrent Start) (G1 Evacuation Pause)
[2026-07-18T16:59:43.399+0000][info][gc,task     ] GC(139) Using 4 workers of 4 for evacuation
[2026-07-18T16:59:43.400+0000][info][gc,phases   ] GC(139)   Pre Evacuate Collection Set: 0.16ms
[2026-07-18T16:59:43.400+0000][info][gc,phases   ] GC(139)   Merge Heap Roots: 0.07ms
[2026-07-18T16:59:43.400+0000][info][gc,phases   ] GC(139)   Evacuate Collection Set: 0.10ms
[2026-07-18T16:59:43.400+0000][info][gc,phases   ] GC(139)   Post Evacuate Collection Set: 0.21ms
[2026-07-18T16:59:43.400+0000][info][gc,phases   ] GC(139)   Other: 0.11ms
[2026-07-18T16:59:43.400+0000][info][gc,heap     ] GC(139) Eden regions: 491->0(491)
[2026-07-18T16:59:43.400+0000][info][gc,heap     ] GC(139) Survivor regions: 0->0(62)
[2026-07-18T16:59:43.400+0000][info][gc,heap     ] GC(139) Old regions: 885->885
[2026-07-18T16:59:43.400+0000][info][gc,heap     ] GC(139) Humongous regions: 49->49
[2026-07-18T16:59:43.400+0000][info][gc,metaspace] GC(139) Metaspace: 409K(576K)->409K(576K) NonClass: 379K(448K)->379K(448K) Class: 29K(128K)->29K(128K)
[2026-07-18T16:59:43.400+0000][info][gc          ] GC(139) Pause Young (Concurrent Start) (G1 Evacuation Pause) 1424M->933M(1500M) 1.104ms
[2026-07-18T16:59:43.400+0000][info][gc,cpu      ] GC(139) User=0.00s Sys=0.00s Real=0.00s
[2026-07-18T16:59:43.400+0000][info][gc          ] GC(140) Concurrent Mark Cycle
[2026-07-18T16:59:43.404+0000][info][gc,marking  ] GC(140) Concurrent Scan Root Regions
[2026-07-18T16:59:43.404+0000][info][gc,marking  ] GC(140) Concurrent Scan Root Regions 0.056ms
[2026-07-18T16:59:43.404+0000][info][gc,marking  ] GC(140) Concurrent Mark
[2026-07-18T16:59:43.404+0000][info][gc,marking  ] GC(140) Concurrent Mark From Roots
[2026-07-18T16:59:43.404+0000][info][gc,task     ] GC(140) Using 1 workers of 1 for marking
[2026-07-18T16:59:43.497+0000][info][gc,start    ] GC(141) Pause Young (Normal) (G1 Evacuation Pause)
[2026-07-18T16:59:43.497+0000][info][gc,task     ] GC(141) Using 4 workers of 4 for evacuation
[2026-07-18T16:59:43.497+0000][info][gc,phases   ] GC(141)   Pre Evacuate Collection Set: 0.13ms
[2026-07-18T16:59:43.497+0000][info][gc,phases   ] GC(141)   Merge Heap Roots: 0.05ms
[2026-07-18T16:59:43.497+0000][info][gc,phases   ] GC(141)   Evacuate Collection Set: 0.07ms
[2026-07-18T16:59:43.498+0000][info][gc,phases   ] GC(141)   Post Evacuate Collection Set: 0.19ms
[2026-07-18T16:59:43.498+0000][info][gc,phases   ] GC(141)   Other: 0.09ms
[2026-07-18T16:59:43.498+0000][info][gc,heap     ] GC(141) Eden regions: 491->0(491)
[2026-07-18T16:59:43.498+0000][info][gc,heap     ] GC(141) Survivor regions: 0->0(62)
[2026-07-18T16:59:43.498+0000][info][gc,heap     ] GC(141) Old regions: 885->885
[2026-07-18T16:59:43.498+0000][info][gc,heap     ] GC(141) Humongous regions: 49->49
[2026-07-18T16:59:43.498+0000][info][gc,metaspace] GC(141) Metaspace: 409K(576K)->409K(576K) NonClass: 379K(448K)->379K(448K) Class: 29K(128K)->29K(128K)
[2026-07-18T16:59:43.498+0000][info][gc          ] GC(141) Pause Young (Normal) (G1 Evacuation Pause) 1424M->933M(1500M) 0.995ms
[2026-07-18T16:59:43.498+0000][info][gc,cpu      ] GC(141) User=0.00s Sys=0.00s Real=0.00s
[2026-07-18T16:59:43.568+0000][info][gc,marking  ] GC(140) Concurrent Mark From Roots 164.382ms
[2026-07-18T16:59:43.571+0000][info][gc,marking  ] GC(140) Concurrent Preclean
[2026-07-18T16:59:43.571+0000][info][gc,marking  ] GC(140) Concurrent Preclean 0.051ms
[2026-07-18T16:59:43.572+0000][info][gc,start    ] GC(140) Pause Remark
[2026-07-18T16:59:43.573+0000][info][gc          ] GC(140) Pause Remark 1303M->1303M(1500M) 0.447ms
[2026-07-18T16:59:43.573+0000][info][gc,cpu      ] GC(140) User=0.00s Sys=0.00s Real=0.00s
[2026-07-18T16:59:43.573+0000][info][gc,marking  ] GC(140) Concurrent Mark 168.698ms
[2026-07-18T16:59:43.574+0000][info][gc,marking  ] GC(140) Concurrent Rebuild Remembered Sets and Scrub Regions
[2026-07-18T16:59:43.595+0000][info][gc,start    ] GC(142) Pause Young (Normal) (G1 Evacuation Pause)
[2026-07-18T16:59:43.595+0000][info][gc,task     ] GC(142) Using 4 workers of 4 for evacuation
[2026-07-18T16:59:43.596+0000][info][gc,phases   ] GC(142)   Pre Evacuate Collection Set: 0.13ms
[2026-07-18T16:59:43.596+0000][info][gc,phases   ] GC(142)   Merge Heap Roots: 0.04ms
[2026-07-18T16:59:43.596+0000][info][gc,phases   ] GC(142)   Evacuate Collection Set: 0.10ms
[2026-07-18T16:59:43.596+0000][info][gc,phases   ] GC(142)   Post Evacuate Collection Set: 0.22ms
[2026-07-18T16:59:43.596+0000][info][gc,phases   ] GC(142)   Other: 0.08ms
[2026-07-18T16:59:43.596+0000][info][gc,heap     ] GC(142) Eden regions: 491->0(491)
[2026-07-18T16:59:43.596+0000][info][gc,heap     ] GC(142) Survivor regions: 0->0(62)
[2026-07-18T16:59:43.596+0000][info][gc,heap     ] GC(142) Old regions: 885->885
[2026-07-18T16:59:43.596+0000][info][gc,heap     ] GC(142) Humongous regions: 49->49
[2026-07-18T16:59:43.596+0000][info][gc,metaspace] GC(142) Metaspace: 409K(576K)->409K(576K) NonClass: 379K(448K)->379K(448K) Class: 29K(128K)->29K(128K)
[2026-07-18T16:59:43.596+0000][info][gc          ] GC(142) Pause Young (Normal) (G1 Evacuation Pause) 1424M->933M(1500M) 0.973ms
[2026-07-18T16:59:43.596+0000][info][gc,cpu      ] GC(142) User=0.00s Sys=0.00s Real=0.00s
[2026-07-18T16:59:43.648+0000][info][gc,marking  ] GC(140) Concurrent Rebuild Remembered Sets and Scrub Regions 74.235ms
[2026-07-18T16:59:43.649+0000][info][gc,start    ] GC(140) Pause Cleanup
[2026-07-18T16:59:43.649+0000][info][gc          ] GC(140) Pause Cleanup 1186M->1186M(1500M) 0.240ms
[2026-07-18T16:59:43.649+0000][info][gc,cpu      ] GC(140) User=0.01s Sys=0.00s Real=0.00s
[2026-07-18T16:59:43.649+0000][info][gc,marking  ] GC(140) Concurrent Clear Claimed Marks
[2026-07-18T16:59:43.653+0000][info][gc,marking  ] GC(140) Concurrent Clear Claimed Marks 3.522ms
[2026-07-18T16:59:43.653+0000][info][gc,marking  ] GC(140) Concurrent Cleanup for Next Mark
[2026-07-18T16:59:43.654+0000][info][gc,marking  ] GC(140) Concurrent Cleanup for Next Mark 0.683ms
[2026-07-18T16:59:43.654+0000][info][gc          ] GC(140) Concurrent Mark Cycle 253.492ms
[2026-07-18T16:59:43.692+0000][info][gc,start    ] GC(143) Pause Young (Normal) (G1 Evacuation Pause)
[2026-07-18T16:59:43.692+0000][info][gc,task     ] GC(143) Using 4 workers of 4 for evacuation
[2026-07-18T16:59:43.693+0000][info][gc,phases   ] GC(143)   Pre Evacuate Collection Set: 0.19ms
[2026-07-18T16:59:43.693+0000][info][gc,phases   ] GC(143)   Merge Heap Roots: 0.14ms
[2026-07-18T16:59:43.693+0000][info][gc,phases   ] GC(143)   Evacuate Collection Set: 0.09ms
[2026-07-18T16:59:43.693+0000][info][gc,phases   ] GC(143)   Post Evacuate Collection Set: 0.34ms
[2026-07-18T16:59:43.693+0000][info][gc,phases   ] GC(143)   Other: 0.07ms
[2026-07-18T16:59:43.693+0000][info][gc,heap     ] GC(143) Eden regions: 491->0(491)
[2026-07-18T16:59:43.693+0000][info][gc,heap     ] GC(143) Survivor regions: 0->0(62)
[2026-07-18T16:59:43.693+0000][info][gc,heap     ] GC(143) Old regions: 885->885
[2026-07-18T16:59:43.693+0000][info][gc,heap     ] GC(143) Humongous regions: 49->49
[2026-07-18T16:59:43.693+0000][info][gc,metaspace] GC(143) Metaspace: 409K(576K)->409K(576K) NonClass: 379K(448K)->379K(448K) Class: 29K(128K)->29K(128K)
[2026-07-18T16:59:43.693+0000][info][gc          ] GC(143) Pause Young (Normal) (G1 Evacuation Pause) 1424M->933M(1500M) 1.301ms
[2026-07-18T16:59:43.694+0000][info][gc,cpu      ] GC(143) User=0.00s Sys=0.00s Real=0.00s
[2026-07-18T16:59:43.780+0000][info][gc,start    ] GC(144) Pause Young (Concurrent Start) (G1 Evacuation Pause)
[2026-07-18T16:59:43.781+0000][info][gc,task     ] GC(144) Using 4 workers of 4 for evacuation
[2026-07-18T16:59:43.781+0000][info][gc,phases   ] GC(144)   Pre Evacuate Collection Set: 0.20ms
[2026-07-18T16:59:43.781+0000][info][gc,phases   ] GC(144)   Merge Heap Roots: 0.08ms
[2026-07-18T16:59:43.781+0000][info][gc,phases   ] GC(144)   Evacuate Collection Set: 0.11ms
[2026-07-18T16:59:43.781+0000][info][gc,phases   ] GC(144)   Post Evacuate Collection Set: 0.27ms
[2026-07-18T16:59:43.781+0000][info][gc,phases   ] GC(144)   Other: 0.11ms
[2026-07-18T16:59:43.781+0000][info][gc,heap     ] GC(144) Eden regions: 491->0(491)
[2026-07-18T16:59:43.781+0000][info][gc,heap     ] GC(144) Survivor regions: 0->0(62)
[2026-07-18T16:59:43.782+0000][info][gc,heap     ] GC(144) Old regions: 885->885
[2026-07-18T16:59:43.782+0000][info][gc,heap     ] GC(144) Humongous regions: 49->49
[2026-07-18T16:59:43.782+0000][info][gc,metaspace] GC(144) Metaspace: 409K(576K)->409K(576K) NonClass: 379K(448K)->379K(448K) Class: 29K(128K)->29K(128K)
[2026-07-18T16:59:43.782+0000][info][gc          ] GC(144) Pause Young (Concurrent Start) (G1 Evacuation Pause) 1424M->933M(1500M) 1.190ms
[2026-07-18T16:59:43.782+0000][info][gc,cpu      ] GC(144) User=0.00s Sys=0.00s Real=0.00s
[2026-07-18T16:59:43.782+0000][info][gc          ] GC(145) Concurrent Mark Cycle
[2026-07-18T16:59:43.785+0000][info][gc,marking  ] GC(145) Concurrent Scan Root Regions
[2026-07-18T16:59:43.785+0000][info][gc,marking  ] GC(145) Concurrent Scan Root Regions 0.061ms
[2026-07-18T16:59:43.785+0000][info][gc,marking  ] GC(145) Concurrent Mark
[2026-07-18T16:59:43.785+0000][info][gc,marking  ] GC(145) Concurrent Mark From Roots
[2026-07-18T16:59:43.785+0000][info][gc,task     ] GC(145) Using 1 workers of 1 for marking
[2026-07-18T16:59:43.878+0000][info][gc,start    ] GC(146) Pause Young (Normal) (G1 Evacuation Pause)
[2026-07-18T16:59:43.878+0000][info][gc,task     ] GC(146) Using 4 workers of 4 for evacuation
[2026-07-18T16:59:43.879+0000][info][gc,phases   ] GC(146)   Pre Evacuate Collection Set: 0.12ms
[2026-07-18T16:59:43.879+0000][info][gc,phases   ] GC(146)   Merge Heap Roots: 0.05ms
[2026-07-18T16:59:43.879+0000][info][gc,phases   ] GC(146)   Evacuate Collection Set: 0.08ms
[2026-07-18T16:59:43.879+0000][info][gc,phases   ] GC(146)   Post Evacuate Collection Set: 0.19ms
[2026-07-18T16:59:43.879+0000][info][gc,phases   ] GC(146)   Other: 0.07ms
[2026-07-18T16:59:43.879+0000][info][gc,heap     ] GC(146) Eden regions: 491->0(491)
[2026-07-18T16:59:43.879+0000][info][gc,heap     ] GC(146) Survivor regions: 0->0(62)
[2026-07-18T16:59:43.879+0000][info][gc,heap     ] GC(146) Old regions: 885->885
[2026-07-18T16:59:43.879+0000][info][gc,heap     ] GC(146) Humongous regions: 49->49
[2026-07-18T16:59:43.879+0000][info][gc,metaspace] GC(146) Metaspace: 409K(576K)->409K(576K) NonClass: 379K(448K)->379K(448K) Class: 29K(128K)->29K(128K)
[2026-07-18T16:59:43.879+0000][info][gc          ] GC(146) Pause Young (Normal) (G1 Evacuation Pause) 1424M->933M(1500M) 0.926ms
[2026-07-18T16:59:43.879+0000][info][gc,cpu      ] GC(146) User=0.00s Sys=0.00s Real=0.00s
[2026-07-18T16:59:43.950+0000][info][gc,marking  ] GC(145) Concurrent Mark From Roots 164.786ms
[2026-07-18T16:59:43.950+0000][info][gc,marking  ] GC(145) Concurrent Preclean
[2026-07-18T16:59:43.950+0000][info][gc,marking  ] GC(145) Concurrent Preclean 0.045ms
[2026-07-18T16:59:43.950+0000][info][gc,start    ] GC(145) Pause Remark
[2026-07-18T16:59:43.950+0000][info][gc          ] GC(145) Pause Remark 1329M->1329M(1500M) 0.398ms
[2026-07-18T16:59:43.951+0000][info][gc,cpu      ] GC(145) User=0.00s Sys=0.00s Real=0.00s
[2026-07-18T16:59:43.951+0000][info][gc,marking  ] GC(145) Concurrent Mark 165.540ms
[2026-07-18T16:59:43.954+0000][info][gc,marking  ] GC(145) Concurrent Rebuild Remembered Sets and Scrub Regions
[2026-07-18T16:59:43.972+0000][info][gc,start    ] GC(147) Pause Young (Normal) (G1 Evacuation Pause)
[2026-07-18T16:59:43.972+0000][info][gc,task     ] GC(147) Using 4 workers of 4 for evacuation
[2026-07-18T16:59:43.972+0000][info][gc,phases   ] GC(147)   Pre Evacuate Collection Set: 0.13ms
[2026-07-18T16:59:43.972+0000][info][gc,phases   ] GC(147)   Merge Heap Roots: 0.06ms
[2026-07-18T16:59:43.972+0000][info][gc,phases   ] GC(147)   Evacuate Collection Set: 0.09ms
[2026-07-18T16:59:43.972+0000][info][gc,phases   ] GC(147)   Post Evacuate Collection Set: 0.20ms
[2026-07-18T16:59:43.972+0000][info][gc,phases   ] GC(147)   Other: 0.06ms
[2026-07-18T16:59:43.972+0000][info][gc,heap     ] GC(147) Eden regions: 491->0(491)
[2026-07-18T16:59:43.972+0000][info][gc,heap     ] GC(147) Survivor regions: 0->0(62)
[2026-07-18T16:59:43.972+0000][info][gc,heap     ] GC(147) Old regions: 885->885
[2026-07-18T16:59:43.972+0000][info][gc,heap     ] GC(147) Humongous regions: 49->49
[2026-07-18T16:59:43.972+0000][info][gc,metaspace] GC(147) Metaspace: 409K(576K)->409K(576K) NonClass: 379K(448K)->379K(448K) Class: 29K(128K)->29K(128K)
[2026-07-18T16:59:43.972+0000][info][gc          ] GC(147) Pause Young (Normal) (G1 Evacuation Pause) 1424M->933M(1500M) 0.913ms
[2026-07-18T16:59:43.972+0000][info][gc,cpu      ] GC(147) User=0.00s Sys=0.00s Real=0.01s
[2026-07-18T16:59:44.028+0000][info][gc,marking  ] GC(145) Concurrent Rebuild Remembered Sets and Scrub Regions 73.695ms
[2026-07-18T16:59:44.028+0000][info][gc,start    ] GC(145) Pause Cleanup
[2026-07-18T16:59:44.028+0000][info][gc          ] GC(145) Pause Cleanup 1221M->1221M(1500M) 0.132ms
[2026-07-18T16:59:44.028+0000][info][gc,cpu      ] GC(145) User=0.00s Sys=0.00s Real=0.00s
[2026-07-18T16:59:44.028+0000][info][gc,marking  ] GC(145) Concurrent Clear Claimed Marks
[2026-07-18T16:59:44.032+0000][info][gc,marking  ] GC(145) Concurrent Clear Claimed Marks 3.963ms
[2026-07-18T16:59:44.032+0000][info][gc,marking  ] GC(145) Concurrent Cleanup for Next Mark
[2026-07-18T16:59:44.033+0000][info][gc,marking  ] GC(145) Concurrent Cleanup for Next Mark 0.665ms
[2026-07-18T16:59:44.033+0000][info][gc          ] GC(145) Concurrent Mark Cycle 251.054ms
[2026-07-18T16:59:44.063+0000][info][gc,start    ] GC(148) Pause Young (Normal) (G1 Evacuation Pause)
[2026-07-18T16:59:44.063+0000][info][gc,task     ] GC(148) Using 4 workers of 4 for evacuation
[2026-07-18T16:59:44.063+0000][info][gc,phases   ] GC(148)   Pre Evacuate Collection Set: 0.14ms
[2026-07-18T16:59:44.063+0000][info][gc,phases   ] GC(148)   Merge Heap Roots: 0.06ms
[2026-07-18T16:59:44.064+0000][info][gc,phases   ] GC(148)   Evacuate Collection Set: 0.09ms
[2026-07-18T16:59:44.064+0000][info][gc,phases   ] GC(148)   Post Evacuate Collection Set: 0.20ms
[2026-07-18T16:59:44.064+0000][info][gc,phases   ] GC(148)   Other: 0.06ms
[2026-07-18T16:59:44.064+0000][info][gc,heap     ] GC(148) Eden regions: 491->0(491)
[2026-07-18T16:59:44.064+0000][info][gc,heap     ] GC(148) Survivor regions: 0->0(62)
[2026-07-18T16:59:44.064+0000][info][gc,heap     ] GC(148) Old regions: 885->885
[2026-07-18T16:59:44.064+0000][info][gc,heap     ] GC(148) Humongous regions: 49->49
[2026-07-18T16:59:44.064+0000][info][gc,metaspace] GC(148) Metaspace: 409K(576K)->409K(576K) NonClass: 379K(448K)->379K(448K) Class: 29K(128K)->29K(128K)
[2026-07-18T16:59:44.064+0000][info][gc          ] GC(148) Pause Young (Normal) (G1 Evacuation Pause) 1424M->933M(1500M) 0.951ms
[2026-07-18T16:59:44.064+0000][info][gc,cpu      ] GC(148) User=0.00s Sys=0.00s Real=0.00s
[2026-07-18T16:59:44.140+0000][info][gc,start    ] GC(149) Pause Young (Concurrent Start) (G1 Evacuation Pause)
[2026-07-18T16:59:44.140+0000][info][gc,task     ] GC(149) Using 4 workers of 4 for evacuation
[2026-07-18T16:59:44.141+0000][info][gc,phases   ] GC(149)   Pre Evacuate Collection Set: 0.17ms
[2026-07-18T16:59:44.141+0000][info][gc,phases   ] GC(149)   Merge Heap Roots: 0.06ms
[2026-07-18T16:59:44.141+0000][info][gc,phases   ] GC(149)   Evacuate Collection Set: 0.10ms
[2026-07-18T16:59:44.141+0000][info][gc,phases   ] GC(149)   Post Evacuate Collection Set: 0.20ms
[2026-07-18T16:59:44.141+0000][info][gc,phases   ] GC(149)   Other: 0.09ms
[2026-07-18T16:59:44.141+0000][info][gc,heap     ] GC(149) Eden regions: 491->0(491)
[2026-07-18T16:59:44.141+0000][info][gc,heap     ] GC(149) Survivor regions: 0->0(62)
[2026-07-18T16:59:44.141+0000][info][gc,heap     ] GC(149) Old regions: 885->885
[2026-07-18T16:59:44.141+0000][info][gc,heap     ] GC(149) Humongous regions: 49->49
[2026-07-18T16:59:44.141+0000][info][gc,metaspace] GC(149) Metaspace: 409K(576K)->409K(576K) NonClass: 379K(448K)->379K(448K) Class: 29K(128K)->29K(128K)
[2026-07-18T16:59:44.141+0000][info][gc          ] GC(149) Pause Young (Concurrent Start) (G1 Evacuation Pause) 1424M->933M(1500M) 1.046ms
[2026-07-18T16:59:44.141+0000][info][gc,cpu      ] GC(149) User=0.00s Sys=0.00s Real=0.00s
[2026-07-18T16:59:44.141+0000][info][gc          ] GC(150) Concurrent Mark Cycle
[2026-07-18T16:59:44.145+0000][info][gc,marking  ] GC(150) Concurrent Scan Root Regions
[2026-07-18T16:59:44.145+0000][info][gc,marking  ] GC(150) Concurrent Scan Root Regions 0.051ms
[2026-07-18T16:59:44.145+0000][info][gc,marking  ] GC(150) Concurrent Mark
[2026-07-18T16:59:44.145+0000][info][gc,marking  ] GC(150) Concurrent Mark From Roots
[2026-07-18T16:59:44.145+0000][info][gc,task     ] GC(150) Using 1 workers of 1 for marking
[2026-07-18T16:59:44.226+0000][info][gc,start    ] GC(151) Pause Young (Normal) (G1 Evacuation Pause)
[2026-07-18T16:59:44.226+0000][info][gc,task     ] GC(151) Using 4 workers of 4 for evacuation
[2026-07-18T16:59:44.227+0000][info][gc,phases   ] GC(151)   Pre Evacuate Collection Set: 0.15ms
[2026-07-18T16:59:44.227+0000][info][gc,phases   ] GC(151)   Merge Heap Roots: 0.06ms
[2026-07-18T16:59:44.227+0000][info][gc,phases   ] GC(151)   Evacuate Collection Set: 0.06ms
[2026-07-18T16:59:44.227+0000][info][gc,phases   ] GC(151)   Post Evacuate Collection Set: 0.19ms
[2026-07-18T16:59:44.227+0000][info][gc,phases   ] GC(151)   Other: 0.07ms
[2026-07-18T16:59:44.227+0000][info][gc,heap     ] GC(151) Eden regions: 491->0(491)
[2026-07-18T16:59:44.227+0000][info][gc,heap     ] GC(151) Survivor regions: 0->0(62)
[2026-07-18T16:59:44.227+0000][info][gc,heap     ] GC(151) Old regions: 885->885
[2026-07-18T16:59:44.227+0000][info][gc,heap     ] GC(151) Humongous regions: 49->49
[2026-07-18T16:59:44.227+0000][info][gc,metaspace] GC(151) Metaspace: 409K(576K)->409K(576K) NonClass: 379K(448K)->379K(448K) Class: 29K(128K)->29K(128K)
[2026-07-18T16:59:44.227+0000][info][gc          ] GC(151) Pause Young (Normal) (G1 Evacuation Pause) 1424M->933M(1500M) 0.892ms
[2026-07-18T16:59:44.227+0000][info][gc,cpu      ] GC(151) User=0.00s Sys=0.00s Real=0.00s
[2026-07-18T16:59:44.303+0000][info][gc,marking  ] GC(150) Concurrent Mark From Roots 158.364ms
[2026-07-18T16:59:44.304+0000][info][gc,marking  ] GC(150) Concurrent Preclean
[2026-07-18T16:59:44.304+0000][info][gc,marking  ] GC(150) Concurrent Preclean 0.047ms
[2026-07-18T16:59:44.304+0000][info][gc,start    ] GC(150) Pause Remark
[2026-07-18T16:59:44.304+0000][info][gc          ] GC(150) Pause Remark 1384M->1384M(1500M) 0.399ms
[2026-07-18T16:59:44.304+0000][info][gc,cpu      ] GC(150) User=0.00s Sys=0.00s Real=0.00s
[2026-07-18T16:59:44.305+0000][info][gc,marking  ] GC(150) Concurrent Mark 159.472ms
[2026-07-18T16:59:44.308+0000][info][gc,marking  ] GC(150) Concurrent Rebuild Remembered Sets and Scrub Regions
[2026-07-18T16:59:44.311+0000][info][gc,start    ] GC(152) Pause Young (Normal) (G1 Evacuation Pause)
[2026-07-18T16:59:44.311+0000][info][gc,task     ] GC(152) Using 4 workers of 4 for evacuation
[2026-07-18T16:59:44.312+0000][info][gc,phases   ] GC(152)   Pre Evacuate Collection Set: 0.11ms
[2026-07-18T16:59:44.312+0000][info][gc,phases   ] GC(152)   Merge Heap Roots: 0.05ms
[2026-07-18T16:59:44.312+0000][info][gc,phases   ] GC(152)   Evacuate Collection Set: 0.07ms
[2026-07-18T16:59:44.312+0000][info][gc,phases   ] GC(152)   Post Evacuate Collection Set: 0.18ms
[2026-07-18T16:59:44.312+0000][info][gc,phases   ] GC(152)   Other: 0.06ms
[2026-07-18T16:59:44.312+0000][info][gc,heap     ] GC(152) Eden regions: 491->0(491)
[2026-07-18T16:59:44.312+0000][info][gc,heap     ] GC(152) Survivor regions: 0->0(62)
[2026-07-18T16:59:44.312+0000][info][gc,heap     ] GC(152) Old regions: 885->885
[2026-07-18T16:59:44.312+0000][info][gc,heap     ] GC(152) Humongous regions: 49->49
[2026-07-18T16:59:44.312+0000][info][gc,metaspace] GC(152) Metaspace: 409K(576K)->409K(576K) NonClass: 379K(448K)->379K(448K) Class: 29K(128K)->29K(128K)
[2026-07-18T16:59:44.312+0000][info][gc          ] GC(152) Pause Young (Normal) (G1 Evacuation Pause) 1424M->933M(1500M) 0.845ms
[2026-07-18T16:59:44.312+0000][info][gc,cpu      ] GC(152) User=0.00s Sys=0.00s Real=0.01s
[2026-07-18T16:59:44.401+0000][info][gc,marking  ] GC(150) Concurrent Rebuild Remembered Sets and Scrub Regions 93.324ms
[2026-07-18T16:59:44.402+0000][info][gc,start    ] GC(150) Pause Cleanup
[2026-07-18T16:59:44.402+0000][info][gc          ] GC(150) Pause Cleanup 1313M->1313M(1500M) 0.182ms
[2026-07-18T16:59:44.402+0000][info][gc,cpu      ] GC(150) User=0.00s Sys=0.00s Real=0.00s
[2026-07-18T16:59:44.402+0000][info][gc,marking  ] GC(150) Concurrent Clear Claimed Marks
[2026-07-18T16:59:44.406+0000][info][gc,marking  ] GC(150) Concurrent Clear Claimed Marks 3.582ms
[2026-07-18T16:59:44.406+0000][info][gc,marking  ] GC(150) Concurrent Cleanup for Next Mark
[2026-07-18T16:59:44.407+0000][info][gc,marking  ] GC(150) Concurrent Cleanup for Next Mark 0.628ms
[2026-07-18T16:59:44.407+0000][info][gc          ] GC(150) Concurrent Mark Cycle 265.262ms
[2026-07-18T16:59:44.423+0000][info][gc,start    ] GC(153) Pause Young (Normal) (G1 Evacuation Pause)
[2026-07-18T16:59:44.423+0000][info][gc,task     ] GC(153) Using 4 workers of 4 for evacuation
[2026-07-18T16:59:44.423+0000][info][gc,phases   ] GC(153)   Pre Evacuate Collection Set: 0.15ms
[2026-07-18T16:59:44.423+0000][info][gc,phases   ] GC(153)   Merge Heap Roots: 0.05ms
[2026-07-18T16:59:44.423+0000][info][gc,phases   ] GC(153)   Evacuate Collection Set: 0.08ms
[2026-07-18T16:59:44.424+0000][info][gc,phases   ] GC(153)   Post Evacuate Collection Set: 0.20ms
[2026-07-18T16:59:44.424+0000][info][gc,phases   ] GC(153)   Other: 0.05ms
[2026-07-18T16:59:44.424+0000][info][gc,heap     ] GC(153) Eden regions: 491->0(491)
[2026-07-18T16:59:44.424+0000][info][gc,heap     ] GC(153) Survivor regions: 0->0(62)
[2026-07-18T16:59:44.424+0000][info][gc,heap     ] GC(153) Old regions: 885->885
[2026-07-18T16:59:44.424+0000][info][gc,heap     ] GC(153) Humongous regions: 49->49
[2026-07-18T16:59:44.424+0000][info][gc,metaspace] GC(153) Metaspace: 409K(576K)->409K(576K) NonClass: 379K(448K)->379K(448K) Class: 29K(128K)->29K(128K)
[2026-07-18T16:59:44.424+0000][info][gc          ] GC(153) Pause Young (Normal) (G1 Evacuation Pause) 1424M->933M(1500M) 0.965ms
[2026-07-18T16:59:44.424+0000][info][gc,cpu      ] GC(153) User=0.00s Sys=0.00s Real=0.00s
[2026-07-18T16:59:44.512+0000][info][gc,start    ] GC(154) Pause Young (Concurrent Start) (G1 Evacuation Pause)
[2026-07-18T16:59:44.512+0000][info][gc,task     ] GC(154) Using 4 workers of 4 for evacuation
[2026-07-18T16:59:44.513+0000][info][gc,phases   ] GC(154)   Pre Evacuate Collection Set: 0.15ms
[2026-07-18T16:59:44.513+0000][info][gc,phases   ] GC(154)   Merge Heap Roots: 0.05ms
[2026-07-18T16:59:44.513+0000][info][gc,phases   ] GC(154)   Evacuate Collection Set: 0.11ms
[2026-07-18T16:59:44.513+0000][info][gc,phases   ] GC(154)   Post Evacuate Collection Set: 0.21ms
[2026-07-18T16:59:44.513+0000][info][gc,phases   ] GC(154)   Other: 0.11ms
[2026-07-18T16:59:44.513+0000][info][gc,heap     ] GC(154) Eden regions: 491->0(491)
[2026-07-18T16:59:44.513+0000][info][gc,heap     ] GC(154) Survivor regions: 0->0(62)
[2026-07-18T16:59:44.513+0000][info][gc,heap     ] GC(154) Old regions: 885->885
[2026-07-18T16:59:44.513+0000][info][gc,heap     ] GC(154) Humongous regions: 49->49
[2026-07-18T16:59:44.513+0000][info][gc,metaspace] GC(154) Metaspace: 409K(576K)->409K(576K) NonClass: 379K(448K)->379K(448K) Class: 29K(128K)->29K(128K)
[2026-07-18T16:59:44.513+0000][info][gc          ] GC(154) Pause Young (Concurrent Start) (G1 Evacuation Pause) 1424M->933M(1500M) 1.041ms
[2026-07-18T16:59:44.513+0000][info][gc,cpu      ] GC(154) User=0.00s Sys=0.00s Real=0.00s
[2026-07-18T16:59:44.513+0000][info][gc          ] GC(155) Concurrent Mark Cycle
[2026-07-18T16:59:44.517+0000][info][gc,marking  ] GC(155) Concurrent Scan Root Regions
[2026-07-18T16:59:44.517+0000][info][gc,marking  ] GC(155) Concurrent Scan Root Regions 0.053ms
[2026-07-18T16:59:44.517+0000][info][gc,marking  ] GC(155) Concurrent Mark
[2026-07-18T16:59:44.517+0000][info][gc,marking  ] GC(155) Concurrent Mark From Roots
[2026-07-18T16:59:44.517+0000][info][gc,task     ] GC(155) Using 1 workers of 1 for marking
[2026-07-18T16:59:44.606+0000][info][gc,start    ] GC(156) Pause Young (Normal) (G1 Evacuation Pause)
[2026-07-18T16:59:44.606+0000][info][gc,task     ] GC(156) Using 4 workers of 4 for evacuation
[2026-07-18T16:59:44.607+0000][info][gc,phases   ] GC(156)   Pre Evacuate Collection Set: 0.14ms
[2026-07-18T16:59:44.607+0000][info][gc,phases   ] GC(156)   Merge Heap Roots: 0.06ms
[2026-07-18T16:59:44.607+0000][info][gc,phases   ] GC(156)   Evacuate Collection Set: 0.08ms
[2026-07-18T16:59:44.607+0000][info][gc,phases   ] GC(156)   Post Evacuate Collection Set: 0.20ms
[2026-07-18T16:59:44.607+0000][info][gc,phases   ] GC(156)   Other: 0.06ms
[2026-07-18T16:59:44.607+0000][info][gc,heap     ] GC(156) Eden regions: 491->0(491)
[2026-07-18T16:59:44.607+0000][info][gc,heap     ] GC(156) Survivor regions: 0->0(62)
[2026-07-18T16:59:44.607+0000][info][gc,heap     ] GC(156) Old regions: 885->885
[2026-07-18T16:59:44.607+0000][info][gc,heap     ] GC(156) Humongous regions: 49->49
[2026-07-18T16:59:44.607+0000][info][gc,metaspace] GC(156) Metaspace: 409K(576K)->409K(576K) NonClass: 379K(448K)->379K(448K) Class: 29K(128K)->29K(128K)
[2026-07-18T16:59:44.607+0000][info][gc          ] GC(156) Pause Young (Normal) (G1 Evacuation Pause) 1424M->933M(1500M) 0.957ms
[2026-07-18T16:59:44.607+0000][info][gc,cpu      ] GC(156) User=0.01s Sys=0.00s Real=0.00s
[2026-07-18T16:59:44.678+0000][info][gc,marking  ] GC(155) Concurrent Mark From Roots 161.333ms
[2026-07-18T16:59:44.679+0000][info][gc,marking  ] GC(155) Concurrent Preclean
[2026-07-18T16:59:44.679+0000][info][gc,marking  ] GC(155) Concurrent Preclean 0.123ms
[2026-07-18T16:59:44.679+0000][info][gc,start    ] GC(155) Pause Remark
[2026-07-18T16:59:44.680+0000][info][gc          ] GC(155) Pause Remark 1290M->1290M(1500M) 0.689ms
[2026-07-18T16:59:44.680+0000][info][gc,cpu      ] GC(155) User=0.00s Sys=0.00s Real=0.00s
[2026-07-18T16:59:44.680+0000][info][gc,marking  ] GC(155) Concurrent Mark 162.776ms
[2026-07-18T16:59:44.683+0000][info][gc,marking  ] GC(155) Concurrent Rebuild Remembered Sets and Scrub Regions
[2026-07-18T16:59:44.709+0000][info][gc,start    ] GC(157) Pause Young (Normal) (G1 Evacuation Pause)
[2026-07-18T16:59:44.709+0000][info][gc,task     ] GC(157) Using 4 workers of 4 for evacuation
[2026-07-18T16:59:44.710+0000][info][gc,phases   ] GC(157)   Pre Evacuate Collection Set: 0.29ms
[2026-07-18T16:59:44.710+0000][info][gc,phases   ] GC(157)   Merge Heap Roots: 0.10ms
[2026-07-18T16:59:44.710+0000][info][gc,phases   ] GC(157)   Evacuate Collection Set: 0.13ms
[2026-07-18T16:59:44.710+0000][info][gc,phases   ] GC(157)   Post Evacuate Collection Set: 0.44ms
[2026-07-18T16:59:44.710+0000][info][gc,phases   ] GC(157)   Other: 0.14ms
[2026-07-18T16:59:44.710+0000][info][gc,heap     ] GC(157) Eden regions: 491->0(491)
[2026-07-18T16:59:44.710+0000][info][gc,heap     ] GC(157) Survivor regions: 0->0(62)
[2026-07-18T16:59:44.710+0000][info][gc,heap     ] GC(157) Old regions: 885->885
[2026-07-18T16:59:44.710+0000][info][gc,heap     ] GC(157) Humongous regions: 49->49
[2026-07-18T16:59:44.711+0000][info][gc,metaspace] GC(157) Metaspace: 409K(576K)->409K(576K) NonClass: 379K(448K)->379K(448K) Class: 29K(128K)->29K(128K)
[2026-07-18T16:59:44.711+0000][info][gc          ] GC(157) Pause Young (Normal) (G1 Evacuation Pause) 1424M->933M(1500M) 1.882ms
[2026-07-18T16:59:44.711+0000][info][gc,cpu      ] GC(157) User=0.00s Sys=0.00s Real=0.00s
[2026-07-18T16:59:44.760+0000][info][gc,marking  ] GC(155) Concurrent Rebuild Remembered Sets and Scrub Regions 76.873ms
[2026-07-18T16:59:44.760+0000][info][gc,start    ] GC(155) Pause Cleanup
[2026-07-18T16:59:44.760+0000][info][gc          ] GC(155) Pause Cleanup 1155M->1155M(1500M) 0.240ms
[2026-07-18T16:59:44.760+0000][info][gc,cpu      ] GC(155) User=0.00s Sys=0.00s Real=0.00s
[2026-07-18T16:59:44.760+0000][info][gc,marking  ] GC(155) Concurrent Clear Claimed Marks
[2026-07-18T16:59:44.764+0000][info][gc,marking  ] GC(155) Concurrent Clear Claimed Marks 3.545ms
[2026-07-18T16:59:44.764+0000][info][gc,marking  ] GC(155) Concurrent Cleanup for Next Mark
[2026-07-18T16:59:44.765+0000][info][gc,marking  ] GC(155) Concurrent Cleanup for Next Mark 0.729ms
[2026-07-18T16:59:44.765+0000][info][gc          ] GC(155) Concurrent Mark Cycle 251.473ms
[2026-07-18T16:59:44.813+0000][info][gc,start    ] GC(158) Pause Young (Normal) (G1 Evacuation Pause)
[2026-07-18T16:59:44.813+0000][info][gc,task     ] GC(158) Using 4 workers of 4 for evacuation
[2026-07-18T16:59:44.814+0000][info][gc,phases   ] GC(158)   Pre Evacuate Collection Set: 0.20ms
[2026-07-18T16:59:44.814+0000][info][gc,phases   ] GC(158)   Merge Heap Roots: 0.04ms
[2026-07-18T16:59:44.814+0000][info][gc,phases   ] GC(158)   Evacuate Collection Set: 0.09ms
[2026-07-18T16:59:44.814+0000][info][gc,phases   ] GC(158)   Post Evacuate Collection Set: 0.35ms
[2026-07-18T16:59:44.814+0000][info][gc,phases   ] GC(158)   Other: 0.14ms
[2026-07-18T16:59:44.814+0000][info][gc,heap     ] GC(158) Eden regions: 491->0(491)
[2026-07-18T16:59:44.814+0000][info][gc,heap     ] GC(158) Survivor regions: 0->0(62)
[2026-07-18T16:59:44.814+0000][info][gc,heap     ] GC(158) Old regions: 885->885
[2026-07-18T16:59:44.814+0000][info][gc,heap     ] GC(158) Humongous regions: 49->49
[2026-07-18T16:59:44.814+0000][info][gc,metaspace] GC(158) Metaspace: 409K(576K)->409K(576K) NonClass: 379K(448K)->379K(448K) Class: 29K(128K)->29K(128K)
[2026-07-18T16:59:44.814+0000][info][gc          ] GC(158) Pause Young (Normal) (G1 Evacuation Pause) 1424M->933M(1500M) 1.568ms
[2026-07-18T16:59:44.814+0000][info][gc,cpu      ] GC(158) User=0.00s Sys=0.00s Real=0.00s
[2026-07-18T16:59:44.906+0000][info][gc,start    ] GC(159) Pause Young (Concurrent Start) (G1 Evacuation Pause)
[2026-07-18T16:59:44.907+0000][info][gc,task     ] GC(159) Using 4 workers of 4 for evacuation
[2026-07-18T16:59:44.907+0000][info][gc,phases   ] GC(159)   Pre Evacuate Collection Set: 0.20ms
[2026-07-18T16:59:44.908+0000][info][gc,phases   ] GC(159)   Merge Heap Roots: 0.05ms
[2026-07-18T16:59:44.908+0000][info][gc,phases   ] GC(159)   Evacuate Collection Set: 0.12ms
[2026-07-18T16:59:44.908+0000][info][gc,phases   ] GC(159)   Post Evacuate Collection Set: 0.36ms
[2026-07-18T16:59:44.908+0000][info][gc,phases   ] GC(159)   Other: 0.11ms
[2026-07-18T16:59:44.908+0000][info][gc,heap     ] GC(159) Eden regions: 491->0(491)
[2026-07-18T16:59:44.908+0000][info][gc,heap     ] GC(159) Survivor regions: 0->0(62)
[2026-07-18T16:59:44.908+0000][info][gc,heap     ] GC(159) Old regions: 885->885
[2026-07-18T16:59:44.908+0000][info][gc,heap     ] GC(159) Humongous regions: 49->49
[2026-07-18T16:59:44.908+0000][info][gc,metaspace] GC(159) Metaspace: 409K(576K)->409K(576K) NonClass: 379K(448K)->379K(448K) Class: 29K(128K)->29K(128K)
[2026-07-18T16:59:44.908+0000][info][gc          ] GC(159) Pause Young (Concurrent Start) (G1 Evacuation Pause) 1424M->933M(1500M) 1.617ms
[2026-07-18T16:59:44.908+0000][info][gc,cpu      ] GC(159) User=0.00s Sys=0.00s Real=0.00s
[2026-07-18T16:59:44.908+0000][info][gc          ] GC(160) Concurrent Mark Cycle
[2026-07-18T16:59:44.912+0000][info][gc,marking  ] GC(160) Concurrent Scan Root Regions
[2026-07-18T16:59:44.912+0000][info][gc,marking  ] GC(160) Concurrent Scan Root Regions 0.090ms
[2026-07-18T16:59:44.912+0000][info][gc,marking  ] GC(160) Concurrent Mark
[2026-07-18T16:59:44.912+0000][info][gc,marking  ] GC(160) Concurrent Mark From Roots
[2026-07-18T16:59:44.912+0000][info][gc,task     ] GC(160) Using 1 workers of 1 for marking
[2026-07-18T16:59:45.000+0000][info][gc,start    ] GC(161) Pause Young (Normal) (G1 Evacuation Pause)
[2026-07-18T16:59:45.000+0000][info][gc,task     ] GC(161) Using 4 workers of 4 for evacuation
[2026-07-18T16:59:45.001+0000][info][gc,phases   ] GC(161)   Pre Evacuate Collection Set: 0.14ms
[2026-07-18T16:59:45.001+0000][info][gc,phases   ] GC(161)   Merge Heap Roots: 0.06ms
[2026-07-18T16:59:45.001+0000][info][gc,phases   ] GC(161)   Evacuate Collection Set: 0.09ms
[2026-07-18T16:59:45.001+0000][info][gc,phases   ] GC(161)   Post Evacuate Collection Set: 0.20ms
[2026-07-18T16:59:45.001+0000][info][gc,phases   ] GC(161)   Other: 0.07ms
[2026-07-18T16:59:45.001+0000][info][gc,heap     ] GC(161) Eden regions: 491->0(491)
[2026-07-18T16:59:45.001+0000][info][gc,heap     ] GC(161) Survivor regions: 0->0(62)
[2026-07-18T16:59:45.001+0000][info][gc,heap     ] GC(161) Old regions: 885->885
[2026-07-18T16:59:45.001+0000][info][gc,heap     ] GC(161) Humongous regions: 49->49
[2026-07-18T16:59:45.001+0000][info][gc,metaspace] GC(161) Metaspace: 409K(576K)->409K(576K) NonClass: 379K(448K)->379K(448K) Class: 29K(128K)->29K(128K)
[2026-07-18T16:59:45.001+0000][info][gc          ] GC(161) Pause Young (Normal) (G1 Evacuation Pause) 1424M->933M(1500M) 0.963ms
[2026-07-18T16:59:45.001+0000][info][gc,cpu      ] GC(161) User=0.00s Sys=0.00s Real=0.00s
[2026-07-18T16:59:45.073+0000][info][gc,marking  ] GC(160) Concurrent Mark From Roots 160.751ms
[2026-07-18T16:59:45.075+0000][info][gc,marking  ] GC(160) Concurrent Preclean
[2026-07-18T16:59:45.075+0000][info][gc,marking  ] GC(160) Concurrent Preclean 0.064ms
[2026-07-18T16:59:45.076+0000][info][gc,start    ] GC(160) Pause Remark
[2026-07-18T16:59:45.077+0000][info][gc          ] GC(160) Pause Remark 1365M->1365M(1500M) 0.396ms
[2026-07-18T16:59:45.077+0000][info][gc,cpu      ] GC(160) User=0.00s Sys=0.00s Real=0.00s
[2026-07-18T16:59:45.077+0000][info][gc,marking  ] GC(160) Concurrent Mark 164.592ms
[2026-07-18T16:59:45.080+0000][info][gc,marking  ] GC(160) Concurrent Rebuild Remembered Sets and Scrub Regions
[2026-07-18T16:59:45.087+0000][info][gc,start    ] GC(162) Pause Young (Normal) (G1 Evacuation Pause)
[2026-07-18T16:59:45.087+0000][info][gc,task     ] GC(162) Using 4 workers of 4 for evacuation
[2026-07-18T16:59:45.087+0000][info][gc,phases   ] GC(162)   Pre Evacuate Collection Set: 0.16ms
[2026-07-18T16:59:45.087+0000][info][gc,phases   ] GC(162)   Merge Heap Roots: 0.04ms
[2026-07-18T16:59:45.087+0000][info][gc,phases   ] GC(162)   Evacuate Collection Set: 0.08ms
[2026-07-18T16:59:45.087+0000][info][gc,phases   ] GC(162)   Post Evacuate Collection Set: 0.21ms
[2026-07-18T16:59:45.087+0000][info][gc,phases   ] GC(162)   Other: 0.07ms
[2026-07-18T16:59:45.087+0000][info][gc,heap     ] GC(162) Eden regions: 491->0(491)
[2026-07-18T16:59:45.087+0000][info][gc,heap     ] GC(162) Survivor regions: 0->0(62)
[2026-07-18T16:59:45.087+0000][info][gc,heap     ] GC(162) Old regions: 885->885
[2026-07-18T16:59:45.088+0000][info][gc,heap     ] GC(162) Humongous regions: 49->49
[2026-07-18T16:59:45.088+0000][info][gc,metaspace] GC(162) Metaspace: 409K(576K)->409K(576K) NonClass: 379K(448K)->379K(448K) Class: 29K(128K)->29K(128K)
[2026-07-18T16:59:45.088+0000][info][gc          ] GC(162) Pause Young (Normal) (G1 Evacuation Pause) 1424M->933M(1500M) 0.933ms
[2026-07-18T16:59:45.088+0000][info][gc,cpu      ] GC(162) User=0.00s Sys=0.00s Real=0.00s
[2026-07-18T16:59:45.153+0000][info][gc,marking  ] GC(160) Concurrent Rebuild Remembered Sets and Scrub Regions 73.201ms
[2026-07-18T16:59:45.154+0000][info][gc,start    ] GC(160) Pause Cleanup
[2026-07-18T16:59:45.154+0000][info][gc          ] GC(160) Pause Cleanup 1301M->1301M(1500M) 0.188ms
[2026-07-18T16:59:45.154+0000][info][gc,cpu      ] GC(160) User=0.00s Sys=0.00s Real=0.00s
[2026-07-18T16:59:45.154+0000][info][gc,marking  ] GC(160) Concurrent Clear Claimed Marks
[2026-07-18T16:59:45.158+0000][info][gc,marking  ] GC(160) Concurrent Clear Claimed Marks 3.490ms
[2026-07-18T16:59:45.158+0000][info][gc,marking  ] GC(160) Concurrent Cleanup for Next Mark
[2026-07-18T16:59:45.159+0000][info][gc,marking  ] GC(160) Concurrent Cleanup for Next Mark 0.652ms
[2026-07-18T16:59:45.159+0000][info][gc          ] GC(160) Concurrent Mark Cycle 250.623ms
[2026-07-18T16:59:45.176+0000][info][gc,start    ] GC(163) Pause Young (Normal) (G1 Evacuation Pause)
[2026-07-18T16:59:45.176+0000][info][gc,task     ] GC(163) Using 4 workers of 4 for evacuation
[2026-07-18T16:59:45.176+0000][info][gc,phases   ] GC(163)   Pre Evacuate Collection Set: 0.13ms
[2026-07-18T16:59:45.176+0000][info][gc,phases   ] GC(163)   Merge Heap Roots: 0.05ms
[2026-07-18T16:59:45.176+0000][info][gc,phases   ] GC(163)   Evacuate Collection Set: 0.08ms
[2026-07-18T16:59:45.176+0000][info][gc,phases   ] GC(163)   Post Evacuate Collection Set: 0.20ms
[2026-07-18T16:59:45.176+0000][info][gc,phases   ] GC(163)   Other: 0.06ms
[2026-07-18T16:59:45.176+0000][info][gc,heap     ] GC(163) Eden regions: 491->0(491)
[2026-07-18T16:59:45.176+0000][info][gc,heap     ] GC(163) Survivor regions: 0->0(62)
[2026-07-18T16:59:45.176+0000][info][gc,heap     ] GC(163) Old regions: 885->885
[2026-07-18T16:59:45.176+0000][info][gc,heap     ] GC(163) Humongous regions: 49->49
[2026-07-18T16:59:45.176+0000][info][gc,metaspace] GC(163) Metaspace: 409K(576K)->409K(576K) NonClass: 379K(448K)->379K(448K) Class: 29K(128K)->29K(128K)
[2026-07-18T16:59:45.176+0000][info][gc          ] GC(163) Pause Young (Normal) (G1 Evacuation Pause) 1424M->933M(1500M) 0.922ms
[2026-07-18T16:59:45.176+0000][info][gc,cpu      ] GC(163) User=0.00s Sys=0.00s Real=0.00s
[2026-07-18T16:59:45.255+0000][info][gc,start    ] GC(164) Pause Young (Concurrent Start) (G1 Evacuation Pause)
[2026-07-18T16:59:45.255+0000][info][gc,task     ] GC(164) Using 4 workers of 4 for evacuation
[2026-07-18T16:59:45.256+0000][info][gc,phases   ] GC(164)   Pre Evacuate Collection Set: 0.14ms
[2026-07-18T16:59:45.256+0000][info][gc,phases   ] GC(164)   Merge Heap Roots: 0.05ms
[2026-07-18T16:59:45.256+0000][info][gc,phases   ] GC(164)   Evacuate Collection Set: 0.10ms
[2026-07-18T16:59:45.256+0000][info][gc,phases   ] GC(164)   Post Evacuate Collection Set: 0.21ms
[2026-07-18T16:59:45.256+0000][info][gc,phases   ] GC(164)   Other: 0.09ms
[2026-07-18T16:59:45.256+0000][info][gc,heap     ] GC(164) Eden regions: 491->0(491)
[2026-07-18T16:59:45.256+0000][info][gc,heap     ] GC(164) Survivor regions: 0->0(62)
[2026-07-18T16:59:45.256+0000][info][gc,heap     ] GC(164) Old regions: 885->885
[2026-07-18T16:59:45.256+0000][info][gc,heap     ] GC(164) Humongous regions: 49->49
[2026-07-18T16:59:45.256+0000][info][gc,metaspace] GC(164) Metaspace: 409K(576K)->409K(576K) NonClass: 379K(448K)->379K(448K) Class: 29K(128K)->29K(128K)
[2026-07-18T16:59:45.256+0000][info][gc          ] GC(164) Pause Young (Concurrent Start) (G1 Evacuation Pause) 1424M->933M(1500M) 0.958ms
[2026-07-18T16:59:45.256+0000][info][gc,cpu      ] GC(164) User=0.00s Sys=0.00s Real=0.00s
[2026-07-18T16:59:45.256+0000][info][gc          ] GC(165) Concurrent Mark Cycle
[2026-07-18T16:59:45.259+0000][info][gc,marking  ] GC(165) Concurrent Scan Root Regions
[2026-07-18T16:59:45.259+0000][info][gc,marking  ] GC(165) Concurrent Scan Root Regions 0.044ms
[2026-07-18T16:59:45.259+0000][info][gc,marking  ] GC(165) Concurrent Mark
[2026-07-18T16:59:45.259+0000][info][gc,marking  ] GC(165) Concurrent Mark From Roots
[2026-07-18T16:59:45.259+0000][info][gc,task     ] GC(165) Using 1 workers of 1 for marking
[2026-07-18T16:59:45.348+0000][info][gc,start    ] GC(166) Pause Young (Normal) (G1 Evacuation Pause)
[2026-07-18T16:59:45.348+0000][info][gc,task     ] GC(166) Using 4 workers of 4 for evacuation
[2026-07-18T16:59:45.348+0000][info][gc,phases   ] GC(166)   Pre Evacuate Collection Set: 0.14ms
[2026-07-18T16:59:45.348+0000][info][gc,phases   ] GC(166)   Merge Heap Roots: 0.06ms
[2026-07-18T16:59:45.348+0000][info][gc,phases   ] GC(166)   Evacuate Collection Set: 0.08ms
[2026-07-18T16:59:45.348+0000][info][gc,phases   ] GC(166)   Post Evacuate Collection Set: 0.21ms
[2026-07-18T16:59:45.349+0000][info][gc,phases   ] GC(166)   Other: 0.07ms
[2026-07-18T16:59:45.349+0000][info][gc,heap     ] GC(166) Eden regions: 491->0(491)
[2026-07-18T16:59:45.349+0000][info][gc,heap     ] GC(166) Survivor regions: 0->0(62)
[2026-07-18T16:59:45.349+0000][info][gc,heap     ] GC(166) Old regions: 885->885
[2026-07-18T16:59:45.349+0000][info][gc,heap     ] GC(166) Humongous regions: 49->49
[2026-07-18T16:59:45.349+0000][info][gc,metaspace] GC(166) Metaspace: 409K(576K)->409K(576K) NonClass: 379K(448K)->379K(448K) Class: 29K(128K)->29K(128K)
[2026-07-18T16:59:45.349+0000][info][gc          ] GC(166) Pause Young (Normal) (G1 Evacuation Pause) 1424M->933M(1500M) 1.029ms
[2026-07-18T16:59:45.349+0000][info][gc,cpu      ] GC(166) User=0.00s Sys=0.00s Real=0.00s
[2026-07-18T16:59:45.419+0000][info][gc,marking  ] GC(165) Concurrent Mark From Roots 160.383ms
[2026-07-18T16:59:45.420+0000][info][gc,marking  ] GC(165) Concurrent Preclean
[2026-07-18T16:59:45.420+0000][info][gc,marking  ] GC(165) Concurrent Preclean 0.059ms
[2026-07-18T16:59:45.420+0000][info][gc,start    ] GC(165) Pause Remark
[2026-07-18T16:59:45.420+0000][info][gc          ] GC(165) Pause Remark 1306M->1306M(1500M) 0.398ms
[2026-07-18T16:59:45.420+0000][info][gc,cpu      ] GC(165) User=0.00s Sys=0.00s Real=0.00s
[2026-07-18T16:59:45.421+0000][info][gc,marking  ] GC(165) Concurrent Mark 161.476ms
[2026-07-18T16:59:45.424+0000][info][gc,marking  ] GC(165) Concurrent Rebuild Remembered Sets and Scrub Regions
[2026-07-18T16:59:45.441+0000][info][gc,start    ] GC(167) Pause Young (Normal) (G1 Evacuation Pause)
[2026-07-18T16:59:45.441+0000][info][gc,task     ] GC(167) Using 4 workers of 4 for evacuation
[2026-07-18T16:59:45.442+0000][info][gc,phases   ] GC(167)   Pre Evacuate Collection Set: 0.13ms
[2026-07-18T16:59:45.442+0000][info][gc,phases   ] GC(167)   Merge Heap Roots: 0.05ms
[2026-07-18T16:59:45.442+0000][info][gc,phases   ] GC(167)   Evacuate Collection Set: 0.07ms
[2026-07-18T16:59:45.442+0000][info][gc,phases   ] GC(167)   Post Evacuate Collection Set: 0.18ms
[2026-07-18T16:59:45.442+0000][info][gc,phases   ] GC(167)   Other: 0.08ms
[2026-07-18T16:59:45.442+0000][info][gc,heap     ] GC(167) Eden regions: 491->0(491)
[2026-07-18T16:59:45.442+0000][info][gc,heap     ] GC(167) Survivor regions: 0->0(62)
[2026-07-18T16:59:45.442+0000][info][gc,heap     ] GC(167) Old regions: 885->885
[2026-07-18T16:59:45.442+0000][info][gc,heap     ] GC(167) Humongous regions: 49->49
[2026-07-18T16:59:45.442+0000][info][gc,metaspace] GC(167) Metaspace: 409K(576K)->409K(576K) NonClass: 379K(448K)->379K(448K) Class: 29K(128K)->29K(128K)
[2026-07-18T16:59:45.442+0000][info][gc          ] GC(167) Pause Young (Normal) (G1 Evacuation Pause) 1424M->933M(1500M) 1.065ms
[2026-07-18T16:59:45.442+0000][info][gc,cpu      ] GC(167) User=0.00s Sys=0.00s Real=0.01s
[2026-07-18T16:59:45.495+0000][info][gc,marking  ] GC(165) Concurrent Rebuild Remembered Sets and Scrub Regions 71.389ms
[2026-07-18T16:59:45.497+0000][info][gc,start    ] GC(165) Pause Cleanup
[2026-07-18T16:59:45.497+0000][info][gc          ] GC(165) Pause Cleanup 1239M->1239M(1500M) 0.183ms
[2026-07-18T16:59:45.497+0000][info][gc,cpu      ] GC(165) User=0.00s Sys=0.00s Real=0.00s
[2026-07-18T16:59:45.498+0000][info][gc,marking  ] GC(165) Concurrent Clear Claimed Marks
[2026-07-18T16:59:45.501+0000][info][gc,marking  ] GC(165) Concurrent Clear Claimed Marks 3.392ms
[2026-07-18T16:59:45.501+0000][info][gc,marking  ] GC(165) Concurrent Cleanup for Next Mark
[2026-07-18T16:59:45.502+0000][info][gc,marking  ] GC(165) Concurrent Cleanup for Next Mark 0.623ms
[2026-07-18T16:59:45.502+0000][info][gc          ] GC(165) Concurrent Mark Cycle 245.776ms
[2026-07-18T16:59:45.528+0000][info][gc,start    ] GC(168) Pause Young (Normal) (G1 Evacuation Pause)
[2026-07-18T16:59:45.528+0000][info][gc,task     ] GC(168) Using 4 workers of 4 for evacuation
[2026-07-18T16:59:45.528+0000][info][gc,phases   ] GC(168)   Pre Evacuate Collection Set: 0.13ms
[2026-07-18T16:59:45.528+0000][info][gc,phases   ] GC(168)   Merge Heap Roots: 0.05ms
[2026-07-18T16:59:45.529+0000][info][gc,phases   ] GC(168)   Evacuate Collection Set: 0.07ms
[2026-07-18T16:59:45.529+0000][info][gc,phases   ] GC(168)   Post Evacuate Collection Set: 0.20ms
[2026-07-18T16:59:45.529+0000][info][gc,phases   ] GC(168)   Other: 0.06ms
[2026-07-18T16:59:45.529+0000][info][gc,heap     ] GC(168) Eden regions: 491->0(491)
[2026-07-18T16:59:45.529+0000][info][gc,heap     ] GC(168) Survivor regions: 0->0(62)
[2026-07-18T16:59:45.529+0000][info][gc,heap     ] GC(168) Old regions: 885->885
[2026-07-18T16:59:45.529+0000][info][gc,heap     ] GC(168) Humongous regions: 49->49
[2026-07-18T16:59:45.529+0000][info][gc,metaspace] GC(168) Metaspace: 409K(576K)->409K(576K) NonClass: 379K(448K)->379K(448K) Class: 29K(128K)->29K(128K)
[2026-07-18T16:59:45.529+0000][info][gc          ] GC(168) Pause Young (Normal) (G1 Evacuation Pause) 1424M->933M(1500M) 0.972ms
[2026-07-18T16:59:45.529+0000][info][gc,cpu      ] GC(168) User=0.00s Sys=0.00s Real=0.00s
[2026-07-18T16:59:45.605+0000][info][gc,start    ] GC(169) Pause Young (Concurrent Start) (G1 Evacuation Pause)
[2026-07-18T16:59:45.605+0000][info][gc,task     ] GC(169) Using 4 workers of 4 for evacuation
[2026-07-18T16:59:45.606+0000][info][gc,phases   ] GC(169)   Pre Evacuate Collection Set: 0.15ms
[2026-07-18T16:59:45.606+0000][info][gc,phases   ] GC(169)   Merge Heap Roots: 0.06ms
[2026-07-18T16:59:45.606+0000][info][gc,phases   ] GC(169)   Evacuate Collection Set: 0.10ms
[2026-07-18T16:59:45.606+0000][info][gc,phases   ] GC(169)   Post Evacuate Collection Set: 0.19ms
[2026-07-18T16:59:45.606+0000][info][gc,phases   ] GC(169)   Other: 0.09ms
[2026-07-18T16:59:45.606+0000][info][gc,heap     ] GC(169) Eden regions: 491->0(491)
[2026-07-18T16:59:45.606+0000][info][gc,heap     ] GC(169) Survivor regions: 0->0(62)
[2026-07-18T16:59:45.606+0000][info][gc,heap     ] GC(169) Old regions: 885->885
[2026-07-18T16:59:45.606+0000][info][gc,heap     ] GC(169) Humongous regions: 49->49
[2026-07-18T16:59:45.606+0000][info][gc,metaspace] GC(169) Metaspace: 409K(576K)->409K(576K) NonClass: 379K(448K)->379K(448K) Class: 29K(128K)->29K(128K)
[2026-07-18T16:59:45.606+0000][info][gc          ] GC(169) Pause Young (Concurrent Start) (G1 Evacuation Pause) 1424M->933M(1500M) 0.979ms
[2026-07-18T16:59:45.606+0000][info][gc,cpu      ] GC(169) User=0.01s Sys=0.00s Real=0.00s
[2026-07-18T16:59:45.606+0000][info][gc          ] GC(170) Concurrent Mark Cycle
[2026-07-18T16:59:45.610+0000][info][gc,marking  ] GC(170) Concurrent Scan Root Regions
[2026-07-18T16:59:45.610+0000][info][gc,marking  ] GC(170) Concurrent Scan Root Regions 0.051ms
[2026-07-18T16:59:45.610+0000][info][gc,marking  ] GC(170) Concurrent Mark
[2026-07-18T16:59:45.610+0000][info][gc,marking  ] GC(170) Concurrent Mark From Roots
[2026-07-18T16:59:45.610+0000][info][gc,task     ] GC(170) Using 1 workers of 1 for marking
[2026-07-18T16:59:45.701+0000][info][gc,start    ] GC(171) Pause Young (Normal) (G1 Evacuation Pause)
[2026-07-18T16:59:45.702+0000][info][gc,task     ] GC(171) Using 4 workers of 4 for evacuation
[2026-07-18T16:59:45.702+0000][info][gc,phases   ] GC(171)   Pre Evacuate Collection Set: 0.21ms
[2026-07-18T16:59:45.702+0000][info][gc,phases   ] GC(171)   Merge Heap Roots: 0.07ms
[2026-07-18T16:59:45.702+0000][info][gc,phases   ] GC(171)   Evacuate Collection Set: 0.11ms
[2026-07-18T16:59:45.702+0000][info][gc,phases   ] GC(171)   Post Evacuate Collection Set: 0.24ms
[2026-07-18T16:59:45.702+0000][info][gc,phases   ] GC(171)   Other: 0.07ms
[2026-07-18T16:59:45.702+0000][info][gc,heap     ] GC(171) Eden regions: 491->0(491)
[2026-07-18T16:59:45.702+0000][info][gc,heap     ] GC(171) Survivor regions: 0->0(62)
[2026-07-18T16:59:45.702+0000][info][gc,heap     ] GC(171) Old regions: 885->885
[2026-07-18T16:59:45.703+0000][info][gc,heap     ] GC(171) Humongous regions: 49->49
[2026-07-18T16:59:45.703+0000][info][gc,metaspace] GC(171) Metaspace: 409K(576K)->409K(576K) NonClass: 379K(448K)->379K(448K) Class: 29K(128K)->29K(128K)
[2026-07-18T16:59:45.703+0000][info][gc          ] GC(171) Pause Young (Normal) (G1 Evacuation Pause) 1424M->933M(1500M) 1.132ms
[2026-07-18T16:59:45.703+0000][info][gc,cpu      ] GC(171) User=0.00s Sys=0.00s Real=0.01s
[2026-07-18T16:59:45.771+0000][info][gc,marking  ] GC(170) Concurrent Mark From Roots 161.317ms
[2026-07-18T16:59:45.775+0000][info][gc,marking  ] GC(170) Concurrent Preclean
[2026-07-18T16:59:45.775+0000][info][gc,marking  ] GC(170) Concurrent Preclean 0.065ms
[2026-07-18T16:59:45.776+0000][info][gc,start    ] GC(170) Pause Remark
[2026-07-18T16:59:45.777+0000][info][gc          ] GC(170) Pause Remark 1308M->1308M(1500M) 0.441ms
[2026-07-18T16:59:45.777+0000][info][gc,cpu      ] GC(170) User=0.00s Sys=0.00s Real=0.00s
[2026-07-18T16:59:45.777+0000][info][gc,marking  ] GC(170) Concurrent Mark 166.704ms
[2026-07-18T16:59:45.778+0000][info][gc,marking  ] GC(170) Concurrent Rebuild Remembered Sets and Scrub Regions
[2026-07-18T16:59:45.797+0000][info][gc,start    ] GC(172) Pause Young (Normal) (G1 Evacuation Pause)
[2026-07-18T16:59:45.797+0000][info][gc,task     ] GC(172) Using 4 workers of 4 for evacuation
[2026-07-18T16:59:45.797+0000][info][gc,phases   ] GC(172)   Pre Evacuate Collection Set: 0.16ms
[2026-07-18T16:59:45.797+0000][info][gc,phases   ] GC(172)   Merge Heap Roots: 0.05ms
[2026-07-18T16:59:45.797+0000][info][gc,phases   ] GC(172)   Evacuate Collection Set: 0.09ms
[2026-07-18T16:59:45.797+0000][info][gc,phases   ] GC(172)   Post Evacuate Collection Set: 0.20ms
[2026-07-18T16:59:45.797+0000][info][gc,phases   ] GC(172)   Other: 0.06ms
[2026-07-18T16:59:45.798+0000][info][gc,heap     ] GC(172) Eden regions: 491->0(491)
[2026-07-18T16:59:45.798+0000][info][gc,heap     ] GC(172) Survivor regions: 0->0(62)
[2026-07-18T16:59:45.798+0000][info][gc,heap     ] GC(172) Old regions: 885->885
[2026-07-18T16:59:45.798+0000][info][gc,heap     ] GC(172) Humongous regions: 49->49
[2026-07-18T16:59:45.798+0000][info][gc,metaspace] GC(172) Metaspace: 409K(576K)->409K(576K) NonClass: 379K(448K)->379K(448K) Class: 29K(128K)->29K(128K)
[2026-07-18T16:59:45.798+0000][info][gc          ] GC(172) Pause Young (Normal) (G1 Evacuation Pause) 1424M->933M(1500M) 0.976ms
[2026-07-18T16:59:45.798+0000][info][gc,cpu      ] GC(172) User=0.00s Sys=0.00s Real=0.00s
[2026-07-18T16:59:45.851+0000][info][gc,marking  ] GC(170) Concurrent Rebuild Remembered Sets and Scrub Regions 73.465ms
[2026-07-18T16:59:45.852+0000][info][gc,start    ] GC(170) Pause Cleanup
[2026-07-18T16:59:45.852+0000][info][gc          ] GC(170) Pause Cleanup 1182M->1182M(1500M) 0.208ms
[2026-07-18T16:59:45.852+0000][info][gc,cpu      ] GC(170) User=0.00s Sys=0.00s Real=0.00s
[2026-07-18T16:59:45.852+0000][info][gc,marking  ] GC(170) Concurrent Clear Claimed Marks
[2026-07-18T16:59:45.852+0000][info][gc,marking  ] GC(170) Concurrent Clear Claimed Marks 0.028ms
[2026-07-18T16:59:45.852+0000][info][gc,marking  ] GC(170) Concurrent Cleanup for Next Mark
[2026-07-18T16:59:45.853+0000][info][gc,marking  ] GC(170) Concurrent Cleanup for Next Mark 0.545ms
[2026-07-18T16:59:45.853+0000][info][gc          ] GC(170) Concurrent Mark Cycle 246.504ms
[2026-07-18T16:59:45.908+0000][info][gc,start    ] GC(173) Pause Young (Normal) (G1 Evacuation Pause)
[2026-07-18T16:59:45.908+0000][info][gc,task     ] GC(173) Using 4 workers of 4 for evacuation
[2026-07-18T16:59:45.909+0000][info][gc,phases   ] GC(173)   Pre Evacuate Collection Set: 0.22ms
[2026-07-18T16:59:45.909+0000][info][gc,phases   ] GC(173)   Merge Heap Roots: 0.04ms
[2026-07-18T16:59:45.909+0000][info][gc,phases   ] GC(173)   Evacuate Collection Set: 0.09ms
[2026-07-18T16:59:45.909+0000][info][gc,phases   ] GC(173)   Post Evacuate Collection Set: 0.20ms
[2026-07-18T16:59:45.909+0000][info][gc,phases   ] GC(173)   Other: 0.19ms
[2026-07-18T16:59:45.909+0000][info][gc,heap     ] GC(173) Eden regions: 491->0(491)
[2026-07-18T16:59:45.909+0000][info][gc,heap     ] GC(173) Survivor regions: 0->0(62)
[2026-07-18T16:59:45.909+0000][info][gc,heap     ] GC(173) Old regions: 885->885
[2026-07-18T16:59:45.909+0000][info][gc,heap     ] GC(173) Humongous regions: 49->49
[2026-07-18T16:59:45.909+0000][info][gc,metaspace] GC(173) Metaspace: 409K(576K)->409K(576K) NonClass: 379K(448K)->379K(448K) Class: 29K(128K)->29K(128K)
[2026-07-18T16:59:45.909+0000][info][gc          ] GC(173) Pause Young (Normal) (G1 Evacuation Pause) 1424M->933M(1500M) 1.125ms
[2026-07-18T16:59:45.909+0000][info][gc,cpu      ] GC(173) User=0.00s Sys=0.00s Real=0.00s
[2026-07-18T16:59:46.000+0000][info][gc,start    ] GC(174) Pause Young (Concurrent Start) (G1 Evacuation Pause)
[2026-07-18T16:59:46.000+0000][info][gc,task     ] GC(174) Using 4 workers of 4 for evacuation
[2026-07-18T16:59:46.001+0000][info][gc,phases   ] GC(174)   Pre Evacuate Collection Set: 0.15ms
[2026-07-18T16:59:46.001+0000][info][gc,phases   ] GC(174)   Merge Heap Roots: 0.06ms
[2026-07-18T16:59:46.001+0000][info][gc,phases   ] GC(174)   Evacuate Collection Set: 0.11ms
[2026-07-18T16:59:46.001+0000][info][gc,phases   ] GC(174)   Post Evacuate Collection Set: 0.21ms
[2026-07-18T16:59:46.001+0000][info][gc,phases   ] GC(174)   Other: 0.10ms
[2026-07-18T16:59:46.001+0000][info][gc,heap     ] GC(174) Eden regions: 491->0(491)
[2026-07-18T16:59:46.001+0000][info][gc,heap     ] GC(174) Survivor regions: 0->0(62)
[2026-07-18T16:59:46.001+0000][info][gc,heap     ] GC(174) Old regions: 885->885
[2026-07-18T16:59:46.001+0000][info][gc,heap     ] GC(174) Humongous regions: 49->49
[2026-07-18T16:59:46.001+0000][info][gc,metaspace] GC(174) Metaspace: 409K(576K)->409K(576K) NonClass: 379K(448K)->379K(448K) Class: 29K(128K)->29K(128K)
[2026-07-18T16:59:46.001+0000][info][gc          ] GC(174) Pause Young (Concurrent Start) (G1 Evacuation Pause) 1424M->933M(1500M) 1.068ms
[2026-07-18T16:59:46.001+0000][info][gc,cpu      ] GC(174) User=0.00s Sys=0.00s Real=0.00s
[2026-07-18T16:59:46.001+0000][info][gc          ] GC(175) Concurrent Mark Cycle
[2026-07-18T16:59:46.005+0000][info][gc,marking  ] GC(175) Concurrent Scan Root Regions
[2026-07-18T16:59:46.005+0000][info][gc,marking  ] GC(175) Concurrent Scan Root Regions 0.049ms
[2026-07-18T16:59:46.005+0000][info][gc,marking  ] GC(175) Concurrent Mark
[2026-07-18T16:59:46.005+0000][info][gc,marking  ] GC(175) Concurrent Mark From Roots
[2026-07-18T16:59:46.005+0000][info][gc,task     ] GC(175) Using 1 workers of 1 for marking
[2026-07-18T16:59:46.090+0000][info][gc,start    ] GC(176) Pause Young (Normal) (G1 Evacuation Pause)
[2026-07-18T16:59:46.091+0000][info][gc,task     ] GC(176) Using 4 workers of 4 for evacuation
[2026-07-18T16:59:46.091+0000][info][gc,phases   ] GC(176)   Pre Evacuate Collection Set: 0.13ms
[2026-07-18T16:59:46.091+0000][info][gc,phases   ] GC(176)   Merge Heap Roots: 0.06ms
[2026-07-18T16:59:46.091+0000][info][gc,phases   ] GC(176)   Evacuate Collection Set: 0.08ms
[2026-07-18T16:59:46.091+0000][info][gc,phases   ] GC(176)   Post Evacuate Collection Set: 0.21ms
[2026-07-18T16:59:46.091+0000][info][gc,phases   ] GC(176)   Other: 0.07ms
[2026-07-18T16:59:46.091+0000][info][gc,heap     ] GC(176) Eden regions: 491->0(491)
[2026-07-18T16:59:46.091+0000][info][gc,heap     ] GC(176) Survivor regions: 0->0(62)
[2026-07-18T16:59:46.091+0000][info][gc,heap     ] GC(176) Old regions: 885->885
[2026-07-18T16:59:46.091+0000][info][gc,heap     ] GC(176) Humongous regions: 49->49
[2026-07-18T16:59:46.091+0000][info][gc,metaspace] GC(176) Metaspace: 409K(576K)->409K(576K) NonClass: 379K(448K)->379K(448K) Class: 29K(128K)->29K(128K)
[2026-07-18T16:59:46.091+0000][info][gc          ] GC(176) Pause Young (Normal) (G1 Evacuation Pause) 1424M->933M(1500M) 0.972ms
[2026-07-18T16:59:46.091+0000][info][gc,cpu      ] GC(176) User=0.00s Sys=0.00s Real=0.00s
[2026-07-18T16:59:46.166+0000][info][gc,marking  ] GC(175) Concurrent Mark From Roots 161.266ms
[2026-07-18T16:59:46.166+0000][info][gc,marking  ] GC(175) Concurrent Preclean
[2026-07-18T16:59:46.166+0000][info][gc,marking  ] GC(175) Concurrent Preclean 0.049ms
[2026-07-18T16:59:46.167+0000][info][gc,start    ] GC(175) Pause Remark
[2026-07-18T16:59:46.167+0000][info][gc          ] GC(175) Pause Remark 1285M->1285M(1500M) 0.427ms
[2026-07-18T16:59:46.167+0000][info][gc,cpu      ] GC(175) User=0.00s Sys=0.00s Real=0.00s
[2026-07-18T16:59:46.167+0000][info][gc,marking  ] GC(175) Concurrent Mark 162.209ms
[2026-07-18T16:59:46.171+0000][info][gc,marking  ] GC(175) Concurrent Rebuild Remembered Sets and Scrub Regions
[2026-07-18T16:59:46.191+0000][info][gc,start    ] GC(177) Pause Young (Normal) (G1 Evacuation Pause)
[2026-07-18T16:59:46.192+0000][info][gc,task     ] GC(177) Using 4 workers of 4 for evacuation
[2026-07-18T16:59:46.192+0000][info][gc,phases   ] GC(177)   Pre Evacuate Collection Set: 0.13ms
[2026-07-18T16:59:46.192+0000][info][gc,phases   ] GC(177)   Merge Heap Roots: 0.06ms
[2026-07-18T16:59:46.192+0000][info][gc,phases   ] GC(177)   Evacuate Collection Set: 0.08ms
[2026-07-18T16:59:46.192+0000][info][gc,phases   ] GC(177)   Post Evacuate Collection Set: 0.20ms
[2026-07-18T16:59:46.192+0000][info][gc,phases   ] GC(177)   Other: 0.07ms
[2026-07-18T16:59:46.192+0000][info][gc,heap     ] GC(177) Eden regions: 491->0(491)
[2026-07-18T16:59:46.192+0000][info][gc,heap     ] GC(177) Survivor regions: 0->0(62)
[2026-07-18T16:59:46.192+0000][info][gc,heap     ] GC(177) Old regions: 885->885
[2026-07-18T16:59:46.192+0000][info][gc,heap     ] GC(177) Humongous regions: 49->49
[2026-07-18T16:59:46.192+0000][info][gc,metaspace] GC(177) Metaspace: 409K(576K)->409K(576K) NonClass: 379K(448K)->379K(448K) Class: 29K(128K)->29K(128K)
[2026-07-18T16:59:46.192+0000][info][gc          ] GC(177) Pause Young (Normal) (G1 Evacuation Pause) 1424M->933M(1500M) 0.925ms
[2026-07-18T16:59:46.192+0000][info][gc,cpu      ] GC(177) User=0.00s Sys=0.00s Real=0.01s
[2026-07-18T16:59:46.245+0000][info][gc,marking  ] GC(175) Concurrent Rebuild Remembered Sets and Scrub Regions 73.856ms
[2026-07-18T16:59:46.247+0000][info][gc,start    ] GC(175) Pause Cleanup
[2026-07-18T16:59:46.247+0000][info][gc          ] GC(175) Pause Cleanup 1222M->1222M(1500M) 0.213ms
[2026-07-18T16:59:46.248+0000][info][gc,cpu      ] GC(175) User=0.00s Sys=0.00s Real=0.00s
[2026-07-18T16:59:46.248+0000][info][gc,marking  ] GC(175) Concurrent Clear Claimed Marks
[2026-07-18T16:59:46.251+0000][info][gc,marking  ] GC(175) Concurrent Clear Claimed Marks 3.360ms
[2026-07-18T16:59:46.251+0000][info][gc,marking  ] GC(175) Concurrent Cleanup for Next Mark
[2026-07-18T16:59:46.252+0000][info][gc,marking  ] GC(175) Concurrent Cleanup for Next Mark 0.617ms
[2026-07-18T16:59:46.252+0000][info][gc          ] GC(175) Concurrent Mark Cycle 250.414ms
[2026-07-18T16:59:46.280+0000][info][gc,start    ] GC(178) Pause Young (Normal) (G1 Evacuation Pause)
[2026-07-18T16:59:46.281+0000][info][gc,task     ] GC(178) Using 4 workers of 4 for evacuation
[2026-07-18T16:59:46.281+0000][info][gc,phases   ] GC(178)   Pre Evacuate Collection Set: 0.14ms
[2026-07-18T16:59:46.281+0000][info][gc,phases   ] GC(178)   Merge Heap Roots: 0.06ms
[2026-07-18T16:59:46.281+0000][info][gc,phases   ] GC(178)   Evacuate Collection Set: 0.08ms
[2026-07-18T16:59:46.281+0000][info][gc,phases   ] GC(178)   Post Evacuate Collection Set: 0.21ms
[2026-07-18T16:59:46.281+0000][info][gc,phases   ] GC(178)   Other: 0.07ms
[2026-07-18T16:59:46.281+0000][info][gc,heap     ] GC(178) Eden regions: 491->0(491)
[2026-07-18T16:59:46.281+0000][info][gc,heap     ] GC(178) Survivor regions: 0->0(62)
[2026-07-18T16:59:46.281+0000][info][gc,heap     ] GC(178) Old regions: 885->885
[2026-07-18T16:59:46.281+0000][info][gc,heap     ] GC(178) Humongous regions: 49->49
[2026-07-18T16:59:46.281+0000][info][gc,metaspace] GC(178) Metaspace: 409K(576K)->409K(576K) NonClass: 379K(448K)->379K(448K) Class: 29K(128K)->29K(128K)
[2026-07-18T16:59:46.281+0000][info][gc          ] GC(178) Pause Young (Normal) (G1 Evacuation Pause) 1424M->933M(1500M) 0.936ms
[2026-07-18T16:59:46.281+0000][info][gc,cpu      ] GC(178) User=0.00s Sys=0.00s Real=0.00s
[2026-07-18T16:59:46.357+0000][info][gc,start    ] GC(179) Pause Young (Concurrent Start) (G1 Evacuation Pause)
[2026-07-18T16:59:46.358+0000][info][gc,task     ] GC(179) Using 4 workers of 4 for evacuation
[2026-07-18T16:59:46.358+0000][info][gc,phases   ] GC(179)   Pre Evacuate Collection Set: 0.16ms
[2026-07-18T16:59:46.358+0000][info][gc,phases   ] GC(179)   Merge Heap Roots: 0.06ms
[2026-07-18T16:59:46.358+0000][info][gc,phases   ] GC(179)   Evacuate Collection Set: 0.12ms
[2026-07-18T16:59:46.358+0000][info][gc,phases   ] GC(179)   Post Evacuate Collection Set: 0.20ms
[2026-07-18T16:59:46.358+0000][info][gc,phases   ] GC(179)   Other: 0.09ms
[2026-07-18T16:59:46.358+0000][info][gc,heap     ] GC(179) Eden regions: 491->0(491)
[2026-07-18T16:59:46.358+0000][info][gc,heap     ] GC(179) Survivor regions: 0->0(62)
[2026-07-18T16:59:46.358+0000][info][gc,heap     ] GC(179) Old regions: 885->885
[2026-07-18T16:59:46.358+0000][info][gc,heap     ] GC(179) Humongous regions: 49->49
[2026-07-18T16:59:46.358+0000][info][gc,metaspace] GC(179) Metaspace: 409K(576K)->409K(576K) NonClass: 379K(448K)->379K(448K) Class: 29K(128K)->29K(128K)
[2026-07-18T16:59:46.359+0000][info][gc          ] GC(179) Pause Young (Concurrent Start) (G1 Evacuation Pause) 1424M->933M(1500M) 1.025ms
[2026-07-18T16:59:46.359+0000][info][gc,cpu      ] GC(179) User=0.00s Sys=0.00s Real=0.00s
[2026-07-18T16:59:46.359+0000][info][gc          ] GC(180) Concurrent Mark Cycle
[2026-07-18T16:59:46.362+0000][info][gc,marking  ] GC(180) Concurrent Scan Root Regions
[2026-07-18T16:59:46.362+0000][info][gc,marking  ] GC(180) Concurrent Scan Root Regions 0.048ms
[2026-07-18T16:59:46.362+0000][info][gc,marking  ] GC(180) Concurrent Mark
[2026-07-18T16:59:46.362+0000][info][gc,marking  ] GC(180) Concurrent Mark From Roots
[2026-07-18T16:59:46.362+0000][info][gc,task     ] GC(180) Using 1 workers of 1 for marking
[2026-07-18T16:59:46.445+0000][info][gc,start    ] GC(181) Pause Young (Normal) (G1 Evacuation Pause)
[2026-07-18T16:59:46.445+0000][info][gc,task     ] GC(181) Using 4 workers of 4 for evacuation
[2026-07-18T16:59:46.446+0000][info][gc,phases   ] GC(181)   Pre Evacuate Collection Set: 0.15ms
[2026-07-18T16:59:46.446+0000][info][gc,phases   ] GC(181)   Merge Heap Roots: 0.05ms
[2026-07-18T16:59:46.446+0000][info][gc,phases   ] GC(181)   Evacuate Collection Set: 0.09ms
[2026-07-18T16:59:46.446+0000][info][gc,phases   ] GC(181)   Post Evacuate Collection Set: 0.21ms
[2026-07-18T16:59:46.446+0000][info][gc,phases   ] GC(181)   Other: 0.06ms
[2026-07-18T16:59:46.446+0000][info][gc,heap     ] GC(181) Eden regions: 491->0(491)
[2026-07-18T16:59:46.446+0000][info][gc,heap     ] GC(181) Survivor regions: 0->0(62)
[2026-07-18T16:59:46.446+0000][info][gc,heap     ] GC(181) Old regions: 885->885
[2026-07-18T16:59:46.446+0000][info][gc,heap     ] GC(181) Humongous regions: 49->49
[2026-07-18T16:59:46.446+0000][info][gc,metaspace] GC(181) Metaspace: 409K(576K)->409K(576K) NonClass: 379K(448K)->379K(448K) Class: 29K(128K)->29K(128K)
[2026-07-18T16:59:46.446+0000][info][gc          ] GC(181) Pause Young (Normal) (G1 Evacuation Pause) 1424M->933M(1500M) 0.928ms
[2026-07-18T16:59:46.446+0000][info][gc,cpu      ] GC(181) User=0.00s Sys=0.00s Real=0.00s
[2026-07-18T16:59:46.521+0000][info][gc,marking  ] GC(180) Concurrent Mark From Roots 158.538ms
[2026-07-18T16:59:46.522+0000][info][gc,marking  ] GC(180) Concurrent Preclean
[2026-07-18T16:59:46.522+0000][info][gc,marking  ] GC(180) Concurrent Preclean 0.060ms
[2026-07-18T16:59:46.523+0000][info][gc,start    ] GC(180) Pause Remark
[2026-07-18T16:59:46.524+0000][info][gc          ] GC(180) Pause Remark 1380M->1380M(1500M) 0.380ms
[2026-07-18T16:59:46.524+0000][info][gc,cpu      ] GC(180) User=0.00s Sys=0.00s Real=0.00s
[2026-07-18T16:59:46.524+0000][info][gc,marking  ] GC(180) Concurrent Mark 161.675ms
[2026-07-18T16:59:46.527+0000][info][gc,marking  ] GC(180) Concurrent Rebuild Remembered Sets and Scrub Regions
[2026-07-18T16:59:46.531+0000][info][gc,start    ] GC(182) Pause Young (Normal) (G1 Evacuation Pause)
[2026-07-18T16:59:46.531+0000][info][gc,task     ] GC(182) Using 4 workers of 4 for evacuation
[2026-07-18T16:59:46.531+0000][info][gc,phases   ] GC(182)   Pre Evacuate Collection Set: 0.12ms
[2026-07-18T16:59:46.531+0000][info][gc,phases   ] GC(182)   Merge Heap Roots: 0.06ms
[2026-07-18T16:59:46.531+0000][info][gc,phases   ] GC(182)   Evacuate Collection Set: 0.08ms
[2026-07-18T16:59:46.532+0000][info][gc,phases   ] GC(182)   Post Evacuate Collection Set: 0.19ms
[2026-07-18T16:59:46.532+0000][info][gc,phases   ] GC(182)   Other: 0.05ms
[2026-07-18T16:59:46.532+0000][info][gc,heap     ] GC(182) Eden regions: 491->0(491)
[2026-07-18T16:59:46.532+0000][info][gc,heap     ] GC(182) Survivor regions: 0->0(62)
[2026-07-18T16:59:46.532+0000][info][gc,heap     ] GC(182) Old regions: 885->885
[2026-07-18T16:59:46.532+0000][info][gc,heap     ] GC(182) Humongous regions: 49->49
[2026-07-18T16:59:46.532+0000][info][gc,metaspace] GC(182) Metaspace: 409K(576K)->409K(576K) NonClass: 379K(448K)->379K(448K) Class: 29K(128K)->29K(128K)
[2026-07-18T16:59:46.532+0000][info][gc          ] GC(182) Pause Young (Normal) (G1 Evacuation Pause) 1424M->933M(1500M) 0.833ms
[2026-07-18T16:59:46.532+0000][info][gc,cpu      ] GC(182) User=0.00s Sys=0.00s Real=0.00s
[2026-07-18T16:59:46.599+0000][info][gc,marking  ] GC(180) Concurrent Rebuild Remembered Sets and Scrub Regions 72.110ms
[2026-07-18T16:59:46.603+0000][info][gc,start    ] GC(180) Pause Cleanup
[2026-07-18T16:59:46.603+0000][info][gc          ] GC(180) Pause Cleanup 1333M->1333M(1500M) 0.193ms
[2026-07-18T16:59:46.604+0000][info][gc,cpu      ] GC(180) User=0.00s Sys=0.00s Real=0.00s
[2026-07-18T16:59:46.604+0000][info][gc,marking  ] GC(180) Concurrent Clear Claimed Marks
[2026-07-18T16:59:46.607+0000][info][gc,marking  ] GC(180) Concurrent Clear Claimed Marks 3.383ms
[2026-07-18T16:59:46.607+0000][info][gc,marking  ] GC(180) Concurrent Cleanup for Next Mark
[2026-07-18T16:59:46.608+0000][info][gc,marking  ] GC(180) Concurrent Cleanup for Next Mark 0.619ms
[2026-07-18T16:59:46.608+0000][info][gc          ] GC(180) Concurrent Mark Cycle 249.093ms
[2026-07-18T16:59:46.618+0000][info][gc,start    ] GC(183) Pause Young (Normal) (G1 Evacuation Pause)
[2026-07-18T16:59:46.618+0000][info][gc,task     ] GC(183) Using 4 workers of 4 for evacuation
[2026-07-18T16:59:46.619+0000][info][gc,phases   ] GC(183)   Pre Evacuate Collection Set: 0.14ms
[2026-07-18T16:59:46.619+0000][info][gc,phases   ] GC(183)   Merge Heap Roots: 0.06ms
[2026-07-18T16:59:46.619+0000][info][gc,phases   ] GC(183)   Evacuate Collection Set: 0.09ms
[2026-07-18T16:59:46.619+0000][info][gc,phases   ] GC(183)   Post Evacuate Collection Set: 0.21ms
[2026-07-18T16:59:46.619+0000][info][gc,phases   ] GC(183)   Other: 0.06ms
[2026-07-18T16:59:46.619+0000][info][gc,heap     ] GC(183) Eden regions: 491->0(491)
[2026-07-18T16:59:46.619+0000][info][gc,heap     ] GC(183) Survivor regions: 0->0(62)
[2026-07-18T16:59:46.619+0000][info][gc,heap     ] GC(183) Old regions: 885->885
[2026-07-18T16:59:46.619+0000][info][gc,heap     ] GC(183) Humongous regions: 49->49
[2026-07-18T16:59:46.619+0000][info][gc,metaspace] GC(183) Metaspace: 409K(576K)->409K(576K) NonClass: 379K(448K)->379K(448K) Class: 29K(128K)->29K(128K)
[2026-07-18T16:59:46.619+0000][info][gc          ] GC(183) Pause Young (Normal) (G1 Evacuation Pause) 1424M->933M(1500M) 0.908ms
[2026-07-18T16:59:46.619+0000][info][gc,cpu      ] GC(183) User=0.00s Sys=0.00s Real=0.00s
[2026-07-18T16:59:46.699+0000][info][gc,start    ] GC(184) Pause Young (Concurrent Start) (G1 Evacuation Pause)
[2026-07-18T16:59:46.700+0000][info][gc,task     ] GC(184) Using 4 workers of 4 for evacuation
[2026-07-18T16:59:46.700+0000][info][gc,phases   ] GC(184)   Pre Evacuate Collection Set: 0.15ms
[2026-07-18T16:59:46.700+0000][info][gc,phases   ] GC(184)   Merge Heap Roots: 0.06ms
[2026-07-18T16:59:46.700+0000][info][gc,phases   ] GC(184)   Evacuate Collection Set: 0.10ms
[2026-07-18T16:59:46.700+0000][info][gc,phases   ] GC(184)   Post Evacuate Collection Set: 0.20ms
[2026-07-18T16:59:46.700+0000][info][gc,phases   ] GC(184)   Other: 0.09ms
[2026-07-18T16:59:46.700+0000][info][gc,heap     ] GC(184) Eden regions: 491->0(491)
[2026-07-18T16:59:46.700+0000][info][gc,heap     ] GC(184) Survivor regions: 0->0(62)
[2026-07-18T16:59:46.700+0000][info][gc,heap     ] GC(184) Old regions: 885->885
[2026-07-18T16:59:46.700+0000][info][gc,heap     ] GC(184) Humongous regions: 49->49
[2026-07-18T16:59:46.700+0000][info][gc,metaspace] GC(184) Metaspace: 409K(576K)->409K(576K) NonClass: 379K(448K)->379K(448K) Class: 29K(128K)->29K(128K)
[2026-07-18T16:59:46.700+0000][info][gc          ] GC(184) Pause Young (Concurrent Start) (G1 Evacuation Pause) 1424M->933M(1500M) 1.012ms
[2026-07-18T16:59:46.700+0000][info][gc,cpu      ] GC(184) User=0.00s Sys=0.00s Real=0.00s
[2026-07-18T16:59:46.700+0000][info][gc          ] GC(185) Concurrent Mark Cycle
[2026-07-18T16:59:46.704+0000][info][gc,marking  ] GC(185) Concurrent Scan Root Regions
[2026-07-18T16:59:46.704+0000][info][gc,marking  ] GC(185) Concurrent Scan Root Regions 0.044ms
[2026-07-18T16:59:46.704+0000][info][gc,marking  ] GC(185) Concurrent Mark
[2026-07-18T16:59:46.704+0000][info][gc,marking  ] GC(185) Concurrent Mark From Roots
[2026-07-18T16:59:46.704+0000][info][gc,task     ] GC(185) Using 1 workers of 1 for marking
[2026-07-18T16:59:46.795+0000][info][gc,start    ] GC(186) Pause Young (Normal) (G1 Evacuation Pause)
[2026-07-18T16:59:46.796+0000][info][gc,task     ] GC(186) Using 4 workers of 4 for evacuation
[2026-07-18T16:59:46.796+0000][info][gc,phases   ] GC(186)   Pre Evacuate Collection Set: 0.14ms
[2026-07-18T16:59:46.796+0000][info][gc,phases   ] GC(186)   Merge Heap Roots: 0.06ms
[2026-07-18T16:59:46.796+0000][info][gc,phases   ] GC(186)   Evacuate Collection Set: 0.08ms
[2026-07-18T16:59:46.796+0000][info][gc,phases   ] GC(186)   Post Evacuate Collection Set: 0.22ms
[2026-07-18T16:59:46.796+0000][info][gc,phases   ] GC(186)   Other: 0.07ms
[2026-07-18T16:59:46.796+0000][info][gc,heap     ] GC(186) Eden regions: 491->0(491)
[2026-07-18T16:59:46.796+0000][info][gc,heap     ] GC(186) Survivor regions: 0->0(62)
[2026-07-18T16:59:46.796+0000][info][gc,heap     ] GC(186) Old regions: 885->885
[2026-07-18T16:59:46.796+0000][info][gc,heap     ] GC(186) Humongous regions: 49->49
[2026-07-18T16:59:46.796+0000][info][gc,metaspace] GC(186) Metaspace: 409K(576K)->409K(576K) NonClass: 379K(448K)->379K(448K) Class: 29K(128K)->29K(128K)
[2026-07-18T16:59:46.796+0000][info][gc          ] GC(186) Pause Young (Normal) (G1 Evacuation Pause) 1424M->933M(1500M) 0.984ms
[2026-07-18T16:59:46.796+0000][info][gc,cpu      ] GC(186) User=0.00s Sys=0.00s Real=0.00s
[2026-07-18T16:59:46.867+0000][info][gc,marking  ] GC(185) Concurrent Mark From Roots 162.625ms
[2026-07-18T16:59:46.867+0000][info][gc,marking  ] GC(185) Concurrent Preclean
[2026-07-18T16:59:46.867+0000][info][gc,marking  ] GC(185) Concurrent Preclean 0.048ms
[2026-07-18T16:59:46.868+0000][info][gc,start    ] GC(185) Pause Remark
[2026-07-18T16:59:46.869+0000][info][gc          ] GC(185) Pause Remark 1322M->1322M(1500M) 0.539ms
[2026-07-18T16:59:46.869+0000][info][gc,cpu      ] GC(185) User=0.00s Sys=0.00s Real=0.00s
[2026-07-18T16:59:46.869+0000][info][gc,marking  ] GC(185) Concurrent Mark 164.810ms
[2026-07-18T16:59:46.872+0000][info][gc,marking  ] GC(185) Concurrent Rebuild Remembered Sets and Scrub Regions
[2026-07-18T16:59:46.889+0000][info][gc,start    ] GC(187) Pause Young (Normal) (G1 Evacuation Pause)
[2026-07-18T16:59:46.889+0000][info][gc,task     ] GC(187) Using 4 workers of 4 for evacuation
[2026-07-18T16:59:46.890+0000][info][gc,phases   ] GC(187)   Pre Evacuate Collection Set: 0.32ms
[2026-07-18T16:59:46.890+0000][info][gc,phases   ] GC(187)   Merge Heap Roots: 0.06ms
[2026-07-18T16:59:46.890+0000][info][gc,phases   ] GC(187)   Evacuate Collection Set: 0.27ms
[2026-07-18T16:59:46.890+0000][info][gc,phases   ] GC(187)   Post Evacuate Collection Set: 0.23ms
[2026-07-18T16:59:46.890+0000][info][gc,phases   ] GC(187)   Other: 0.10ms
[2026-07-18T16:59:46.890+0000][info][gc,heap     ] GC(187) Eden regions: 491->0(491)
[2026-07-18T16:59:46.890+0000][info][gc,heap     ] GC(187) Survivor regions: 0->0(62)
[2026-07-18T16:59:46.890+0000][info][gc,heap     ] GC(187) Old regions: 885->885
[2026-07-18T16:59:46.891+0000][info][gc,heap     ] GC(187) Humongous regions: 49->49
[2026-07-18T16:59:46.891+0000][info][gc,metaspace] GC(187) Metaspace: 409K(576K)->409K(576K) NonClass: 379K(448K)->379K(448K) Class: 29K(128K)->29K(128K)
[2026-07-18T16:59:46.891+0000][info][gc          ] GC(187) Pause Young (Normal) (G1 Evacuation Pause) 1424M->933M(1500M) 1.462ms
[2026-07-18T16:59:46.891+0000][info][gc,cpu      ] GC(187) User=0.00s Sys=0.00s Real=0.00s
[2026-07-18T16:59:46.950+0000][info][gc,marking  ] GC(185) Concurrent Rebuild Remembered Sets and Scrub Regions 77.834ms
[2026-07-18T16:59:46.951+0000][info][gc,start    ] GC(185) Pause Cleanup
[2026-07-18T16:59:46.951+0000][info][gc          ] GC(185) Pause Cleanup 1193M->1193M(1500M) 0.204ms
[2026-07-18T16:59:46.951+0000][info][gc,cpu      ] GC(185) User=0.00s Sys=0.00s Real=0.00s
[2026-07-18T16:59:46.951+0000][info][gc,marking  ] GC(185) Concurrent Clear Claimed Marks
[2026-07-18T16:59:46.955+0000][info][gc,marking  ] GC(185) Concurrent Clear Claimed Marks 3.696ms
[2026-07-18T16:59:46.955+0000][info][gc,marking  ] GC(185) Concurrent Cleanup for Next Mark
[2026-07-18T16:59:46.956+0000][info][gc,marking  ] GC(185) Concurrent Cleanup for Next Mark 0.862ms
[2026-07-18T16:59:46.956+0000][info][gc          ] GC(185) Concurrent Mark Cycle 255.578ms
[2026-07-18T16:59:47.000+0000][info][gc,start    ] GC(188) Pause Young (Normal) (G1 Evacuation Pause)
[2026-07-18T16:59:47.000+0000][info][gc,task     ] GC(188) Using 4 workers of 4 for evacuation
[2026-07-18T16:59:47.002+0000][info][gc,phases   ] GC(188)   Pre Evacuate Collection Set: 0.21ms
[2026-07-18T16:59:47.004+0000][info][gc,phases   ] GC(188)   Merge Heap Roots: 0.18ms
[2026-07-18T16:59:47.004+0000][info][gc,phases   ] GC(188)   Evacuate Collection Set: 0.21ms
[2026-07-18T16:59:47.004+0000][info][gc,phases   ] GC(188)   Post Evacuate Collection Set: 1.09ms
[2026-07-18T16:59:47.004+0000][info][gc,phases   ] GC(188)   Other: 0.17ms
[2026-07-18T16:59:47.004+0000][info][gc,heap     ] GC(188) Eden regions: 491->0(491)
[2026-07-18T16:59:47.004+0000][info][gc,heap     ] GC(188) Survivor regions: 0->0(62)
[2026-07-18T16:59:47.004+0000][info][gc,heap     ] GC(188) Old regions: 885->885
[2026-07-18T16:59:47.004+0000][info][gc,heap     ] GC(188) Humongous regions: 49->49
[2026-07-18T16:59:47.004+0000][info][gc,metaspace] GC(188) Metaspace: 409K(576K)->409K(576K) NonClass: 379K(448K)->379K(448K) Class: 29K(128K)->29K(128K)
[2026-07-18T16:59:47.005+0000][info][gc          ] GC(188) Pause Young (Normal) (G1 Evacuation Pause) 1424M->933M(1500M) 4.581ms
[2026-07-18T16:59:47.005+0000][info][gc,cpu      ] GC(188) User=0.00s Sys=0.00s Real=0.01s
[2026-07-18T16:59:47.118+0000][info][gc,start    ] GC(189) Pause Young (Concurrent Start) (G1 Evacuation Pause)
[2026-07-18T16:59:47.118+0000][info][gc,task     ] GC(189) Using 4 workers of 4 for evacuation
[2026-07-18T16:59:47.119+0000][info][gc,phases   ] GC(189)   Pre Evacuate Collection Set: 0.25ms
[2026-07-18T16:59:47.119+0000][info][gc,phases   ] GC(189)   Merge Heap Roots: 0.08ms
[2026-07-18T16:59:47.120+0000][info][gc,phases   ] GC(189)   Evacuate Collection Set: 0.16ms
[2026-07-18T16:59:47.120+0000][info][gc,phases   ] GC(189)   Post Evacuate Collection Set: 0.24ms
[2026-07-18T16:59:47.120+0000][info][gc,phases   ] GC(189)   Other: 0.21ms
[2026-07-18T16:59:47.120+0000][info][gc,heap     ] GC(189) Eden regions: 491->0(491)
[2026-07-18T16:59:47.120+0000][info][gc,heap     ] GC(189) Survivor regions: 0->0(62)
[2026-07-18T16:59:47.120+0000][info][gc,heap     ] GC(189) Old regions: 885->885
[2026-07-18T16:59:47.120+0000][info][gc,heap     ] GC(189) Humongous regions: 49->49
[2026-07-18T16:59:47.120+0000][info][gc,metaspace] GC(189) Metaspace: 409K(576K)->409K(576K) NonClass: 379K(448K)->379K(448K) Class: 29K(128K)->29K(128K)
[2026-07-18T16:59:47.120+0000][info][gc          ] GC(189) Pause Young (Concurrent Start) (G1 Evacuation Pause) 1424M->933M(1500M) 1.398ms
[2026-07-18T16:59:47.120+0000][info][gc,cpu      ] GC(189) User=0.00s Sys=0.00s Real=0.00s
[2026-07-18T16:59:47.120+0000][info][gc          ] GC(190) Concurrent Mark Cycle
[2026-07-18T16:59:47.123+0000][info][gc,marking  ] GC(190) Concurrent Scan Root Regions
[2026-07-18T16:59:47.123+0000][info][gc,marking  ] GC(190) Concurrent Scan Root Regions 0.097ms
[2026-07-18T16:59:47.123+0000][info][gc,marking  ] GC(190) Concurrent Mark
[2026-07-18T16:59:47.123+0000][info][gc,marking  ] GC(190) Concurrent Mark From Roots
[2026-07-18T16:59:47.123+0000][info][gc,task     ] GC(190) Using 1 workers of 1 for marking
[2026-07-18T16:59:47.219+0000][info][gc,start    ] GC(191) Pause Young (Normal) (G1 Evacuation Pause)
[2026-07-18T16:59:47.219+0000][info][gc,task     ] GC(191) Using 4 workers of 4 for evacuation
[2026-07-18T16:59:47.219+0000][info][gc,phases   ] GC(191)   Pre Evacuate Collection Set: 0.13ms
[2026-07-18T16:59:47.219+0000][info][gc,phases   ] GC(191)   Merge Heap Roots: 0.08ms
[2026-07-18T16:59:47.219+0000][info][gc,phases   ] GC(191)   Evacuate Collection Set: 0.12ms
[2026-07-18T16:59:47.219+0000][info][gc,phases   ] GC(191)   Post Evacuate Collection Set: 0.19ms
[2026-07-18T16:59:47.219+0000][info][gc,phases   ] GC(191)   Other: 0.08ms
[2026-07-18T16:59:47.219+0000][info][gc,heap     ] GC(191) Eden regions: 491->0(491)
[2026-07-18T16:59:47.219+0000][info][gc,heap     ] GC(191) Survivor regions: 0->0(62)
[2026-07-18T16:59:47.220+0000][info][gc,heap     ] GC(191) Old regions: 885->885
[2026-07-18T16:59:47.220+0000][info][gc,heap     ] GC(191) Humongous regions: 49->49
[2026-07-18T16:59:47.220+0000][info][gc,metaspace] GC(191) Metaspace: 409K(576K)->409K(576K) NonClass: 379K(448K)->379K(448K) Class: 29K(128K)->29K(128K)
[2026-07-18T16:59:47.220+0000][info][gc          ] GC(191) Pause Young (Normal) (G1 Evacuation Pause) 1424M->933M(1500M) 1.023ms
[2026-07-18T16:59:47.220+0000][info][gc,cpu      ] GC(191) User=0.00s Sys=0.00s Real=0.00s
[2026-07-18T16:59:47.284+0000][info][gc,marking  ] GC(190) Concurrent Mark From Roots 160.484ms
[2026-07-18T16:59:47.287+0000][info][gc,marking  ] GC(190) Concurrent Preclean
[2026-07-18T16:59:47.287+0000][info][gc,marking  ] GC(190) Concurrent Preclean 0.070ms
[2026-07-18T16:59:47.287+0000][info][gc,start    ] GC(190) Pause Remark
[2026-07-18T16:59:47.287+0000][info][gc          ] GC(190) Pause Remark 1285M->1285M(1500M) 0.380ms
[2026-07-18T16:59:47.288+0000][info][gc,cpu      ] GC(190) User=0.00s Sys=0.00s Real=0.00s
[2026-07-18T16:59:47.288+0000][info][gc,marking  ] GC(190) Concurrent Mark 164.417ms
[2026-07-18T16:59:47.291+0000][info][gc,marking  ] GC(190) Concurrent Rebuild Remembered Sets and Scrub Regions
[2026-07-18T16:59:47.315+0000][info][gc,start    ] GC(192) Pause Young (Normal) (G1 Evacuation Pause)
[2026-07-18T16:59:47.315+0000][info][gc,task     ] GC(192) Using 4 workers of 4 for evacuation
[2026-07-18T16:59:47.315+0000][info][gc,phases   ] GC(192)   Pre Evacuate Collection Set: 0.19ms
[2026-07-18T16:59:47.315+0000][info][gc,phases   ] GC(192)   Merge Heap Roots: 0.06ms
[2026-07-18T16:59:47.315+0000][info][gc,phases   ] GC(192)   Evacuate Collection Set: 0.08ms
[2026-07-18T16:59:47.315+0000][info][gc,phases   ] GC(192)   Post Evacuate Collection Set: 0.19ms
[2026-07-18T16:59:47.315+0000][info][gc,phases   ] GC(192)   Other: 0.07ms
[2026-07-18T16:59:47.315+0000][info][gc,heap     ] GC(192) Eden regions: 491->0(491)
[2026-07-18T16:59:47.315+0000][info][gc,heap     ] GC(192) Survivor regions: 0->0(62)
[2026-07-18T16:59:47.315+0000][info][gc,heap     ] GC(192) Old regions: 885->885
[2026-07-18T16:59:47.315+0000][info][gc,heap     ] GC(192) Humongous regions: 49->49
[2026-07-18T16:59:47.315+0000][info][gc,metaspace] GC(192) Metaspace: 409K(576K)->409K(576K) NonClass: 379K(448K)->379K(448K) Class: 29K(128K)->29K(128K)
[2026-07-18T16:59:47.316+0000][info][gc          ] GC(192) Pause Young (Normal) (G1 Evacuation Pause) 1424M->933M(1500M) 1.002ms
[2026-07-18T16:59:47.316+0000][info][gc,cpu      ] GC(192) User=0.00s Sys=0.00s Real=0.00s
[2026-07-18T16:59:47.363+0000][info][gc,marking  ] GC(190) Concurrent Rebuild Remembered Sets and Scrub Regions 72.195ms
[2026-07-18T16:59:47.364+0000][info][gc,start    ] GC(190) Pause Cleanup
[2026-07-18T16:59:47.364+0000][info][gc          ] GC(190) Pause Cleanup 1197M->1197M(1500M) 0.166ms
[2026-07-18T16:59:47.364+0000][info][gc,cpu      ] GC(190) User=0.00s Sys=0.00s Real=0.00s
[2026-07-18T16:59:47.364+0000][info][gc,marking  ] GC(190) Concurrent Clear Claimed Marks
[2026-07-18T16:59:47.368+0000][info][gc,marking  ] GC(190) Concurrent Clear Claimed Marks 3.452ms
[2026-07-18T16:59:47.368+0000][info][gc,marking  ] GC(190) Concurrent Cleanup for Next Mark
[2026-07-18T16:59:47.369+0000][info][gc,marking  ] GC(190) Concurrent Cleanup for Next Mark 0.623ms
[2026-07-18T16:59:47.369+0000][info][gc          ] GC(190) Concurrent Mark Cycle 248.841ms
[2026-07-18T16:59:47.401+0000][info][gc,start    ] GC(193) Pause Young (Normal) (G1 Evacuation Pause)
[2026-07-18T16:59:47.401+0000][info][gc,task     ] GC(193) Using 4 workers of 4 for evacuation
[2026-07-18T16:59:47.401+0000][info][gc,phases   ] GC(193)   Pre Evacuate Collection Set: 0.16ms
[2026-07-18T16:59:47.401+0000][info][gc,phases   ] GC(193)   Merge Heap Roots: 0.06ms
[2026-07-18T16:59:47.402+0000][info][gc,phases   ] GC(193)   Evacuate Collection Set: 0.07ms
[2026-07-18T16:59:47.402+0000][info][gc,phases   ] GC(193)   Post Evacuate Collection Set: 0.20ms
[2026-07-18T16:59:47.402+0000][info][gc,phases   ] GC(193)   Other: 0.06ms
[2026-07-18T16:59:47.402+0000][info][gc,heap     ] GC(193) Eden regions: 491->0(491)
[2026-07-18T16:59:47.402+0000][info][gc,heap     ] GC(193) Survivor regions: 0->0(62)
[2026-07-18T16:59:47.402+0000][info][gc,heap     ] GC(193) Old regions: 885->885
[2026-07-18T16:59:47.402+0000][info][gc,heap     ] GC(193) Humongous regions: 49->49
[2026-07-18T16:59:47.402+0000][info][gc,metaspace] GC(193) Metaspace: 409K(576K)->409K(576K) NonClass: 379K(448K)->379K(448K) Class: 29K(128K)->29K(128K)
[2026-07-18T16:59:47.402+0000][info][gc          ] GC(193) Pause Young (Normal) (G1 Evacuation Pause) 1424M->933M(1500M) 0.912ms
[2026-07-18T16:59:47.402+0000][info][gc,cpu      ] GC(193) User=0.00s Sys=0.00s Real=0.00s
[2026-07-18T16:59:47.479+0000][info][gc,start    ] GC(194) Pause Young (Concurrent Start) (G1 Evacuation Pause)
[2026-07-18T16:59:47.479+0000][info][gc,task     ] GC(194) Using 4 workers of 4 for evacuation
[2026-07-18T16:59:47.479+0000][info][gc,phases   ] GC(194)   Pre Evacuate Collection Set: 0.16ms
[2026-07-18T16:59:47.479+0000][info][gc,phases   ] GC(194)   Merge Heap Roots: 0.05ms
[2026-07-18T16:59:47.479+0000][info][gc,phases   ] GC(194)   Evacuate Collection Set: 0.10ms
[2026-07-18T16:59:47.479+0000][info][gc,phases   ] GC(194)   Post Evacuate Collection Set: 0.20ms
[2026-07-18T16:59:47.480+0000][info][gc,phases   ] GC(194)   Other: 0.08ms
[2026-07-18T16:59:47.480+0000][info][gc,heap     ] GC(194) Eden regions: 491->0(491)
[2026-07-18T16:59:47.480+0000][info][gc,heap     ] GC(194) Survivor regions: 0->0(62)
[2026-07-18T16:59:47.480+0000][info][gc,heap     ] GC(194) Old regions: 885->885
[2026-07-18T16:59:47.480+0000][info][gc,heap     ] GC(194) Humongous regions: 49->49
[2026-07-18T16:59:47.480+0000][info][gc,metaspace] GC(194) Metaspace: 409K(576K)->409K(576K) NonClass: 379K(448K)->379K(448K) Class: 29K(128K)->29K(128K)
[2026-07-18T16:59:47.480+0000][info][gc          ] GC(194) Pause Young (Concurrent Start) (G1 Evacuation Pause) 1424M->933M(1500M) 0.963ms
[2026-07-18T16:59:47.480+0000][info][gc,cpu      ] GC(194) User=0.00s Sys=0.00s Real=0.00s
[2026-07-18T16:59:47.480+0000][info][gc          ] GC(195) Concurrent Mark Cycle
[2026-07-18T16:59:47.483+0000][info][gc,marking  ] GC(195) Concurrent Scan Root Regions
[2026-07-18T16:59:47.483+0000][info][gc,marking  ] GC(195) Concurrent Scan Root Regions 0.047ms
[2026-07-18T16:59:47.483+0000][info][gc,marking  ] GC(195) Concurrent Mark
[2026-07-18T16:59:47.483+0000][info][gc,marking  ] GC(195) Concurrent Mark From Roots
[2026-07-18T16:59:47.483+0000][info][gc,task     ] GC(195) Using 1 workers of 1 for marking
[2026-07-18T16:59:47.563+0000][info][gc,start    ] GC(196) Pause Young (Normal) (G1 Evacuation Pause)
[2026-07-18T16:59:47.563+0000][info][gc,task     ] GC(196) Using 4 workers of 4 for evacuation
[2026-07-18T16:59:47.564+0000][info][gc,phases   ] GC(196)   Pre Evacuate Collection Set: 0.13ms
[2026-07-18T16:59:47.564+0000][info][gc,phases   ] GC(196)   Merge Heap Roots: 0.05ms
[2026-07-18T16:59:47.564+0000][info][gc,phases   ] GC(196)   Evacuate Collection Set: 0.07ms
[2026-07-18T16:59:47.564+0000][info][gc,phases   ] GC(196)   Post Evacuate Collection Set: 0.19ms
[2026-07-18T16:59:47.564+0000][info][gc,phases   ] GC(196)   Other: 0.06ms
[2026-07-18T16:59:47.564+0000][info][gc,heap     ] GC(196) Eden regions: 491->0(491)
[2026-07-18T16:59:47.564+0000][info][gc,heap     ] GC(196) Survivor regions: 0->0(62)
[2026-07-18T16:59:47.564+0000][info][gc,heap     ] GC(196) Old regions: 885->885
[2026-07-18T16:59:47.564+0000][info][gc,heap     ] GC(196) Humongous regions: 49->49
[2026-07-18T16:59:47.564+0000][info][gc,metaspace] GC(196) Metaspace: 409K(576K)->409K(576K) NonClass: 379K(448K)->379K(448K) Class: 29K(128K)->29K(128K)
[2026-07-18T16:59:47.564+0000][info][gc          ] GC(196) Pause Young (Normal) (G1 Evacuation Pause) 1424M->933M(1500M) 0.929ms
[2026-07-18T16:59:47.564+0000][info][gc,cpu      ] GC(196) User=0.00s Sys=0.00s Real=0.00s
[2026-07-18T16:59:47.642+0000][info][gc,marking  ] GC(195) Concurrent Mark From Roots 159.161ms
[2026-07-18T16:59:47.646+0000][info][gc,marking  ] GC(195) Concurrent Preclean
[2026-07-18T16:59:47.646+0000][info][gc,marking  ] GC(195) Concurrent Preclean 0.066ms
[2026-07-18T16:59:47.647+0000][info][gc,start    ] GC(195) Pause Remark
[2026-07-18T16:59:47.648+0000][info][gc          ] GC(195) Pause Remark 1422M->1422M(1500M) 0.405ms
[2026-07-18T16:59:47.648+0000][info][gc,cpu      ] GC(195) User=0.00s Sys=0.00s Real=0.00s
[2026-07-18T16:59:47.648+0000][info][gc,marking  ] GC(195) Concurrent Mark 164.680ms
[2026-07-18T16:59:47.648+0000][info][gc,marking  ] GC(195) Concurrent Rebuild Remembered Sets and Scrub Regions
[2026-07-18T16:59:47.648+0000][info][gc,start    ] GC(197) Pause Young (Normal) (G1 Evacuation Pause)
[2026-07-18T16:59:47.648+0000][info][gc,task     ] GC(197) Using 4 workers of 4 for evacuation
[2026-07-18T16:59:47.649+0000][info][gc,phases   ] GC(197)   Pre Evacuate Collection Set: 0.11ms
[2026-07-18T16:59:47.649+0000][info][gc,phases   ] GC(197)   Merge Heap Roots: 0.05ms
[2026-07-18T16:59:47.649+0000][info][gc,phases   ] GC(197)   Evacuate Collection Set: 0.06ms
[2026-07-18T16:59:47.649+0000][info][gc,phases   ] GC(197)   Post Evacuate Collection Set: 0.19ms
[2026-07-18T16:59:47.649+0000][info][gc,phases   ] GC(197)   Other: 0.05ms
[2026-07-18T16:59:47.649+0000][info][gc,heap     ] GC(197) Eden regions: 491->0(491)
[2026-07-18T16:59:47.649+0000][info][gc,heap     ] GC(197) Survivor regions: 0->0(62)
[2026-07-18T16:59:47.649+0000][info][gc,heap     ] GC(197) Old regions: 885->885
[2026-07-18T16:59:47.649+0000][info][gc,heap     ] GC(197) Humongous regions: 49->49
[2026-07-18T16:59:47.649+0000][info][gc,metaspace] GC(197) Metaspace: 409K(576K)->409K(576K) NonClass: 379K(448K)->379K(448K) Class: 29K(128K)->29K(128K)
[2026-07-18T16:59:47.649+0000][info][gc          ] GC(197) Pause Young (Normal) (G1 Evacuation Pause) 1424M->933M(1500M) 0.843ms
[2026-07-18T16:59:47.649+0000][info][gc,cpu      ] GC(197) User=0.00s Sys=0.00s Real=0.00s
[2026-07-18T16:59:47.721+0000][info][gc,marking  ] GC(195) Concurrent Rebuild Remembered Sets and Scrub Regions 72.703ms
[2026-07-18T16:59:47.722+0000][info][gc,start    ] GC(195) Pause Cleanup
[2026-07-18T16:59:47.722+0000][info][gc          ] GC(195) Pause Cleanup 1332M->1332M(1500M) 0.170ms
[2026-07-18T16:59:47.722+0000][info][gc,cpu      ] GC(195) User=0.00s Sys=0.00s Real=0.00s
[2026-07-18T16:59:47.723+0000][info][gc,marking  ] GC(195) Concurrent Clear Claimed Marks
[2026-07-18T16:59:47.726+0000][info][gc,marking  ] GC(195) Concurrent Clear Claimed Marks 3.404ms
[2026-07-18T16:59:47.726+0000][info][gc,marking  ] GC(195) Concurrent Cleanup for Next Mark
[2026-07-18T16:59:47.727+0000][info][gc,marking  ] GC(195) Concurrent Cleanup for Next Mark 0.609ms
[2026-07-18T16:59:47.727+0000][info][gc          ] GC(195) Concurrent Mark Cycle 246.917ms
[2026-07-18T16:59:47.738+0000][info][gc,start    ] GC(198) Pause Young (Normal) (G1 Evacuation Pause)
[2026-07-18T16:59:47.738+0000][info][gc,task     ] GC(198) Using 4 workers of 4 for evacuation
[2026-07-18T16:59:47.739+0000][info][gc,phases   ] GC(198)   Pre Evacuate Collection Set: 0.14ms
[2026-07-18T16:59:47.739+0000][info][gc,phases   ] GC(198)   Merge Heap Roots: 0.05ms
[2026-07-18T16:59:47.739+0000][info][gc,phases   ] GC(198)   Evacuate Collection Set: 0.08ms
[2026-07-18T16:59:47.739+0000][info][gc,phases   ] GC(198)   Post Evacuate Collection Set: 0.19ms
[2026-07-18T16:59:47.739+0000][info][gc,phases   ] GC(198)   Other: 0.10ms
[2026-07-18T16:59:47.739+0000][info][gc,heap     ] GC(198) Eden regions: 491->0(491)
[2026-07-18T16:59:47.739+0000][info][gc,heap     ] GC(198) Survivor regions: 0->0(62)
[2026-07-18T16:59:47.739+0000][info][gc,heap     ] GC(198) Old regions: 885->885
[2026-07-18T16:59:47.739+0000][info][gc,heap     ] GC(198) Humongous regions: 49->49
[2026-07-18T16:59:47.739+0000][info][gc,metaspace] GC(198) Metaspace: 409K(576K)->409K(576K) NonClass: 379K(448K)->379K(448K) Class: 29K(128K)->29K(128K)
[2026-07-18T16:59:47.739+0000][info][gc          ] GC(198) Pause Young (Normal) (G1 Evacuation Pause) 1424M->933M(1500M) 0.938ms
[2026-07-18T16:59:47.739+0000][info][gc,cpu      ] GC(198) User=0.00s Sys=0.00s Real=0.00s
[2026-07-18T16:59:47.817+0000][info][gc,start    ] GC(199) Pause Young (Concurrent Start) (G1 Evacuation Pause)
[2026-07-18T16:59:47.817+0000][info][gc,task     ] GC(199) Using 4 workers of 4 for evacuation
[2026-07-18T16:59:47.818+0000][info][gc,phases   ] GC(199)   Pre Evacuate Collection Set: 0.18ms
[2026-07-18T16:59:47.818+0000][info][gc,phases   ] GC(199)   Merge Heap Roots: 0.05ms
[2026-07-18T16:59:47.818+0000][info][gc,phases   ] GC(199)   Evacuate Collection Set: 0.11ms
[2026-07-18T16:59:47.818+0000][info][gc,phases   ] GC(199)   Post Evacuate Collection Set: 0.22ms
[2026-07-18T16:59:47.818+0000][info][gc,phases   ] GC(199)   Other: 0.09ms
[2026-07-18T16:59:47.818+0000][info][gc,heap     ] GC(199) Eden regions: 491->0(491)
[2026-07-18T16:59:47.818+0000][info][gc,heap     ] GC(199) Survivor regions: 0->0(62)
[2026-07-18T16:59:47.818+0000][info][gc,heap     ] GC(199) Old regions: 885->885
[2026-07-18T16:59:47.818+0000][info][gc,heap     ] GC(199) Humongous regions: 49->49
[2026-07-18T16:59:47.818+0000][info][gc,metaspace] GC(199) Metaspace: 409K(576K)->409K(576K) NonClass: 379K(448K)->379K(448K) Class: 29K(128K)->29K(128K)
[2026-07-18T16:59:47.818+0000][info][gc          ] GC(199) Pause Young (Concurrent Start) (G1 Evacuation Pause) 1424M->933M(1500M) 1.053ms
[2026-07-18T16:59:47.818+0000][info][gc,cpu      ] GC(199) User=0.00s Sys=0.00s Real=0.00s
[2026-07-18T16:59:47.818+0000][info][gc          ] GC(200) Concurrent Mark Cycle
[2026-07-18T16:59:47.822+0000][info][gc,marking  ] GC(200) Concurrent Scan Root Regions
[2026-07-18T16:59:47.822+0000][info][gc,marking  ] GC(200) Concurrent Scan Root Regions 0.068ms
[2026-07-18T16:59:47.822+0000][info][gc,marking  ] GC(200) Concurrent Mark
[2026-07-18T16:59:47.822+0000][info][gc,marking  ] GC(200) Concurrent Mark From Roots
[2026-07-18T16:59:47.822+0000][info][gc,task     ] GC(200) Using 1 workers of 1 for marking
[2026-07-18T16:59:47.907+0000][info][gc,start    ] GC(201) Pause Young (Normal) (G1 Evacuation Pause)
[2026-07-18T16:59:47.907+0000][info][gc,task     ] GC(201) Using 4 workers of 4 for evacuation
[2026-07-18T16:59:47.908+0000][info][gc,phases   ] GC(201)   Pre Evacuate Collection Set: 0.17ms
[2026-07-18T16:59:47.908+0000][info][gc,phases   ] GC(201)   Merge Heap Roots: 0.05ms
[2026-07-18T16:59:47.908+0000][info][gc,phases   ] GC(201)   Evacuate Collection Set: 0.11ms
[2026-07-18T16:59:47.908+0000][info][gc,phases   ] GC(201)   Post Evacuate Collection Set: 0.27ms
[2026-07-18T16:59:47.908+0000][info][gc,phases   ] GC(201)   Other: 0.08ms
[2026-07-18T16:59:47.908+0000][info][gc,heap     ] GC(201) Eden regions: 491->0(491)
[2026-07-18T16:59:47.908+0000][info][gc,heap     ] GC(201) Survivor regions: 0->0(62)
[2026-07-18T16:59:47.908+0000][info][gc,heap     ] GC(201) Old regions: 885->885
[2026-07-18T16:59:47.908+0000][info][gc,heap     ] GC(201) Humongous regions: 49->49
[2026-07-18T16:59:47.908+0000][info][gc,metaspace] GC(201) Metaspace: 409K(576K)->409K(576K) NonClass: 379K(448K)->379K(448K) Class: 29K(128K)->29K(128K)
[2026-07-18T16:59:47.908+0000][info][gc          ] GC(201) Pause Young (Normal) (G1 Evacuation Pause) 1424M->933M(1500M) 1.125ms
[2026-07-18T16:59:47.908+0000][info][gc,cpu      ] GC(201) User=0.00s Sys=0.00s Real=0.00s
[2026-07-18T16:59:47.982+0000][info][gc,marking  ] GC(200) Concurrent Mark From Roots 159.399ms
[2026-07-18T16:59:47.982+0000][info][gc,marking  ] GC(200) Concurrent Preclean
[2026-07-18T16:59:47.982+0000][info][gc,marking  ] GC(200) Concurrent Preclean 0.099ms
[2026-07-18T16:59:47.983+0000][info][gc,start    ] GC(200) Pause Remark
[2026-07-18T16:59:47.984+0000][info][gc          ] GC(200) Pause Remark 1328M->1328M(1500M) 0.609ms
[2026-07-18T16:59:47.984+0000][info][gc,cpu      ] GC(200) User=0.00s Sys=0.00s Real=0.00s
[2026-07-18T16:59:47.984+0000][info][gc,marking  ] GC(200) Concurrent Mark 161.629ms
[2026-07-18T16:59:47.987+0000][info][gc,marking  ] GC(200) Concurrent Rebuild Remembered Sets and Scrub Regions
[2026-07-18T16:59:48.002+0000][info][gc,start    ] GC(202) Pause Young (Normal) (G1 Evacuation Pause)
[2026-07-18T16:59:48.002+0000][info][gc,task     ] GC(202) Using 4 workers of 4 for evacuation
[2026-07-18T16:59:48.003+0000][info][gc,phases   ] GC(202)   Pre Evacuate Collection Set: 0.17ms
[2026-07-18T16:59:48.003+0000][info][gc,phases   ] GC(202)   Merge Heap Roots: 0.05ms
[2026-07-18T16:59:48.003+0000][info][gc,phases   ] GC(202)   Evacuate Collection Set: 0.10ms
[2026-07-18T16:59:48.003+0000][info][gc,phases   ] GC(202)   Post Evacuate Collection Set: 0.22ms
[2026-07-18T16:59:48.003+0000][info][gc,phases   ] GC(202)   Other: 0.06ms
[2026-07-18T16:59:48.003+0000][info][gc,heap     ] GC(202) Eden regions: 491->0(491)
[2026-07-18T16:59:48.003+0000][info][gc,heap     ] GC(202) Survivor regions: 0->0(62)
[2026-07-18T16:59:48.003+0000][info][gc,heap     ] GC(202) Old regions: 885->885
[2026-07-18T16:59:48.003+0000][info][gc,heap     ] GC(202) Humongous regions: 49->49
[2026-07-18T16:59:48.003+0000][info][gc,metaspace] GC(202) Metaspace: 409K(576K)->409K(576K) NonClass: 379K(448K)->379K(448K) Class: 29K(128K)->29K(128K)
[2026-07-18T16:59:48.003+0000][info][gc          ] GC(202) Pause Young (Normal) (G1 Evacuation Pause) 1424M->933M(1500M) 1.038ms
[2026-07-18T16:59:48.003+0000][info][gc,cpu      ] GC(202) User=0.01s Sys=0.00s Real=0.00s
[2026-07-18T16:59:48.061+0000][info][gc,marking  ] GC(200) Concurrent Rebuild Remembered Sets and Scrub Regions 73.619ms
[2026-07-18T16:59:48.063+0000][info][gc,start    ] GC(200) Pause Cleanup
[2026-07-18T16:59:48.063+0000][info][gc          ] GC(200) Pause Cleanup 1227M->1227M(1500M) 0.173ms
[2026-07-18T16:59:48.063+0000][info][gc,cpu      ] GC(200) User=0.00s Sys=0.00s Real=0.00s
[2026-07-18T16:59:48.063+0000][info][gc,marking  ] GC(200) Concurrent Clear Claimed Marks
[2026-07-18T16:59:48.067+0000][info][gc,marking  ] GC(200) Concurrent Clear Claimed Marks 3.654ms
[2026-07-18T16:59:48.067+0000][info][gc,marking  ] GC(200) Concurrent Cleanup for Next Mark
[2026-07-18T16:59:48.068+0000][info][gc,marking  ] GC(200) Concurrent Cleanup for Next Mark 0.663ms
[2026-07-18T16:59:48.068+0000][info][gc          ] GC(200) Concurrent Mark Cycle 249.855ms
[2026-07-18T16:59:48.098+0000][info][gc,start    ] GC(203) Pause Young (Normal) (G1 Evacuation Pause)
[2026-07-18T16:59:48.098+0000][info][gc,task     ] GC(203) Using 4 workers of 4 for evacuation
[2026-07-18T16:59:48.099+0000][info][gc,phases   ] GC(203)   Pre Evacuate Collection Set: 0.18ms
[2026-07-18T16:59:48.099+0000][info][gc,phases   ] GC(203)   Merge Heap Roots: 0.04ms
[2026-07-18T16:59:48.099+0000][info][gc,phases   ] GC(203)   Evacuate Collection Set: 0.17ms
[2026-07-18T16:59:48.099+0000][info][gc,phases   ] GC(203)   Post Evacuate Collection Set: 0.22ms
[2026-07-18T16:59:48.099+0000][info][gc,phases   ] GC(203)   Other: 0.08ms
[2026-07-18T16:59:48.099+0000][info][gc,heap     ] GC(203) Eden regions: 491->0(491)
[2026-07-18T16:59:48.099+0000][info][gc,heap     ] GC(203) Survivor regions: 0->0(62)
[2026-07-18T16:59:48.099+0000][info][gc,heap     ] GC(203) Old regions: 885->885
[2026-07-18T16:59:48.099+0000][info][gc,heap     ] GC(203) Humongous regions: 49->49
[2026-07-18T16:59:48.099+0000][info][gc,metaspace] GC(203) Metaspace: 409K(576K)->409K(576K) NonClass: 379K(448K)->379K(448K) Class: 29K(128K)->29K(128K)
[2026-07-18T16:59:48.099+0000][info][gc          ] GC(203) Pause Young (Normal) (G1 Evacuation Pause) 1424M->933M(1500M) 1.147ms
[2026-07-18T16:59:48.099+0000][info][gc,cpu      ] GC(203) User=0.00s Sys=0.00s Real=0.00s
[2026-07-18T16:59:48.186+0000][info][gc,start    ] GC(204) Pause Young (Concurrent Start) (G1 Evacuation Pause)
[2026-07-18T16:59:48.186+0000][info][gc,task     ] GC(204) Using 4 workers of 4 for evacuation
[2026-07-18T16:59:48.187+0000][info][gc,phases   ] GC(204)   Pre Evacuate Collection Set: 0.12ms
[2026-07-18T16:59:48.187+0000][info][gc,phases   ] GC(204)   Merge Heap Roots: 0.06ms
[2026-07-18T16:59:48.187+0000][info][gc,phases   ] GC(204)   Evacuate Collection Set: 0.11ms
[2026-07-18T16:59:48.187+0000][info][gc,phases   ] GC(204)   Post Evacuate Collection Set: 0.20ms
[2026-07-18T16:59:48.187+0000][info][gc,phases   ] GC(204)   Other: 0.12ms
[2026-07-18T16:59:48.187+0000][info][gc,heap     ] GC(204) Eden regions: 491->0(491)
[2026-07-18T16:59:48.187+0000][info][gc,heap     ] GC(204) Survivor regions: 0->0(62)
[2026-07-18T16:59:48.187+0000][info][gc,heap     ] GC(204) Old regions: 885->885
[2026-07-18T16:59:48.187+0000][info][gc,heap     ] GC(204) Humongous regions: 49->49
[2026-07-18T16:59:48.187+0000][info][gc,metaspace] GC(204) Metaspace: 409K(576K)->409K(576K) NonClass: 379K(448K)->379K(448K) Class: 29K(128K)->29K(128K)
[2026-07-18T16:59:48.187+0000][info][gc          ] GC(204) Pause Young (Concurrent Start) (G1 Evacuation Pause) 1424M->933M(1500M) 0.995ms
[2026-07-18T16:59:48.187+0000][info][gc,cpu      ] GC(204) User=0.00s Sys=0.00s Real=0.00s
[2026-07-18T16:59:48.187+0000][info][gc          ] GC(205) Concurrent Mark Cycle
[2026-07-18T16:59:48.191+0000][info][gc,marking  ] GC(205) Concurrent Scan Root Regions
[2026-07-18T16:59:48.191+0000][info][gc,marking  ] GC(205) Concurrent Scan Root Regions 0.051ms
[2026-07-18T16:59:48.191+0000][info][gc,marking  ] GC(205) Concurrent Mark
[2026-07-18T16:59:48.191+0000][info][gc,marking  ] GC(205) Concurrent Mark From Roots
[2026-07-18T16:59:48.191+0000][info][gc,task     ] GC(205) Using 1 workers of 1 for marking
[2026-07-18T16:59:48.272+0000][info][gc,start    ] GC(206) Pause Young (Normal) (G1 Evacuation Pause)
[2026-07-18T16:59:48.272+0000][info][gc,task     ] GC(206) Using 4 workers of 4 for evacuation
[2026-07-18T16:59:48.273+0000][info][gc,phases   ] GC(206)   Pre Evacuate Collection Set: 0.13ms
[2026-07-18T16:59:48.273+0000][info][gc,phases   ] GC(206)   Merge Heap Roots: 0.05ms
[2026-07-18T16:59:48.273+0000][info][gc,phases   ] GC(206)   Evacuate Collection Set: 0.08ms
[2026-07-18T16:59:48.273+0000][info][gc,phases   ] GC(206)   Post Evacuate Collection Set: 0.20ms
[2026-07-18T16:59:48.273+0000][info][gc,phases   ] GC(206)   Other: 0.06ms
[2026-07-18T16:59:48.273+0000][info][gc,heap     ] GC(206) Eden regions: 491->0(491)
[2026-07-18T16:59:48.273+0000][info][gc,heap     ] GC(206) Survivor regions: 0->0(62)
[2026-07-18T16:59:48.273+0000][info][gc,heap     ] GC(206) Old regions: 885->885
[2026-07-18T16:59:48.273+0000][info][gc,heap     ] GC(206) Humongous regions: 49->49
[2026-07-18T16:59:48.273+0000][info][gc,metaspace] GC(206) Metaspace: 409K(576K)->409K(576K) NonClass: 379K(448K)->379K(448K) Class: 29K(128K)->29K(128K)
[2026-07-18T16:59:48.273+0000][info][gc          ] GC(206) Pause Young (Normal) (G1 Evacuation Pause) 1424M->933M(1500M) 0.918ms
[2026-07-18T16:59:48.273+0000][info][gc,cpu      ] GC(206) User=0.00s Sys=0.00s Real=0.00s
[2026-07-18T16:59:48.350+0000][info][gc,marking  ] GC(205) Concurrent Mark From Roots 159.327ms
[2026-07-18T16:59:48.353+0000][info][gc,marking  ] GC(205) Concurrent Preclean
[2026-07-18T16:59:48.353+0000][info][gc,marking  ] GC(205) Concurrent Preclean 0.062ms
[2026-07-18T16:59:48.353+0000][info][gc,start    ] GC(205) Pause Remark
[2026-07-18T16:59:48.354+0000][info][gc          ] GC(205) Pause Remark 1390M->1390M(1500M) 0.503ms
[2026-07-18T16:59:48.354+0000][info][gc,cpu      ] GC(205) User=0.00s Sys=0.00s Real=0.00s
[2026-07-18T16:59:48.354+0000][info][gc,marking  ] GC(205) Concurrent Mark 162.621ms
[2026-07-18T16:59:48.357+0000][info][gc,marking  ] GC(205) Concurrent Rebuild Remembered Sets and Scrub Regions
[2026-07-18T16:59:48.360+0000][info][gc,start    ] GC(207) Pause Young (Normal) (G1 Evacuation Pause)
[2026-07-18T16:59:48.360+0000][info][gc,task     ] GC(207) Using 4 workers of 4 for evacuation
[2026-07-18T16:59:48.361+0000][info][gc,phases   ] GC(207)   Pre Evacuate Collection Set: 0.20ms
[2026-07-18T16:59:48.361+0000][info][gc,phases   ] GC(207)   Merge Heap Roots: 0.04ms
[2026-07-18T16:59:48.361+0000][info][gc,phases   ] GC(207)   Evacuate Collection Set: 0.09ms
[2026-07-18T16:59:48.361+0000][info][gc,phases   ] GC(207)   Post Evacuate Collection Set: 0.25ms
[2026-07-18T16:59:48.361+0000][info][gc,phases   ] GC(207)   Other: 0.06ms
[2026-07-18T16:59:48.361+0000][info][gc,heap     ] GC(207) Eden regions: 491->0(491)
[2026-07-18T16:59:48.361+0000][info][gc,heap     ] GC(207) Survivor regions: 0->0(62)
[2026-07-18T16:59:48.361+0000][info][gc,heap     ] GC(207) Old regions: 885->885
[2026-07-18T16:59:48.361+0000][info][gc,heap     ] GC(207) Humongous regions: 49->49
[2026-07-18T16:59:48.361+0000][info][gc,metaspace] GC(207) Metaspace: 409K(576K)->409K(576K) NonClass: 379K(448K)->379K(448K) Class: 29K(128K)->29K(128K)
[2026-07-18T16:59:48.361+0000][info][gc          ] GC(207) Pause Young (Normal) (G1 Evacuation Pause) 1424M->933M(1500M) 1.091ms
[2026-07-18T16:59:48.361+0000][info][gc,cpu      ] GC(207) User=0.00s Sys=0.00s Real=0.00s
[2026-07-18T16:59:48.430+0000][info][gc,marking  ] GC(205) Concurrent Rebuild Remembered Sets and Scrub Regions 72.560ms
[2026-07-18T16:59:48.430+0000][info][gc,start    ] GC(205) Pause Cleanup
[2026-07-18T16:59:48.430+0000][info][gc          ] GC(205) Pause Cleanup 1301M->1301M(1500M) 0.169ms
[2026-07-18T16:59:48.430+0000][info][gc,cpu      ] GC(205) User=0.00s Sys=0.00s Real=0.00s
[2026-07-18T16:59:48.430+0000][info][gc,marking  ] GC(205) Concurrent Clear Claimed Marks
[2026-07-18T16:59:48.434+0000][info][gc,marking  ] GC(205) Concurrent Clear Claimed Marks 3.668ms
[2026-07-18T16:59:48.434+0000][info][gc,marking  ] GC(205) Concurrent Cleanup for Next Mark
[2026-07-18T16:59:48.435+0000][info][gc,marking  ] GC(205) Concurrent Cleanup for Next Mark 0.617ms
[2026-07-18T16:59:48.435+0000][info][gc          ] GC(205) Concurrent Mark Cycle 247.742ms
[2026-07-18T16:59:48.451+0000][info][gc,start    ] GC(208) Pause Young (Normal) (G1 Evacuation Pause)
[2026-07-18T16:59:48.451+0000][info][gc,task     ] GC(208) Using 4 workers of 4 for evacuation
[2026-07-18T16:59:48.452+0000][info][gc,phases   ] GC(208)   Pre Evacuate Collection Set: 0.13ms
[2026-07-18T16:59:48.452+0000][info][gc,phases   ] GC(208)   Merge Heap Roots: 0.05ms
[2026-07-18T16:59:48.452+0000][info][gc,phases   ] GC(208)   Evacuate Collection Set: 0.07ms
[2026-07-18T16:59:48.452+0000][info][gc,phases   ] GC(208)   Post Evacuate Collection Set: 0.19ms
[2026-07-18T16:59:48.452+0000][info][gc,phases   ] GC(208)   Other: 0.06ms
[2026-07-18T16:59:48.452+0000][info][gc,heap     ] GC(208) Eden regions: 491->0(491)
[2026-07-18T16:59:48.452+0000][info][gc,heap     ] GC(208) Survivor regions: 0->0(62)
[2026-07-18T16:59:48.452+0000][info][gc,heap     ] GC(208) Old regions: 885->885
[2026-07-18T16:59:48.452+0000][info][gc,heap     ] GC(208) Humongous regions: 49->49
[2026-07-18T16:59:48.452+0000][info][gc,metaspace] GC(208) Metaspace: 409K(576K)->409K(576K) NonClass: 379K(448K)->379K(448K) Class: 29K(128K)->29K(128K)
[2026-07-18T16:59:48.452+0000][info][gc          ] GC(208) Pause Young (Normal) (G1 Evacuation Pause) 1424M->933M(1500M) 0.868ms
[2026-07-18T16:59:48.452+0000][info][gc,cpu      ] GC(208) User=0.00s Sys=0.00s Real=0.01s
[2026-07-18T16:59:48.528+0000][info][gc,start    ] GC(209) Pause Young (Concurrent Start) (G1 Evacuation Pause)
[2026-07-18T16:59:48.528+0000][info][gc,task     ] GC(209) Using 4 workers of 4 for evacuation
[2026-07-18T16:59:48.529+0000][info][gc,phases   ] GC(209)   Pre Evacuate Collection Set: 0.15ms
[2026-07-18T16:59:48.529+0000][info][gc,phases   ] GC(209)   Merge Heap Roots: 0.05ms
[2026-07-18T16:59:48.529+0000][info][gc,phases   ] GC(209)   Evacuate Collection Set: 0.10ms
[2026-07-18T16:59:48.529+0000][info][gc,phases   ] GC(209)   Post Evacuate Collection Set: 0.19ms
[2026-07-18T16:59:48.529+0000][info][gc,phases   ] GC(209)   Other: 0.10ms
[2026-07-18T16:59:48.529+0000][info][gc,heap     ] GC(209) Eden regions: 491->0(491)
[2026-07-18T16:59:48.529+0000][info][gc,heap     ] GC(209) Survivor regions: 0->0(62)
[2026-07-18T16:59:48.529+0000][info][gc,heap     ] GC(209) Old regions: 885->885
[2026-07-18T16:59:48.529+0000][info][gc,heap     ] GC(209) Humongous regions: 49->49
[2026-07-18T16:59:48.529+0000][info][gc,metaspace] GC(209) Metaspace: 409K(576K)->409K(576K) NonClass: 379K(448K)->379K(448K) Class: 29K(128K)->29K(128K)
[2026-07-18T16:59:48.529+0000][info][gc          ] GC(209) Pause Young (Concurrent Start) (G1 Evacuation Pause) 1424M->933M(1500M) 1.004ms
[2026-07-18T16:59:48.529+0000][info][gc,cpu      ] GC(209) User=0.00s Sys=0.00s Real=0.00s
[2026-07-18T16:59:48.529+0000][info][gc          ] GC(210) Concurrent Mark Cycle
[2026-07-18T16:59:48.533+0000][info][gc,marking  ] GC(210) Concurrent Scan Root Regions
[2026-07-18T16:59:48.533+0000][info][gc,marking  ] GC(210) Concurrent Scan Root Regions 0.044ms
[2026-07-18T16:59:48.533+0000][info][gc,marking  ] GC(210) Concurrent Mark
[2026-07-18T16:59:48.533+0000][info][gc,marking  ] GC(210) Concurrent Mark From Roots
[2026-07-18T16:59:48.533+0000][info][gc,task     ] GC(210) Using 1 workers of 1 for marking
[2026-07-18T16:59:48.613+0000][info][gc,start    ] GC(211) Pause Young (Normal) (G1 Evacuation Pause)
[2026-07-18T16:59:48.613+0000][info][gc,task     ] GC(211) Using 4 workers of 4 for evacuation
[2026-07-18T16:59:48.613+0000][info][gc,phases   ] GC(211)   Pre Evacuate Collection Set: 0.13ms
[2026-07-18T16:59:48.613+0000][info][gc,phases   ] GC(211)   Merge Heap Roots: 0.05ms
[2026-07-18T16:59:48.613+0000][info][gc,phases   ] GC(211)   Evacuate Collection Set: 0.11ms
[2026-07-18T16:59:48.613+0000][info][gc,phases   ] GC(211)   Post Evacuate Collection Set: 0.19ms
[2026-07-18T16:59:48.613+0000][info][gc,phases   ] GC(211)   Other: 0.07ms
[2026-07-18T16:59:48.613+0000][info][gc,heap     ] GC(211) Eden regions: 491->0(491)
[2026-07-18T16:59:48.613+0000][info][gc,heap     ] GC(211) Survivor regions: 0->0(62)
[2026-07-18T16:59:48.613+0000][info][gc,heap     ] GC(211) Old regions: 885->885
[2026-07-18T16:59:48.613+0000][info][gc,heap     ] GC(211) Humongous regions: 49->49
[2026-07-18T16:59:48.613+0000][info][gc,metaspace] GC(211) Metaspace: 409K(576K)->409K(576K) NonClass: 379K(448K)->379K(448K) Class: 29K(128K)->29K(128K)
[2026-07-18T16:59:48.613+0000][info][gc          ] GC(211) Pause Young (Normal) (G1 Evacuation Pause) 1424M->933M(1500M) 0.929ms
[2026-07-18T16:59:48.613+0000][info][gc,cpu      ] GC(211) User=0.00s Sys=0.00s Real=0.00s
[2026-07-18T16:59:48.691+0000][info][gc,marking  ] GC(210) Concurrent Mark From Roots 158.042ms
[2026-07-18T16:59:48.691+0000][info][gc,marking  ] GC(210) Concurrent Preclean
[2026-07-18T16:59:48.691+0000][info][gc,marking  ] GC(210) Concurrent Preclean 0.044ms
[2026-07-18T16:59:48.692+0000][info][gc,start    ] GC(210) Pause Remark
[2026-07-18T16:59:48.693+0000][info][gc          ] GC(210) Pause Remark 1380M->1380M(1500M) 0.412ms
[2026-07-18T16:59:48.693+0000][info][gc,cpu      ] GC(210) User=0.00s Sys=0.00s Real=0.00s
[2026-07-18T16:59:48.693+0000][info][gc,marking  ] GC(210) Concurrent Mark 159.666ms
[2026-07-18T16:59:48.696+0000][info][gc,marking  ] GC(210) Concurrent Rebuild Remembered Sets and Scrub Regions
[2026-07-18T16:59:48.700+0000][info][gc,start    ] GC(212) Pause Young (Normal) (G1 Evacuation Pause)
[2026-07-18T16:59:48.700+0000][info][gc,task     ] GC(212) Using 4 workers of 4 for evacuation
[2026-07-18T16:59:48.700+0000][info][gc,phases   ] GC(212)   Pre Evacuate Collection Set: 0.15ms
[2026-07-18T16:59:48.700+0000][info][gc,phases   ] GC(212)   Merge Heap Roots: 0.04ms
[2026-07-18T16:59:48.700+0000][info][gc,phases   ] GC(212)   Evacuate Collection Set: 0.07ms
[2026-07-18T16:59:48.700+0000][info][gc,phases   ] GC(212)   Post Evacuate Collection Set: 0.21ms
[2026-07-18T16:59:48.700+0000][info][gc,phases   ] GC(212)   Other: 0.06ms
[2026-07-18T16:59:48.700+0000][info][gc,heap     ] GC(212) Eden regions: 491->0(491)
[2026-07-18T16:59:48.701+0000][info][gc,heap     ] GC(212) Survivor regions: 0->0(62)
[2026-07-18T16:59:48.701+0000][info][gc,heap     ] GC(212) Old regions: 885->885
[2026-07-18T16:59:48.701+0000][info][gc,heap     ] GC(212) Humongous regions: 49->49
[2026-07-18T16:59:48.701+0000][info][gc,metaspace] GC(212) Metaspace: 409K(576K)->409K(576K) NonClass: 379K(448K)->379K(448K) Class: 29K(128K)->29K(128K)
[2026-07-18T16:59:48.701+0000][info][gc          ] GC(212) Pause Young (Normal) (G1 Evacuation Pause) 1424M->933M(1500M) 0.933ms
[2026-07-18T16:59:48.701+0000][info][gc,cpu      ] GC(212) User=0.00s Sys=0.00s Real=0.00s
[2026-07-18T16:59:48.769+0000][info][gc,marking  ] GC(210) Concurrent Rebuild Remembered Sets and Scrub Regions 72.817ms
[2026-07-18T16:59:48.769+0000][info][gc,start    ] GC(210) Pause Cleanup
[2026-07-18T16:59:48.769+0000][info][gc          ] GC(210) Pause Cleanup 1321M->1321M(1500M) 0.168ms
[2026-07-18T16:59:48.769+0000][info][gc,cpu      ] GC(210) User=0.00s Sys=0.00s Real=0.00s
[2026-07-18T16:59:48.769+0000][info][gc,marking  ] GC(210) Concurrent Clear Claimed Marks
[2026-07-18T16:59:48.773+0000][info][gc,marking  ] GC(210) Concurrent Clear Claimed Marks 3.812ms
[2026-07-18T16:59:48.773+0000][info][gc,marking  ] GC(210) Concurrent Cleanup for Next Mark
[2026-07-18T16:59:48.774+0000][info][gc,marking  ] GC(210) Concurrent Cleanup for Next Mark 0.638ms
[2026-07-18T16:59:48.774+0000][info][gc          ] GC(210) Concurrent Mark Cycle 244.406ms
[2026-07-18T16:59:48.786+0000][info][gc,start    ] GC(213) Pause Young (Normal) (G1 Evacuation Pause)
[2026-07-18T16:59:48.786+0000][info][gc,task     ] GC(213) Using 4 workers of 4 for evacuation
[2026-07-18T16:59:48.787+0000][info][gc,phases   ] GC(213)   Pre Evacuate Collection Set: 0.13ms
[2026-07-18T16:59:48.787+0000][info][gc,phases   ] GC(213)   Merge Heap Roots: 0.05ms
[2026-07-18T16:59:48.787+0000][info][gc,phases   ] GC(213)   Evacuate Collection Set: 0.09ms
[2026-07-18T16:59:48.787+0000][info][gc,phases   ] GC(213)   Post Evacuate Collection Set: 0.19ms
[2026-07-18T16:59:48.787+0000][info][gc,phases   ] GC(213)   Other: 0.06ms
[2026-07-18T16:59:48.787+0000][info][gc,heap     ] GC(213) Eden regions: 491->0(491)
[2026-07-18T16:59:48.787+0000][info][gc,heap     ] GC(213) Survivor regions: 0->0(62)
[2026-07-18T16:59:48.787+0000][info][gc,heap     ] GC(213) Old regions: 885->885
[2026-07-18T16:59:48.787+0000][info][gc,heap     ] GC(213) Humongous regions: 49->49
[2026-07-18T16:59:48.787+0000][info][gc,metaspace] GC(213) Metaspace: 409K(576K)->409K(576K) NonClass: 379K(448K)->379K(448K) Class: 29K(128K)->29K(128K)
[2026-07-18T16:59:48.787+0000][info][gc          ] GC(213) Pause Young (Normal) (G1 Evacuation Pause) 1424M->933M(1500M) 0.878ms
[2026-07-18T16:59:48.787+0000][info][gc,cpu      ] GC(213) User=0.00s Sys=0.00s Real=0.00s
[2026-07-18T16:59:48.822+0000][info][gc,start    ] GC(214) Pause Young (Concurrent Start) (G1 Humongous Allocation)
[2026-07-18T16:59:48.822+0000][info][gc,task     ] GC(214) Using 4 workers of 4 for evacuation
[2026-07-18T16:59:48.822+0000][info][gc,phases   ] GC(214)   Pre Evacuate Collection Set: 0.13ms
[2026-07-18T16:59:48.822+0000][info][gc,phases   ] GC(214)   Merge Heap Roots: 0.03ms
[2026-07-18T16:59:48.822+0000][info][gc,phases   ] GC(214)   Evacuate Collection Set: 0.12ms
[2026-07-18T16:59:48.822+0000][info][gc,phases   ] GC(214)   Post Evacuate Collection Set: 0.18ms
[2026-07-18T16:59:48.822+0000][info][gc,phases   ] GC(214)   Other: 0.08ms
[2026-07-18T16:59:48.822+0000][info][gc,heap     ] GC(214) Eden regions: 211->0(490)
[2026-07-18T16:59:48.822+0000][info][gc,heap     ] GC(214) Survivor regions: 0->1(62)
[2026-07-18T16:59:48.823+0000][info][gc,heap     ] GC(214) Old regions: 885->885
[2026-07-18T16:59:48.823+0000][info][gc,heap     ] GC(214) Humongous regions: 49->49
[2026-07-18T16:59:48.823+0000][info][gc,metaspace] GC(214) Metaspace: 410K(576K)->410K(576K) NonClass: 380K(448K)->380K(448K) Class: 29K(128K)->29K(128K)
[2026-07-18T16:59:48.823+0000][info][gc          ] GC(214) Pause Young (Concurrent Start) (G1 Humongous Allocation) 1143M->933M(1500M) 0.910ms
[2026-07-18T16:59:48.823+0000][info][gc,cpu      ] GC(214) User=0.00s Sys=0.01s Real=0.01s
[2026-07-18T16:59:48.823+0000][info][gc          ] GC(215) Concurrent Mark Cycle
[2026-07-18T16:59:48.824+0000][info][gc,marking  ] GC(215) Concurrent Scan Root Regions
[2026-07-18T16:59:48.824+0000][info][gc,marking  ] GC(215) Concurrent Scan Root Regions 0.099ms
[2026-07-18T16:59:48.824+0000][info][gc,marking  ] GC(215) Concurrent Mark
[2026-07-18T16:59:48.824+0000][info][gc,marking  ] GC(215) Concurrent Mark From Roots
[2026-07-18T16:59:48.824+0000][info][gc,task     ] GC(215) Using 1 workers of 1 for marking
[2026-07-18T16:59:48.867+0000][info][gc,marking  ] GC(215) Concurrent Mark From Roots 42.640ms
[2026-07-18T16:59:48.867+0000][info][gc,marking  ] GC(215) Concurrent Mark Abort
[2026-07-18T16:59:48.867+0000][info][gc          ] GC(215) Concurrent Mark Cycle 44.050ms
[2026-07-18T16:59:48.867+0000][info][gc,heap,exit] Heap
[2026-07-18T16:59:48.867+0000][info][gc,heap,exit]  garbage-first heap   total 1536000K, used 973029K [0x00000000a2400000, 0x0000000100000000)
[2026-07-18T16:59:48.867+0000][info][gc,heap,exit]   region size 1024K, 2 young (2048K), 1 survivors (1024K)
[2026-07-18T16:59:48.867+0000][info][gc,heap,exit]  Metaspace       used 786K, committed 896K, reserved 1114112K
[2026-07-18T16:59:48.867+0000][info][gc,heap,exit]   class space    used 60K, committed 128K, reserved 1048576K
