[2026-07-19T20:13:42.164+0000][0.004s][info][gc,init] CardTable entry size: 512
[2026-07-19T20:13:42.164+0000][0.004s][info][gc     ] Using Parallel
[2026-07-19T20:13:42.164+0000][0.004s][info][gc,init] Version: 21.0.11+10-LTS (release)
[2026-07-19T20:13:42.165+0000][0.005s][info][gc,init] CPUs: 10 total, 10 available
[2026-07-19T20:13:42.166+0000][0.005s][info][gc,init] Memory: 7837M
[2026-07-19T20:13:42.166+0000][0.006s][info][gc,init] Large Page Support: Disabled
[2026-07-19T20:13:42.166+0000][0.006s][info][gc,init] NUMA Support: Disabled
[2026-07-19T20:13:42.166+0000][0.006s][info][gc,init] Compressed Oops: Enabled (32-bit)
[2026-07-19T20:13:42.166+0000][0.006s][info][gc,init] Alignments: Space 512K, Generation 512K, Heap 2M
[2026-07-19T20:13:42.166+0000][0.006s][info][gc,init] Heap Min Capacity: 8M
[2026-07-19T20:13:42.166+0000][0.006s][info][gc,init] Heap Initial Capacity: 80M
[2026-07-19T20:13:42.166+0000][0.006s][info][gc,init] Heap Max Capacity: 80M
[2026-07-19T20:13:42.166+0000][0.006s][info][gc,init] Pre-touch: Disabled
[2026-07-19T20:13:42.166+0000][0.006s][info][gc,init] Parallel Workers: 9
[2026-07-19T20:13:42.171+0000][0.010s][info][gc,metaspace] CDS archive(s) mapped at: [0x0000000600000000-0x0000000600cb0000-0x0000000600cb0000), size 13303808, SharedBaseAddress: 0x0000000600000000, ArchiveRelocationMode: 1.
[2026-07-19T20:13:42.171+0000][0.011s][info][gc,metaspace] Compressed class space mapped at: 0x0000000601000000-0x0000000641000000, reserved size: 1073741824
[2026-07-19T20:13:42.171+0000][0.011s][info][gc,metaspace] Narrow klass base: 0x0000000600000000, Narrow klass shift: 0, Narrow klass range: 0x100000000
[2026-07-19T20:13:42.197+0000][0.037s][info][gc,start    ] GC(0) Pause Young (Allocation Failure)
[2026-07-19T20:13:42.199+0000][0.038s][info][gc,heap     ] GC(0) PSYoungGen: 20992K(24064K)->3066K(24064K) Eden: 20992K(20992K)->0K(20992K) From: 0K(3072K)->3066K(3072K)
[2026-07-19T20:13:42.199+0000][0.039s][info][gc,heap     ] GC(0) ParOldGen: 1073K(54784K)->17097K(54784K)
[2026-07-19T20:13:42.199+0000][0.039s][info][gc,metaspace] GC(0) Metaspace: 605K(768K)->605K(768K) NonClass: 558K(640K)->558K(640K) Class: 47K(128K)->47K(128K)
[2026-07-19T20:13:42.199+0000][0.039s][info][gc          ] GC(0) Pause Young (Allocation Failure) 21M->19M(77M) 1.500ms
[2026-07-19T20:13:42.199+0000][0.039s][info][gc,cpu      ] GC(0) User=0.00s Sys=0.00s Real=0.00s
[2026-07-19T20:13:42.201+0000][0.041s][info][gc,start    ] GC(1) Pause Young (Allocation Failure)
[2026-07-19T20:13:42.203+0000][0.043s][info][gc,heap     ] GC(1) PSYoungGen: 24058K(24064K)->3050K(24064K) Eden: 20992K(20992K)->0K(20992K) From: 3066K(3072K)->3050K(3072K)
[2026-07-19T20:13:42.203+0000][0.043s][info][gc,heap     ] GC(1) ParOldGen: 17097K(54784K)->38809K(54784K)
[2026-07-19T20:13:42.204+0000][0.043s][info][gc,metaspace] GC(1) Metaspace: 606K(768K)->606K(768K) NonClass: 559K(640K)->559K(640K) Class: 47K(128K)->47K(128K)
[2026-07-19T20:13:42.204+0000][0.043s][info][gc          ] GC(1) Pause Young (Allocation Failure) 40M->40M(77M) 2.157ms
[2026-07-19T20:13:42.204+0000][0.043s][info][gc,cpu      ] GC(1) User=0.00s Sys=0.00s Real=0.00s
[2026-07-19T20:13:42.206+0000][0.045s][info][gc,start    ] GC(2) Pause Full (Ergonomics)
[2026-07-19T20:13:42.206+0000][0.045s][info][gc,phases,start] GC(2) Marking Phase
[2026-07-19T20:13:42.209+0000][0.048s][info][gc,phases      ] GC(2) Marking Phase 2.905ms
[2026-07-19T20:13:42.209+0000][0.048s][info][gc,phases,start] GC(2) Summary Phase
[2026-07-19T20:13:42.209+0000][0.048s][info][gc,phases      ] GC(2) Summary Phase 0.042ms
[2026-07-19T20:13:42.209+0000][0.048s][info][gc,phases,start] GC(2) Adjust Roots
[2026-07-19T20:13:42.209+0000][0.049s][info][gc,phases      ] GC(2) Adjust Roots 0.344ms
[2026-07-19T20:13:42.209+0000][0.049s][info][gc,phases,start] GC(2) Compaction Phase
[2026-07-19T20:13:42.213+0000][0.053s][info][gc,phases      ] GC(2) Compaction Phase 3.665ms
[2026-07-19T20:13:42.213+0000][0.053s][info][gc,phases,start] GC(2) Post Compact
[2026-07-19T20:13:42.213+0000][0.053s][info][gc,phases      ] GC(2) Post Compact 0.091ms
[2026-07-19T20:13:42.213+0000][0.053s][info][gc,heap        ] GC(2) PSYoungGen: 24042K(24064K)->7126K(24064K) Eden: 20992K(20992K)->7126K(20992K) From: 3050K(3072K)->0K(3072K)
[2026-07-19T20:13:42.213+0000][0.053s][info][gc,heap        ] GC(2) ParOldGen: 38809K(54784K)->54458K(54784K)
[2026-07-19T20:13:42.213+0000][0.053s][info][gc,metaspace   ] GC(2) Metaspace: 615K(768K)->615K(768K) NonClass: 568K(640K)->568K(640K) Class: 47K(128K)->47K(128K)
[2026-07-19T20:13:42.213+0000][0.053s][info][gc             ] GC(2) Pause Full (Ergonomics) 61M->60M(77M) 7.414ms
[2026-07-19T20:13:42.213+0000][0.053s][info][gc,cpu         ] GC(2) User=0.01s Sys=0.01s Real=0.01s
[2026-07-19T20:13:42.214+0000][0.054s][info][gc,start       ] GC(3) Pause Full (Ergonomics)
[2026-07-19T20:13:42.214+0000][0.054s][info][gc,phases,start] GC(3) Marking Phase
[2026-07-19T20:13:42.218+0000][0.057s][info][gc,phases      ] GC(3) Marking Phase 3.257ms
[2026-07-19T20:13:42.218+0000][0.057s][info][gc,phases,start] GC(3) Summary Phase
[2026-07-19T20:13:42.218+0000][0.057s][info][gc,phases      ] GC(3) Summary Phase 0.025ms
[2026-07-19T20:13:42.218+0000][0.057s][info][gc,phases,start] GC(3) Adjust Roots
[2026-07-19T20:13:42.218+0000][0.058s][info][gc,phases      ] GC(3) Adjust Roots 0.159ms
[2026-07-19T20:13:42.218+0000][0.058s][info][gc,phases,start] GC(3) Compaction Phase
[2026-07-19T20:13:42.220+0000][0.059s][info][gc,phases      ] GC(3) Compaction Phase 1.785ms
[2026-07-19T20:13:42.220+0000][0.059s][info][gc,phases,start] GC(3) Post Compact
[2026-07-19T20:13:42.220+0000][0.060s][info][gc,phases      ] GC(3) Post Compact 0.049ms
[2026-07-19T20:13:42.220+0000][0.060s][info][gc,heap        ] GC(3) PSYoungGen: 20992K(24064K)->20962K(24064K) Eden: 20992K(20992K)->20962K(20992K) From: 0K(3072K)->0K(3072K)
[2026-07-19T20:13:42.220+0000][0.060s][info][gc,heap        ] GC(3) ParOldGen: 54458K(54784K)->54458K(54784K)
[2026-07-19T20:13:42.220+0000][0.060s][info][gc,metaspace   ] GC(3) Metaspace: 615K(768K)->615K(768K) NonClass: 568K(640K)->568K(640K) Class: 47K(128K)->47K(128K)
[2026-07-19T20:13:42.220+0000][0.060s][info][gc             ] GC(3) Pause Full (Ergonomics) 73M->73M(77M) 5.545ms
[2026-07-19T20:13:42.220+0000][0.060s][info][gc,cpu         ] GC(3) User=0.01s Sys=0.00s Real=0.01s
[2026-07-19T20:13:42.220+0000][0.060s][info][gc,start       ] GC(4) Pause Full (Ergonomics)
[2026-07-19T20:13:42.220+0000][0.060s][info][gc,phases,start] GC(4) Marking Phase
[2026-07-19T20:13:42.222+0000][0.062s][info][gc,phases      ] GC(4) Marking Phase 2.499ms
[2026-07-19T20:13:42.222+0000][0.062s][info][gc,phases,start] GC(4) Summary Phase
[2026-07-19T20:13:42.222+0000][0.062s][info][gc,phases      ] GC(4) Summary Phase 0.032ms
[2026-07-19T20:13:42.222+0000][0.062s][info][gc,phases,start] GC(4) Adjust Roots
[2026-07-19T20:13:42.223+0000][0.062s][info][gc,phases      ] GC(4) Adjust Roots 0.143ms
[2026-07-19T20:13:42.223+0000][0.062s][info][gc,phases,start] GC(4) Compaction Phase
[2026-07-19T20:13:42.224+0000][0.064s][info][gc,phases      ] GC(4) Compaction Phase 1.259ms
[2026-07-19T20:13:42.224+0000][0.064s][info][gc,phases,start] GC(4) Post Compact
[2026-07-19T20:13:42.224+0000][0.064s][info][gc,phases      ] GC(4) Post Compact 0.048ms
[2026-07-19T20:13:42.224+0000][0.064s][info][gc,heap        ] GC(4) PSYoungGen: 20992K(24064K)->20991K(24064K) Eden: 20992K(20992K)->20991K(20992K) From: 0K(3072K)->0K(3072K)
[2026-07-19T20:13:42.224+0000][0.064s][info][gc,heap        ] GC(4) ParOldGen: 54458K(54784K)->54458K(54784K)
[2026-07-19T20:13:42.224+0000][0.064s][info][gc,metaspace   ] GC(4) Metaspace: 615K(768K)->615K(768K) NonClass: 568K(640K)->568K(640K) Class: 47K(128K)->47K(128K)
[2026-07-19T20:13:42.224+0000][0.064s][info][gc             ] GC(4) Pause Full (Ergonomics) 73M->73M(77M) 4.265ms
[2026-07-19T20:13:42.224+0000][0.064s][info][gc,cpu         ] GC(4) User=0.01s Sys=0.00s Real=0.00s
[2026-07-19T20:13:42.225+0000][0.065s][info][gc,start       ] GC(5) Pause Full (Ergonomics)
[2026-07-19T20:13:42.225+0000][0.065s][info][gc,phases,start] GC(5) Marking Phase
[2026-07-19T20:13:42.228+0000][0.068s][info][gc,phases      ] GC(5) Marking Phase 2.843ms
[2026-07-19T20:13:42.228+0000][0.068s][info][gc,phases,start] GC(5) Summary Phase
[2026-07-19T20:13:42.228+0000][0.068s][info][gc,phases      ] GC(5) Summary Phase 0.031ms
[2026-07-19T20:13:42.228+0000][0.068s][info][gc,phases,start] GC(5) Adjust Roots
[2026-07-19T20:13:42.229+0000][0.068s][info][gc,phases      ] GC(5) Adjust Roots 0.191ms
[2026-07-19T20:13:42.229+0000][0.068s][info][gc,phases,start] GC(5) Compaction Phase
[2026-07-19T20:13:42.230+0000][0.070s][info][gc,phases      ] GC(5) Compaction Phase 1.349ms
[2026-07-19T20:13:42.230+0000][0.070s][info][gc,phases,start] GC(5) Post Compact
[2026-07-19T20:13:42.230+0000][0.070s][info][gc,phases      ] GC(5) Post Compact 0.045ms
[2026-07-19T20:13:42.230+0000][0.070s][info][gc,heap        ] GC(5) PSYoungGen: 20991K(24064K)->20991K(24064K) Eden: 20991K(20992K)->20991K(20992K) From: 0K(3072K)->0K(3072K)
[2026-07-19T20:13:42.230+0000][0.070s][info][gc,heap        ] GC(5) ParOldGen: 54458K(54784K)->54458K(54784K)
[2026-07-19T20:13:42.230+0000][0.070s][info][gc,metaspace   ] GC(5) Metaspace: 615K(768K)->615K(768K) NonClass: 568K(640K)->568K(640K) Class: 47K(128K)->47K(128K)
[2026-07-19T20:13:42.230+0000][0.070s][info][gc             ] GC(5) Pause Full (Ergonomics) 73M->73M(77M) 4.806ms
[2026-07-19T20:13:42.230+0000][0.070s][info][gc,cpu         ] GC(5) User=0.01s Sys=0.00s Real=0.01s
[2026-07-19T20:13:42.230+0000][0.070s][info][gc,start       ] GC(6) Pause Full (Ergonomics)
[2026-07-19T20:13:42.230+0000][0.070s][info][gc,phases,start] GC(6) Marking Phase
[2026-07-19T20:13:42.233+0000][0.073s][info][gc,phases      ] GC(6) Marking Phase 2.392ms
[2026-07-19T20:13:42.233+0000][0.073s][info][gc,phases,start] GC(6) Summary Phase
[2026-07-19T20:13:42.233+0000][0.073s][info][gc,phases      ] GC(6) Summary Phase 0.040ms
[2026-07-19T20:13:42.233+0000][0.073s][info][gc,phases,start] GC(6) Adjust Roots
[2026-07-19T20:13:42.233+0000][0.073s][info][gc,phases      ] GC(6) Adjust Roots 0.172ms
[2026-07-19T20:13:42.233+0000][0.073s][info][gc,phases,start] GC(6) Compaction Phase
[2026-07-19T20:13:42.234+0000][0.074s][info][gc,phases      ] GC(6) Compaction Phase 1.406ms
[2026-07-19T20:13:42.234+0000][0.074s][info][gc,phases,start] GC(6) Post Compact
[2026-07-19T20:13:42.235+0000][0.074s][info][gc,phases      ] GC(6) Post Compact 0.049ms
[2026-07-19T20:13:42.235+0000][0.074s][info][gc,heap        ] GC(6) PSYoungGen: 20991K(24064K)->20991K(24064K) Eden: 20991K(20992K)->20991K(20992K) From: 0K(3072K)->0K(3072K)
[2026-07-19T20:13:42.235+0000][0.074s][info][gc,heap        ] GC(6) ParOldGen: 54491K(54784K)->54491K(54784K)
[2026-07-19T20:13:42.235+0000][0.074s][info][gc,metaspace   ] GC(6) Metaspace: 615K(768K)->615K(768K) NonClass: 568K(640K)->568K(640K) Class: 47K(128K)->47K(128K)
[2026-07-19T20:13:42.235+0000][0.074s][info][gc             ] GC(6) Pause Full (Ergonomics) 73M->73M(77M) 4.356ms
[2026-07-19T20:13:42.235+0000][0.074s][info][gc,cpu         ] GC(6) User=0.00s Sys=0.00s Real=0.00s
[2026-07-19T20:13:42.235+0000][0.075s][info][gc,start       ] GC(7) Pause Full (Ergonomics)
[2026-07-19T20:13:42.235+0000][0.075s][info][gc,phases,start] GC(7) Marking Phase
[2026-07-19T20:13:42.238+0000][0.078s][info][gc,phases      ] GC(7) Marking Phase 2.412ms
[2026-07-19T20:13:42.238+0000][0.078s][info][gc,phases,start] GC(7) Summary Phase
[2026-07-19T20:13:42.238+0000][0.078s][info][gc,phases      ] GC(7) Summary Phase 0.028ms
[2026-07-19T20:13:42.238+0000][0.078s][info][gc,phases,start] GC(7) Adjust Roots
[2026-07-19T20:13:42.238+0000][0.078s][info][gc,phases      ] GC(7) Adjust Roots 0.151ms
[2026-07-19T20:13:42.238+0000][0.078s][info][gc,phases,start] GC(7) Compaction Phase
[2026-07-19T20:13:42.239+0000][0.079s][info][gc,phases      ] GC(7) Compaction Phase 1.175ms
[2026-07-19T20:13:42.239+0000][0.079s][info][gc,phases,start] GC(7) Post Compact
[2026-07-19T20:13:42.239+0000][0.079s][info][gc,phases      ] GC(7) Post Compact 0.054ms
[2026-07-19T20:13:42.239+0000][0.079s][info][gc,heap        ] GC(7) PSYoungGen: 20991K(24064K)->20991K(24064K) Eden: 20991K(20992K)->20991K(20992K) From: 0K(3072K)->0K(3072K)
[2026-07-19T20:13:42.239+0000][0.079s][info][gc,heap        ] GC(7) ParOldGen: 54524K(54784K)->54524K(54784K)
[2026-07-19T20:13:42.239+0000][0.079s][info][gc,metaspace   ] GC(7) Metaspace: 615K(768K)->615K(768K) NonClass: 568K(640K)->568K(640K) Class: 47K(128K)->47K(128K)
[2026-07-19T20:13:42.240+0000][0.079s][info][gc             ] GC(7) Pause Full (Ergonomics) 73M->73M(77M) 4.201ms
[2026-07-19T20:13:42.240+0000][0.079s][info][gc,cpu         ] GC(7) User=0.01s Sys=0.00s Real=0.01s
[2026-07-19T20:13:42.240+0000][0.080s][info][gc,start       ] GC(8) Pause Full (Ergonomics)
[2026-07-19T20:13:42.240+0000][0.080s][info][gc,phases,start] GC(8) Marking Phase
[2026-07-19T20:13:42.243+0000][0.083s][info][gc,phases      ] GC(8) Marking Phase 3.017ms
[2026-07-19T20:13:42.243+0000][0.083s][info][gc,phases,start] GC(8) Summary Phase
[2026-07-19T20:13:42.243+0000][0.083s][info][gc,phases      ] GC(8) Summary Phase 0.033ms
[2026-07-19T20:13:42.243+0000][0.083s][info][gc,phases,start] GC(8) Adjust Roots
[2026-07-19T20:13:42.243+0000][0.083s][info][gc,phases      ] GC(8) Adjust Roots 0.173ms
[2026-07-19T20:13:42.244+0000][0.083s][info][gc,phases,start] GC(8) Compaction Phase
[2026-07-19T20:13:42.245+0000][0.085s][info][gc,phases      ] GC(8) Compaction Phase 1.438ms
[2026-07-19T20:13:42.245+0000][0.085s][info][gc,phases,start] GC(8) Post Compact
[2026-07-19T20:13:42.245+0000][0.085s][info][gc,phases      ] GC(8) Post Compact 0.048ms
[2026-07-19T20:13:42.245+0000][0.085s][info][gc,heap        ] GC(8) PSYoungGen: 20991K(24064K)->20991K(24064K) Eden: 20991K(20992K)->20991K(20992K) From: 0K(3072K)->0K(3072K)
[2026-07-19T20:13:42.245+0000][0.085s][info][gc,heap        ] GC(8) ParOldGen: 54557K(54784K)->54557K(54784K)
[2026-07-19T20:13:42.245+0000][0.085s][info][gc,metaspace   ] GC(8) Metaspace: 615K(768K)->615K(768K) NonClass: 568K(640K)->568K(640K) Class: 47K(128K)->47K(128K)
[2026-07-19T20:13:42.245+0000][0.085s][info][gc             ] GC(8) Pause Full (Ergonomics) 73M->73M(77M) 5.004ms
[2026-07-19T20:13:42.245+0000][0.085s][info][gc,cpu         ] GC(8) User=0.01s Sys=0.00s Real=0.00s
[2026-07-19T20:13:42.245+0000][0.085s][info][gc,start       ] GC(9) Pause Full (Ergonomics)
[2026-07-19T20:13:42.245+0000][0.085s][info][gc,phases,start] GC(9) Marking Phase
[2026-07-19T20:13:42.248+0000][0.088s][info][gc,phases      ] GC(9) Marking Phase 2.697ms
[2026-07-19T20:13:42.248+0000][0.088s][info][gc,phases,start] GC(9) Summary Phase
[2026-07-19T20:13:42.248+0000][0.088s][info][gc,phases      ] GC(9) Summary Phase 0.025ms
[2026-07-19T20:13:42.248+0000][0.088s][info][gc,phases,start] GC(9) Adjust Roots
[2026-07-19T20:13:42.248+0000][0.088s][info][gc,phases      ] GC(9) Adjust Roots 0.161ms
[2026-07-19T20:13:42.248+0000][0.088s][info][gc,phases,start] GC(9) Compaction Phase
[2026-07-19T20:13:42.249+0000][0.089s][info][gc,phases      ] GC(9) Compaction Phase 1.247ms
[2026-07-19T20:13:42.250+0000][0.089s][info][gc,phases,start] GC(9) Post Compact
[2026-07-19T20:13:42.250+0000][0.089s][info][gc,phases      ] GC(9) Post Compact 0.046ms
[2026-07-19T20:13:42.250+0000][0.089s][info][gc,heap        ] GC(9) PSYoungGen: 20991K(24064K)->20991K(24064K) Eden: 20991K(20992K)->20991K(20992K) From: 0K(3072K)->0K(3072K)
[2026-07-19T20:13:42.250+0000][0.089s][info][gc,heap        ] GC(9) ParOldGen: 54590K(54784K)->54590K(54784K)
[2026-07-19T20:13:42.250+0000][0.089s][info][gc,metaspace   ] GC(9) Metaspace: 615K(768K)->615K(768K) NonClass: 568K(640K)->568K(640K) Class: 47K(128K)->47K(128K)
[2026-07-19T20:13:42.250+0000][0.090s][info][gc             ] GC(9) Pause Full (Ergonomics) 73M->73M(77M) 4.435ms
[2026-07-19T20:13:42.250+0000][0.090s][info][gc,cpu         ] GC(9) User=0.01s Sys=0.00s Real=0.01s
[2026-07-19T20:13:42.250+0000][0.090s][info][gc,start       ] GC(10) Pause Full (Ergonomics)
[2026-07-19T20:13:42.250+0000][0.090s][info][gc,phases,start] GC(10) Marking Phase
[2026-07-19T20:13:42.252+0000][0.092s][info][gc,phases      ] GC(10) Marking Phase 2.574ms
[2026-07-19T20:13:42.252+0000][0.092s][info][gc,phases,start] GC(10) Summary Phase
[2026-07-19T20:13:42.252+0000][0.092s][info][gc,phases      ] GC(10) Summary Phase 0.064ms
[2026-07-19T20:13:42.252+0000][0.092s][info][gc,phases,start] GC(10) Adjust Roots
[2026-07-19T20:13:42.253+0000][0.092s][info][gc,phases      ] GC(10) Adjust Roots 0.149ms
[2026-07-19T20:13:42.253+0000][0.092s][info][gc,phases,start] GC(10) Compaction Phase
[2026-07-19T20:13:42.254+0000][0.094s][info][gc,phases      ] GC(10) Compaction Phase 1.247ms
[2026-07-19T20:13:42.254+0000][0.094s][info][gc,phases,start] GC(10) Post Compact
[2026-07-19T20:13:42.254+0000][0.094s][info][gc,phases      ] GC(10) Post Compact 0.044ms
[2026-07-19T20:13:42.254+0000][0.094s][info][gc,heap        ] GC(10) PSYoungGen: 20991K(24064K)->20991K(24064K) Eden: 20991K(20992K)->20991K(20992K) From: 0K(3072K)->0K(3072K)
[2026-07-19T20:13:42.254+0000][0.094s][info][gc,heap        ] GC(10) ParOldGen: 54623K(54784K)->54623K(54784K)
[2026-07-19T20:13:42.254+0000][0.094s][info][gc,metaspace   ] GC(10) Metaspace: 615K(768K)->615K(768K) NonClass: 568K(640K)->568K(640K) Class: 47K(128K)->47K(128K)
[2026-07-19T20:13:42.254+0000][0.094s][info][gc             ] GC(10) Pause Full (Ergonomics) 73M->73M(77M) 4.321ms
[2026-07-19T20:13:42.254+0000][0.094s][info][gc,cpu         ] GC(10) User=0.00s Sys=0.00s Real=0.00s
[2026-07-19T20:13:42.254+0000][0.094s][info][gc,start       ] GC(11) Pause Full (Ergonomics)
[2026-07-19T20:13:42.254+0000][0.094s][info][gc,phases,start] GC(11) Marking Phase
[2026-07-19T20:13:42.256+0000][0.096s][info][gc,phases      ] GC(11) Marking Phase 2.171ms
[2026-07-19T20:13:42.256+0000][0.096s][info][gc,phases,start] GC(11) Summary Phase
[2026-07-19T20:13:42.256+0000][0.096s][info][gc,phases      ] GC(11) Summary Phase 0.025ms
[2026-07-19T20:13:42.256+0000][0.096s][info][gc,phases,start] GC(11) Adjust Roots
[2026-07-19T20:13:42.257+0000][0.096s][info][gc,phases      ] GC(11) Adjust Roots 0.136ms
[2026-07-19T20:13:42.257+0000][0.096s][info][gc,phases,start] GC(11) Compaction Phase
[2026-07-19T20:13:42.258+0000][0.098s][info][gc,phases      ] GC(11) Compaction Phase 1.133ms
[2026-07-19T20:13:42.258+0000][0.098s][info][gc,phases,start] GC(11) Post Compact
[2026-07-19T20:13:42.258+0000][0.098s][info][gc,phases      ] GC(11) Post Compact 0.048ms
[2026-07-19T20:13:42.258+0000][0.098s][info][gc,heap        ] GC(11) PSYoungGen: 20991K(24064K)->20991K(24064K) Eden: 20991K(20992K)->20991K(20992K) From: 0K(3072K)->0K(3072K)
[2026-07-19T20:13:42.258+0000][0.098s][info][gc,heap        ] GC(11) ParOldGen: 54656K(54784K)->54656K(54784K)
[2026-07-19T20:13:42.258+0000][0.098s][info][gc,metaspace   ] GC(11) Metaspace: 615K(768K)->615K(768K) NonClass: 568K(640K)->568K(640K) Class: 47K(128K)->47K(128K)
[2026-07-19T20:13:42.258+0000][0.098s][info][gc             ] GC(11) Pause Full (Ergonomics) 73M->73M(77M) 3.818ms
[2026-07-19T20:13:42.258+0000][0.098s][info][gc,cpu         ] GC(11) User=0.01s Sys=0.00s Real=0.01s
[2026-07-19T20:13:42.258+0000][0.098s][info][gc,start       ] GC(12) Pause Full (Ergonomics)
[2026-07-19T20:13:42.258+0000][0.098s][info][gc,phases,start] GC(12) Marking Phase
[2026-07-19T20:13:42.260+0000][0.100s][info][gc,phases      ] GC(12) Marking Phase 2.329ms
[2026-07-19T20:13:42.260+0000][0.100s][info][gc,phases,start] GC(12) Summary Phase
[2026-07-19T20:13:42.260+0000][0.100s][info][gc,phases      ] GC(12) Summary Phase 0.037ms
[2026-07-19T20:13:42.261+0000][0.100s][info][gc,phases,start] GC(12) Adjust Roots
[2026-07-19T20:13:42.261+0000][0.101s][info][gc,phases      ] GC(12) Adjust Roots 0.160ms
[2026-07-19T20:13:42.261+0000][0.101s][info][gc,phases,start] GC(12) Compaction Phase
[2026-07-19T20:13:42.262+0000][0.102s][info][gc,phases      ] GC(12) Compaction Phase 1.198ms
[2026-07-19T20:13:42.262+0000][0.102s][info][gc,phases,start] GC(12) Post Compact
[2026-07-19T20:13:42.262+0000][0.102s][info][gc,phases      ] GC(12) Post Compact 0.044ms
[2026-07-19T20:13:42.262+0000][0.102s][info][gc,heap        ] GC(12) PSYoungGen: 20991K(24064K)->20991K(24064K) Eden: 20991K(20992K)->20991K(20992K) From: 0K(3072K)->0K(3072K)
[2026-07-19T20:13:42.262+0000][0.102s][info][gc,heap        ] GC(12) ParOldGen: 54689K(54784K)->54689K(54784K)
[2026-07-19T20:13:42.262+0000][0.102s][info][gc,metaspace   ] GC(12) Metaspace: 615K(768K)->615K(768K) NonClass: 568K(640K)->568K(640K) Class: 47K(128K)->47K(128K)
[2026-07-19T20:13:42.262+0000][0.102s][info][gc             ] GC(12) Pause Full (Ergonomics) 73M->73M(77M) 4.062ms
[2026-07-19T20:13:42.262+0000][0.102s][info][gc,cpu         ] GC(12) User=0.01s Sys=0.00s Real=0.00s
[2026-07-19T20:13:42.262+0000][0.102s][info][gc,start       ] GC(13) Pause Full (Ergonomics)
[2026-07-19T20:13:42.262+0000][0.102s][info][gc,phases,start] GC(13) Marking Phase
[2026-07-19T20:13:42.265+0000][0.105s][info][gc,phases      ] GC(13) Marking Phase 2.539ms
[2026-07-19T20:13:42.265+0000][0.105s][info][gc,phases,start] GC(13) Summary Phase
[2026-07-19T20:13:42.265+0000][0.105s][info][gc,phases      ] GC(13) Summary Phase 0.025ms
[2026-07-19T20:13:42.265+0000][0.105s][info][gc,phases,start] GC(13) Adjust Roots
[2026-07-19T20:13:42.265+0000][0.105s][info][gc,phases      ] GC(13) Adjust Roots 0.161ms
[2026-07-19T20:13:42.265+0000][0.105s][info][gc,phases,start] GC(13) Compaction Phase
[2026-07-19T20:13:42.266+0000][0.106s][info][gc,phases      ] GC(13) Compaction Phase 1.289ms
[2026-07-19T20:13:42.266+0000][0.106s][info][gc,phases,start] GC(13) Post Compact
[2026-07-19T20:13:42.266+0000][0.106s][info][gc,phases      ] GC(13) Post Compact 0.044ms
[2026-07-19T20:13:42.266+0000][0.106s][info][gc,heap        ] GC(13) PSYoungGen: 20991K(24064K)->20991K(24064K) Eden: 20991K(20992K)->20991K(20992K) From: 0K(3072K)->0K(3072K)
[2026-07-19T20:13:42.266+0000][0.106s][info][gc,heap        ] GC(13) ParOldGen: 54722K(54784K)->54722K(54784K)
[2026-07-19T20:13:42.266+0000][0.106s][info][gc,metaspace   ] GC(13) Metaspace: 615K(768K)->615K(768K) NonClass: 568K(640K)->568K(640K) Class: 47K(128K)->47K(128K)
[2026-07-19T20:13:42.267+0000][0.106s][info][gc             ] GC(13) Pause Full (Ergonomics) 73M->73M(77M) 4.319ms
[2026-07-19T20:13:42.267+0000][0.106s][info][gc,cpu         ] GC(13) User=0.00s Sys=0.00s Real=0.00s
[2026-07-19T20:13:42.267+0000][0.106s][info][gc,start       ] GC(14) Pause Full (Ergonomics)
[2026-07-19T20:13:42.267+0000][0.106s][info][gc,phases,start] GC(14) Marking Phase
[2026-07-19T20:13:42.269+0000][0.109s][info][gc,phases      ] GC(14) Marking Phase 2.213ms
[2026-07-19T20:13:42.269+0000][0.109s][info][gc,phases,start] GC(14) Summary Phase
[2026-07-19T20:13:42.269+0000][0.109s][info][gc,phases      ] GC(14) Summary Phase 0.026ms
[2026-07-19T20:13:42.269+0000][0.109s][info][gc,phases,start] GC(14) Adjust Roots
[2026-07-19T20:13:42.269+0000][0.109s][info][gc,phases      ] GC(14) Adjust Roots 0.139ms
[2026-07-19T20:13:42.269+0000][0.109s][info][gc,phases,start] GC(14) Compaction Phase
[2026-07-19T20:13:42.270+0000][0.110s][info][gc,phases      ] GC(14) Compaction Phase 1.206ms
[2026-07-19T20:13:42.270+0000][0.110s][info][gc,phases,start] GC(14) Post Compact
[2026-07-19T20:13:42.270+0000][0.110s][info][gc,phases      ] GC(14) Post Compact 0.060ms
[2026-07-19T20:13:42.270+0000][0.110s][info][gc,heap        ] GC(14) PSYoungGen: 20991K(24064K)->20991K(24064K) Eden: 20991K(20992K)->20991K(20992K) From: 0K(3072K)->0K(3072K)
[2026-07-19T20:13:42.270+0000][0.110s][info][gc,heap        ] GC(14) ParOldGen: 54755K(54784K)->54755K(54784K)
[2026-07-19T20:13:42.270+0000][0.110s][info][gc,metaspace   ] GC(14) Metaspace: 615K(768K)->615K(768K) NonClass: 568K(640K)->568K(640K) Class: 47K(128K)->47K(128K)
[2026-07-19T20:13:42.271+0000][0.110s][info][gc             ] GC(14) Pause Full (Ergonomics) 73M->73M(77M) 3.926ms
[2026-07-19T20:13:42.271+0000][0.110s][info][gc,cpu         ] GC(14) User=0.01s Sys=0.00s Real=0.01s
[2026-07-19T20:13:42.271+0000][0.110s][info][gc,start       ] GC(15) Pause Full (Ergonomics)
[2026-07-19T20:13:42.271+0000][0.111s][info][gc,phases,start] GC(15) Marking Phase
[2026-07-19T20:13:42.274+0000][0.114s][info][gc,phases      ] GC(15) Marking Phase 3.037ms
[2026-07-19T20:13:42.274+0000][0.114s][info][gc,phases,start] GC(15) Summary Phase
[2026-07-19T20:13:42.274+0000][0.114s][info][gc,phases      ] GC(15) Summary Phase 0.064ms
[2026-07-19T20:13:42.274+0000][0.114s][info][gc,phases,start] GC(15) Adjust Roots
[2026-07-19T20:13:42.274+0000][0.114s][info][gc,phases      ] GC(15) Adjust Roots 0.152ms
[2026-07-19T20:13:42.274+0000][0.114s][info][gc,phases,start] GC(15) Compaction Phase
[2026-07-19T20:13:42.275+0000][0.115s][info][gc,phases      ] GC(15) Compaction Phase 1.421ms
[2026-07-19T20:13:42.276+0000][0.115s][info][gc,phases,start] GC(15) Post Compact
[2026-07-19T20:13:42.276+0000][0.115s][info][gc,phases      ] GC(15) Post Compact 0.048ms
[2026-07-19T20:13:42.276+0000][0.115s][info][gc,heap        ] GC(15) PSYoungGen: 20991K(24064K)->20991K(24064K) Eden: 20991K(20992K)->20991K(20992K) From: 0K(3072K)->0K(3072K)
[2026-07-19T20:13:42.276+0000][0.115s][info][gc,heap        ] GC(15) ParOldGen: 54783K(54784K)->54783K(54784K)
[2026-07-19T20:13:42.276+0000][0.115s][info][gc,metaspace   ] GC(15) Metaspace: 615K(768K)->615K(768K) NonClass: 568K(640K)->568K(640K) Class: 47K(128K)->47K(128K)
[2026-07-19T20:13:42.276+0000][0.116s][info][gc             ] GC(15) Pause Full (Ergonomics) 73M->73M(77M) 5.073ms
[2026-07-19T20:13:42.276+0000][0.116s][info][gc,cpu         ] GC(15) User=0.01s Sys=0.00s Real=0.00s
[2026-07-19T20:13:42.276+0000][0.116s][info][gc,start       ] GC(16) Pause Full (Allocation Failure)
[2026-07-19T20:13:42.276+0000][0.116s][info][gc,phases,start] GC(16) Marking Phase
[2026-07-19T20:13:42.279+0000][0.118s][info][gc,phases      ] GC(16) Marking Phase 2.782ms
[2026-07-19T20:13:42.279+0000][0.118s][info][gc,phases,start] GC(16) Summary Phase
[2026-07-19T20:13:42.279+0000][0.118s][info][gc,phases      ] GC(16) Summary Phase 0.027ms
[2026-07-19T20:13:42.279+0000][0.119s][info][gc,phases,start] GC(16) Adjust Roots
[2026-07-19T20:13:42.279+0000][0.119s][info][gc,phases      ] GC(16) Adjust Roots 0.205ms
[2026-07-19T20:13:42.279+0000][0.119s][info][gc,phases,start] GC(16) Compaction Phase
[2026-07-19T20:13:42.281+0000][0.121s][info][gc,phases      ] GC(16) Compaction Phase 2.383ms
[2026-07-19T20:13:42.281+0000][0.121s][info][gc,phases,start] GC(16) Post Compact
[2026-07-19T20:13:42.281+0000][0.121s][info][gc,phases      ] GC(16) Post Compact 0.060ms
[2026-07-19T20:13:42.281+0000][0.121s][info][gc,heap        ] GC(16) PSYoungGen: 20991K(24064K)->20931K(24064K) Eden: 20991K(20992K)->20931K(20992K) From: 0K(3072K)->0K(3072K)
[2026-07-19T20:13:42.281+0000][0.121s][info][gc,heap        ] GC(16) ParOldGen: 54783K(54784K)->54782K(54784K)
[2026-07-19T20:13:42.281+0000][0.121s][info][gc,metaspace   ] GC(16) Metaspace: 615K(768K)->603K(768K) NonClass: 568K(640K)->559K(640K) Class: 47K(128K)->43K(128K)
[2026-07-19T20:13:42.281+0000][0.121s][info][gc             ] GC(16) Pause Full (Allocation Failure) 73M->73M(77M) 5.743ms
[2026-07-19T20:13:42.282+0000][0.121s][info][gc,cpu         ] GC(16) User=0.01s Sys=0.00s Real=0.01s
[2026-07-19T20:13:42.282+0000][0.122s][info][gc,start       ] GC(17) Pause Full (Ergonomics)
[2026-07-19T20:13:42.282+0000][0.122s][info][gc,phases,start] GC(17) Marking Phase
[2026-07-19T20:13:42.285+0000][0.125s][info][gc,phases      ] GC(17) Marking Phase 2.945ms
[2026-07-19T20:13:42.285+0000][0.125s][info][gc,phases,start] GC(17) Summary Phase
[2026-07-19T20:13:42.285+0000][0.125s][info][gc,phases      ] GC(17) Summary Phase 0.026ms
[2026-07-19T20:13:42.285+0000][0.125s][info][gc,phases,start] GC(17) Adjust Roots
[2026-07-19T20:13:42.286+0000][0.125s][info][gc,phases      ] GC(17) Adjust Roots 0.146ms
[2026-07-19T20:13:42.286+0000][0.125s][info][gc,phases,start] GC(17) Compaction Phase
[2026-07-19T20:13:42.287+0000][0.127s][info][gc,phases      ] GC(17) Compaction Phase 1.415ms
[2026-07-19T20:13:42.287+0000][0.127s][info][gc,phases,start] GC(17) Post Compact
[2026-07-19T20:13:42.287+0000][0.127s][info][gc,phases      ] GC(17) Post Compact 0.067ms
[2026-07-19T20:13:42.287+0000][0.127s][info][gc,heap        ] GC(17) PSYoungGen: 20992K(24064K)->20991K(24064K) Eden: 20992K(20992K)->20991K(20992K) From: 0K(3072K)->0K(3072K)
[2026-07-19T20:13:42.287+0000][0.127s][info][gc,heap        ] GC(17) ParOldGen: 54783K(54784K)->54783K(54784K)
[2026-07-19T20:13:42.287+0000][0.127s][info][gc,metaspace   ] GC(17) Metaspace: 603K(768K)->603K(768K) NonClass: 559K(640K)->559K(640K) Class: 43K(128K)->43K(128K)
[2026-07-19T20:13:42.287+0000][0.127s][info][gc             ] GC(17) Pause Full (Ergonomics) 73M->73M(77M) 4.934ms
[2026-07-19T20:13:42.287+0000][0.127s][info][gc,cpu         ] GC(17) User=0.00s Sys=0.00s Real=0.01s
[2026-07-19T20:13:42.288+0000][0.128s][info][gc,start       ] GC(18) Pause Full (Ergonomics)
[2026-07-19T20:13:42.288+0000][0.128s][info][gc,phases,start] GC(18) Marking Phase
[2026-07-19T20:13:42.291+0000][0.131s][info][gc,phases      ] GC(18) Marking Phase 2.864ms
[2026-07-19T20:13:42.291+0000][0.131s][info][gc,phases,start] GC(18) Summary Phase
[2026-07-19T20:13:42.291+0000][0.131s][info][gc,phases      ] GC(18) Summary Phase 0.026ms
[2026-07-19T20:13:42.291+0000][0.131s][info][gc,phases,start] GC(18) Adjust Roots
[2026-07-19T20:13:42.292+0000][0.131s][info][gc,phases      ] GC(18) Adjust Roots 0.152ms
[2026-07-19T20:13:42.292+0000][0.131s][info][gc,phases,start] GC(18) Compaction Phase
[2026-07-19T20:13:42.293+0000][0.133s][info][gc,phases      ] GC(18) Compaction Phase 1.409ms
[2026-07-19T20:13:42.293+0000][0.133s][info][gc,phases,start] GC(18) Post Compact
[2026-07-19T20:13:42.293+0000][0.133s][info][gc,phases      ] GC(18) Post Compact 0.046ms
[2026-07-19T20:13:42.293+0000][0.133s][info][gc,heap        ] GC(18) PSYoungGen: 20991K(24064K)->20991K(24064K) Eden: 20991K(20992K)->20991K(20992K) From: 0K(3072K)->0K(3072K)
[2026-07-19T20:13:42.293+0000][0.133s][info][gc,heap        ] GC(18) ParOldGen: 54783K(54784K)->54783K(54784K)
[2026-07-19T20:13:42.293+0000][0.133s][info][gc,metaspace   ] GC(18) Metaspace: 603K(768K)->603K(768K) NonClass: 559K(640K)->559K(640K) Class: 43K(128K)->43K(128K)
[2026-07-19T20:13:42.293+0000][0.133s][info][gc             ] GC(18) Pause Full (Ergonomics) 73M->73M(77M) 4.789ms
[2026-07-19T20:13:42.293+0000][0.133s][info][gc,cpu         ] GC(18) User=0.00s Sys=0.00s Real=0.00s
[2026-07-19T20:13:42.293+0000][0.133s][info][gc,start       ] GC(19) Pause Full (Allocation Failure)
[2026-07-19T20:13:42.293+0000][0.133s][info][gc,phases,start] GC(19) Marking Phase
[2026-07-19T20:13:42.296+0000][0.136s][info][gc,phases      ] GC(19) Marking Phase 2.473ms
[2026-07-19T20:13:42.296+0000][0.136s][info][gc,phases,start] GC(19) Summary Phase
[2026-07-19T20:13:42.296+0000][0.136s][info][gc,phases      ] GC(19) Summary Phase 0.025ms
[2026-07-19T20:13:42.296+0000][0.136s][info][gc,phases,start] GC(19) Adjust Roots
[2026-07-19T20:13:42.296+0000][0.136s][info][gc,phases      ] GC(19) Adjust Roots 0.137ms
[2026-07-19T20:13:42.296+0000][0.136s][info][gc,phases,start] GC(19) Compaction Phase
[2026-07-19T20:13:42.297+0000][0.137s][info][gc,phases      ] GC(19) Compaction Phase 1.156ms
[2026-07-19T20:13:42.297+0000][0.137s][info][gc,phases,start] GC(19) Post Compact
[2026-07-19T20:13:42.297+0000][0.137s][info][gc,phases      ] GC(19) Post Compact 0.044ms
[2026-07-19T20:13:42.297+0000][0.137s][info][gc,heap        ] GC(19) PSYoungGen: 20991K(24064K)->20991K(24064K) Eden: 20991K(20992K)->20991K(20992K) From: 0K(3072K)->0K(3072K)
[2026-07-19T20:13:42.297+0000][0.137s][info][gc,heap        ] GC(19) ParOldGen: 54783K(54784K)->54783K(54784K)
[2026-07-19T20:13:42.297+0000][0.137s][info][gc,metaspace   ] GC(19) Metaspace: 603K(768K)->603K(768K) NonClass: 559K(640K)->559K(640K) Class: 43K(128K)->43K(128K)
[2026-07-19T20:13:42.297+0000][0.137s][info][gc             ] GC(19) Pause Full (Allocation Failure) 73M->73M(77M) 4.076ms
[2026-07-19T20:13:42.297+0000][0.137s][info][gc,cpu         ] GC(19) User=0.01s Sys=0.00s Real=0.01s
[2026-07-19T20:13:42.298+0000][0.138s][info][gc,start       ] GC(20) Pause Full (Ergonomics)
[2026-07-19T20:13:42.298+0000][0.138s][info][gc,phases,start] GC(20) Marking Phase
[2026-07-19T20:13:42.301+0000][0.141s][info][gc,phases      ] GC(20) Marking Phase 2.615ms
[2026-07-19T20:13:42.301+0000][0.141s][info][gc,phases,start] GC(20) Summary Phase
[2026-07-19T20:13:42.301+0000][0.141s][info][gc,phases      ] GC(20) Summary Phase 0.060ms
[2026-07-19T20:13:42.301+0000][0.141s][info][gc,phases,start] GC(20) Adjust Roots
[2026-07-19T20:13:42.301+0000][0.141s][info][gc,phases      ] GC(20) Adjust Roots 0.163ms
[2026-07-19T20:13:42.301+0000][0.141s][info][gc,phases,start] GC(20) Compaction Phase
[2026-07-19T20:13:42.304+0000][0.144s][info][gc,phases      ] GC(20) Compaction Phase 2.692ms
[2026-07-19T20:13:42.304+0000][0.144s][info][gc,phases,start] GC(20) Post Compact
[2026-07-19T20:13:42.304+0000][0.144s][info][gc,phases      ] GC(20) Post Compact 0.052ms
[2026-07-19T20:13:42.304+0000][0.144s][info][gc,heap        ] GC(20) PSYoungGen: 20991K(24064K)->13311K(24064K) Eden: 20991K(20992K)->13311K(20992K) From: 0K(3072K)->0K(3072K)
[2026-07-19T20:13:42.304+0000][0.144s][info][gc,heap        ] GC(20) ParOldGen: 54783K(54784K)->54272K(54784K)
[2026-07-19T20:13:42.304+0000][0.144s][info][gc,metaspace   ] GC(20) Metaspace: 603K(768K)->603K(768K) NonClass: 559K(640K)->559K(640K) Class: 43K(128K)->43K(128K)
[2026-07-19T20:13:42.304+0000][0.144s][info][gc             ] GC(20) Pause Full (Ergonomics) 73M->65M(77M) 5.876ms
[2026-07-19T20:13:42.304+0000][0.144s][info][gc,cpu         ] GC(20) User=0.01s Sys=0.00s Real=0.00s
[2026-07-19T20:13:42.307+0000][0.147s][info][gc,heap,exit   ] Heap
[2026-07-19T20:13:42.307+0000][0.147s][info][gc,heap,exit   ]  PSYoungGen      total 24064K, used 13465K [0x00000000fe580000, 0x0000000100000000, 0x0000000100000000)
[2026-07-19T20:13:42.307+0000][0.147s][info][gc,heap,exit   ]   eden space 20992K, 64% used [0x00000000fe580000,0x00000000ff2a6790,0x00000000ffa00000)
[2026-07-19T20:13:42.307+0000][0.147s][info][gc,heap,exit   ]   from space 3072K, 0% used [0x00000000ffa00000,0x00000000ffa00000,0x00000000ffd00000)
[2026-07-19T20:13:42.307+0000][0.147s][info][gc,heap,exit   ]   to   space 3072K, 0% used [0x00000000ffd00000,0x00000000ffd00000,0x0000000100000000)
[2026-07-19T20:13:42.307+0000][0.147s][info][gc,heap,exit   ]  ParOldGen       total 54784K, used 54272K [0x00000000fb000000, 0x00000000fe580000, 0x00000000fe580000)
[2026-07-19T20:13:42.307+0000][0.147s][info][gc,heap,exit   ]   object space 54784K, 99% used [0x00000000fb000000,0x00000000fe500188,0x00000000fe580000)
[2026-07-19T20:13:42.307+0000][0.147s][info][gc,heap,exit   ]  Metaspace       used 720K, committed 832K, reserved 1114112K
[2026-07-19T20:13:42.307+0000][0.147s][info][gc,heap,exit   ]   class space    used 57K, committed 128K, reserved 1048576K
