[2026-07-19T20:18:13.601+0000][0.005s][info][gc,init] CardTable entry size: 512
[2026-07-19T20:18:13.601+0000][0.005s][info][gc     ] Using Parallel
[2026-07-19T20:18:13.602+0000][0.006s][info][gc,init] Version: 21.0.11+10-LTS (release)
[2026-07-19T20:18:13.602+0000][0.006s][info][gc,init] CPUs: 10 total, 10 available
[2026-07-19T20:18:13.602+0000][0.006s][info][gc,init] Memory: 7837M
[2026-07-19T20:18:13.602+0000][0.006s][info][gc,init] Large Page Support: Disabled
[2026-07-19T20:18:13.602+0000][0.006s][info][gc,init] NUMA Support: Disabled
[2026-07-19T20:18:13.602+0000][0.006s][info][gc,init] Compressed Oops: Enabled (32-bit)
[2026-07-19T20:18:13.602+0000][0.006s][info][gc,init] Alignments: Space 512K, Generation 512K, Heap 2M
[2026-07-19T20:18:13.602+0000][0.006s][info][gc,init] Heap Min Capacity: 8M
[2026-07-19T20:18:13.602+0000][0.006s][info][gc,init] Heap Initial Capacity: 80M
[2026-07-19T20:18:13.602+0000][0.006s][info][gc,init] Heap Max Capacity: 80M
[2026-07-19T20:18:13.602+0000][0.006s][info][gc,init] Pre-touch: Disabled
[2026-07-19T20:18:13.602+0000][0.007s][info][gc,init] Parallel Workers: 9
[2026-07-19T20:18:13.607+0000][0.011s][info][gc,metaspace] CDS archive(s) mapped at: [0x000000f800000000-0x000000f800cb0000-0x000000f800cb0000), size 13303808, SharedBaseAddress: 0x000000f800000000, ArchiveRelocationMode: 1.
[2026-07-19T20:18:13.607+0000][0.011s][info][gc,metaspace] Compressed class space mapped at: 0x000000f801000000-0x000000f841000000, reserved size: 1073741824
[2026-07-19T20:18:13.607+0000][0.011s][info][gc,metaspace] Narrow klass base: 0x000000f800000000, Narrow klass shift: 0, Narrow klass range: 0x100000000
[2026-07-19T20:18:13.635+0000][0.039s][info][gc,start    ] GC(0) Pause Young (Allocation Failure)
[2026-07-19T20:18:13.636+0000][0.040s][info][gc,heap     ] GC(0) PSYoungGen: 20992K(24064K)->3068K(24064K) Eden: 20992K(20992K)->0K(20992K) From: 0K(3072K)->3068K(3072K)
[2026-07-19T20:18:13.636+0000][0.040s][info][gc,heap     ] GC(0) ParOldGen: 1073K(54784K)->17089K(54784K)
[2026-07-19T20:18:13.636+0000][0.040s][info][gc,metaspace] GC(0) Metaspace: 606K(768K)->606K(768K) NonClass: 559K(640K)->559K(640K) Class: 47K(128K)->47K(128K)
[2026-07-19T20:18:13.636+0000][0.040s][info][gc          ] GC(0) Pause Young (Allocation Failure) 21M->19M(77M) 1.472ms
[2026-07-19T20:18:13.636+0000][0.040s][info][gc,cpu      ] GC(0) User=0.00s Sys=0.01s Real=0.00s
[2026-07-19T20:18:13.639+0000][0.043s][info][gc,start    ] GC(1) Pause Young (Allocation Failure)
[2026-07-19T20:18:13.641+0000][0.045s][info][gc,heap     ] GC(1) PSYoungGen: 24060K(24064K)->3052K(24064K) Eden: 20992K(20992K)->0K(20992K) From: 3068K(3072K)->3052K(3072K)
[2026-07-19T20:18:13.641+0000][0.045s][info][gc,heap     ] GC(1) ParOldGen: 17089K(54784K)->38801K(54784K)
[2026-07-19T20:18:13.641+0000][0.045s][info][gc,metaspace] GC(1) Metaspace: 606K(768K)->606K(768K) NonClass: 559K(640K)->559K(640K) Class: 47K(128K)->47K(128K)
[2026-07-19T20:18:13.641+0000][0.045s][info][gc          ] GC(1) Pause Young (Allocation Failure) 40M->40M(77M) 1.862ms
[2026-07-19T20:18:13.641+0000][0.045s][info][gc,cpu      ] GC(1) User=0.00s Sys=0.00s Real=0.00s
[2026-07-19T20:18:13.643+0000][0.047s][info][gc,start    ] GC(2) Pause Full (Ergonomics)
[2026-07-19T20:18:13.643+0000][0.047s][info][gc,phases,start] GC(2) Marking Phase
[2026-07-19T20:18:13.646+0000][0.050s][info][gc,phases      ] GC(2) Marking Phase 2.851ms
[2026-07-19T20:18:13.646+0000][0.050s][info][gc,phases,start] GC(2) Summary Phase
[2026-07-19T20:18:13.646+0000][0.050s][info][gc,phases      ] GC(2) Summary Phase 0.027ms
[2026-07-19T20:18:13.646+0000][0.050s][info][gc,phases,start] GC(2) Adjust Roots
[2026-07-19T20:18:13.646+0000][0.050s][info][gc,phases      ] GC(2) Adjust Roots 0.325ms
[2026-07-19T20:18:13.646+0000][0.050s][info][gc,phases,start] GC(2) Compaction Phase
[2026-07-19T20:18:13.650+0000][0.054s][info][gc,phases      ] GC(2) Compaction Phase 3.705ms
[2026-07-19T20:18:13.650+0000][0.054s][info][gc,phases,start] GC(2) Post Compact
[2026-07-19T20:18:13.650+0000][0.054s][info][gc,phases      ] GC(2) Post Compact 0.092ms
[2026-07-19T20:18:13.650+0000][0.054s][info][gc,heap        ] GC(2) PSYoungGen: 24044K(24064K)->7128K(24064K) Eden: 20992K(20992K)->7128K(20992K) From: 3052K(3072K)->0K(3072K)
[2026-07-19T20:18:13.650+0000][0.054s][info][gc,heap        ] GC(2) ParOldGen: 38801K(54784K)->54456K(54784K)
[2026-07-19T20:18:13.650+0000][0.054s][info][gc,metaspace   ] GC(2) Metaspace: 615K(768K)->615K(768K) NonClass: 568K(640K)->568K(640K) Class: 47K(128K)->47K(128K)
[2026-07-19T20:18:13.650+0000][0.054s][info][gc             ] GC(2) Pause Full (Ergonomics) 61M->60M(77M) 7.322ms
[2026-07-19T20:18:13.650+0000][0.054s][info][gc,cpu         ] GC(2) User=0.02s Sys=0.00s Real=0.01s
[2026-07-19T20:18:13.657+0000][0.061s][info][gc,start       ] GC(3) Pause Full (Ergonomics)
[2026-07-19T20:18:13.657+0000][0.061s][info][gc,phases,start] GC(3) Marking Phase
[2026-07-19T20:18:13.661+0000][0.065s][info][gc,phases      ] GC(3) Marking Phase 4.091ms
[2026-07-19T20:18:13.661+0000][0.065s][info][gc,phases,start] GC(3) Summary Phase
[2026-07-19T20:18:13.661+0000][0.065s][info][gc,phases      ] GC(3) Summary Phase 0.033ms
[2026-07-19T20:18:13.661+0000][0.065s][info][gc,phases,start] GC(3) Adjust Roots
[2026-07-19T20:18:13.662+0000][0.066s][info][gc,phases      ] GC(3) Adjust Roots 0.270ms
[2026-07-19T20:18:13.662+0000][0.066s][info][gc,phases,start] GC(3) Compaction Phase
[2026-07-19T20:18:13.664+0000][0.068s][info][gc,phases      ] GC(3) Compaction Phase 2.567ms
[2026-07-19T20:18:13.664+0000][0.068s][info][gc,phases,start] GC(3) Post Compact
[2026-07-19T20:18:13.664+0000][0.068s][info][gc,phases      ] GC(3) Post Compact 0.062ms
[2026-07-19T20:18:13.664+0000][0.068s][info][gc,heap        ] GC(3) PSYoungGen: 20992K(24064K)->20809K(24064K) Eden: 20992K(20992K)->20809K(20992K) From: 0K(3072K)->0K(3072K)
[2026-07-19T20:18:13.664+0000][0.068s][info][gc,heap        ] GC(3) ParOldGen: 54456K(54784K)->54446K(54784K)
[2026-07-19T20:18:13.664+0000][0.068s][info][gc,metaspace   ] GC(3) Metaspace: 914K(1088K)->914K(1088K) NonClass: 830K(896K)->830K(896K) Class: 84K(192K)->84K(192K)
[2026-07-19T20:18:13.664+0000][0.069s][info][gc             ] GC(3) Pause Full (Ergonomics) 73M->73M(77M) 7.439ms
[2026-07-19T20:18:13.664+0000][0.069s][info][gc,cpu         ] GC(3) User=0.01s Sys=0.00s Real=0.01s
[2026-07-19T20:18:13.665+0000][0.069s][info][gc,start       ] GC(4) Pause Full (Ergonomics)
[2026-07-19T20:18:13.665+0000][0.069s][info][gc,phases,start] GC(4) Marking Phase
[2026-07-19T20:18:13.668+0000][0.072s][info][gc,phases      ] GC(4) Marking Phase 3.386ms
[2026-07-19T20:18:13.668+0000][0.072s][info][gc,phases,start] GC(4) Summary Phase
[2026-07-19T20:18:13.668+0000][0.072s][info][gc,phases      ] GC(4) Summary Phase 0.029ms
[2026-07-19T20:18:13.668+0000][0.072s][info][gc,phases,start] GC(4) Adjust Roots
[2026-07-19T20:18:13.668+0000][0.072s][info][gc,phases      ] GC(4) Adjust Roots 0.189ms
[2026-07-19T20:18:13.668+0000][0.073s][info][gc,phases,start] GC(4) Compaction Phase
[2026-07-19T20:18:13.671+0000][0.075s][info][gc,phases      ] GC(4) Compaction Phase 2.528ms
[2026-07-19T20:18:13.671+0000][0.075s][info][gc,phases,start] GC(4) Post Compact
[2026-07-19T20:18:13.671+0000][0.075s][info][gc,phases      ] GC(4) Post Compact 0.058ms
[2026-07-19T20:18:13.671+0000][0.075s][info][gc,heap        ] GC(4) PSYoungGen: 20992K(24064K)->20479K(24064K) Eden: 20992K(20992K)->20479K(20992K) From: 0K(3072K)->0K(3072K)
[2026-07-19T20:18:13.671+0000][0.075s][info][gc,heap        ] GC(4) ParOldGen: 54446K(54784K)->54776K(54784K)
[2026-07-19T20:18:13.671+0000][0.075s][info][gc,metaspace   ] GC(4) Metaspace: 914K(1088K)->914K(1088K) NonClass: 830K(896K)->830K(896K) Class: 84K(192K)->84K(192K)
[2026-07-19T20:18:13.671+0000][0.075s][info][gc             ] GC(4) Pause Full (Ergonomics) 73M->73M(77M) 6.537ms
[2026-07-19T20:18:13.671+0000][0.075s][info][gc,cpu         ] GC(4) User=0.02s Sys=0.00s Real=0.01s
[2026-07-19T20:18:13.671+0000][0.075s][info][gc,start       ] GC(5) Pause Full (Ergonomics)
[2026-07-19T20:18:13.671+0000][0.075s][info][gc,phases,start] GC(5) Marking Phase
[2026-07-19T20:18:13.684+0000][0.088s][info][gc,phases      ] GC(5) Marking Phase 12.866ms
[2026-07-19T20:18:13.685+0000][0.089s][info][gc,phases,start] GC(5) Summary Phase
[2026-07-19T20:18:13.685+0000][0.089s][info][gc,phases      ] GC(5) Summary Phase 0.079ms
[2026-07-19T20:18:13.685+0000][0.089s][info][gc,phases,start] GC(5) Adjust Roots
[2026-07-19T20:18:13.685+0000][0.089s][info][gc,phases      ] GC(5) Adjust Roots 0.408ms
[2026-07-19T20:18:13.685+0000][0.089s][info][gc,phases,start] GC(5) Compaction Phase
[2026-07-19T20:18:13.691+0000][0.095s][info][gc,phases      ] GC(5) Compaction Phase 5.518ms
[2026-07-19T20:18:13.691+0000][0.095s][info][gc,phases,start] GC(5) Post Compact
[2026-07-19T20:18:13.691+0000][0.095s][info][gc,phases      ] GC(5) Post Compact 0.081ms
[2026-07-19T20:18:13.691+0000][0.095s][info][gc,heap        ] GC(5) PSYoungGen: 20992K(24064K)->20478K(24064K) Eden: 20992K(20992K)->20478K(20992K) From: 0K(3072K)->0K(3072K)
[2026-07-19T20:18:13.691+0000][0.095s][info][gc,heap        ] GC(5) ParOldGen: 54776K(54784K)->54777K(54784K)
[2026-07-19T20:18:13.691+0000][0.095s][info][gc,metaspace   ] GC(5) Metaspace: 914K(1088K)->914K(1088K) NonClass: 830K(896K)->830K(896K) Class: 84K(192K)->84K(192K)
[2026-07-19T20:18:13.691+0000][0.095s][info][gc             ] GC(5) Pause Full (Ergonomics) 73M->73M(77M) 19.659ms
[2026-07-19T20:18:13.691+0000][0.095s][info][gc,cpu         ] GC(5) User=0.03s Sys=0.00s Real=0.02s
[2026-07-19T20:18:13.692+0000][0.096s][info][gc,start       ] GC(6) Pause Full (Ergonomics)
[2026-07-19T20:18:13.692+0000][0.096s][info][gc,phases,start] GC(6) Marking Phase
[2026-07-19T20:18:13.697+0000][0.101s][info][gc,phases      ] GC(6) Marking Phase 5.494ms
[2026-07-19T20:18:13.698+0000][0.102s][info][gc,phases,start] GC(6) Summary Phase
[2026-07-19T20:18:13.698+0000][0.102s][info][gc,phases      ] GC(6) Summary Phase 0.043ms
[2026-07-19T20:18:13.698+0000][0.102s][info][gc,phases,start] GC(6) Adjust Roots
[2026-07-19T20:18:13.698+0000][0.102s][info][gc,phases      ] GC(6) Adjust Roots 0.238ms
[2026-07-19T20:18:13.698+0000][0.102s][info][gc,phases,start] GC(6) Compaction Phase
[2026-07-19T20:18:13.702+0000][0.106s][info][gc,phases      ] GC(6) Compaction Phase 3.661ms
[2026-07-19T20:18:13.702+0000][0.106s][info][gc,phases,start] GC(6) Post Compact
[2026-07-19T20:18:13.702+0000][0.106s][info][gc,phases      ] GC(6) Post Compact 0.121ms
[2026-07-19T20:18:13.702+0000][0.106s][info][gc,heap        ] GC(6) PSYoungGen: 20992K(24064K)->20476K(24064K) Eden: 20992K(20992K)->20476K(20992K) From: 0K(3072K)->0K(3072K)
[2026-07-19T20:18:13.702+0000][0.106s][info][gc,heap        ] GC(6) ParOldGen: 54777K(54784K)->54779K(54784K)
[2026-07-19T20:18:13.702+0000][0.106s][info][gc,metaspace   ] GC(6) Metaspace: 914K(1088K)->914K(1088K) NonClass: 830K(896K)->830K(896K) Class: 84K(192K)->84K(192K)
[2026-07-19T20:18:13.702+0000][0.106s][info][gc             ] GC(6) Pause Full (Ergonomics) 73M->73M(77M) 10.184ms
[2026-07-19T20:18:13.702+0000][0.106s][info][gc,cpu         ] GC(6) User=0.02s Sys=0.00s Real=0.01s
[2026-07-19T20:18:13.703+0000][0.107s][info][gc,start       ] GC(7) Pause Full (Ergonomics)
[2026-07-19T20:18:13.703+0000][0.107s][info][gc,phases,start] GC(7) Marking Phase
[2026-07-19T20:18:13.708+0000][0.112s][info][gc,phases      ] GC(7) Marking Phase 5.200ms
[2026-07-19T20:18:13.708+0000][0.112s][info][gc,phases,start] GC(7) Summary Phase
[2026-07-19T20:18:13.708+0000][0.112s][info][gc,phases      ] GC(7) Summary Phase 0.030ms
[2026-07-19T20:18:13.708+0000][0.112s][info][gc,phases,start] GC(7) Adjust Roots
[2026-07-19T20:18:13.708+0000][0.112s][info][gc,phases      ] GC(7) Adjust Roots 0.186ms
[2026-07-19T20:18:13.708+0000][0.113s][info][gc,phases,start] GC(7) Compaction Phase
[2026-07-19T20:18:13.711+0000][0.115s][info][gc,phases      ] GC(7) Compaction Phase 2.938ms
[2026-07-19T20:18:13.711+0000][0.116s][info][gc,phases,start] GC(7) Post Compact
[2026-07-19T20:18:13.712+0000][0.116s][info][gc,phases      ] GC(7) Post Compact 0.056ms
[2026-07-19T20:18:13.712+0000][0.116s][info][gc,heap        ] GC(7) PSYoungGen: 20992K(24064K)->20476K(24064K) Eden: 20992K(20992K)->20476K(20992K) From: 0K(3072K)->0K(3072K)
[2026-07-19T20:18:13.712+0000][0.116s][info][gc,heap        ] GC(7) ParOldGen: 54779K(54784K)->54779K(54784K)
[2026-07-19T20:18:13.712+0000][0.116s][info][gc,metaspace   ] GC(7) Metaspace: 914K(1088K)->914K(1088K) NonClass: 830K(896K)->830K(896K) Class: 84K(192K)->84K(192K)
[2026-07-19T20:18:13.712+0000][0.116s][info][gc             ] GC(7) Pause Full (Ergonomics) 73M->73M(77M) 8.873ms
[2026-07-19T20:18:13.712+0000][0.116s][info][gc,cpu         ] GC(7) User=0.01s Sys=0.00s Real=0.01s
[2026-07-19T20:18:13.713+0000][0.117s][info][gc,start       ] GC(8) Pause Full (Ergonomics)
[2026-07-19T20:18:13.713+0000][0.117s][info][gc,phases,start] GC(8) Marking Phase
[2026-07-19T20:18:13.716+0000][0.120s][info][gc,phases      ] GC(8) Marking Phase 2.933ms
[2026-07-19T20:18:13.716+0000][0.120s][info][gc,phases,start] GC(8) Summary Phase
[2026-07-19T20:18:13.716+0000][0.120s][info][gc,phases      ] GC(8) Summary Phase 0.025ms
[2026-07-19T20:18:13.716+0000][0.120s][info][gc,phases,start] GC(8) Adjust Roots
[2026-07-19T20:18:13.716+0000][0.120s][info][gc,phases      ] GC(8) Adjust Roots 0.151ms
[2026-07-19T20:18:13.716+0000][0.120s][info][gc,phases,start] GC(8) Compaction Phase
[2026-07-19T20:18:13.719+0000][0.123s][info][gc,phases      ] GC(8) Compaction Phase 2.564ms
[2026-07-19T20:18:13.719+0000][0.123s][info][gc,phases,start] GC(8) Post Compact
[2026-07-19T20:18:13.719+0000][0.123s][info][gc,phases      ] GC(8) Post Compact 0.053ms
[2026-07-19T20:18:13.719+0000][0.123s][info][gc,heap        ] GC(8) PSYoungGen: 20992K(24064K)->20475K(24064K) Eden: 20992K(20992K)->20475K(20992K) From: 0K(3072K)->0K(3072K)
[2026-07-19T20:18:13.719+0000][0.123s][info][gc,heap        ] GC(8) ParOldGen: 54779K(54784K)->54780K(54784K)
[2026-07-19T20:18:13.719+0000][0.123s][info][gc,metaspace   ] GC(8) Metaspace: 914K(1088K)->914K(1088K) NonClass: 830K(896K)->830K(896K) Class: 84K(192K)->84K(192K)
[2026-07-19T20:18:13.719+0000][0.123s][info][gc             ] GC(8) Pause Full (Ergonomics) 73M->73M(77M) 6.018ms
[2026-07-19T20:18:13.719+0000][0.123s][info][gc,cpu         ] GC(8) User=0.01s Sys=0.00s Real=0.01s
[2026-07-19T20:18:13.720+0000][0.124s][info][gc,start       ] GC(9) Pause Full (Ergonomics)
[2026-07-19T20:18:13.720+0000][0.124s][info][gc,phases,start] GC(9) Marking Phase
[2026-07-19T20:18:13.722+0000][0.127s][info][gc,phases      ] GC(9) Marking Phase 2.552ms
[2026-07-19T20:18:13.723+0000][0.127s][info][gc,phases,start] GC(9) Summary Phase
[2026-07-19T20:18:13.723+0000][0.127s][info][gc,phases      ] GC(9) Summary Phase 0.027ms
[2026-07-19T20:18:13.723+0000][0.127s][info][gc,phases,start] GC(9) Adjust Roots
[2026-07-19T20:18:13.723+0000][0.127s][info][gc,phases      ] GC(9) Adjust Roots 0.155ms
[2026-07-19T20:18:13.723+0000][0.127s][info][gc,phases,start] GC(9) Compaction Phase
[2026-07-19T20:18:13.725+0000][0.129s][info][gc,phases      ] GC(9) Compaction Phase 1.954ms
[2026-07-19T20:18:13.725+0000][0.129s][info][gc,phases,start] GC(9) Post Compact
[2026-07-19T20:18:13.725+0000][0.129s][info][gc,phases      ] GC(9) Post Compact 0.048ms
[2026-07-19T20:18:13.725+0000][0.129s][info][gc,heap        ] GC(9) PSYoungGen: 20992K(24064K)->20982K(24064K) Eden: 20992K(20992K)->20982K(20992K) From: 0K(3072K)->0K(3072K)
[2026-07-19T20:18:13.725+0000][0.129s][info][gc,heap        ] GC(9) ParOldGen: 54780K(54784K)->54273K(54784K)
[2026-07-19T20:18:13.725+0000][0.129s][info][gc,metaspace   ] GC(9) Metaspace: 914K(1088K)->914K(1088K) NonClass: 830K(896K)->830K(896K) Class: 84K(192K)->84K(192K)
[2026-07-19T20:18:13.725+0000][0.129s][info][gc             ] GC(9) Pause Full (Ergonomics) 73M->73M(77M) 5.014ms
[2026-07-19T20:18:13.725+0000][0.129s][info][gc,cpu         ] GC(9) User=0.00s Sys=0.00s Real=0.00s
[2026-07-19T20:18:13.726+0000][0.130s][info][gc,start       ] GC(10) Pause Full (Ergonomics)
[2026-07-19T20:18:13.726+0000][0.130s][info][gc,phases,start] GC(10) Marking Phase
[2026-07-19T20:18:13.728+0000][0.132s][info][gc,phases      ] GC(10) Marking Phase 2.391ms
[2026-07-19T20:18:13.728+0000][0.132s][info][gc,phases,start] GC(10) Summary Phase
[2026-07-19T20:18:13.728+0000][0.133s][info][gc,phases      ] GC(10) Summary Phase 0.060ms
[2026-07-19T20:18:13.728+0000][0.133s][info][gc,phases,start] GC(10) Adjust Roots
[2026-07-19T20:18:13.729+0000][0.133s][info][gc,phases      ] GC(10) Adjust Roots 0.145ms
[2026-07-19T20:18:13.729+0000][0.133s][info][gc,phases,start] GC(10) Compaction Phase
[2026-07-19T20:18:13.731+0000][0.135s][info][gc,phases      ] GC(10) Compaction Phase 2.513ms
[2026-07-19T20:18:13.731+0000][0.135s][info][gc,phases,start] GC(10) Post Compact
[2026-07-19T20:18:13.731+0000][0.135s][info][gc,phases      ] GC(10) Post Compact 0.050ms
[2026-07-19T20:18:13.731+0000][0.135s][info][gc,heap        ] GC(10) PSYoungGen: 20992K(24064K)->20479K(24064K) Eden: 20992K(20992K)->20479K(20992K) From: 0K(3072K)->0K(3072K)
[2026-07-19T20:18:13.731+0000][0.135s][info][gc,heap        ] GC(10) ParOldGen: 54273K(54784K)->54776K(54784K)
[2026-07-19T20:18:13.731+0000][0.135s][info][gc,metaspace   ] GC(10) Metaspace: 914K(1088K)->914K(1088K) NonClass: 830K(896K)->830K(896K) Class: 84K(192K)->84K(192K)
[2026-07-19T20:18:13.731+0000][0.135s][info][gc             ] GC(10) Pause Full (Ergonomics) 73M->73M(77M) 5.424ms
[2026-07-19T20:18:13.731+0000][0.135s][info][gc,cpu         ] GC(10) User=0.01s Sys=0.00s Real=0.01s
[2026-07-19T20:18:13.731+0000][0.136s][info][gc,start       ] GC(11) Pause Full (Ergonomics)
[2026-07-19T20:18:13.732+0000][0.136s][info][gc,phases,start] GC(11) Marking Phase
[2026-07-19T20:18:13.734+0000][0.138s][info][gc,phases      ] GC(11) Marking Phase 2.243ms
[2026-07-19T20:18:13.734+0000][0.138s][info][gc,phases,start] GC(11) Summary Phase
[2026-07-19T20:18:13.734+0000][0.138s][info][gc,phases      ] GC(11) Summary Phase 0.025ms
[2026-07-19T20:18:13.734+0000][0.138s][info][gc,phases,start] GC(11) Adjust Roots
[2026-07-19T20:18:13.734+0000][0.138s][info][gc,phases      ] GC(11) Adjust Roots 0.157ms
[2026-07-19T20:18:13.734+0000][0.138s][info][gc,phases,start] GC(11) Compaction Phase
[2026-07-19T20:18:13.736+0000][0.140s][info][gc,phases      ] GC(11) Compaction Phase 1.920ms
[2026-07-19T20:18:13.736+0000][0.140s][info][gc,phases,start] GC(11) Post Compact
[2026-07-19T20:18:13.736+0000][0.140s][info][gc,phases      ] GC(11) Post Compact 0.049ms
[2026-07-19T20:18:13.736+0000][0.140s][info][gc,heap        ] GC(11) PSYoungGen: 20991K(24064K)->20978K(24064K) Eden: 20991K(20992K)->20978K(20992K) From: 0K(3072K)->0K(3072K)
[2026-07-19T20:18:13.736+0000][0.140s][info][gc,heap        ] GC(11) ParOldGen: 54776K(54784K)->54277K(54784K)
[2026-07-19T20:18:13.736+0000][0.140s][info][gc,metaspace   ] GC(11) Metaspace: 914K(1088K)->914K(1088K) NonClass: 830K(896K)->830K(896K) Class: 84K(192K)->84K(192K)
[2026-07-19T20:18:13.736+0000][0.140s][info][gc             ] GC(11) Pause Full (Ergonomics) 73M->73M(77M) 4.668ms
[2026-07-19T20:18:13.736+0000][0.140s][info][gc,cpu         ] GC(11) User=0.01s Sys=0.00s Real=0.00s
[2026-07-19T20:18:13.737+0000][0.141s][info][gc,start       ] GC(12) Pause Full (Ergonomics)
[2026-07-19T20:18:13.737+0000][0.141s][info][gc,phases,start] GC(12) Marking Phase
[2026-07-19T20:18:13.739+0000][0.143s][info][gc,phases      ] GC(12) Marking Phase 2.156ms
[2026-07-19T20:18:13.739+0000][0.143s][info][gc,phases,start] GC(12) Summary Phase
[2026-07-19T20:18:13.739+0000][0.143s][info][gc,phases      ] GC(12) Summary Phase 0.025ms
[2026-07-19T20:18:13.739+0000][0.143s][info][gc,phases,start] GC(12) Adjust Roots
[2026-07-19T20:18:13.739+0000][0.143s][info][gc,phases      ] GC(12) Adjust Roots 0.170ms
[2026-07-19T20:18:13.739+0000][0.143s][info][gc,phases,start] GC(12) Compaction Phase
[2026-07-19T20:18:13.742+0000][0.146s][info][gc,phases      ] GC(12) Compaction Phase 2.920ms
[2026-07-19T20:18:13.742+0000][0.146s][info][gc,phases,start] GC(12) Post Compact
[2026-07-19T20:18:13.742+0000][0.146s][info][gc,phases      ] GC(12) Post Compact 0.076ms
[2026-07-19T20:18:13.742+0000][0.147s][info][gc,heap        ] GC(12) PSYoungGen: 20992K(24064K)->20479K(24064K) Eden: 20992K(20992K)->20479K(20992K) From: 0K(3072K)->0K(3072K)
[2026-07-19T20:18:13.743+0000][0.147s][info][gc,heap        ] GC(12) ParOldGen: 54277K(54784K)->54776K(54784K)
[2026-07-19T20:18:13.743+0000][0.147s][info][gc,metaspace   ] GC(12) Metaspace: 914K(1088K)->914K(1088K) NonClass: 830K(896K)->830K(896K) Class: 84K(192K)->84K(192K)
[2026-07-19T20:18:13.743+0000][0.147s][info][gc             ] GC(12) Pause Full (Ergonomics) 73M->73M(77M) 5.735ms
[2026-07-19T20:18:13.743+0000][0.147s][info][gc,cpu         ] GC(12) User=0.01s Sys=0.00s Real=0.01s
[2026-07-19T20:18:13.743+0000][0.147s][info][gc,start       ] GC(13) Pause Full (Ergonomics)
[2026-07-19T20:18:13.743+0000][0.147s][info][gc,phases,start] GC(13) Marking Phase
[2026-07-19T20:18:13.746+0000][0.150s][info][gc,phases      ] GC(13) Marking Phase 2.971ms
[2026-07-19T20:18:13.746+0000][0.150s][info][gc,phases,start] GC(13) Summary Phase
[2026-07-19T20:18:13.746+0000][0.150s][info][gc,phases      ] GC(13) Summary Phase 0.025ms
[2026-07-19T20:18:13.746+0000][0.150s][info][gc,phases,start] GC(13) Adjust Roots
[2026-07-19T20:18:13.746+0000][0.150s][info][gc,phases      ] GC(13) Adjust Roots 0.179ms
[2026-07-19T20:18:13.746+0000][0.150s][info][gc,phases,start] GC(13) Compaction Phase
[2026-07-19T20:18:13.748+0000][0.152s][info][gc,phases      ] GC(13) Compaction Phase 1.847ms
[2026-07-19T20:18:13.748+0000][0.152s][info][gc,phases,start] GC(13) Post Compact
[2026-07-19T20:18:13.748+0000][0.152s][info][gc,phases      ] GC(13) Post Compact 0.066ms
[2026-07-19T20:18:13.748+0000][0.152s][info][gc,heap        ] GC(13) PSYoungGen: 20992K(24064K)->20963K(24064K) Eden: 20992K(20992K)->20963K(20992K) From: 0K(3072K)->0K(3072K)
[2026-07-19T20:18:13.748+0000][0.152s][info][gc,heap        ] GC(13) ParOldGen: 54776K(54784K)->54292K(54784K)
[2026-07-19T20:18:13.748+0000][0.152s][info][gc,metaspace   ] GC(13) Metaspace: 914K(1088K)->914K(1088K) NonClass: 830K(896K)->830K(896K) Class: 84K(192K)->84K(192K)
[2026-07-19T20:18:13.748+0000][0.152s][info][gc             ] GC(13) Pause Full (Ergonomics) 73M->73M(77M) 5.392ms
[2026-07-19T20:18:13.748+0000][0.152s][info][gc,cpu         ] GC(13) User=0.01s Sys=0.00s Real=0.01s
[2026-07-19T20:18:13.748+0000][0.152s][info][gc,start       ] GC(14) Pause Full (Ergonomics)
[2026-07-19T20:18:13.748+0000][0.152s][info][gc,phases,start] GC(14) Marking Phase
[2026-07-19T20:18:13.751+0000][0.155s][info][gc,phases      ] GC(14) Marking Phase 2.513ms
[2026-07-19T20:18:13.751+0000][0.155s][info][gc,phases,start] GC(14) Summary Phase
[2026-07-19T20:18:13.751+0000][0.155s][info][gc,phases      ] GC(14) Summary Phase 0.026ms
[2026-07-19T20:18:13.751+0000][0.155s][info][gc,phases,start] GC(14) Adjust Roots
[2026-07-19T20:18:13.751+0000][0.155s][info][gc,phases      ] GC(14) Adjust Roots 0.191ms
[2026-07-19T20:18:13.751+0000][0.155s][info][gc,phases,start] GC(14) Compaction Phase
[2026-07-19T20:18:13.754+0000][0.158s][info][gc,phases      ] GC(14) Compaction Phase 2.943ms
[2026-07-19T20:18:13.754+0000][0.158s][info][gc,phases,start] GC(14) Post Compact
[2026-07-19T20:18:13.754+0000][0.158s][info][gc,phases      ] GC(14) Post Compact 0.049ms
[2026-07-19T20:18:13.754+0000][0.158s][info][gc,heap        ] GC(14) PSYoungGen: 20992K(24064K)->20478K(24064K) Eden: 20992K(20992K)->20478K(20992K) From: 0K(3072K)->0K(3072K)
[2026-07-19T20:18:13.754+0000][0.158s][info][gc,heap        ] GC(14) ParOldGen: 54292K(54784K)->54777K(54784K)
[2026-07-19T20:18:13.754+0000][0.158s][info][gc,metaspace   ] GC(14) Metaspace: 914K(1088K)->914K(1088K) NonClass: 830K(896K)->830K(896K) Class: 84K(192K)->84K(192K)
[2026-07-19T20:18:13.754+0000][0.158s][info][gc             ] GC(14) Pause Full (Ergonomics) 73M->73M(77M) 5.993ms
[2026-07-19T20:18:13.754+0000][0.158s][info][gc,cpu         ] GC(14) User=0.01s Sys=0.00s Real=0.00s
[2026-07-19T20:18:13.754+0000][0.158s][info][gc,start       ] GC(15) Pause Full (Ergonomics)
[2026-07-19T20:18:13.754+0000][0.158s][info][gc,phases,start] GC(15) Marking Phase
[2026-07-19T20:18:13.757+0000][0.161s][info][gc,phases      ] GC(15) Marking Phase 2.405ms
[2026-07-19T20:18:13.757+0000][0.161s][info][gc,phases,start] GC(15) Summary Phase
[2026-07-19T20:18:13.757+0000][0.161s][info][gc,phases      ] GC(15) Summary Phase 0.060ms
[2026-07-19T20:18:13.757+0000][0.161s][info][gc,phases,start] GC(15) Adjust Roots
[2026-07-19T20:18:13.757+0000][0.161s][info][gc,phases      ] GC(15) Adjust Roots 0.146ms
[2026-07-19T20:18:13.757+0000][0.161s][info][gc,phases,start] GC(15) Compaction Phase
[2026-07-19T20:18:13.759+0000][0.163s][info][gc,phases      ] GC(15) Compaction Phase 1.940ms
[2026-07-19T20:18:13.759+0000][0.163s][info][gc,phases,start] GC(15) Post Compact
[2026-07-19T20:18:13.759+0000][0.163s][info][gc,phases      ] GC(15) Post Compact 0.049ms
[2026-07-19T20:18:13.759+0000][0.163s][info][gc,heap        ] GC(15) PSYoungGen: 20991K(24064K)->20956K(24064K) Eden: 20991K(20992K)->20956K(20992K) From: 0K(3072K)->0K(3072K)
[2026-07-19T20:18:13.759+0000][0.163s][info][gc,heap        ] GC(15) ParOldGen: 54777K(54784K)->54299K(54784K)
[2026-07-19T20:18:13.759+0000][0.163s][info][gc,metaspace   ] GC(15) Metaspace: 914K(1088K)->914K(1088K) NonClass: 830K(896K)->830K(896K) Class: 84K(192K)->84K(192K)
[2026-07-19T20:18:13.759+0000][0.163s][info][gc             ] GC(15) Pause Full (Ergonomics) 73M->73M(77M) 4.868ms
[2026-07-19T20:18:13.759+0000][0.163s][info][gc,cpu         ] GC(15) User=0.01s Sys=0.00s Real=0.01s
[2026-07-19T20:18:13.759+0000][0.163s][info][gc,start       ] GC(16) Pause Full (Ergonomics)
[2026-07-19T20:18:13.759+0000][0.163s][info][gc,phases,start] GC(16) Marking Phase
[2026-07-19T20:18:13.762+0000][0.166s][info][gc,phases      ] GC(16) Marking Phase 2.388ms
[2026-07-19T20:18:13.762+0000][0.166s][info][gc,phases,start] GC(16) Summary Phase
[2026-07-19T20:18:13.762+0000][0.166s][info][gc,phases      ] GC(16) Summary Phase 0.027ms
[2026-07-19T20:18:13.762+0000][0.166s][info][gc,phases,start] GC(16) Adjust Roots
[2026-07-19T20:18:13.762+0000][0.166s][info][gc,phases      ] GC(16) Adjust Roots 0.151ms
[2026-07-19T20:18:13.762+0000][0.166s][info][gc,phases,start] GC(16) Compaction Phase
[2026-07-19T20:18:13.764+0000][0.168s][info][gc,phases      ] GC(16) Compaction Phase 1.831ms
[2026-07-19T20:18:13.764+0000][0.168s][info][gc,phases,start] GC(16) Post Compact
[2026-07-19T20:18:13.764+0000][0.168s][info][gc,phases      ] GC(16) Post Compact 0.049ms
[2026-07-19T20:18:13.764+0000][0.168s][info][gc,heap        ] GC(16) PSYoungGen: 20992K(24064K)->20989K(24064K) Eden: 20992K(20992K)->20989K(20992K) From: 0K(3072K)->0K(3072K)
[2026-07-19T20:18:13.764+0000][0.168s][info][gc,heap        ] GC(16) ParOldGen: 54299K(54784K)->54266K(54784K)
[2026-07-19T20:18:13.764+0000][0.168s][info][gc,metaspace   ] GC(16) Metaspace: 914K(1088K)->914K(1088K) NonClass: 830K(896K)->830K(896K) Class: 84K(192K)->84K(192K)
[2026-07-19T20:18:13.764+0000][0.168s][info][gc             ] GC(16) Pause Full (Ergonomics) 73M->73M(77M) 4.716ms
[2026-07-19T20:18:13.764+0000][0.168s][info][gc,cpu         ] GC(16) User=0.01s Sys=0.00s Real=0.00s
[2026-07-19T20:18:13.765+0000][0.169s][info][gc,start       ] GC(17) Pause Full (Ergonomics)
[2026-07-19T20:18:13.765+0000][0.169s][info][gc,phases,start] GC(17) Marking Phase
[2026-07-19T20:18:13.767+0000][0.171s][info][gc,phases      ] GC(17) Marking Phase 2.293ms
[2026-07-19T20:18:13.767+0000][0.171s][info][gc,phases,start] GC(17) Summary Phase
[2026-07-19T20:18:13.767+0000][0.171s][info][gc,phases      ] GC(17) Summary Phase 0.027ms
[2026-07-19T20:18:13.767+0000][0.171s][info][gc,phases,start] GC(17) Adjust Roots
[2026-07-19T20:18:13.767+0000][0.172s][info][gc,phases      ] GC(17) Adjust Roots 0.154ms
[2026-07-19T20:18:13.768+0000][0.172s][info][gc,phases,start] GC(17) Compaction Phase
[2026-07-19T20:18:13.769+0000][0.173s][info][gc,phases      ] GC(17) Compaction Phase 1.661ms
[2026-07-19T20:18:13.769+0000][0.173s][info][gc,phases,start] GC(17) Post Compact
[2026-07-19T20:18:13.769+0000][0.173s][info][gc,phases      ] GC(17) Post Compact 0.050ms
[2026-07-19T20:18:13.769+0000][0.173s][info][gc,heap        ] GC(17) PSYoungGen: 20991K(24064K)->20991K(24064K) Eden: 20991K(20992K)->20991K(20992K) From: 0K(3072K)->0K(3072K)
[2026-07-19T20:18:13.769+0000][0.173s][info][gc,heap        ] GC(17) ParOldGen: 54266K(54784K)->54264K(54784K)
[2026-07-19T20:18:13.769+0000][0.173s][info][gc,metaspace   ] GC(17) Metaspace: 914K(1088K)->914K(1088K) NonClass: 830K(896K)->830K(896K) Class: 84K(192K)->84K(192K)
[2026-07-19T20:18:13.769+0000][0.173s][info][gc             ] GC(17) Pause Full (Ergonomics) 73M->73M(77M) 4.495ms
[2026-07-19T20:18:13.769+0000][0.173s][info][gc,cpu         ] GC(17) User=0.00s Sys=0.00s Real=0.01s
[2026-07-19T20:18:13.769+0000][0.174s][info][gc,start       ] GC(18) Pause Full (Ergonomics)
[2026-07-19T20:18:13.770+0000][0.174s][info][gc,phases,start] GC(18) Marking Phase
[2026-07-19T20:18:13.772+0000][0.176s][info][gc,phases      ] GC(18) Marking Phase 2.208ms
[2026-07-19T20:18:13.772+0000][0.176s][info][gc,phases,start] GC(18) Summary Phase
[2026-07-19T20:18:13.772+0000][0.176s][info][gc,phases      ] GC(18) Summary Phase 0.031ms
[2026-07-19T20:18:13.772+0000][0.176s][info][gc,phases,start] GC(18) Adjust Roots
[2026-07-19T20:18:13.772+0000][0.176s][info][gc,phases      ] GC(18) Adjust Roots 0.160ms
[2026-07-19T20:18:13.772+0000][0.176s][info][gc,phases,start] GC(18) Compaction Phase
[2026-07-19T20:18:13.774+0000][0.178s][info][gc,phases      ] GC(18) Compaction Phase 1.841ms
[2026-07-19T20:18:13.774+0000][0.178s][info][gc,phases,start] GC(18) Post Compact
[2026-07-19T20:18:13.774+0000][0.178s][info][gc,phases      ] GC(18) Post Compact 0.058ms
[2026-07-19T20:18:13.774+0000][0.178s][info][gc,heap        ] GC(18) PSYoungGen: 20991K(24064K)->20991K(24064K) Eden: 20991K(20992K)->20991K(20992K) From: 0K(3072K)->0K(3072K)
[2026-07-19T20:18:13.774+0000][0.178s][info][gc,heap        ] GC(18) ParOldGen: 54297K(54784K)->54264K(54784K)
[2026-07-19T20:18:13.774+0000][0.178s][info][gc,metaspace   ] GC(18) Metaspace: 914K(1088K)->914K(1088K) NonClass: 830K(896K)->830K(896K) Class: 84K(192K)->84K(192K)
[2026-07-19T20:18:13.774+0000][0.178s][info][gc             ] GC(18) Pause Full (Ergonomics) 73M->73M(77M) 4.594ms
[2026-07-19T20:18:13.774+0000][0.178s][info][gc,cpu         ] GC(18) User=0.01s Sys=0.00s Real=0.00s
[2026-07-19T20:18:13.775+0000][0.179s][info][gc,start       ] GC(19) Pause Full (Ergonomics)
[2026-07-19T20:18:13.775+0000][0.179s][info][gc,phases,start] GC(19) Marking Phase
[2026-07-19T20:18:13.777+0000][0.181s][info][gc,phases      ] GC(19) Marking Phase 2.076ms
[2026-07-19T20:18:13.777+0000][0.181s][info][gc,phases,start] GC(19) Summary Phase
[2026-07-19T20:18:13.777+0000][0.181s][info][gc,phases      ] GC(19) Summary Phase 0.028ms
[2026-07-19T20:18:13.777+0000][0.181s][info][gc,phases,start] GC(19) Adjust Roots
[2026-07-19T20:18:13.777+0000][0.181s][info][gc,phases      ] GC(19) Adjust Roots 0.160ms
[2026-07-19T20:18:13.777+0000][0.181s][info][gc,phases,start] GC(19) Compaction Phase
[2026-07-19T20:18:13.779+0000][0.183s][info][gc,phases      ] GC(19) Compaction Phase 2.006ms
[2026-07-19T20:18:13.779+0000][0.183s][info][gc,phases,start] GC(19) Post Compact
[2026-07-19T20:18:13.779+0000][0.183s][info][gc,phases      ] GC(19) Post Compact 0.053ms
[2026-07-19T20:18:13.779+0000][0.183s][info][gc,heap        ] GC(19) PSYoungGen: 20991K(24064K)->20991K(24064K) Eden: 20991K(20992K)->20991K(20992K) From: 0K(3072K)->0K(3072K)
[2026-07-19T20:18:13.779+0000][0.183s][info][gc,heap        ] GC(19) ParOldGen: 54297K(54784K)->54264K(54784K)
[2026-07-19T20:18:13.779+0000][0.183s][info][gc,metaspace   ] GC(19) Metaspace: 914K(1088K)->914K(1088K) NonClass: 830K(896K)->830K(896K) Class: 84K(192K)->84K(192K)
[2026-07-19T20:18:13.779+0000][0.183s][info][gc             ] GC(19) Pause Full (Ergonomics) 73M->73M(77M) 4.601ms
[2026-07-19T20:18:13.779+0000][0.183s][info][gc,cpu         ] GC(19) User=0.01s Sys=0.00s Real=0.01s
[2026-07-19T20:18:13.779+0000][0.184s][info][gc,start       ] GC(20) Pause Full (Ergonomics)
[2026-07-19T20:18:13.780+0000][0.184s][info][gc,phases,start] GC(20) Marking Phase
[2026-07-19T20:18:13.782+0000][0.186s][info][gc,phases      ] GC(20) Marking Phase 2.210ms
[2026-07-19T20:18:13.782+0000][0.186s][info][gc,phases,start] GC(20) Summary Phase
[2026-07-19T20:18:13.782+0000][0.186s][info][gc,phases      ] GC(20) Summary Phase 0.067ms
[2026-07-19T20:18:13.782+0000][0.186s][info][gc,phases,start] GC(20) Adjust Roots
[2026-07-19T20:18:13.782+0000][0.186s][info][gc,phases      ] GC(20) Adjust Roots 0.171ms
[2026-07-19T20:18:13.782+0000][0.186s][info][gc,phases,start] GC(20) Compaction Phase
[2026-07-19T20:18:13.784+0000][0.188s][info][gc,phases      ] GC(20) Compaction Phase 1.893ms
[2026-07-19T20:18:13.784+0000][0.188s][info][gc,phases,start] GC(20) Post Compact
[2026-07-19T20:18:13.784+0000][0.188s][info][gc,phases      ] GC(20) Post Compact 0.052ms
[2026-07-19T20:18:13.784+0000][0.188s][info][gc,heap        ] GC(20) PSYoungGen: 20991K(24064K)->20991K(24064K) Eden: 20991K(20992K)->20991K(20992K) From: 0K(3072K)->0K(3072K)
[2026-07-19T20:18:13.784+0000][0.188s][info][gc,heap        ] GC(20) ParOldGen: 54297K(54784K)->54264K(54784K)
[2026-07-19T20:18:13.784+0000][0.188s][info][gc,metaspace   ] GC(20) Metaspace: 914K(1088K)->914K(1088K) NonClass: 830K(896K)->830K(896K) Class: 84K(192K)->84K(192K)
[2026-07-19T20:18:13.784+0000][0.188s][info][gc             ] GC(20) Pause Full (Ergonomics) 73M->73M(77M) 4.690ms
[2026-07-19T20:18:13.784+0000][0.188s][info][gc,cpu         ] GC(20) User=0.01s Sys=0.00s Real=0.00s
[2026-07-19T20:18:13.784+0000][0.188s][info][gc,start       ] GC(21) Pause Full (Ergonomics)
[2026-07-19T20:18:13.784+0000][0.188s][info][gc,phases,start] GC(21) Marking Phase
[2026-07-19T20:18:13.787+0000][0.191s][info][gc,phases      ] GC(21) Marking Phase 2.552ms
[2026-07-19T20:18:13.787+0000][0.191s][info][gc,phases,start] GC(21) Summary Phase
[2026-07-19T20:18:13.787+0000][0.191s][info][gc,phases      ] GC(21) Summary Phase 0.028ms
[2026-07-19T20:18:13.787+0000][0.191s][info][gc,phases,start] GC(21) Adjust Roots
[2026-07-19T20:18:13.787+0000][0.191s][info][gc,phases      ] GC(21) Adjust Roots 0.188ms
[2026-07-19T20:18:13.787+0000][0.191s][info][gc,phases,start] GC(21) Compaction Phase
[2026-07-19T20:18:13.789+0000][0.193s][info][gc,phases      ] GC(21) Compaction Phase 1.983ms
[2026-07-19T20:18:13.789+0000][0.193s][info][gc,phases,start] GC(21) Post Compact
[2026-07-19T20:18:13.789+0000][0.193s][info][gc,phases      ] GC(21) Post Compact 0.048ms
[2026-07-19T20:18:13.789+0000][0.193s][info][gc,heap        ] GC(21) PSYoungGen: 20991K(24064K)->20991K(24064K) Eden: 20991K(20992K)->20991K(20992K) From: 0K(3072K)->0K(3072K)
[2026-07-19T20:18:13.789+0000][0.193s][info][gc,heap        ] GC(21) ParOldGen: 54297K(54784K)->54264K(54784K)
[2026-07-19T20:18:13.789+0000][0.193s][info][gc,metaspace   ] GC(21) Metaspace: 914K(1088K)->914K(1088K) NonClass: 830K(896K)->830K(896K) Class: 84K(192K)->84K(192K)
[2026-07-19T20:18:13.789+0000][0.193s][info][gc             ] GC(21) Pause Full (Ergonomics) 73M->73M(77M) 5.094ms
[2026-07-19T20:18:13.789+0000][0.193s][info][gc,cpu         ] GC(21) User=0.00s Sys=0.00s Real=0.01s
[2026-07-19T20:18:13.789+0000][0.193s][info][gc,start       ] GC(22) Pause Full (Ergonomics)
[2026-07-19T20:18:13.789+0000][0.194s][info][gc,phases,start] GC(22) Marking Phase
[2026-07-19T20:18:13.792+0000][0.196s][info][gc,phases      ] GC(22) Marking Phase 2.940ms
[2026-07-19T20:18:13.792+0000][0.196s][info][gc,phases,start] GC(22) Summary Phase
[2026-07-19T20:18:13.792+0000][0.197s][info][gc,phases      ] GC(22) Summary Phase 0.024ms
[2026-07-19T20:18:13.792+0000][0.197s][info][gc,phases,start] GC(22) Adjust Roots
[2026-07-19T20:18:13.793+0000][0.197s][info][gc,phases      ] GC(22) Adjust Roots 0.165ms
[2026-07-19T20:18:13.793+0000][0.197s][info][gc,phases,start] GC(22) Compaction Phase
[2026-07-19T20:18:13.795+0000][0.199s][info][gc,phases      ] GC(22) Compaction Phase 1.914ms
[2026-07-19T20:18:13.795+0000][0.199s][info][gc,phases,start] GC(22) Post Compact
[2026-07-19T20:18:13.795+0000][0.199s][info][gc,phases      ] GC(22) Post Compact 0.049ms
[2026-07-19T20:18:13.795+0000][0.199s][info][gc,heap        ] GC(22) PSYoungGen: 20991K(24064K)->20991K(24064K) Eden: 20991K(20992K)->20991K(20992K) From: 0K(3072K)->0K(3072K)
[2026-07-19T20:18:13.795+0000][0.199s][info][gc,heap        ] GC(22) ParOldGen: 54297K(54784K)->54264K(54784K)
[2026-07-19T20:18:13.795+0000][0.199s][info][gc,metaspace   ] GC(22) Metaspace: 914K(1088K)->914K(1088K) NonClass: 830K(896K)->830K(896K) Class: 84K(192K)->84K(192K)
[2026-07-19T20:18:13.795+0000][0.199s][info][gc             ] GC(22) Pause Full (Ergonomics) 73M->73M(77M) 5.412ms
[2026-07-19T20:18:13.795+0000][0.199s][info][gc,cpu         ] GC(22) User=0.01s Sys=0.00s Real=0.00s
[2026-07-19T20:18:13.795+0000][0.199s][info][gc,start       ] GC(23) Pause Full (Ergonomics)
[2026-07-19T20:18:13.795+0000][0.199s][info][gc,phases,start] GC(23) Marking Phase
[2026-07-19T20:18:13.798+0000][0.202s][info][gc,phases      ] GC(23) Marking Phase 3.052ms
[2026-07-19T20:18:13.798+0000][0.202s][info][gc,phases,start] GC(23) Summary Phase
[2026-07-19T20:18:13.798+0000][0.202s][info][gc,phases      ] GC(23) Summary Phase 0.029ms
[2026-07-19T20:18:13.798+0000][0.202s][info][gc,phases,start] GC(23) Adjust Roots
[2026-07-19T20:18:13.798+0000][0.202s][info][gc,phases      ] GC(23) Adjust Roots 0.166ms
[2026-07-19T20:18:13.798+0000][0.202s][info][gc,phases,start] GC(23) Compaction Phase
[2026-07-19T20:18:13.800+0000][0.204s][info][gc,phases      ] GC(23) Compaction Phase 1.947ms
[2026-07-19T20:18:13.800+0000][0.204s][info][gc,phases,start] GC(23) Post Compact
[2026-07-19T20:18:13.800+0000][0.204s][info][gc,phases      ] GC(23) Post Compact 0.050ms
[2026-07-19T20:18:13.800+0000][0.204s][info][gc,heap        ] GC(23) PSYoungGen: 20991K(24064K)->20991K(24064K) Eden: 20991K(20992K)->20991K(20992K) From: 0K(3072K)->0K(3072K)
[2026-07-19T20:18:13.800+0000][0.204s][info][gc,heap        ] GC(23) ParOldGen: 54297K(54784K)->54264K(54784K)
[2026-07-19T20:18:13.800+0000][0.204s][info][gc,metaspace   ] GC(23) Metaspace: 914K(1088K)->914K(1088K) NonClass: 830K(896K)->830K(896K) Class: 84K(192K)->84K(192K)
[2026-07-19T20:18:13.800+0000][0.205s][info][gc             ] GC(23) Pause Full (Ergonomics) 73M->73M(77M) 5.533ms
[2026-07-19T20:18:13.800+0000][0.205s][info][gc,cpu         ] GC(23) User=0.01s Sys=0.00s Real=0.01s
[2026-07-19T20:18:13.801+0000][0.205s][info][gc,start       ] GC(24) Pause Full (Ergonomics)
[2026-07-19T20:18:13.801+0000][0.205s][info][gc,phases,start] GC(24) Marking Phase
[2026-07-19T20:18:13.804+0000][0.208s][info][gc,phases      ] GC(24) Marking Phase 2.951ms
[2026-07-19T20:18:13.804+0000][0.208s][info][gc,phases,start] GC(24) Summary Phase
[2026-07-19T20:18:13.804+0000][0.208s][info][gc,phases      ] GC(24) Summary Phase 0.032ms
[2026-07-19T20:18:13.804+0000][0.208s][info][gc,phases,start] GC(24) Adjust Roots
[2026-07-19T20:18:13.804+0000][0.208s][info][gc,phases      ] GC(24) Adjust Roots 0.158ms
[2026-07-19T20:18:13.804+0000][0.208s][info][gc,phases,start] GC(24) Compaction Phase
[2026-07-19T20:18:13.806+0000][0.210s][info][gc,phases      ] GC(24) Compaction Phase 1.872ms
[2026-07-19T20:18:13.806+0000][0.210s][info][gc,phases,start] GC(24) Post Compact
[2026-07-19T20:18:13.806+0000][0.210s][info][gc,phases      ] GC(24) Post Compact 0.048ms
[2026-07-19T20:18:13.806+0000][0.210s][info][gc,heap        ] GC(24) PSYoungGen: 20991K(24064K)->20991K(24064K) Eden: 20991K(20992K)->20991K(20992K) From: 0K(3072K)->0K(3072K)
[2026-07-19T20:18:13.806+0000][0.210s][info][gc,heap        ] GC(24) ParOldGen: 54297K(54784K)->54264K(54784K)
[2026-07-19T20:18:13.806+0000][0.210s][info][gc,metaspace   ] GC(24) Metaspace: 914K(1088K)->914K(1088K) NonClass: 830K(896K)->830K(896K) Class: 84K(192K)->84K(192K)
[2026-07-19T20:18:13.806+0000][0.210s][info][gc             ] GC(24) Pause Full (Ergonomics) 73M->73M(77M) 5.332ms
[2026-07-19T20:18:13.806+0000][0.210s][info][gc,cpu         ] GC(24) User=0.01s Sys=0.00s Real=0.00s
[2026-07-19T20:18:13.806+0000][0.210s][info][gc,start       ] GC(25) Pause Full (Ergonomics)
[2026-07-19T20:18:13.806+0000][0.210s][info][gc,phases,start] GC(25) Marking Phase
[2026-07-19T20:18:13.808+0000][0.212s][info][gc,phases      ] GC(25) Marking Phase 2.330ms
[2026-07-19T20:18:13.808+0000][0.212s][info][gc,phases,start] GC(25) Summary Phase
[2026-07-19T20:18:13.808+0000][0.212s][info][gc,phases      ] GC(25) Summary Phase 0.058ms
[2026-07-19T20:18:13.808+0000][0.212s][info][gc,phases,start] GC(25) Adjust Roots
[2026-07-19T20:18:13.809+0000][0.213s][info][gc,phases      ] GC(25) Adjust Roots 0.161ms
[2026-07-19T20:18:13.809+0000][0.213s][info][gc,phases,start] GC(25) Compaction Phase
[2026-07-19T20:18:13.810+0000][0.215s][info][gc,phases      ] GC(25) Compaction Phase 1.851ms
[2026-07-19T20:18:13.811+0000][0.215s][info][gc,phases,start] GC(25) Post Compact
[2026-07-19T20:18:13.811+0000][0.215s][info][gc,phases      ] GC(25) Post Compact 0.048ms
[2026-07-19T20:18:13.811+0000][0.215s][info][gc,heap        ] GC(25) PSYoungGen: 20991K(24064K)->20991K(24064K) Eden: 20991K(20992K)->20991K(20992K) From: 0K(3072K)->0K(3072K)
[2026-07-19T20:18:13.811+0000][0.215s][info][gc,heap        ] GC(25) ParOldGen: 54297K(54784K)->54264K(54784K)
[2026-07-19T20:18:13.811+0000][0.215s][info][gc,metaspace   ] GC(25) Metaspace: 914K(1088K)->914K(1088K) NonClass: 830K(896K)->830K(896K) Class: 84K(192K)->84K(192K)
[2026-07-19T20:18:13.811+0000][0.215s][info][gc             ] GC(25) Pause Full (Ergonomics) 73M->73M(77M) 4.698ms
[2026-07-19T20:18:13.811+0000][0.215s][info][gc,cpu         ] GC(25) User=0.01s Sys=0.00s Real=0.01s
[2026-07-19T20:18:13.811+0000][0.215s][info][gc,start       ] GC(26) Pause Full (Ergonomics)
[2026-07-19T20:18:13.811+0000][0.215s][info][gc,phases,start] GC(26) Marking Phase
[2026-07-19T20:18:13.813+0000][0.217s][info][gc,phases      ] GC(26) Marking Phase 2.277ms
[2026-07-19T20:18:13.813+0000][0.217s][info][gc,phases,start] GC(26) Summary Phase
[2026-07-19T20:18:13.813+0000][0.217s][info][gc,phases      ] GC(26) Summary Phase 0.069ms
[2026-07-19T20:18:13.813+0000][0.217s][info][gc,phases,start] GC(26) Adjust Roots
[2026-07-19T20:18:13.813+0000][0.217s][info][gc,phases      ] GC(26) Adjust Roots 0.202ms
[2026-07-19T20:18:13.813+0000][0.218s][info][gc,phases,start] GC(26) Compaction Phase
[2026-07-19T20:18:13.816+0000][0.220s][info][gc,phases      ] GC(26) Compaction Phase 2.093ms
[2026-07-19T20:18:13.816+0000][0.220s][info][gc,phases,start] GC(26) Post Compact
[2026-07-19T20:18:13.816+0000][0.220s][info][gc,phases      ] GC(26) Post Compact 0.061ms
[2026-07-19T20:18:13.816+0000][0.220s][info][gc,heap        ] GC(26) PSYoungGen: 20991K(24064K)->20991K(24064K) Eden: 20991K(20992K)->20991K(20992K) From: 0K(3072K)->0K(3072K)
[2026-07-19T20:18:13.816+0000][0.220s][info][gc,heap        ] GC(26) ParOldGen: 54297K(54784K)->54264K(54784K)
[2026-07-19T20:18:13.816+0000][0.220s][info][gc,metaspace   ] GC(26) Metaspace: 914K(1088K)->914K(1088K) NonClass: 830K(896K)->830K(896K) Class: 84K(192K)->84K(192K)
[2026-07-19T20:18:13.816+0000][0.220s][info][gc             ] GC(26) Pause Full (Ergonomics) 73M->73M(77M) 5.022ms
[2026-07-19T20:18:13.816+0000][0.220s][info][gc,cpu         ] GC(26) User=0.01s Sys=0.00s Real=0.00s
[2026-07-19T20:18:13.817+0000][0.221s][info][gc,start       ] GC(27) Pause Full (Ergonomics)
[2026-07-19T20:18:13.817+0000][0.221s][info][gc,phases,start] GC(27) Marking Phase
[2026-07-19T20:18:13.820+0000][0.224s][info][gc,phases      ] GC(27) Marking Phase 2.650ms
[2026-07-19T20:18:13.820+0000][0.224s][info][gc,phases,start] GC(27) Summary Phase
[2026-07-19T20:18:13.820+0000][0.224s][info][gc,phases      ] GC(27) Summary Phase 0.025ms
[2026-07-19T20:18:13.820+0000][0.224s][info][gc,phases,start] GC(27) Adjust Roots
[2026-07-19T20:18:13.820+0000][0.224s][info][gc,phases      ] GC(27) Adjust Roots 0.166ms
[2026-07-19T20:18:13.820+0000][0.224s][info][gc,phases,start] GC(27) Compaction Phase
[2026-07-19T20:18:13.822+0000][0.226s][info][gc,phases      ] GC(27) Compaction Phase 1.841ms
[2026-07-19T20:18:13.822+0000][0.226s][info][gc,phases,start] GC(27) Post Compact
[2026-07-19T20:18:13.822+0000][0.226s][info][gc,phases      ] GC(27) Post Compact 0.051ms
[2026-07-19T20:18:13.822+0000][0.226s][info][gc,heap        ] GC(27) PSYoungGen: 20991K(24064K)->20991K(24064K) Eden: 20991K(20992K)->20991K(20992K) From: 0K(3072K)->0K(3072K)
[2026-07-19T20:18:13.822+0000][0.226s][info][gc,heap        ] GC(27) ParOldGen: 54297K(54784K)->54264K(54784K)
[2026-07-19T20:18:13.822+0000][0.226s][info][gc,metaspace   ] GC(27) Metaspace: 914K(1088K)->914K(1088K) NonClass: 830K(896K)->830K(896K) Class: 84K(192K)->84K(192K)
[2026-07-19T20:18:13.822+0000][0.226s][info][gc             ] GC(27) Pause Full (Ergonomics) 73M->73M(77M) 5.046ms
[2026-07-19T20:18:13.822+0000][0.226s][info][gc,cpu         ] GC(27) User=0.01s Sys=0.00s Real=0.01s
[2026-07-19T20:18:13.822+0000][0.226s][info][gc,start       ] GC(28) Pause Full (Ergonomics)
[2026-07-19T20:18:13.822+0000][0.226s][info][gc,phases,start] GC(28) Marking Phase
[2026-07-19T20:18:13.824+0000][0.228s][info][gc,phases      ] GC(28) Marking Phase 2.266ms
[2026-07-19T20:18:13.824+0000][0.228s][info][gc,phases,start] GC(28) Summary Phase
[2026-07-19T20:18:13.824+0000][0.228s][info][gc,phases      ] GC(28) Summary Phase 0.025ms
[2026-07-19T20:18:13.824+0000][0.229s][info][gc,phases,start] GC(28) Adjust Roots
[2026-07-19T20:18:13.825+0000][0.229s][info][gc,phases      ] GC(28) Adjust Roots 0.152ms
[2026-07-19T20:18:13.825+0000][0.229s][info][gc,phases,start] GC(28) Compaction Phase
[2026-07-19T20:18:13.826+0000][0.231s][info][gc,phases      ] GC(28) Compaction Phase 1.841ms
[2026-07-19T20:18:13.827+0000][0.231s][info][gc,phases,start] GC(28) Post Compact
[2026-07-19T20:18:13.827+0000][0.231s][info][gc,phases      ] GC(28) Post Compact 0.048ms
[2026-07-19T20:18:13.827+0000][0.231s][info][gc,heap        ] GC(28) PSYoungGen: 20991K(24064K)->20991K(24064K) Eden: 20991K(20992K)->20991K(20992K) From: 0K(3072K)->0K(3072K)
[2026-07-19T20:18:13.827+0000][0.231s][info][gc,heap        ] GC(28) ParOldGen: 54297K(54784K)->54264K(54784K)
[2026-07-19T20:18:13.827+0000][0.231s][info][gc,metaspace   ] GC(28) Metaspace: 914K(1088K)->914K(1088K) NonClass: 830K(896K)->830K(896K) Class: 84K(192K)->84K(192K)
[2026-07-19T20:18:13.827+0000][0.231s][info][gc             ] GC(28) Pause Full (Ergonomics) 73M->73M(77M) 4.602ms
[2026-07-19T20:18:13.827+0000][0.231s][info][gc,cpu         ] GC(28) User=0.00s Sys=0.00s Real=0.00s
[2026-07-19T20:18:13.827+0000][0.231s][info][gc,start       ] GC(29) Pause Full (Ergonomics)
[2026-07-19T20:18:13.827+0000][0.231s][info][gc,phases,start] GC(29) Marking Phase
[2026-07-19T20:18:13.829+0000][0.233s][info][gc,phases      ] GC(29) Marking Phase 2.152ms
[2026-07-19T20:18:13.829+0000][0.233s][info][gc,phases,start] GC(29) Summary Phase
[2026-07-19T20:18:13.829+0000][0.233s][info][gc,phases      ] GC(29) Summary Phase 0.027ms
[2026-07-19T20:18:13.829+0000][0.233s][info][gc,phases,start] GC(29) Adjust Roots
[2026-07-19T20:18:13.829+0000][0.233s][info][gc,phases      ] GC(29) Adjust Roots 0.145ms
[2026-07-19T20:18:13.829+0000][0.233s][info][gc,phases,start] GC(29) Compaction Phase
[2026-07-19T20:18:13.831+0000][0.235s][info][gc,phases      ] GC(29) Compaction Phase 1.827ms
[2026-07-19T20:18:13.831+0000][0.235s][info][gc,phases,start] GC(29) Post Compact
[2026-07-19T20:18:13.831+0000][0.235s][info][gc,phases      ] GC(29) Post Compact 0.050ms
[2026-07-19T20:18:13.831+0000][0.235s][info][gc,heap        ] GC(29) PSYoungGen: 20991K(24064K)->20991K(24064K) Eden: 20991K(20992K)->20991K(20992K) From: 0K(3072K)->0K(3072K)
[2026-07-19T20:18:13.831+0000][0.235s][info][gc,heap        ] GC(29) ParOldGen: 54297K(54784K)->54264K(54784K)
[2026-07-19T20:18:13.831+0000][0.235s][info][gc,metaspace   ] GC(29) Metaspace: 914K(1088K)->914K(1088K) NonClass: 830K(896K)->830K(896K) Class: 84K(192K)->84K(192K)
[2026-07-19T20:18:13.831+0000][0.235s][info][gc             ] GC(29) Pause Full (Ergonomics) 73M->73M(77M) 4.469ms
[2026-07-19T20:18:13.831+0000][0.235s][info][gc,cpu         ] GC(29) User=0.01s Sys=0.00s Real=0.01s
[2026-07-19T20:18:13.832+0000][0.236s][info][gc,start       ] GC(30) Pause Full (Ergonomics)
[2026-07-19T20:18:13.832+0000][0.236s][info][gc,phases,start] GC(30) Marking Phase
[2026-07-19T20:18:13.834+0000][0.238s][info][gc,phases      ] GC(30) Marking Phase 2.362ms
[2026-07-19T20:18:13.834+0000][0.238s][info][gc,phases,start] GC(30) Summary Phase
[2026-07-19T20:18:13.834+0000][0.238s][info][gc,phases      ] GC(30) Summary Phase 0.027ms
[2026-07-19T20:18:13.834+0000][0.238s][info][gc,phases,start] GC(30) Adjust Roots
[2026-07-19T20:18:13.834+0000][0.239s][info][gc,phases      ] GC(30) Adjust Roots 0.159ms
[2026-07-19T20:18:13.834+0000][0.239s][info][gc,phases,start] GC(30) Compaction Phase
[2026-07-19T20:18:13.836+0000][0.240s][info][gc,phases      ] GC(30) Compaction Phase 1.923ms
[2026-07-19T20:18:13.836+0000][0.241s][info][gc,phases,start] GC(30) Post Compact
[2026-07-19T20:18:13.837+0000][0.241s][info][gc,phases      ] GC(30) Post Compact 0.062ms
[2026-07-19T20:18:13.837+0000][0.241s][info][gc,heap        ] GC(30) PSYoungGen: 20991K(24064K)->20991K(24064K) Eden: 20991K(20992K)->20991K(20992K) From: 0K(3072K)->0K(3072K)
[2026-07-19T20:18:13.837+0000][0.241s][info][gc,heap        ] GC(30) ParOldGen: 54297K(54784K)->54264K(54784K)
[2026-07-19T20:18:13.837+0000][0.241s][info][gc,metaspace   ] GC(30) Metaspace: 914K(1088K)->914K(1088K) NonClass: 830K(896K)->830K(896K) Class: 84K(192K)->84K(192K)
[2026-07-19T20:18:13.837+0000][0.241s][info][gc             ] GC(30) Pause Full (Ergonomics) 73M->73M(77M) 4.889ms
[2026-07-19T20:18:13.837+0000][0.241s][info][gc,cpu         ] GC(30) User=0.01s Sys=0.00s Real=0.00s
[2026-07-19T20:18:13.837+0000][0.241s][info][gc,start       ] GC(31) Pause Full (Ergonomics)
[2026-07-19T20:18:13.837+0000][0.241s][info][gc,phases,start] GC(31) Marking Phase
[2026-07-19T20:18:13.839+0000][0.243s][info][gc,phases      ] GC(31) Marking Phase 2.165ms
[2026-07-19T20:18:13.839+0000][0.243s][info][gc,phases,start] GC(31) Summary Phase
[2026-07-19T20:18:13.839+0000][0.243s][info][gc,phases      ] GC(31) Summary Phase 0.025ms
[2026-07-19T20:18:13.839+0000][0.243s][info][gc,phases,start] GC(31) Adjust Roots
[2026-07-19T20:18:13.839+0000][0.243s][info][gc,phases      ] GC(31) Adjust Roots 0.155ms
[2026-07-19T20:18:13.839+0000][0.243s][info][gc,phases,start] GC(31) Compaction Phase
[2026-07-19T20:18:13.841+0000][0.245s][info][gc,phases      ] GC(31) Compaction Phase 1.891ms
[2026-07-19T20:18:13.841+0000][0.245s][info][gc,phases,start] GC(31) Post Compact
[2026-07-19T20:18:13.841+0000][0.245s][info][gc,phases      ] GC(31) Post Compact 0.050ms
[2026-07-19T20:18:13.841+0000][0.245s][info][gc,heap        ] GC(31) PSYoungGen: 20991K(24064K)->20991K(24064K) Eden: 20991K(20992K)->20991K(20992K) From: 0K(3072K)->0K(3072K)
[2026-07-19T20:18:13.841+0000][0.245s][info][gc,heap        ] GC(31) ParOldGen: 54297K(54784K)->54264K(54784K)
[2026-07-19T20:18:13.841+0000][0.245s][info][gc,metaspace   ] GC(31) Metaspace: 914K(1088K)->914K(1088K) NonClass: 830K(896K)->830K(896K) Class: 84K(192K)->84K(192K)
[2026-07-19T20:18:13.841+0000][0.245s][info][gc             ] GC(31) Pause Full (Ergonomics) 73M->73M(77M) 4.570ms
[2026-07-19T20:18:13.841+0000][0.245s][info][gc,cpu         ] GC(31) User=0.01s Sys=0.00s Real=0.01s
[2026-07-19T20:18:13.842+0000][0.246s][info][gc,start       ] GC(32) Pause Full (Ergonomics)
[2026-07-19T20:18:13.842+0000][0.246s][info][gc,phases,start] GC(32) Marking Phase
[2026-07-19T20:18:13.844+0000][0.248s][info][gc,phases      ] GC(32) Marking Phase 2.261ms
[2026-07-19T20:18:13.844+0000][0.248s][info][gc,phases,start] GC(32) Summary Phase
[2026-07-19T20:18:13.844+0000][0.248s][info][gc,phases      ] GC(32) Summary Phase 0.026ms
[2026-07-19T20:18:13.844+0000][0.248s][info][gc,phases,start] GC(32) Adjust Roots
[2026-07-19T20:18:13.844+0000][0.248s][info][gc,phases      ] GC(32) Adjust Roots 0.152ms
[2026-07-19T20:18:13.844+0000][0.248s][info][gc,phases,start] GC(32) Compaction Phase
[2026-07-19T20:18:13.846+0000][0.250s][info][gc,phases      ] GC(32) Compaction Phase 1.932ms
[2026-07-19T20:18:13.846+0000][0.250s][info][gc,phases,start] GC(32) Post Compact
[2026-07-19T20:18:13.846+0000][0.250s][info][gc,phases      ] GC(32) Post Compact 0.068ms
[2026-07-19T20:18:13.846+0000][0.250s][info][gc,heap        ] GC(32) PSYoungGen: 20991K(24064K)->20991K(24064K) Eden: 20991K(20992K)->20991K(20992K) From: 0K(3072K)->0K(3072K)
[2026-07-19T20:18:13.846+0000][0.250s][info][gc,heap        ] GC(32) ParOldGen: 54297K(54784K)->54264K(54784K)
[2026-07-19T20:18:13.846+0000][0.251s][info][gc,metaspace   ] GC(32) Metaspace: 914K(1088K)->914K(1088K) NonClass: 830K(896K)->830K(896K) Class: 84K(192K)->84K(192K)
[2026-07-19T20:18:13.847+0000][0.251s][info][gc             ] GC(32) Pause Full (Ergonomics) 73M->73M(77M) 4.786ms
[2026-07-19T20:18:13.847+0000][0.251s][info][gc,cpu         ] GC(32) User=0.00s Sys=0.00s Real=0.00s
[2026-07-19T20:18:13.847+0000][0.251s][info][gc,start       ] GC(33) Pause Full (Ergonomics)
[2026-07-19T20:18:13.847+0000][0.251s][info][gc,phases,start] GC(33) Marking Phase
[2026-07-19T20:18:13.849+0000][0.253s][info][gc,phases      ] GC(33) Marking Phase 2.261ms
[2026-07-19T20:18:13.849+0000][0.253s][info][gc,phases,start] GC(33) Summary Phase
[2026-07-19T20:18:13.849+0000][0.253s][info][gc,phases      ] GC(33) Summary Phase 0.042ms
[2026-07-19T20:18:13.849+0000][0.253s][info][gc,phases,start] GC(33) Adjust Roots
[2026-07-19T20:18:13.849+0000][0.253s][info][gc,phases      ] GC(33) Adjust Roots 0.228ms
[2026-07-19T20:18:13.849+0000][0.253s][info][gc,phases,start] GC(33) Compaction Phase
[2026-07-19T20:18:13.852+0000][0.256s][info][gc,phases      ] GC(33) Compaction Phase 2.234ms
[2026-07-19T20:18:13.852+0000][0.256s][info][gc,phases,start] GC(33) Post Compact
[2026-07-19T20:18:13.852+0000][0.256s][info][gc,phases      ] GC(33) Post Compact 0.060ms
[2026-07-19T20:18:13.852+0000][0.256s][info][gc,heap        ] GC(33) PSYoungGen: 20991K(24064K)->20991K(24064K) Eden: 20991K(20992K)->20991K(20992K) From: 0K(3072K)->0K(3072K)
[2026-07-19T20:18:13.852+0000][0.256s][info][gc,heap        ] GC(33) ParOldGen: 54297K(54784K)->54264K(54784K)
[2026-07-19T20:18:13.852+0000][0.256s][info][gc,metaspace   ] GC(33) Metaspace: 914K(1088K)->914K(1088K) NonClass: 830K(896K)->830K(896K) Class: 84K(192K)->84K(192K)
[2026-07-19T20:18:13.852+0000][0.256s][info][gc             ] GC(33) Pause Full (Ergonomics) 73M->73M(77M) 5.188ms
[2026-07-19T20:18:13.852+0000][0.256s][info][gc,cpu         ] GC(33) User=0.01s Sys=0.00s Real=0.01s
[2026-07-19T20:18:13.853+0000][0.257s][info][gc,start       ] GC(34) Pause Full (Ergonomics)
[2026-07-19T20:18:13.853+0000][0.257s][info][gc,phases,start] GC(34) Marking Phase
[2026-07-19T20:18:13.856+0000][0.260s][info][gc,phases      ] GC(34) Marking Phase 2.775ms
[2026-07-19T20:18:13.856+0000][0.260s][info][gc,phases,start] GC(34) Summary Phase
[2026-07-19T20:18:13.856+0000][0.260s][info][gc,phases      ] GC(34) Summary Phase 0.023ms
[2026-07-19T20:18:13.856+0000][0.260s][info][gc,phases,start] GC(34) Adjust Roots
[2026-07-19T20:18:13.856+0000][0.260s][info][gc,phases      ] GC(34) Adjust Roots 0.157ms
[2026-07-19T20:18:13.856+0000][0.260s][info][gc,phases,start] GC(34) Compaction Phase
[2026-07-19T20:18:13.858+0000][0.262s][info][gc,phases      ] GC(34) Compaction Phase 1.898ms
[2026-07-19T20:18:13.858+0000][0.262s][info][gc,phases,start] GC(34) Post Compact
[2026-07-19T20:18:13.858+0000][0.262s][info][gc,phases      ] GC(34) Post Compact 0.052ms
[2026-07-19T20:18:13.858+0000][0.262s][info][gc,heap        ] GC(34) PSYoungGen: 20991K(24064K)->20991K(24064K) Eden: 20991K(20992K)->20991K(20992K) From: 0K(3072K)->0K(3072K)
[2026-07-19T20:18:13.858+0000][0.262s][info][gc,heap        ] GC(34) ParOldGen: 54297K(54784K)->54264K(54784K)
[2026-07-19T20:18:13.858+0000][0.262s][info][gc,metaspace   ] GC(34) Metaspace: 914K(1088K)->914K(1088K) NonClass: 830K(896K)->830K(896K) Class: 84K(192K)->84K(192K)
[2026-07-19T20:18:13.858+0000][0.262s][info][gc             ] GC(34) Pause Full (Ergonomics) 73M->73M(77M) 5.173ms
[2026-07-19T20:18:13.858+0000][0.262s][info][gc,cpu         ] GC(34) User=0.01s Sys=0.00s Real=0.01s
[2026-07-19T20:18:13.859+0000][0.263s][info][gc,start       ] GC(35) Pause Full (Ergonomics)
[2026-07-19T20:18:13.859+0000][0.263s][info][gc,phases,start] GC(35) Marking Phase
[2026-07-19T20:18:13.861+0000][0.265s][info][gc,phases      ] GC(35) Marking Phase 2.336ms
[2026-07-19T20:18:13.861+0000][0.265s][info][gc,phases,start] GC(35) Summary Phase
[2026-07-19T20:18:13.861+0000][0.265s][info][gc,phases      ] GC(35) Summary Phase 0.025ms
[2026-07-19T20:18:13.861+0000][0.265s][info][gc,phases,start] GC(35) Adjust Roots
[2026-07-19T20:18:13.862+0000][0.266s][info][gc,phases      ] GC(35) Adjust Roots 0.144ms
[2026-07-19T20:18:13.862+0000][0.266s][info][gc,phases,start] GC(35) Compaction Phase
[2026-07-19T20:18:13.863+0000][0.267s][info][gc,phases      ] GC(35) Compaction Phase 1.850ms
[2026-07-19T20:18:13.863+0000][0.267s][info][gc,phases,start] GC(35) Post Compact
[2026-07-19T20:18:13.863+0000][0.268s][info][gc,phases      ] GC(35) Post Compact 0.048ms
[2026-07-19T20:18:13.864+0000][0.268s][info][gc,heap        ] GC(35) PSYoungGen: 20991K(24064K)->20991K(24064K) Eden: 20991K(20992K)->20991K(20992K) From: 0K(3072K)->0K(3072K)
[2026-07-19T20:18:13.864+0000][0.268s][info][gc,heap        ] GC(35) ParOldGen: 54297K(54784K)->54264K(54784K)
[2026-07-19T20:18:13.864+0000][0.268s][info][gc,metaspace   ] GC(35) Metaspace: 914K(1088K)->914K(1088K) NonClass: 830K(896K)->830K(896K) Class: 84K(192K)->84K(192K)
[2026-07-19T20:18:13.864+0000][0.268s][info][gc             ] GC(35) Pause Full (Ergonomics) 73M->73M(77M) 4.712ms
[2026-07-19T20:18:13.864+0000][0.268s][info][gc,cpu         ] GC(35) User=0.01s Sys=0.00s Real=0.00s
[2026-07-19T20:18:13.865+0000][0.269s][info][gc,start       ] GC(36) Pause Full (Ergonomics)
[2026-07-19T20:18:13.865+0000][0.269s][info][gc,phases,start] GC(36) Marking Phase
[2026-07-19T20:18:13.867+0000][0.271s][info][gc,phases      ] GC(36) Marking Phase 2.151ms
[2026-07-19T20:18:13.867+0000][0.271s][info][gc,phases,start] GC(36) Summary Phase
[2026-07-19T20:18:13.867+0000][0.271s][info][gc,phases      ] GC(36) Summary Phase 0.029ms
[2026-07-19T20:18:13.867+0000][0.271s][info][gc,phases,start] GC(36) Adjust Roots
[2026-07-19T20:18:13.867+0000][0.271s][info][gc,phases      ] GC(36) Adjust Roots 0.142ms
[2026-07-19T20:18:13.867+0000][0.272s][info][gc,phases,start] GC(36) Compaction Phase
[2026-07-19T20:18:13.869+0000][0.273s][info][gc,phases      ] GC(36) Compaction Phase 1.851ms
[2026-07-19T20:18:13.869+0000][0.273s][info][gc,phases,start] GC(36) Post Compact
[2026-07-19T20:18:13.869+0000][0.273s][info][gc,phases      ] GC(36) Post Compact 0.049ms
[2026-07-19T20:18:13.869+0000][0.273s][info][gc,heap        ] GC(36) PSYoungGen: 20991K(24064K)->20991K(24064K) Eden: 20991K(20992K)->20991K(20992K) From: 0K(3072K)->0K(3072K)
[2026-07-19T20:18:13.869+0000][0.274s][info][gc,heap        ] GC(36) ParOldGen: 54297K(54784K)->54264K(54784K)
[2026-07-19T20:18:13.869+0000][0.274s][info][gc,metaspace   ] GC(36) Metaspace: 914K(1088K)->914K(1088K) NonClass: 830K(896K)->830K(896K) Class: 84K(192K)->84K(192K)
[2026-07-19T20:18:13.870+0000][0.274s][info][gc             ] GC(36) Pause Full (Ergonomics) 73M->73M(77M) 4.496ms
[2026-07-19T20:18:13.870+0000][0.274s][info][gc,cpu         ] GC(36) User=0.01s Sys=0.00s Real=0.01s
[2026-07-19T20:18:13.870+0000][0.274s][info][gc,start       ] GC(37) Pause Full (Ergonomics)
[2026-07-19T20:18:13.870+0000][0.274s][info][gc,phases,start] GC(37) Marking Phase
[2026-07-19T20:18:13.872+0000][0.276s][info][gc,phases      ] GC(37) Marking Phase 2.160ms
[2026-07-19T20:18:13.872+0000][0.276s][info][gc,phases,start] GC(37) Summary Phase
[2026-07-19T20:18:13.872+0000][0.276s][info][gc,phases      ] GC(37) Summary Phase 0.026ms
[2026-07-19T20:18:13.872+0000][0.276s][info][gc,phases,start] GC(37) Adjust Roots
[2026-07-19T20:18:13.872+0000][0.276s][info][gc,phases      ] GC(37) Adjust Roots 0.148ms
[2026-07-19T20:18:13.872+0000][0.276s][info][gc,phases,start] GC(37) Compaction Phase
[2026-07-19T20:18:13.874+0000][0.278s][info][gc,phases      ] GC(37) Compaction Phase 1.802ms
[2026-07-19T20:18:13.874+0000][0.278s][info][gc,phases,start] GC(37) Post Compact
[2026-07-19T20:18:13.874+0000][0.278s][info][gc,phases      ] GC(37) Post Compact 0.050ms
[2026-07-19T20:18:13.874+0000][0.278s][info][gc,heap        ] GC(37) PSYoungGen: 20991K(24064K)->20991K(24064K) Eden: 20991K(20992K)->20991K(20992K) From: 0K(3072K)->0K(3072K)
[2026-07-19T20:18:13.874+0000][0.278s][info][gc,heap        ] GC(37) ParOldGen: 54297K(54784K)->54264K(54784K)
[2026-07-19T20:18:13.874+0000][0.278s][info][gc,metaspace   ] GC(37) Metaspace: 914K(1088K)->914K(1088K) NonClass: 830K(896K)->830K(896K) Class: 84K(192K)->84K(192K)
[2026-07-19T20:18:13.874+0000][0.278s][info][gc             ] GC(37) Pause Full (Ergonomics) 73M->73M(77M) 4.487ms
[2026-07-19T20:18:13.874+0000][0.278s][info][gc,cpu         ] GC(37) User=0.01s Sys=0.00s Real=0.00s
[2026-07-19T20:18:13.874+0000][0.278s][info][gc,start       ] GC(38) Pause Full (Ergonomics)
[2026-07-19T20:18:13.874+0000][0.278s][info][gc,phases,start] GC(38) Marking Phase
[2026-07-19T20:18:13.876+0000][0.280s][info][gc,phases      ] GC(38) Marking Phase 2.071ms
[2026-07-19T20:18:13.876+0000][0.280s][info][gc,phases,start] GC(38) Summary Phase
[2026-07-19T20:18:13.876+0000][0.280s][info][gc,phases      ] GC(38) Summary Phase 0.027ms
[2026-07-19T20:18:13.876+0000][0.280s][info][gc,phases,start] GC(38) Adjust Roots
[2026-07-19T20:18:13.876+0000][0.281s][info][gc,phases      ] GC(38) Adjust Roots 0.146ms
[2026-07-19T20:18:13.877+0000][0.281s][info][gc,phases,start] GC(38) Compaction Phase
[2026-07-19T20:18:13.878+0000][0.282s][info][gc,phases      ] GC(38) Compaction Phase 1.875ms
[2026-07-19T20:18:13.878+0000][0.282s][info][gc,phases,start] GC(38) Post Compact
[2026-07-19T20:18:13.878+0000][0.283s][info][gc,phases      ] GC(38) Post Compact 0.058ms
[2026-07-19T20:18:13.879+0000][0.283s][info][gc,heap        ] GC(38) PSYoungGen: 20991K(24064K)->20991K(24064K) Eden: 20991K(20992K)->20991K(20992K) From: 0K(3072K)->0K(3072K)
[2026-07-19T20:18:13.879+0000][0.283s][info][gc,heap        ] GC(38) ParOldGen: 54297K(54784K)->54264K(54784K)
[2026-07-19T20:18:13.879+0000][0.283s][info][gc,metaspace   ] GC(38) Metaspace: 914K(1088K)->914K(1088K) NonClass: 830K(896K)->830K(896K) Class: 84K(192K)->84K(192K)
[2026-07-19T20:18:13.879+0000][0.283s][info][gc             ] GC(38) Pause Full (Ergonomics) 73M->73M(77M) 4.443ms
[2026-07-19T20:18:13.879+0000][0.283s][info][gc,cpu         ] GC(38) User=0.00s Sys=0.00s Real=0.01s
[2026-07-19T20:18:13.879+0000][0.283s][info][gc,start       ] GC(39) Pause Full (Ergonomics)
[2026-07-19T20:18:13.879+0000][0.283s][info][gc,phases,start] GC(39) Marking Phase
[2026-07-19T20:18:13.881+0000][0.285s][info][gc,phases      ] GC(39) Marking Phase 2.382ms
[2026-07-19T20:18:13.881+0000][0.285s][info][gc,phases,start] GC(39) Summary Phase
[2026-07-19T20:18:13.881+0000][0.285s][info][gc,phases      ] GC(39) Summary Phase 0.027ms
[2026-07-19T20:18:13.881+0000][0.285s][info][gc,phases,start] GC(39) Adjust Roots
[2026-07-19T20:18:13.881+0000][0.285s][info][gc,phases      ] GC(39) Adjust Roots 0.213ms
[2026-07-19T20:18:13.881+0000][0.285s][info][gc,phases,start] GC(39) Compaction Phase
[2026-07-19T20:18:13.884+0000][0.288s][info][gc,phases      ] GC(39) Compaction Phase 2.599ms
[2026-07-19T20:18:13.884+0000][0.288s][info][gc,phases,start] GC(39) Post Compact
[2026-07-19T20:18:13.884+0000][0.288s][info][gc,phases      ] GC(39) Post Compact 0.060ms
[2026-07-19T20:18:13.884+0000][0.288s][info][gc,heap        ] GC(39) PSYoungGen: 20991K(24064K)->20928K(24064K) Eden: 20991K(20992K)->20928K(20992K) From: 0K(3072K)->0K(3072K)
[2026-07-19T20:18:13.884+0000][0.288s][info][gc,heap        ] GC(39) ParOldGen: 54297K(54784K)->54263K(54784K)
[2026-07-19T20:18:13.884+0000][0.288s][info][gc,metaspace   ] GC(39) Metaspace: 914K(1088K)->900K(1088K) NonClass: 830K(896K)->820K(896K) Class: 84K(192K)->80K(192K)
[2026-07-19T20:18:13.884+0000][0.288s][info][gc             ] GC(39) Pause Full (Ergonomics) 73M->73M(77M) 5.580ms
[2026-07-19T20:18:13.884+0000][0.288s][info][gc,cpu         ] GC(39) User=0.01s Sys=0.00s Real=0.00s
[2026-07-19T20:18:13.887+0000][0.291s][info][gc,start       ] GC(40) Pause Full (Ergonomics)
[2026-07-19T20:18:13.887+0000][0.291s][info][gc,phases,start] GC(40) Marking Phase
[2026-07-19T20:18:13.890+0000][0.294s][info][gc,phases      ] GC(40) Marking Phase 3.046ms
[2026-07-19T20:18:13.890+0000][0.294s][info][gc,phases,start] GC(40) Summary Phase
[2026-07-19T20:18:13.890+0000][0.294s][info][gc,phases      ] GC(40) Summary Phase 0.028ms
[2026-07-19T20:18:13.890+0000][0.294s][info][gc,phases,start] GC(40) Adjust Roots
[2026-07-19T20:18:13.890+0000][0.294s][info][gc,phases      ] GC(40) Adjust Roots 0.281ms
[2026-07-19T20:18:13.890+0000][0.294s][info][gc,phases,start] GC(40) Compaction Phase
[2026-07-19T20:18:13.893+0000][0.297s][info][gc,phases      ] GC(40) Compaction Phase 2.570ms
[2026-07-19T20:18:13.893+0000][0.297s][info][gc,phases,start] GC(40) Post Compact
[2026-07-19T20:18:13.893+0000][0.297s][info][gc,phases      ] GC(40) Post Compact 0.048ms
[2026-07-19T20:18:13.893+0000][0.297s][info][gc,heap        ] GC(40) PSYoungGen: 20992K(24064K)->12243K(24064K) Eden: 20992K(20992K)->12243K(20992K) From: 0K(3072K)->0K(3072K)
[2026-07-19T20:18:13.893+0000][0.297s][info][gc,heap        ] GC(40) ParOldGen: 54263K(54784K)->54774K(54784K)
[2026-07-19T20:18:13.893+0000][0.297s][info][gc,metaspace   ] GC(40) Metaspace: 1005K(1152K)->1005K(1152K) NonClass: 909K(960K)->909K(960K) Class: 95K(192K)->95K(192K)
[2026-07-19T20:18:13.893+0000][0.297s][info][gc             ] GC(40) Pause Full (Ergonomics) 73M->65M(77M) 6.307ms
[2026-07-19T20:18:13.893+0000][0.297s][info][gc,cpu         ] GC(40) User=0.01s Sys=0.00s Real=0.01s
[2026-07-19T20:18:13.893+0000][0.297s][info][gc,heap,exit   ] Heap
[2026-07-19T20:18:13.893+0000][0.297s][info][gc,heap,exit   ]  PSYoungGen      total 24064K, used 12247K [0x00000000fe580000, 0x0000000100000000, 0x0000000100000000)
[2026-07-19T20:18:13.893+0000][0.297s][info][gc,heap,exit   ]   eden space 20992K, 58% used [0x00000000fe580000,0x00000000ff175ef8,0x00000000ffa00000)
[2026-07-19T20:18:13.893+0000][0.297s][info][gc,heap,exit   ]   from space 3072K, 0% used [0x00000000ffa00000,0x00000000ffa00000,0x00000000ffd00000)
[2026-07-19T20:18:13.893+0000][0.297s][info][gc,heap,exit   ]   to   space 3072K, 0% used [0x00000000ffd00000,0x00000000ffd00000,0x0000000100000000)
[2026-07-19T20:18:13.893+0000][0.297s][info][gc,heap,exit   ]  ParOldGen       total 54784K, used 54774K [0x00000000fb000000, 0x00000000fe580000, 0x00000000fe580000)
[2026-07-19T20:18:13.893+0000][0.297s][info][gc,heap,exit   ]   object space 54784K, 99% used [0x00000000fb000000,0x00000000fe57dab8,0x00000000fe580000)
[2026-07-19T20:18:13.893+0000][0.297s][info][gc,heap,exit   ]  Metaspace       used 1006K, committed 1152K, reserved 1114112K
[2026-07-19T20:18:13.893+0000][0.297s][info][gc,heap,exit   ]   class space    used 95K, committed 192K, reserved 1048576K
