[2026-07-19T20:13:45.898+0000][0.006s][info][gc,init] CardTable entry size: 512
[2026-07-19T20:13:45.898+0000][0.006s][info][gc     ] Using Parallel
[2026-07-19T20:13:45.898+0000][0.006s][info][gc,init] Version: 21.0.11+10-LTS (release)
[2026-07-19T20:13:45.898+0000][0.007s][info][gc,init] CPUs: 10 total, 10 available
[2026-07-19T20:13:45.898+0000][0.007s][info][gc,init] Memory: 7837M
[2026-07-19T20:13:45.898+0000][0.007s][info][gc,init] Large Page Support: Disabled
[2026-07-19T20:13:45.899+0000][0.007s][info][gc,init] NUMA Support: Disabled
[2026-07-19T20:13:45.899+0000][0.007s][info][gc,init] Compressed Oops: Enabled (32-bit)
[2026-07-19T20:13:45.899+0000][0.007s][info][gc,init] Alignments: Space 512K, Generation 512K, Heap 2M
[2026-07-19T20:13:45.899+0000][0.007s][info][gc,init] Heap Min Capacity: 8M
[2026-07-19T20:13:45.899+0000][0.007s][info][gc,init] Heap Initial Capacity: 80M
[2026-07-19T20:13:45.899+0000][0.007s][info][gc,init] Heap Max Capacity: 80M
[2026-07-19T20:13:45.899+0000][0.007s][info][gc,init] Pre-touch: Disabled
[2026-07-19T20:13:45.899+0000][0.007s][info][gc,init] Parallel Workers: 9
[2026-07-19T20:13:45.903+0000][0.011s][info][gc,metaspace] CDS archive(s) mapped at: [0x0000007000000000-0x0000007000cb0000-0x0000007000cb0000), size 13303808, SharedBaseAddress: 0x0000007000000000, ArchiveRelocationMode: 1.
[2026-07-19T20:13:45.903+0000][0.011s][info][gc,metaspace] Compressed class space mapped at: 0x0000007001000000-0x0000007041000000, reserved size: 1073741824
[2026-07-19T20:13:45.903+0000][0.012s][info][gc,metaspace] Narrow klass base: 0x0000007000000000, Narrow klass shift: 0, Narrow klass range: 0x100000000
[2026-07-19T20:13:45.952+0000][0.060s][info][gc,start    ] GC(0) Pause Young (Allocation Failure)
[2026-07-19T20:13:45.954+0000][0.062s][info][gc,heap     ] GC(0) PSYoungGen: 20992K(24064K)->3066K(24064K) Eden: 20992K(20992K)->0K(20992K) From: 0K(3072K)->3066K(3072K)
[2026-07-19T20:13:45.954+0000][0.062s][info][gc,heap     ] GC(0) ParOldGen: 1073K(54784K)->17097K(54784K)
[2026-07-19T20:13:45.954+0000][0.062s][info][gc,metaspace] GC(0) Metaspace: 608K(768K)->608K(768K) NonClass: 561K(640K)->561K(640K) Class: 47K(128K)->47K(128K)
[2026-07-19T20:13:45.954+0000][0.062s][info][gc          ] GC(0) Pause Young (Allocation Failure) 21M->19M(77M) 1.465ms
[2026-07-19T20:13:45.954+0000][0.062s][info][gc,cpu      ] GC(0) User=0.00s Sys=0.00s Real=0.00s
[2026-07-19T20:13:45.956+0000][0.064s][info][gc,start    ] GC(1) Pause Young (Allocation Failure)
[2026-07-19T20:13:45.958+0000][0.066s][info][gc,heap     ] GC(1) PSYoungGen: 24058K(24064K)->3050K(24064K) Eden: 20992K(20992K)->0K(20992K) From: 3066K(3072K)->3050K(3072K)
[2026-07-19T20:13:45.958+0000][0.066s][info][gc,heap     ] GC(1) ParOldGen: 17097K(54784K)->38809K(54784K)
[2026-07-19T20:13:45.958+0000][0.066s][info][gc,metaspace] GC(1) Metaspace: 608K(768K)->608K(768K) NonClass: 561K(640K)->561K(640K) Class: 47K(128K)->47K(128K)
[2026-07-19T20:13:45.958+0000][0.066s][info][gc          ] GC(1) Pause Young (Allocation Failure) 40M->40M(77M) 1.825ms
[2026-07-19T20:13:45.958+0000][0.066s][info][gc,cpu      ] GC(1) User=0.00s Sys=0.00s Real=0.01s
[2026-07-19T20:13:45.960+0000][0.068s][info][gc,start    ] GC(2) Pause Full (Ergonomics)
[2026-07-19T20:13:45.960+0000][0.068s][info][gc,phases,start] GC(2) Marking Phase
[2026-07-19T20:13:45.963+0000][0.071s][info][gc,phases      ] GC(2) Marking Phase 2.724ms
[2026-07-19T20:13:45.963+0000][0.071s][info][gc,phases,start] GC(2) Summary Phase
[2026-07-19T20:13:45.963+0000][0.071s][info][gc,phases      ] GC(2) Summary Phase 0.026ms
[2026-07-19T20:13:45.963+0000][0.071s][info][gc,phases,start] GC(2) Adjust Roots
[2026-07-19T20:13:45.963+0000][0.071s][info][gc,phases      ] GC(2) Adjust Roots 0.362ms
[2026-07-19T20:13:45.963+0000][0.071s][info][gc,phases,start] GC(2) Compaction Phase
[2026-07-19T20:13:45.967+0000][0.075s][info][gc,phases      ] GC(2) Compaction Phase 3.795ms
[2026-07-19T20:13:45.967+0000][0.075s][info][gc,phases,start] GC(2) Post Compact
[2026-07-19T20:13:45.967+0000][0.075s][info][gc,phases      ] GC(2) Post Compact 0.092ms
[2026-07-19T20:13:45.967+0000][0.075s][info][gc,heap        ] GC(2) PSYoungGen: 24042K(24064K)->7126K(24064K) Eden: 20992K(20992K)->7126K(20992K) From: 3050K(3072K)->0K(3072K)
[2026-07-19T20:13:45.967+0000][0.076s][info][gc,heap        ] GC(2) ParOldGen: 38809K(54784K)->54458K(54784K)
[2026-07-19T20:13:45.967+0000][0.076s][info][gc,metaspace   ] GC(2) Metaspace: 617K(768K)->617K(768K) NonClass: 570K(640K)->570K(640K) Class: 47K(128K)->47K(128K)
[2026-07-19T20:13:45.967+0000][0.076s][info][gc             ] GC(2) Pause Full (Ergonomics) 61M->60M(77M) 7.344ms
[2026-07-19T20:13:45.967+0000][0.076s][info][gc,cpu         ] GC(2) User=0.02s Sys=0.00s Real=0.01s
[2026-07-19T20:13:45.969+0000][0.077s][info][gc,start       ] GC(3) Pause Full (Ergonomics)
[2026-07-19T20:13:45.969+0000][0.077s][info][gc,phases,start] GC(3) Marking Phase
[2026-07-19T20:13:45.972+0000][0.080s][info][gc,phases      ] GC(3) Marking Phase 3.093ms
[2026-07-19T20:13:45.972+0000][0.080s][info][gc,phases,start] GC(3) Summary Phase
[2026-07-19T20:13:45.972+0000][0.080s][info][gc,phases      ] GC(3) Summary Phase 0.031ms
[2026-07-19T20:13:45.972+0000][0.080s][info][gc,phases,start] GC(3) Adjust Roots
[2026-07-19T20:13:45.972+0000][0.080s][info][gc,phases      ] GC(3) Adjust Roots 0.146ms
[2026-07-19T20:13:45.972+0000][0.080s][info][gc,phases,start] GC(3) Compaction Phase
[2026-07-19T20:13:45.974+0000][0.082s][info][gc,phases      ] GC(3) Compaction Phase 1.745ms
[2026-07-19T20:13:45.974+0000][0.082s][info][gc,phases,start] GC(3) Post Compact
[2026-07-19T20:13:45.974+0000][0.082s][info][gc,phases      ] GC(3) Post Compact 0.049ms
[2026-07-19T20:13:45.974+0000][0.082s][info][gc,heap        ] GC(3) PSYoungGen: 20992K(24064K)->20962K(24064K) Eden: 20992K(20992K)->20962K(20992K) From: 0K(3072K)->0K(3072K)
[2026-07-19T20:13:45.974+0000][0.082s][info][gc,heap        ] GC(3) ParOldGen: 54458K(54784K)->54458K(54784K)
[2026-07-19T20:13:45.974+0000][0.082s][info][gc,metaspace   ] GC(3) Metaspace: 617K(768K)->617K(768K) NonClass: 570K(640K)->570K(640K) Class: 47K(128K)->47K(128K)
[2026-07-19T20:13:45.974+0000][0.082s][info][gc             ] GC(3) Pause Full (Ergonomics) 73M->73M(77M) 5.342ms
[2026-07-19T20:13:45.974+0000][0.082s][info][gc,cpu         ] GC(3) User=0.01s Sys=0.00s Real=0.00s
[2026-07-19T20:13:45.974+0000][0.082s][info][gc,start       ] GC(4) Pause Full (Ergonomics)
[2026-07-19T20:13:45.974+0000][0.082s][info][gc,phases,start] GC(4) Marking Phase
[2026-07-19T20:13:45.977+0000][0.085s][info][gc,phases      ] GC(4) Marking Phase 2.483ms
[2026-07-19T20:13:45.977+0000][0.085s][info][gc,phases,start] GC(4) Summary Phase
[2026-07-19T20:13:45.977+0000][0.085s][info][gc,phases      ] GC(4) Summary Phase 0.027ms
[2026-07-19T20:13:45.977+0000][0.085s][info][gc,phases,start] GC(4) Adjust Roots
[2026-07-19T20:13:45.977+0000][0.085s][info][gc,phases      ] GC(4) Adjust Roots 0.148ms
[2026-07-19T20:13:45.977+0000][0.085s][info][gc,phases,start] GC(4) Compaction Phase
[2026-07-19T20:13:45.978+0000][0.086s][info][gc,phases      ] GC(4) Compaction Phase 1.259ms
[2026-07-19T20:13:45.978+0000][0.086s][info][gc,phases,start] GC(4) Post Compact
[2026-07-19T20:13:45.978+0000][0.086s][info][gc,phases      ] GC(4) Post Compact 0.047ms
[2026-07-19T20:13:45.978+0000][0.086s][info][gc,heap        ] GC(4) PSYoungGen: 20992K(24064K)->20991K(24064K) Eden: 20992K(20992K)->20991K(20992K) From: 0K(3072K)->0K(3072K)
[2026-07-19T20:13:45.978+0000][0.086s][info][gc,heap        ] GC(4) ParOldGen: 54458K(54784K)->54458K(54784K)
[2026-07-19T20:13:45.978+0000][0.086s][info][gc,metaspace   ] GC(4) Metaspace: 617K(768K)->617K(768K) NonClass: 570K(640K)->570K(640K) Class: 47K(128K)->47K(128K)
[2026-07-19T20:13:45.978+0000][0.086s][info][gc             ] GC(4) Pause Full (Ergonomics) 73M->73M(77M) 4.247ms
[2026-07-19T20:13:45.978+0000][0.087s][info][gc,cpu         ] GC(4) User=0.00s Sys=0.00s Real=0.01s
[2026-07-19T20:13:45.979+0000][0.087s][info][gc,start       ] GC(5) Pause Full (Ergonomics)
[2026-07-19T20:13:45.979+0000][0.088s][info][gc,phases,start] GC(5) Marking Phase
[2026-07-19T20:13:45.982+0000][0.090s][info][gc,phases      ] GC(5) Marking Phase 2.840ms
[2026-07-19T20:13:45.982+0000][0.090s][info][gc,phases,start] GC(5) Summary Phase
[2026-07-19T20:13:45.982+0000][0.090s][info][gc,phases      ] GC(5) Summary Phase 0.024ms
[2026-07-19T20:13:45.982+0000][0.091s][info][gc,phases,start] GC(5) Adjust Roots
[2026-07-19T20:13:45.983+0000][0.091s][info][gc,phases      ] GC(5) Adjust Roots 0.154ms
[2026-07-19T20:13:45.983+0000][0.091s][info][gc,phases,start] GC(5) Compaction Phase
[2026-07-19T20:13:45.984+0000][0.092s][info][gc,phases      ] GC(5) Compaction Phase 1.332ms
[2026-07-19T20:13:45.984+0000][0.092s][info][gc,phases,start] GC(5) Post Compact
[2026-07-19T20:13:45.984+0000][0.092s][info][gc,phases      ] GC(5) Post Compact 0.047ms
[2026-07-19T20:13:45.984+0000][0.092s][info][gc,heap        ] GC(5) PSYoungGen: 20991K(24064K)->20991K(24064K) Eden: 20991K(20992K)->20991K(20992K) From: 0K(3072K)->0K(3072K)
[2026-07-19T20:13:45.984+0000][0.092s][info][gc,heap        ] GC(5) ParOldGen: 54458K(54784K)->54458K(54784K)
[2026-07-19T20:13:45.984+0000][0.092s][info][gc,metaspace   ] GC(5) Metaspace: 617K(768K)->617K(768K) NonClass: 570K(640K)->570K(640K) Class: 47K(128K)->47K(128K)
[2026-07-19T20:13:45.984+0000][0.092s][info][gc             ] GC(5) Pause Full (Ergonomics) 73M->73M(77M) 4.705ms
[2026-07-19T20:13:45.984+0000][0.092s][info][gc,cpu         ] GC(5) User=0.01s Sys=0.00s Real=0.00s
[2026-07-19T20:13:45.984+0000][0.092s][info][gc,start       ] GC(6) Pause Full (Ergonomics)
[2026-07-19T20:13:45.984+0000][0.092s][info][gc,phases,start] GC(6) Marking Phase
[2026-07-19T20:13:45.986+0000][0.095s][info][gc,phases      ] GC(6) Marking Phase 2.299ms
[2026-07-19T20:13:45.987+0000][0.095s][info][gc,phases,start] GC(6) Summary Phase
[2026-07-19T20:13:45.987+0000][0.095s][info][gc,phases      ] GC(6) Summary Phase 0.026ms
[2026-07-19T20:13:45.987+0000][0.095s][info][gc,phases,start] GC(6) Adjust Roots
[2026-07-19T20:13:45.987+0000][0.095s][info][gc,phases      ] GC(6) Adjust Roots 0.142ms
[2026-07-19T20:13:45.987+0000][0.095s][info][gc,phases,start] GC(6) Compaction Phase
[2026-07-19T20:13:45.988+0000][0.096s][info][gc,phases      ] GC(6) Compaction Phase 1.169ms
[2026-07-19T20:13:45.988+0000][0.096s][info][gc,phases,start] GC(6) Post Compact
[2026-07-19T20:13:45.988+0000][0.096s][info][gc,phases      ] GC(6) Post Compact 0.047ms
[2026-07-19T20:13:45.988+0000][0.096s][info][gc,heap        ] GC(6) PSYoungGen: 20991K(24064K)->20991K(24064K) Eden: 20991K(20992K)->20991K(20992K) From: 0K(3072K)->0K(3072K)
[2026-07-19T20:13:45.988+0000][0.096s][info][gc,heap        ] GC(6) ParOldGen: 54491K(54784K)->54491K(54784K)
[2026-07-19T20:13:45.988+0000][0.096s][info][gc,metaspace   ] GC(6) Metaspace: 617K(768K)->617K(768K) NonClass: 570K(640K)->570K(640K) Class: 47K(128K)->47K(128K)
[2026-07-19T20:13:45.988+0000][0.096s][info][gc             ] GC(6) Pause Full (Ergonomics) 73M->73M(77M) 3.941ms
[2026-07-19T20:13:45.988+0000][0.096s][info][gc,cpu         ] GC(6) User=0.01s Sys=0.00s Real=0.01s
[2026-07-19T20:13:45.988+0000][0.096s][info][gc,start       ] GC(7) Pause Full (Ergonomics)
[2026-07-19T20:13:45.988+0000][0.096s][info][gc,phases,start] GC(7) Marking Phase
[2026-07-19T20:13:45.990+0000][0.098s][info][gc,phases      ] GC(7) Marking Phase 1.936ms
[2026-07-19T20:13:45.990+0000][0.098s][info][gc,phases,start] GC(7) Summary Phase
[2026-07-19T20:13:45.990+0000][0.098s][info][gc,phases      ] GC(7) Summary Phase 0.028ms
[2026-07-19T20:13:45.990+0000][0.098s][info][gc,phases,start] GC(7) Adjust Roots
[2026-07-19T20:13:45.990+0000][0.099s][info][gc,phases      ] GC(7) Adjust Roots 0.136ms
[2026-07-19T20:13:45.990+0000][0.099s][info][gc,phases,start] GC(7) Compaction Phase
[2026-07-19T20:13:45.991+0000][0.100s][info][gc,phases      ] GC(7) Compaction Phase 1.068ms
[2026-07-19T20:13:45.991+0000][0.100s][info][gc,phases,start] GC(7) Post Compact
[2026-07-19T20:13:45.992+0000][0.100s][info][gc,phases      ] GC(7) Post Compact 0.045ms
[2026-07-19T20:13:45.992+0000][0.100s][info][gc,heap        ] GC(7) PSYoungGen: 20991K(24064K)->20991K(24064K) Eden: 20991K(20992K)->20991K(20992K) From: 0K(3072K)->0K(3072K)
[2026-07-19T20:13:45.992+0000][0.100s][info][gc,heap        ] GC(7) ParOldGen: 54524K(54784K)->54524K(54784K)
[2026-07-19T20:13:45.992+0000][0.100s][info][gc,metaspace   ] GC(7) Metaspace: 617K(768K)->617K(768K) NonClass: 570K(640K)->570K(640K) Class: 47K(128K)->47K(128K)
[2026-07-19T20:13:45.992+0000][0.100s][info][gc             ] GC(7) Pause Full (Ergonomics) 73M->73M(77M) 3.517ms
[2026-07-19T20:13:45.992+0000][0.100s][info][gc,cpu         ] GC(7) User=0.00s Sys=0.00s Real=0.00s
[2026-07-19T20:13:45.992+0000][0.100s][info][gc,start       ] GC(8) Pause Full (Ergonomics)
[2026-07-19T20:13:45.992+0000][0.100s][info][gc,phases,start] GC(8) Marking Phase
[2026-07-19T20:13:45.994+0000][0.102s][info][gc,phases      ] GC(8) Marking Phase 1.978ms
[2026-07-19T20:13:45.994+0000][0.102s][info][gc,phases,start] GC(8) Summary Phase
[2026-07-19T20:13:45.994+0000][0.102s][info][gc,phases      ] GC(8) Summary Phase 0.028ms
[2026-07-19T20:13:45.994+0000][0.102s][info][gc,phases,start] GC(8) Adjust Roots
[2026-07-19T20:13:45.994+0000][0.103s][info][gc,phases      ] GC(8) Adjust Roots 0.144ms
[2026-07-19T20:13:45.995+0000][0.103s][info][gc,phases,start] GC(8) Compaction Phase
[2026-07-19T20:13:45.996+0000][0.104s][info][gc,phases      ] GC(8) Compaction Phase 1.041ms
[2026-07-19T20:13:45.996+0000][0.104s][info][gc,phases,start] GC(8) Post Compact
[2026-07-19T20:13:45.996+0000][0.104s][info][gc,phases      ] GC(8) Post Compact 0.048ms
[2026-07-19T20:13:45.996+0000][0.104s][info][gc,heap        ] GC(8) PSYoungGen: 20991K(24064K)->20991K(24064K) Eden: 20991K(20992K)->20991K(20992K) From: 0K(3072K)->0K(3072K)
[2026-07-19T20:13:45.996+0000][0.104s][info][gc,heap        ] GC(8) ParOldGen: 54557K(54784K)->54557K(54784K)
[2026-07-19T20:13:45.996+0000][0.104s][info][gc,metaspace   ] GC(8) Metaspace: 617K(768K)->617K(768K) NonClass: 570K(640K)->570K(640K) Class: 47K(128K)->47K(128K)
[2026-07-19T20:13:45.996+0000][0.104s][info][gc             ] GC(8) Pause Full (Ergonomics) 73M->73M(77M) 3.527ms
[2026-07-19T20:13:45.996+0000][0.104s][info][gc,cpu         ] GC(8) User=0.01s Sys=0.00s Real=0.00s
[2026-07-19T20:13:45.996+0000][0.104s][info][gc,start       ] GC(9) Pause Full (Ergonomics)
[2026-07-19T20:13:45.996+0000][0.104s][info][gc,phases,start] GC(9) Marking Phase
[2026-07-19T20:13:45.998+0000][0.106s][info][gc,phases      ] GC(9) Marking Phase 2.122ms
[2026-07-19T20:13:45.998+0000][0.106s][info][gc,phases,start] GC(9) Summary Phase
[2026-07-19T20:13:45.998+0000][0.106s][info][gc,phases      ] GC(9) Summary Phase 0.031ms
[2026-07-19T20:13:45.998+0000][0.106s][info][gc,phases,start] GC(9) Adjust Roots
[2026-07-19T20:13:45.998+0000][0.106s][info][gc,phases      ] GC(9) Adjust Roots 0.163ms
[2026-07-19T20:13:45.998+0000][0.106s][info][gc,phases,start] GC(9) Compaction Phase
[2026-07-19T20:13:45.999+0000][0.108s][info][gc,phases      ] GC(9) Compaction Phase 1.077ms
[2026-07-19T20:13:45.999+0000][0.108s][info][gc,phases,start] GC(9) Post Compact
[2026-07-19T20:13:45.999+0000][0.108s][info][gc,phases      ] GC(9) Post Compact 0.067ms
[2026-07-19T20:13:46.000+0000][0.108s][info][gc,heap        ] GC(9) PSYoungGen: 20991K(24064K)->20991K(24064K) Eden: 20991K(20992K)->20991K(20992K) From: 0K(3072K)->0K(3072K)
[2026-07-19T20:13:46.000+0000][0.108s][info][gc,heap        ] GC(9) ParOldGen: 54590K(54784K)->54590K(54784K)
[2026-07-19T20:13:46.000+0000][0.108s][info][gc,metaspace   ] GC(9) Metaspace: 617K(768K)->617K(768K) NonClass: 570K(640K)->570K(640K) Class: 47K(128K)->47K(128K)
[2026-07-19T20:13:46.000+0000][0.108s][info][gc             ] GC(9) Pause Full (Ergonomics) 73M->73M(77M) 3.832ms
[2026-07-19T20:13:46.000+0000][0.108s][info][gc,cpu         ] GC(9) User=0.00s Sys=0.00s Real=0.01s
[2026-07-19T20:13:46.000+0000][0.108s][info][gc,start       ] GC(10) Pause Full (Ergonomics)
[2026-07-19T20:13:46.000+0000][0.108s][info][gc,phases,start] GC(10) Marking Phase
[2026-07-19T20:13:46.002+0000][0.110s][info][gc,phases      ] GC(10) Marking Phase 2.162ms
[2026-07-19T20:13:46.002+0000][0.110s][info][gc,phases,start] GC(10) Summary Phase
[2026-07-19T20:13:46.002+0000][0.110s][info][gc,phases      ] GC(10) Summary Phase 0.079ms
[2026-07-19T20:13:46.002+0000][0.110s][info][gc,phases,start] GC(10) Adjust Roots
[2026-07-19T20:13:46.002+0000][0.110s][info][gc,phases      ] GC(10) Adjust Roots 0.149ms
[2026-07-19T20:13:46.002+0000][0.110s][info][gc,phases,start] GC(10) Compaction Phase
[2026-07-19T20:13:46.003+0000][0.112s][info][gc,phases      ] GC(10) Compaction Phase 1.057ms
[2026-07-19T20:13:46.003+0000][0.112s][info][gc,phases,start] GC(10) Post Compact
[2026-07-19T20:13:46.003+0000][0.112s][info][gc,phases      ] GC(10) Post Compact 0.051ms
[2026-07-19T20:13:46.004+0000][0.112s][info][gc,heap        ] GC(10) PSYoungGen: 20991K(24064K)->20991K(24064K) Eden: 20991K(20992K)->20991K(20992K) From: 0K(3072K)->0K(3072K)
[2026-07-19T20:13:46.004+0000][0.112s][info][gc,heap        ] GC(10) ParOldGen: 54623K(54784K)->54623K(54784K)
[2026-07-19T20:13:46.004+0000][0.112s][info][gc,metaspace   ] GC(10) Metaspace: 617K(768K)->617K(768K) NonClass: 570K(640K)->570K(640K) Class: 47K(128K)->47K(128K)
[2026-07-19T20:13:46.004+0000][0.112s][info][gc             ] GC(10) Pause Full (Ergonomics) 73M->73M(77M) 3.813ms
[2026-07-19T20:13:46.004+0000][0.112s][info][gc,cpu         ] GC(10) User=0.01s Sys=0.00s Real=0.00s
[2026-07-19T20:13:46.004+0000][0.112s][info][gc,start       ] GC(11) Pause Full (Ergonomics)
[2026-07-19T20:13:46.004+0000][0.112s][info][gc,phases,start] GC(11) Marking Phase
[2026-07-19T20:13:46.006+0000][0.114s][info][gc,phases      ] GC(11) Marking Phase 2.170ms
[2026-07-19T20:13:46.006+0000][0.114s][info][gc,phases,start] GC(11) Summary Phase
[2026-07-19T20:13:46.006+0000][0.114s][info][gc,phases      ] GC(11) Summary Phase 0.039ms
[2026-07-19T20:13:46.006+0000][0.114s][info][gc,phases,start] GC(11) Adjust Roots
[2026-07-19T20:13:46.006+0000][0.114s][info][gc,phases      ] GC(11) Adjust Roots 0.229ms
[2026-07-19T20:13:46.006+0000][0.114s][info][gc,phases,start] GC(11) Compaction Phase
[2026-07-19T20:13:46.008+0000][0.116s][info][gc,phases      ] GC(11) Compaction Phase 1.468ms
[2026-07-19T20:13:46.008+0000][0.116s][info][gc,phases,start] GC(11) Post Compact
[2026-07-19T20:13:46.008+0000][0.116s][info][gc,phases      ] GC(11) Post Compact 0.065ms
[2026-07-19T20:13:46.008+0000][0.116s][info][gc,heap        ] GC(11) PSYoungGen: 20991K(24064K)->20991K(24064K) Eden: 20991K(20992K)->20991K(20992K) From: 0K(3072K)->0K(3072K)
[2026-07-19T20:13:46.008+0000][0.116s][info][gc,heap        ] GC(11) ParOldGen: 54656K(54784K)->54656K(54784K)
[2026-07-19T20:13:46.008+0000][0.116s][info][gc,metaspace   ] GC(11) Metaspace: 617K(768K)->617K(768K) NonClass: 570K(640K)->570K(640K) Class: 47K(128K)->47K(128K)
[2026-07-19T20:13:46.008+0000][0.116s][info][gc             ] GC(11) Pause Full (Ergonomics) 73M->73M(77M) 4.355ms
[2026-07-19T20:13:46.008+0000][0.116s][info][gc,cpu         ] GC(11) User=0.01s Sys=0.00s Real=0.01s
[2026-07-19T20:13:46.008+0000][0.116s][info][gc,start       ] GC(12) Pause Full (Ergonomics)
[2026-07-19T20:13:46.008+0000][0.116s][info][gc,phases,start] GC(12) Marking Phase
[2026-07-19T20:13:46.011+0000][0.119s][info][gc,phases      ] GC(12) Marking Phase 2.668ms
[2026-07-19T20:13:46.011+0000][0.119s][info][gc,phases,start] GC(12) Summary Phase
[2026-07-19T20:13:46.011+0000][0.119s][info][gc,phases      ] GC(12) Summary Phase 0.029ms
[2026-07-19T20:13:46.011+0000][0.119s][info][gc,phases,start] GC(12) Adjust Roots
[2026-07-19T20:13:46.011+0000][0.119s][info][gc,phases      ] GC(12) Adjust Roots 0.171ms
[2026-07-19T20:13:46.011+0000][0.119s][info][gc,phases,start] GC(12) Compaction Phase
[2026-07-19T20:13:46.012+0000][0.121s][info][gc,phases      ] GC(12) Compaction Phase 1.294ms
[2026-07-19T20:13:46.012+0000][0.121s][info][gc,phases,start] GC(12) Post Compact
[2026-07-19T20:13:46.013+0000][0.121s][info][gc,phases      ] GC(12) Post Compact 0.046ms
[2026-07-19T20:13:46.013+0000][0.121s][info][gc,heap        ] GC(12) PSYoungGen: 20991K(24064K)->20991K(24064K) Eden: 20991K(20992K)->20991K(20992K) From: 0K(3072K)->0K(3072K)
[2026-07-19T20:13:46.013+0000][0.121s][info][gc,heap        ] GC(12) ParOldGen: 54689K(54784K)->54689K(54784K)
[2026-07-19T20:13:46.013+0000][0.121s][info][gc,metaspace   ] GC(12) Metaspace: 617K(768K)->617K(768K) NonClass: 570K(640K)->570K(640K) Class: 47K(128K)->47K(128K)
[2026-07-19T20:13:46.013+0000][0.121s][info][gc             ] GC(12) Pause Full (Ergonomics) 73M->73M(77M) 4.514ms
[2026-07-19T20:13:46.013+0000][0.121s][info][gc,cpu         ] GC(12) User=0.01s Sys=0.00s Real=0.00s
[2026-07-19T20:13:46.013+0000][0.121s][info][gc,start       ] GC(13) Pause Full (Ergonomics)
[2026-07-19T20:13:46.013+0000][0.121s][info][gc,phases,start] GC(13) Marking Phase
[2026-07-19T20:13:46.015+0000][0.123s][info][gc,phases      ] GC(13) Marking Phase 2.365ms
[2026-07-19T20:13:46.015+0000][0.123s][info][gc,phases,start] GC(13) Summary Phase
[2026-07-19T20:13:46.015+0000][0.123s][info][gc,phases      ] GC(13) Summary Phase 0.026ms
[2026-07-19T20:13:46.015+0000][0.123s][info][gc,phases,start] GC(13) Adjust Roots
[2026-07-19T20:13:46.015+0000][0.124s][info][gc,phases      ] GC(13) Adjust Roots 0.150ms
[2026-07-19T20:13:46.015+0000][0.124s][info][gc,phases,start] GC(13) Compaction Phase
[2026-07-19T20:13:46.017+0000][0.125s][info][gc,phases      ] GC(13) Compaction Phase 1.150ms
[2026-07-19T20:13:46.017+0000][0.125s][info][gc,phases,start] GC(13) Post Compact
[2026-07-19T20:13:46.017+0000][0.125s][info][gc,phases      ] GC(13) Post Compact 0.044ms
[2026-07-19T20:13:46.017+0000][0.125s][info][gc,heap        ] GC(13) PSYoungGen: 20991K(24064K)->20991K(24064K) Eden: 20991K(20992K)->20991K(20992K) From: 0K(3072K)->0K(3072K)
[2026-07-19T20:13:46.017+0000][0.125s][info][gc,heap        ] GC(13) ParOldGen: 54722K(54784K)->54722K(54784K)
[2026-07-19T20:13:46.017+0000][0.125s][info][gc,metaspace   ] GC(13) Metaspace: 617K(768K)->617K(768K) NonClass: 570K(640K)->570K(640K) Class: 47K(128K)->47K(128K)
[2026-07-19T20:13:46.017+0000][0.125s][info][gc             ] GC(13) Pause Full (Ergonomics) 73M->73M(77M) 3.994ms
[2026-07-19T20:13:46.017+0000][0.125s][info][gc,cpu         ] GC(13) User=0.00s Sys=0.00s Real=0.00s
[2026-07-19T20:13:46.017+0000][0.125s][info][gc,start       ] GC(14) Pause Full (Ergonomics)
[2026-07-19T20:13:46.017+0000][0.125s][info][gc,phases,start] GC(14) Marking Phase
[2026-07-19T20:13:46.019+0000][0.127s][info][gc,phases      ] GC(14) Marking Phase 2.270ms
[2026-07-19T20:13:46.019+0000][0.127s][info][gc,phases,start] GC(14) Summary Phase
[2026-07-19T20:13:46.019+0000][0.127s][info][gc,phases      ] GC(14) Summary Phase 0.027ms
[2026-07-19T20:13:46.019+0000][0.127s][info][gc,phases,start] GC(14) Adjust Roots
[2026-07-19T20:13:46.019+0000][0.127s][info][gc,phases      ] GC(14) Adjust Roots 0.148ms
[2026-07-19T20:13:46.019+0000][0.128s][info][gc,phases,start] GC(14) Compaction Phase
[2026-07-19T20:13:46.021+0000][0.129s][info][gc,phases      ] GC(14) Compaction Phase 1.178ms
[2026-07-19T20:13:46.021+0000][0.129s][info][gc,phases,start] GC(14) Post Compact
[2026-07-19T20:13:46.021+0000][0.129s][info][gc,phases      ] GC(14) Post Compact 0.044ms
[2026-07-19T20:13:46.021+0000][0.129s][info][gc,heap        ] GC(14) PSYoungGen: 20991K(24064K)->20991K(24064K) Eden: 20991K(20992K)->20991K(20992K) From: 0K(3072K)->0K(3072K)
[2026-07-19T20:13:46.021+0000][0.129s][info][gc,heap        ] GC(14) ParOldGen: 54755K(54784K)->54755K(54784K)
[2026-07-19T20:13:46.021+0000][0.129s][info][gc,metaspace   ] GC(14) Metaspace: 617K(768K)->617K(768K) NonClass: 570K(640K)->570K(640K) Class: 47K(128K)->47K(128K)
[2026-07-19T20:13:46.021+0000][0.129s][info][gc             ] GC(14) Pause Full (Ergonomics) 73M->73M(77M) 3.929ms
[2026-07-19T20:13:46.021+0000][0.129s][info][gc,cpu         ] GC(14) User=0.01s Sys=0.00s Real=0.01s
[2026-07-19T20:13:46.021+0000][0.129s][info][gc,start       ] GC(15) Pause Full (Ergonomics)
[2026-07-19T20:13:46.021+0000][0.129s][info][gc,phases,start] GC(15) Marking Phase
[2026-07-19T20:13:46.023+0000][0.131s][info][gc,phases      ] GC(15) Marking Phase 1.977ms
[2026-07-19T20:13:46.023+0000][0.131s][info][gc,phases,start] GC(15) Summary Phase
[2026-07-19T20:13:46.023+0000][0.131s][info][gc,phases      ] GC(15) Summary Phase 0.063ms
[2026-07-19T20:13:46.023+0000][0.131s][info][gc,phases,start] GC(15) Adjust Roots
[2026-07-19T20:13:46.023+0000][0.131s][info][gc,phases      ] GC(15) Adjust Roots 0.158ms
[2026-07-19T20:13:46.023+0000][0.131s][info][gc,phases,start] GC(15) Compaction Phase
[2026-07-19T20:13:46.024+0000][0.132s][info][gc,phases      ] GC(15) Compaction Phase 1.057ms
[2026-07-19T20:13:46.024+0000][0.132s][info][gc,phases,start] GC(15) Post Compact
[2026-07-19T20:13:46.024+0000][0.132s][info][gc,phases      ] GC(15) Post Compact 0.046ms
[2026-07-19T20:13:46.024+0000][0.132s][info][gc,heap        ] GC(15) PSYoungGen: 20991K(24064K)->20991K(24064K) Eden: 20991K(20992K)->20991K(20992K) From: 0K(3072K)->0K(3072K)
[2026-07-19T20:13:46.024+0000][0.132s][info][gc,heap        ] GC(15) ParOldGen: 54783K(54784K)->54783K(54784K)
[2026-07-19T20:13:46.024+0000][0.133s][info][gc,metaspace   ] GC(15) Metaspace: 617K(768K)->617K(768K) NonClass: 570K(640K)->570K(640K) Class: 47K(128K)->47K(128K)
[2026-07-19T20:13:46.024+0000][0.133s][info][gc             ] GC(15) Pause Full (Ergonomics) 73M->73M(77M) 3.588ms
[2026-07-19T20:13:46.024+0000][0.133s][info][gc,cpu         ] GC(15) User=0.00s Sys=0.00s Real=0.00s
[2026-07-19T20:13:46.024+0000][0.133s][info][gc,start       ] GC(16) Pause Full (Allocation Failure)
[2026-07-19T20:13:46.025+0000][0.133s][info][gc,phases,start] GC(16) Marking Phase
[2026-07-19T20:13:46.027+0000][0.135s][info][gc,phases      ] GC(16) Marking Phase 2.349ms
[2026-07-19T20:13:46.027+0000][0.135s][info][gc,phases,start] GC(16) Summary Phase
[2026-07-19T20:13:46.027+0000][0.135s][info][gc,phases      ] GC(16) Summary Phase 0.030ms
[2026-07-19T20:13:46.027+0000][0.135s][info][gc,phases,start] GC(16) Adjust Roots
[2026-07-19T20:13:46.027+0000][0.135s][info][gc,phases      ] GC(16) Adjust Roots 0.209ms
[2026-07-19T20:13:46.027+0000][0.135s][info][gc,phases,start] GC(16) Compaction Phase
[2026-07-19T20:13:46.030+0000][0.138s][info][gc,phases      ] GC(16) Compaction Phase 2.437ms
[2026-07-19T20:13:46.030+0000][0.138s][info][gc,phases,start] GC(16) Post Compact
[2026-07-19T20:13:46.030+0000][0.138s][info][gc,phases      ] GC(16) Post Compact 0.059ms
[2026-07-19T20:13:46.030+0000][0.138s][info][gc,heap        ] GC(16) PSYoungGen: 20991K(24064K)->20931K(24064K) Eden: 20991K(20992K)->20931K(20992K) From: 0K(3072K)->0K(3072K)
[2026-07-19T20:13:46.030+0000][0.138s][info][gc,heap        ] GC(16) ParOldGen: 54783K(54784K)->54782K(54784K)
[2026-07-19T20:13:46.030+0000][0.138s][info][gc,metaspace   ] GC(16) Metaspace: 617K(768K)->605K(768K) NonClass: 570K(640K)->562K(640K) Class: 47K(128K)->43K(128K)
[2026-07-19T20:13:46.030+0000][0.138s][info][gc             ] GC(16) Pause Full (Allocation Failure) 73M->73M(77M) 5.381ms
[2026-07-19T20:13:46.030+0000][0.138s][info][gc,cpu         ] GC(16) User=0.01s Sys=0.00s Real=0.01s
[2026-07-19T20:13:46.030+0000][0.138s][info][gc,start       ] GC(17) Pause Full (Ergonomics)
[2026-07-19T20:13:46.030+0000][0.138s][info][gc,phases,start] GC(17) Marking Phase
[2026-07-19T20:13:46.033+0000][0.141s][info][gc,phases      ] GC(17) Marking Phase 2.850ms
[2026-07-19T20:13:46.033+0000][0.141s][info][gc,phases,start] GC(17) Summary Phase
[2026-07-19T20:13:46.033+0000][0.141s][info][gc,phases      ] GC(17) Summary Phase 0.027ms
[2026-07-19T20:13:46.033+0000][0.141s][info][gc,phases,start] GC(17) Adjust Roots
[2026-07-19T20:13:46.033+0000][0.141s][info][gc,phases      ] GC(17) Adjust Roots 0.154ms
[2026-07-19T20:13:46.033+0000][0.141s][info][gc,phases,start] GC(17) Compaction Phase
[2026-07-19T20:13:46.035+0000][0.143s][info][gc,phases      ] GC(17) Compaction Phase 1.484ms
[2026-07-19T20:13:46.035+0000][0.143s][info][gc,phases,start] GC(17) Post Compact
[2026-07-19T20:13:46.035+0000][0.143s][info][gc,phases      ] GC(17) Post Compact 0.067ms
[2026-07-19T20:13:46.035+0000][0.143s][info][gc,heap        ] GC(17) PSYoungGen: 20992K(24064K)->20991K(24064K) Eden: 20992K(20992K)->20991K(20992K) From: 0K(3072K)->0K(3072K)
[2026-07-19T20:13:46.035+0000][0.143s][info][gc,heap        ] GC(17) ParOldGen: 54783K(54784K)->54783K(54784K)
[2026-07-19T20:13:46.035+0000][0.143s][info][gc,metaspace   ] GC(17) Metaspace: 605K(768K)->605K(768K) NonClass: 562K(640K)->562K(640K) Class: 43K(128K)->43K(128K)
[2026-07-19T20:13:46.035+0000][0.143s][info][gc             ] GC(17) Pause Full (Ergonomics) 73M->73M(77M) 4.886ms
[2026-07-19T20:13:46.035+0000][0.143s][info][gc,cpu         ] GC(17) User=0.01s Sys=0.00s Real=0.00s
[2026-07-19T20:13:46.036+0000][0.145s][info][gc,start       ] GC(18) Pause Full (Ergonomics)
[2026-07-19T20:13:46.036+0000][0.145s][info][gc,phases,start] GC(18) Marking Phase
[2026-07-19T20:13:46.039+0000][0.147s][info][gc,phases      ] GC(18) Marking Phase 2.621ms
[2026-07-19T20:13:46.039+0000][0.147s][info][gc,phases,start] GC(18) Summary Phase
[2026-07-19T20:13:46.039+0000][0.147s][info][gc,phases      ] GC(18) Summary Phase 0.032ms
[2026-07-19T20:13:46.039+0000][0.147s][info][gc,phases,start] GC(18) Adjust Roots
[2026-07-19T20:13:46.039+0000][0.147s][info][gc,phases      ] GC(18) Adjust Roots 0.145ms
[2026-07-19T20:13:46.039+0000][0.148s][info][gc,phases,start] GC(18) Compaction Phase
[2026-07-19T20:13:46.041+0000][0.149s][info][gc,phases      ] GC(18) Compaction Phase 1.361ms
[2026-07-19T20:13:46.041+0000][0.149s][info][gc,phases,start] GC(18) Post Compact
[2026-07-19T20:13:46.041+0000][0.149s][info][gc,phases      ] GC(18) Post Compact 0.045ms
[2026-07-19T20:13:46.041+0000][0.149s][info][gc,heap        ] GC(18) PSYoungGen: 20991K(24064K)->20991K(24064K) Eden: 20991K(20992K)->20991K(20992K) From: 0K(3072K)->0K(3072K)
[2026-07-19T20:13:46.041+0000][0.149s][info][gc,heap        ] GC(18) ParOldGen: 54783K(54784K)->54783K(54784K)
[2026-07-19T20:13:46.041+0000][0.149s][info][gc,metaspace   ] GC(18) Metaspace: 605K(768K)->605K(768K) NonClass: 562K(640K)->562K(640K) Class: 43K(128K)->43K(128K)
[2026-07-19T20:13:46.041+0000][0.149s][info][gc             ] GC(18) Pause Full (Ergonomics) 73M->73M(77M) 4.489ms
[2026-07-19T20:13:46.041+0000][0.149s][info][gc,cpu         ] GC(18) User=0.01s Sys=0.01s Real=0.01s
[2026-07-19T20:13:46.041+0000][0.149s][info][gc,start       ] GC(19) Pause Full (Allocation Failure)
[2026-07-19T20:13:46.041+0000][0.149s][info][gc,phases,start] GC(19) Marking Phase
[2026-07-19T20:13:46.044+0000][0.152s][info][gc,phases      ] GC(19) Marking Phase 2.677ms
[2026-07-19T20:13:46.044+0000][0.152s][info][gc,phases,start] GC(19) Summary Phase
[2026-07-19T20:13:46.044+0000][0.152s][info][gc,phases      ] GC(19) Summary Phase 0.030ms
[2026-07-19T20:13:46.044+0000][0.152s][info][gc,phases,start] GC(19) Adjust Roots
[2026-07-19T20:13:46.044+0000][0.152s][info][gc,phases      ] GC(19) Adjust Roots 0.144ms
[2026-07-19T20:13:46.044+0000][0.152s][info][gc,phases,start] GC(19) Compaction Phase
[2026-07-19T20:13:46.045+0000][0.153s][info][gc,phases      ] GC(19) Compaction Phase 1.321ms
[2026-07-19T20:13:46.045+0000][0.153s][info][gc,phases,start] GC(19) Post Compact
[2026-07-19T20:13:46.045+0000][0.153s][info][gc,phases      ] GC(19) Post Compact 0.043ms
[2026-07-19T20:13:46.045+0000][0.154s][info][gc,heap        ] GC(19) PSYoungGen: 20991K(24064K)->20991K(24064K) Eden: 20991K(20992K)->20991K(20992K) From: 0K(3072K)->0K(3072K)
[2026-07-19T20:13:46.045+0000][0.154s][info][gc,heap        ] GC(19) ParOldGen: 54783K(54784K)->54783K(54784K)
[2026-07-19T20:13:46.045+0000][0.154s][info][gc,metaspace   ] GC(19) Metaspace: 605K(768K)->605K(768K) NonClass: 562K(640K)->562K(640K) Class: 43K(128K)->43K(128K)
[2026-07-19T20:13:46.045+0000][0.154s][info][gc             ] GC(19) Pause Full (Allocation Failure) 73M->73M(77M) 4.481ms
[2026-07-19T20:13:46.045+0000][0.154s][info][gc,cpu         ] GC(19) User=0.01s Sys=0.00s Real=0.00s
[2026-07-19T20:13:46.046+0000][0.154s][info][gc,start       ] GC(20) Pause Full (Ergonomics)
[2026-07-19T20:13:46.046+0000][0.155s][info][gc,phases,start] GC(20) Marking Phase
[2026-07-19T20:13:46.049+0000][0.157s][info][gc,phases      ] GC(20) Marking Phase 2.418ms
[2026-07-19T20:13:46.049+0000][0.157s][info][gc,phases,start] GC(20) Summary Phase
[2026-07-19T20:13:46.049+0000][0.157s][info][gc,phases      ] GC(20) Summary Phase 0.065ms
[2026-07-19T20:13:46.049+0000][0.157s][info][gc,phases,start] GC(20) Adjust Roots
[2026-07-19T20:13:46.049+0000][0.157s][info][gc,phases      ] GC(20) Adjust Roots 0.161ms
[2026-07-19T20:13:46.049+0000][0.157s][info][gc,phases,start] GC(20) Compaction Phase
[2026-07-19T20:13:46.052+0000][0.160s][info][gc,phases      ] GC(20) Compaction Phase 2.491ms
[2026-07-19T20:13:46.052+0000][0.160s][info][gc,phases,start] GC(20) Post Compact
[2026-07-19T20:13:46.052+0000][0.160s][info][gc,phases      ] GC(20) Post Compact 0.052ms
[2026-07-19T20:13:46.052+0000][0.160s][info][gc,heap        ] GC(20) PSYoungGen: 20991K(24064K)->12799K(24064K) Eden: 20991K(20992K)->12799K(20992K) From: 0K(3072K)->0K(3072K)
[2026-07-19T20:13:46.052+0000][0.160s][info][gc,heap        ] GC(20) ParOldGen: 54783K(54784K)->54783K(54784K)
[2026-07-19T20:13:46.052+0000][0.160s][info][gc,metaspace   ] GC(20) Metaspace: 605K(768K)->605K(768K) NonClass: 562K(640K)->562K(640K) Class: 43K(128K)->43K(128K)
[2026-07-19T20:13:46.052+0000][0.160s][info][gc             ] GC(20) Pause Full (Ergonomics) 73M->65M(77M) 5.467ms
[2026-07-19T20:13:46.052+0000][0.160s][info][gc,cpu         ] GC(20) User=0.01s Sys=0.00s Real=0.01s
[2026-07-19T20:13:46.055+0000][0.163s][info][gc,heap,exit   ] Heap
[2026-07-19T20:13:46.055+0000][0.163s][info][gc,heap,exit   ]  PSYoungGen      total 24064K, used 12954K [0x00000000fe580000, 0x0000000100000000, 0x0000000100000000)
[2026-07-19T20:13:46.055+0000][0.163s][info][gc,heap,exit   ]   eden space 20992K, 61% used [0x00000000fe580000,0x00000000ff226940,0x00000000ffa00000)
[2026-07-19T20:13:46.055+0000][0.163s][info][gc,heap,exit   ]   from space 3072K, 0% used [0x00000000ffa00000,0x00000000ffa00000,0x00000000ffd00000)
[2026-07-19T20:13:46.055+0000][0.163s][info][gc,heap,exit   ]   to   space 3072K, 0% used [0x00000000ffd00000,0x00000000ffd00000,0x0000000100000000)
[2026-07-19T20:13:46.055+0000][0.163s][info][gc,heap,exit   ]  ParOldGen       total 54784K, used 54783K [0x00000000fb000000, 0x00000000fe580000, 0x00000000fe580000)
[2026-07-19T20:13:46.055+0000][0.163s][info][gc,heap,exit   ]   object space 54784K, 99% used [0x00000000fb000000,0x00000000fe57ffe0,0x00000000fe580000)
[2026-07-19T20:13:46.055+0000][0.163s][info][gc,heap,exit   ]  Metaspace       used 721K, committed 832K, reserved 1114112K
[2026-07-19T20:13:46.055+0000][0.163s][info][gc,heap,exit   ]   class space    used 57K, committed 128K, reserved 1048576K
