[2026-07-19T20:13:47.171+0000][0.004s][info][gc,init] CardTable entry size: 512
[2026-07-19T20:13:47.171+0000][0.004s][info][gc     ] Using Parallel
[2026-07-19T20:13:47.172+0000][0.005s][info][gc,init] Version: 21.0.11+10-LTS (release)
[2026-07-19T20:13:47.172+0000][0.005s][info][gc,init] CPUs: 10 total, 10 available
[2026-07-19T20:13:47.172+0000][0.006s][info][gc,init] Memory: 7837M
[2026-07-19T20:13:47.173+0000][0.006s][info][gc,init] Large Page Support: Disabled
[2026-07-19T20:13:47.173+0000][0.006s][info][gc,init] NUMA Support: Disabled
[2026-07-19T20:13:47.173+0000][0.006s][info][gc,init] Compressed Oops: Enabled (32-bit)
[2026-07-19T20:13:47.173+0000][0.006s][info][gc,init] Alignments: Space 512K, Generation 512K, Heap 2M
[2026-07-19T20:13:47.173+0000][0.006s][info][gc,init] Heap Min Capacity: 8M
[2026-07-19T20:13:47.173+0000][0.006s][info][gc,init] Heap Initial Capacity: 80M
[2026-07-19T20:13:47.173+0000][0.006s][info][gc,init] Heap Max Capacity: 80M
[2026-07-19T20:13:47.173+0000][0.006s][info][gc,init] Pre-touch: Disabled
[2026-07-19T20:13:47.173+0000][0.006s][info][gc,init] Parallel Workers: 9
[2026-07-19T20:13:47.178+0000][0.011s][info][gc,metaspace] CDS archive(s) mapped at: [0x0000005000000000-0x0000005000cb0000-0x0000005000cb0000), size 13303808, SharedBaseAddress: 0x0000005000000000, ArchiveRelocationMode: 1.
[2026-07-19T20:13:47.178+0000][0.011s][info][gc,metaspace] Compressed class space mapped at: 0x0000005001000000-0x0000005041000000, reserved size: 1073741824
[2026-07-19T20:13:47.178+0000][0.011s][info][gc,metaspace] Narrow klass base: 0x0000005000000000, Narrow klass shift: 0, Narrow klass range: 0x100000000
[2026-07-19T20:13:47.205+0000][0.039s][info][gc,start    ] GC(0) Pause Young (Allocation Failure)
[2026-07-19T20:13:47.207+0000][0.040s][info][gc,heap     ] GC(0) PSYoungGen: 20992K(24064K)->3066K(24064K) Eden: 20992K(20992K)->0K(20992K) From: 0K(3072K)->3066K(3072K)
[2026-07-19T20:13:47.207+0000][0.040s][info][gc,heap     ] GC(0) ParOldGen: 1073K(54784K)->17097K(54784K)
[2026-07-19T20:13:47.207+0000][0.040s][info][gc,metaspace] GC(0) Metaspace: 607K(768K)->607K(768K) NonClass: 560K(640K)->560K(640K) Class: 47K(128K)->47K(128K)
[2026-07-19T20:13:47.207+0000][0.040s][info][gc          ] GC(0) Pause Young (Allocation Failure) 21M->19M(77M) 1.679ms
[2026-07-19T20:13:47.207+0000][0.040s][info][gc,cpu      ] GC(0) User=0.01s Sys=0.00s Real=0.01s
[2026-07-19T20:13:47.210+0000][0.043s][info][gc,start    ] GC(1) Pause Young (Allocation Failure)
[2026-07-19T20:13:47.212+0000][0.045s][info][gc,heap     ] GC(1) PSYoungGen: 24058K(24064K)->3066K(24064K) Eden: 20992K(20992K)->0K(20992K) From: 3066K(3072K)->3066K(3072K)
[2026-07-19T20:13:47.212+0000][0.045s][info][gc,heap     ] GC(1) ParOldGen: 17097K(54784K)->38785K(54784K)
[2026-07-19T20:13:47.212+0000][0.045s][info][gc,metaspace] GC(1) Metaspace: 607K(768K)->607K(768K) NonClass: 560K(640K)->560K(640K) Class: 47K(128K)->47K(128K)
[2026-07-19T20:13:47.212+0000][0.045s][info][gc          ] GC(1) Pause Young (Allocation Failure) 40M->40M(77M) 1.825ms
[2026-07-19T20:13:47.212+0000][0.045s][info][gc,cpu      ] GC(1) User=0.00s Sys=0.00s Real=0.00s
[2026-07-19T20:13:47.214+0000][0.047s][info][gc,start    ] GC(2) Pause Full (Ergonomics)
[2026-07-19T20:13:47.214+0000][0.047s][info][gc,phases,start] GC(2) Marking Phase
[2026-07-19T20:13:47.217+0000][0.050s][info][gc,phases      ] GC(2) Marking Phase 2.937ms
[2026-07-19T20:13:47.217+0000][0.050s][info][gc,phases,start] GC(2) Summary Phase
[2026-07-19T20:13:47.217+0000][0.050s][info][gc,phases      ] GC(2) Summary Phase 0.047ms
[2026-07-19T20:13:47.217+0000][0.050s][info][gc,phases,start] GC(2) Adjust Roots
[2026-07-19T20:13:47.217+0000][0.050s][info][gc,phases      ] GC(2) Adjust Roots 0.367ms
[2026-07-19T20:13:47.217+0000][0.050s][info][gc,phases,start] GC(2) Compaction Phase
[2026-07-19T20:13:47.221+0000][0.054s][info][gc,phases      ] GC(2) Compaction Phase 3.746ms
[2026-07-19T20:13:47.221+0000][0.054s][info][gc,phases,start] GC(2) Post Compact
[2026-07-19T20:13:47.221+0000][0.054s][info][gc,phases      ] GC(2) Post Compact 0.132ms
[2026-07-19T20:13:47.221+0000][0.055s][info][gc,heap        ] GC(2) PSYoungGen: 24058K(24064K)->7142K(24064K) Eden: 20992K(20992K)->7142K(20992K) From: 3066K(3072K)->0K(3072K)
[2026-07-19T20:13:47.221+0000][0.055s][info][gc,heap        ] GC(2) ParOldGen: 38785K(54784K)->54442K(54784K)
[2026-07-19T20:13:47.221+0000][0.055s][info][gc,metaspace   ] GC(2) Metaspace: 616K(768K)->616K(768K) NonClass: 569K(640K)->569K(640K) Class: 47K(128K)->47K(128K)
[2026-07-19T20:13:47.222+0000][0.055s][info][gc             ] GC(2) Pause Full (Ergonomics) 61M->60M(77M) 7.713ms
[2026-07-19T20:13:47.222+0000][0.055s][info][gc,cpu         ] GC(2) User=0.01s Sys=0.00s Real=0.01s
[2026-07-19T20:13:47.223+0000][0.056s][info][gc,start       ] GC(3) Pause Full (Ergonomics)
[2026-07-19T20:13:47.223+0000][0.056s][info][gc,phases,start] GC(3) Marking Phase
[2026-07-19T20:13:47.226+0000][0.060s][info][gc,phases      ] GC(3) Marking Phase 3.555ms
[2026-07-19T20:13:47.226+0000][0.060s][info][gc,phases,start] GC(3) Summary Phase
[2026-07-19T20:13:47.227+0000][0.060s][info][gc,phases      ] GC(3) Summary Phase 0.036ms
[2026-07-19T20:13:47.227+0000][0.060s][info][gc,phases,start] GC(3) Adjust Roots
[2026-07-19T20:13:47.227+0000][0.060s][info][gc,phases      ] GC(3) Adjust Roots 0.169ms
[2026-07-19T20:13:47.227+0000][0.060s][info][gc,phases,start] GC(3) Compaction Phase
[2026-07-19T20:13:47.229+0000][0.062s][info][gc,phases      ] GC(3) Compaction Phase 1.838ms
[2026-07-19T20:13:47.229+0000][0.062s][info][gc,phases,start] GC(3) Post Compact
[2026-07-19T20:13:47.229+0000][0.062s][info][gc,phases      ] GC(3) Post Compact 0.070ms
[2026-07-19T20:13:47.229+0000][0.062s][info][gc,heap        ] GC(3) PSYoungGen: 20992K(24064K)->20962K(24064K) Eden: 20992K(20992K)->20962K(20992K) From: 0K(3072K)->0K(3072K)
[2026-07-19T20:13:47.229+0000][0.062s][info][gc,heap        ] GC(3) ParOldGen: 54442K(54784K)->54442K(54784K)
[2026-07-19T20:13:47.229+0000][0.062s][info][gc,metaspace   ] GC(3) Metaspace: 616K(768K)->616K(768K) NonClass: 569K(640K)->569K(640K) Class: 47K(128K)->47K(128K)
[2026-07-19T20:13:47.229+0000][0.062s][info][gc             ] GC(3) Pause Full (Ergonomics) 73M->73M(77M) 6.072ms
[2026-07-19T20:13:47.229+0000][0.062s][info][gc,cpu         ] GC(3) User=0.01s Sys=0.00s Real=0.01s
[2026-07-19T20:13:47.229+0000][0.062s][info][gc,start       ] GC(4) Pause Full (Ergonomics)
[2026-07-19T20:13:47.229+0000][0.062s][info][gc,phases,start] GC(4) Marking Phase
[2026-07-19T20:13:47.232+0000][0.065s][info][gc,phases      ] GC(4) Marking Phase 2.902ms
[2026-07-19T20:13:47.232+0000][0.065s][info][gc,phases,start] GC(4) Summary Phase
[2026-07-19T20:13:47.232+0000][0.065s][info][gc,phases      ] GC(4) Summary Phase 0.035ms
[2026-07-19T20:13:47.232+0000][0.065s][info][gc,phases,start] GC(4) Adjust Roots
[2026-07-19T20:13:47.232+0000][0.065s][info][gc,phases      ] GC(4) Adjust Roots 0.199ms
[2026-07-19T20:13:47.232+0000][0.065s][info][gc,phases,start] GC(4) Compaction Phase
[2026-07-19T20:13:47.234+0000][0.067s][info][gc,phases      ] GC(4) Compaction Phase 1.462ms
[2026-07-19T20:13:47.234+0000][0.067s][info][gc,phases,start] GC(4) Post Compact
[2026-07-19T20:13:47.234+0000][0.067s][info][gc,phases      ] GC(4) Post Compact 0.060ms
[2026-07-19T20:13:47.234+0000][0.067s][info][gc,heap        ] GC(4) PSYoungGen: 20992K(24064K)->20991K(24064K) Eden: 20992K(20992K)->20991K(20992K) From: 0K(3072K)->0K(3072K)
[2026-07-19T20:13:47.234+0000][0.067s][info][gc,heap        ] GC(4) ParOldGen: 54442K(54784K)->54442K(54784K)
[2026-07-19T20:13:47.234+0000][0.067s][info][gc,metaspace   ] GC(4) Metaspace: 616K(768K)->616K(768K) NonClass: 569K(640K)->569K(640K) Class: 47K(128K)->47K(128K)
[2026-07-19T20:13:47.234+0000][0.067s][info][gc             ] GC(4) Pause Full (Ergonomics) 73M->73M(77M) 5.030ms
[2026-07-19T20:13:47.234+0000][0.067s][info][gc,cpu         ] GC(4) User=0.01s Sys=0.00s Real=0.00s
[2026-07-19T20:13:47.234+0000][0.067s][info][gc,start       ] GC(5) Pause Full (Ergonomics)
[2026-07-19T20:13:47.234+0000][0.067s][info][gc,phases,start] GC(5) Marking Phase
[2026-07-19T20:13:47.237+0000][0.070s][info][gc,phases      ] GC(5) Marking Phase 2.761ms
[2026-07-19T20:13:47.237+0000][0.070s][info][gc,phases,start] GC(5) Summary Phase
[2026-07-19T20:13:47.237+0000][0.070s][info][gc,phases      ] GC(5) Summary Phase 0.062ms
[2026-07-19T20:13:47.237+0000][0.070s][info][gc,phases,start] GC(5) Adjust Roots
[2026-07-19T20:13:47.237+0000][0.071s][info][gc,phases      ] GC(5) Adjust Roots 0.250ms
[2026-07-19T20:13:47.238+0000][0.071s][info][gc,phases,start] GC(5) Compaction Phase
[2026-07-19T20:13:47.239+0000][0.072s][info][gc,phases      ] GC(5) Compaction Phase 1.579ms
[2026-07-19T20:13:47.239+0000][0.072s][info][gc,phases,start] GC(5) Post Compact
[2026-07-19T20:13:47.239+0000][0.072s][info][gc,phases      ] GC(5) Post Compact 0.059ms
[2026-07-19T20:13:47.239+0000][0.072s][info][gc,heap        ] GC(5) PSYoungGen: 20991K(24064K)->20991K(24064K) Eden: 20991K(20992K)->20991K(20992K) From: 0K(3072K)->0K(3072K)
[2026-07-19T20:13:47.239+0000][0.072s][info][gc,heap        ] GC(5) ParOldGen: 54442K(54784K)->54442K(54784K)
[2026-07-19T20:13:47.239+0000][0.072s][info][gc,metaspace   ] GC(5) Metaspace: 616K(768K)->616K(768K) NonClass: 569K(640K)->569K(640K) Class: 47K(128K)->47K(128K)
[2026-07-19T20:13:47.239+0000][0.072s][info][gc             ] GC(5) Pause Full (Ergonomics) 73M->73M(77M) 5.188ms
[2026-07-19T20:13:47.239+0000][0.073s][info][gc,cpu         ] GC(5) User=0.01s Sys=0.00s Real=0.01s
[2026-07-19T20:13:47.240+0000][0.073s][info][gc,start       ] GC(6) Pause Full (Ergonomics)
[2026-07-19T20:13:47.240+0000][0.073s][info][gc,phases,start] GC(6) Marking Phase
[2026-07-19T20:13:47.242+0000][0.076s][info][gc,phases      ] GC(6) Marking Phase 2.944ms
[2026-07-19T20:13:47.243+0000][0.076s][info][gc,phases,start] GC(6) Summary Phase
[2026-07-19T20:13:47.243+0000][0.076s][info][gc,phases      ] GC(6) Summary Phase 0.051ms
[2026-07-19T20:13:47.243+0000][0.076s][info][gc,phases,start] GC(6) Adjust Roots
[2026-07-19T20:13:47.243+0000][0.076s][info][gc,phases      ] GC(6) Adjust Roots 0.194ms
[2026-07-19T20:13:47.243+0000][0.076s][info][gc,phases,start] GC(6) Compaction Phase
[2026-07-19T20:13:47.244+0000][0.078s][info][gc,phases      ] GC(6) Compaction Phase 1.530ms
[2026-07-19T20:13:47.245+0000][0.078s][info][gc,phases,start] GC(6) Post Compact
[2026-07-19T20:13:47.245+0000][0.078s][info][gc,phases      ] GC(6) Post Compact 0.060ms
[2026-07-19T20:13:47.245+0000][0.078s][info][gc,heap        ] GC(6) PSYoungGen: 20991K(24064K)->20991K(24064K) Eden: 20991K(20992K)->20991K(20992K) From: 0K(3072K)->0K(3072K)
[2026-07-19T20:13:47.245+0000][0.078s][info][gc,heap        ] GC(6) ParOldGen: 54475K(54784K)->54475K(54784K)
[2026-07-19T20:13:47.245+0000][0.078s][info][gc,metaspace   ] GC(6) Metaspace: 616K(768K)->616K(768K) NonClass: 569K(640K)->569K(640K) Class: 47K(128K)->47K(128K)
[2026-07-19T20:13:47.245+0000][0.078s][info][gc             ] GC(6) Pause Full (Ergonomics) 73M->73M(77M) 5.211ms
[2026-07-19T20:13:47.245+0000][0.078s][info][gc,cpu         ] GC(6) User=0.01s Sys=0.00s Real=0.00s
[2026-07-19T20:13:47.245+0000][0.078s][info][gc,start       ] GC(7) Pause Full (Ergonomics)
[2026-07-19T20:13:47.245+0000][0.078s][info][gc,phases,start] GC(7) Marking Phase
[2026-07-19T20:13:47.248+0000][0.081s][info][gc,phases      ] GC(7) Marking Phase 2.642ms
[2026-07-19T20:13:47.248+0000][0.081s][info][gc,phases,start] GC(7) Summary Phase
[2026-07-19T20:13:47.248+0000][0.081s][info][gc,phases      ] GC(7) Summary Phase 0.052ms
[2026-07-19T20:13:47.248+0000][0.081s][info][gc,phases,start] GC(7) Adjust Roots
[2026-07-19T20:13:47.248+0000][0.081s][info][gc,phases      ] GC(7) Adjust Roots 0.241ms
[2026-07-19T20:13:47.248+0000][0.081s][info][gc,phases,start] GC(7) Compaction Phase
[2026-07-19T20:13:47.249+0000][0.083s][info][gc,phases      ] GC(7) Compaction Phase 1.433ms
[2026-07-19T20:13:47.249+0000][0.083s][info][gc,phases,start] GC(7) Post Compact
[2026-07-19T20:13:47.250+0000][0.083s][info][gc,phases      ] GC(7) Post Compact 0.058ms
[2026-07-19T20:13:47.250+0000][0.083s][info][gc,heap        ] GC(7) PSYoungGen: 20991K(24064K)->20991K(24064K) Eden: 20991K(20992K)->20991K(20992K) From: 0K(3072K)->0K(3072K)
[2026-07-19T20:13:47.250+0000][0.083s][info][gc,heap        ] GC(7) ParOldGen: 54508K(54784K)->54508K(54784K)
[2026-07-19T20:13:47.250+0000][0.083s][info][gc,metaspace   ] GC(7) Metaspace: 616K(768K)->616K(768K) NonClass: 569K(640K)->569K(640K) Class: 47K(128K)->47K(128K)
[2026-07-19T20:13:47.250+0000][0.083s][info][gc             ] GC(7) Pause Full (Ergonomics) 73M->73M(77M) 4.843ms
[2026-07-19T20:13:47.250+0000][0.083s][info][gc,cpu         ] GC(7) User=0.00s Sys=0.00s Real=0.01s
[2026-07-19T20:13:47.250+0000][0.083s][info][gc,start       ] GC(8) Pause Full (Ergonomics)
[2026-07-19T20:13:47.250+0000][0.083s][info][gc,phases,start] GC(8) Marking Phase
[2026-07-19T20:13:47.253+0000][0.086s][info][gc,phases      ] GC(8) Marking Phase 2.824ms
[2026-07-19T20:13:47.253+0000][0.086s][info][gc,phases,start] GC(8) Summary Phase
[2026-07-19T20:13:47.253+0000][0.086s][info][gc,phases      ] GC(8) Summary Phase 0.032ms
[2026-07-19T20:13:47.253+0000][0.086s][info][gc,phases,start] GC(8) Adjust Roots
[2026-07-19T20:13:47.253+0000][0.086s][info][gc,phases      ] GC(8) Adjust Roots 0.173ms
[2026-07-19T20:13:47.253+0000][0.086s][info][gc,phases,start] GC(8) Compaction Phase
[2026-07-19T20:13:47.254+0000][0.087s][info][gc,phases      ] GC(8) Compaction Phase 1.398ms
[2026-07-19T20:13:47.254+0000][0.088s][info][gc,phases,start] GC(8) Post Compact
[2026-07-19T20:13:47.254+0000][0.088s][info][gc,phases      ] GC(8) Post Compact 0.055ms
[2026-07-19T20:13:47.255+0000][0.088s][info][gc,heap        ] GC(8) PSYoungGen: 20991K(24064K)->20991K(24064K) Eden: 20991K(20992K)->20991K(20992K) From: 0K(3072K)->0K(3072K)
[2026-07-19T20:13:47.255+0000][0.088s][info][gc,heap        ] GC(8) ParOldGen: 54541K(54784K)->54541K(54784K)
[2026-07-19T20:13:47.255+0000][0.088s][info][gc,metaspace   ] GC(8) Metaspace: 616K(768K)->616K(768K) NonClass: 569K(640K)->569K(640K) Class: 47K(128K)->47K(128K)
[2026-07-19T20:13:47.255+0000][0.088s][info][gc             ] GC(8) Pause Full (Ergonomics) 73M->73M(77M) 4.865ms
[2026-07-19T20:13:47.255+0000][0.088s][info][gc,cpu         ] GC(8) User=0.01s Sys=0.00s Real=0.00s
[2026-07-19T20:13:47.255+0000][0.088s][info][gc,start       ] GC(9) Pause Full (Ergonomics)
[2026-07-19T20:13:47.255+0000][0.088s][info][gc,phases,start] GC(9) Marking Phase
[2026-07-19T20:13:47.258+0000][0.091s][info][gc,phases      ] GC(9) Marking Phase 2.793ms
[2026-07-19T20:13:47.258+0000][0.091s][info][gc,phases,start] GC(9) Summary Phase
[2026-07-19T20:13:47.258+0000][0.091s][info][gc,phases      ] GC(9) Summary Phase 0.047ms
[2026-07-19T20:13:47.258+0000][0.091s][info][gc,phases,start] GC(9) Adjust Roots
[2026-07-19T20:13:47.258+0000][0.091s][info][gc,phases      ] GC(9) Adjust Roots 0.262ms
[2026-07-19T20:13:47.258+0000][0.091s][info][gc,phases,start] GC(9) Compaction Phase
[2026-07-19T20:13:47.260+0000][0.093s][info][gc,phases      ] GC(9) Compaction Phase 1.637ms
[2026-07-19T20:13:47.260+0000][0.093s][info][gc,phases,start] GC(9) Post Compact
[2026-07-19T20:13:47.260+0000][0.093s][info][gc,phases      ] GC(9) Post Compact 0.060ms
[2026-07-19T20:13:47.260+0000][0.093s][info][gc,heap        ] GC(9) PSYoungGen: 20991K(24064K)->20991K(24064K) Eden: 20991K(20992K)->20991K(20992K) From: 0K(3072K)->0K(3072K)
[2026-07-19T20:13:47.260+0000][0.093s][info][gc,heap        ] GC(9) ParOldGen: 54574K(54784K)->54574K(54784K)
[2026-07-19T20:13:47.260+0000][0.093s][info][gc,metaspace   ] GC(9) Metaspace: 616K(768K)->616K(768K) NonClass: 569K(640K)->569K(640K) Class: 47K(128K)->47K(128K)
[2026-07-19T20:13:47.260+0000][0.093s][info][gc             ] GC(9) Pause Full (Ergonomics) 73M->73M(77M) 5.203ms
[2026-07-19T20:13:47.260+0000][0.093s][info][gc,cpu         ] GC(9) User=0.01s Sys=0.00s Real=0.01s
[2026-07-19T20:13:47.260+0000][0.093s][info][gc,start       ] GC(10) Pause Full (Ergonomics)
[2026-07-19T20:13:47.260+0000][0.093s][info][gc,phases,start] GC(10) Marking Phase
[2026-07-19T20:13:47.263+0000][0.096s][info][gc,phases      ] GC(10) Marking Phase 2.760ms
[2026-07-19T20:13:47.263+0000][0.096s][info][gc,phases,start] GC(10) Summary Phase
[2026-07-19T20:13:47.263+0000][0.096s][info][gc,phases      ] GC(10) Summary Phase 0.092ms
[2026-07-19T20:13:47.263+0000][0.096s][info][gc,phases,start] GC(10) Adjust Roots
[2026-07-19T20:13:47.263+0000][0.096s][info][gc,phases      ] GC(10) Adjust Roots 0.208ms
[2026-07-19T20:13:47.263+0000][0.096s][info][gc,phases,start] GC(10) Compaction Phase
[2026-07-19T20:13:47.265+0000][0.098s][info][gc,phases      ] GC(10) Compaction Phase 1.432ms
[2026-07-19T20:13:47.265+0000][0.098s][info][gc,phases,start] GC(10) Post Compact
[2026-07-19T20:13:47.265+0000][0.098s][info][gc,phases      ] GC(10) Post Compact 0.056ms
[2026-07-19T20:13:47.265+0000][0.098s][info][gc,heap        ] GC(10) PSYoungGen: 20991K(24064K)->20991K(24064K) Eden: 20991K(20992K)->20991K(20992K) From: 0K(3072K)->0K(3072K)
[2026-07-19T20:13:47.265+0000][0.098s][info][gc,heap        ] GC(10) ParOldGen: 54607K(54784K)->54607K(54784K)
[2026-07-19T20:13:47.265+0000][0.098s][info][gc,metaspace   ] GC(10) Metaspace: 616K(768K)->616K(768K) NonClass: 569K(640K)->569K(640K) Class: 47K(128K)->47K(128K)
[2026-07-19T20:13:47.265+0000][0.098s][info][gc             ] GC(10) Pause Full (Ergonomics) 73M->73M(77M) 4.909ms
[2026-07-19T20:13:47.265+0000][0.098s][info][gc,cpu         ] GC(10) User=0.01s Sys=0.00s Real=0.00s
[2026-07-19T20:13:47.265+0000][0.098s][info][gc,start       ] GC(11) Pause Full (Ergonomics)
[2026-07-19T20:13:47.265+0000][0.098s][info][gc,phases,start] GC(11) Marking Phase
[2026-07-19T20:13:47.268+0000][0.101s][info][gc,phases      ] GC(11) Marking Phase 2.468ms
[2026-07-19T20:13:47.268+0000][0.101s][info][gc,phases,start] GC(11) Summary Phase
[2026-07-19T20:13:47.268+0000][0.101s][info][gc,phases      ] GC(11) Summary Phase 0.033ms
[2026-07-19T20:13:47.268+0000][0.101s][info][gc,phases,start] GC(11) Adjust Roots
[2026-07-19T20:13:47.268+0000][0.101s][info][gc,phases      ] GC(11) Adjust Roots 0.179ms
[2026-07-19T20:13:47.268+0000][0.101s][info][gc,phases,start] GC(11) Compaction Phase
[2026-07-19T20:13:47.269+0000][0.103s][info][gc,phases      ] GC(11) Compaction Phase 1.436ms
[2026-07-19T20:13:47.269+0000][0.103s][info][gc,phases,start] GC(11) Post Compact
[2026-07-19T20:13:47.270+0000][0.103s][info][gc,phases      ] GC(11) Post Compact 0.055ms
[2026-07-19T20:13:47.270+0000][0.103s][info][gc,heap        ] GC(11) PSYoungGen: 20991K(24064K)->20991K(24064K) Eden: 20991K(20992K)->20991K(20992K) From: 0K(3072K)->0K(3072K)
[2026-07-19T20:13:47.270+0000][0.103s][info][gc,heap        ] GC(11) ParOldGen: 54640K(54784K)->54640K(54784K)
[2026-07-19T20:13:47.270+0000][0.103s][info][gc,metaspace   ] GC(11) Metaspace: 616K(768K)->616K(768K) NonClass: 569K(640K)->569K(640K) Class: 47K(128K)->47K(128K)
[2026-07-19T20:13:47.270+0000][0.103s][info][gc             ] GC(11) Pause Full (Ergonomics) 73M->73M(77M) 4.490ms
[2026-07-19T20:13:47.270+0000][0.103s][info][gc,cpu         ] GC(11) User=0.01s Sys=0.00s Real=0.01s
[2026-07-19T20:13:47.270+0000][0.103s][info][gc,start       ] GC(12) Pause Full (Ergonomics)
[2026-07-19T20:13:47.270+0000][0.103s][info][gc,phases,start] GC(12) Marking Phase
[2026-07-19T20:13:47.272+0000][0.105s][info][gc,phases      ] GC(12) Marking Phase 2.517ms
[2026-07-19T20:13:47.272+0000][0.106s][info][gc,phases,start] GC(12) Summary Phase
[2026-07-19T20:13:47.272+0000][0.106s][info][gc,phases      ] GC(12) Summary Phase 0.033ms
[2026-07-19T20:13:47.272+0000][0.106s][info][gc,phases,start] GC(12) Adjust Roots
[2026-07-19T20:13:47.273+0000][0.106s][info][gc,phases      ] GC(12) Adjust Roots 0.165ms
[2026-07-19T20:13:47.273+0000][0.106s][info][gc,phases,start] GC(12) Compaction Phase
[2026-07-19T20:13:47.274+0000][0.107s][info][gc,phases      ] GC(12) Compaction Phase 1.248ms
[2026-07-19T20:13:47.274+0000][0.107s][info][gc,phases,start] GC(12) Post Compact
[2026-07-19T20:13:47.274+0000][0.107s][info][gc,phases      ] GC(12) Post Compact 0.050ms
[2026-07-19T20:13:47.274+0000][0.107s][info][gc,heap        ] GC(12) PSYoungGen: 20991K(24064K)->20991K(24064K) Eden: 20991K(20992K)->20991K(20992K) From: 0K(3072K)->0K(3072K)
[2026-07-19T20:13:47.274+0000][0.107s][info][gc,heap        ] GC(12) ParOldGen: 54673K(54784K)->54673K(54784K)
[2026-07-19T20:13:47.274+0000][0.107s][info][gc,metaspace   ] GC(12) Metaspace: 616K(768K)->616K(768K) NonClass: 569K(640K)->569K(640K) Class: 47K(128K)->47K(128K)
[2026-07-19T20:13:47.274+0000][0.107s][info][gc             ] GC(12) Pause Full (Ergonomics) 73M->73M(77M) 4.364ms
[2026-07-19T20:13:47.274+0000][0.107s][info][gc,cpu         ] GC(12) User=0.00s Sys=0.00s Real=0.00s
[2026-07-19T20:13:47.274+0000][0.107s][info][gc,start       ] GC(13) Pause Full (Ergonomics)
[2026-07-19T20:13:47.274+0000][0.107s][info][gc,phases,start] GC(13) Marking Phase
[2026-07-19T20:13:47.277+0000][0.110s][info][gc,phases      ] GC(13) Marking Phase 2.494ms
[2026-07-19T20:13:47.277+0000][0.110s][info][gc,phases,start] GC(13) Summary Phase
[2026-07-19T20:13:47.277+0000][0.110s][info][gc,phases      ] GC(13) Summary Phase 0.032ms
[2026-07-19T20:13:47.277+0000][0.110s][info][gc,phases,start] GC(13) Adjust Roots
[2026-07-19T20:13:47.277+0000][0.110s][info][gc,phases      ] GC(13) Adjust Roots 0.154ms
[2026-07-19T20:13:47.277+0000][0.110s][info][gc,phases,start] GC(13) Compaction Phase
[2026-07-19T20:13:47.278+0000][0.111s][info][gc,phases      ] GC(13) Compaction Phase 1.196ms
[2026-07-19T20:13:47.278+0000][0.111s][info][gc,phases,start] GC(13) Post Compact
[2026-07-19T20:13:47.278+0000][0.111s][info][gc,phases      ] GC(13) Post Compact 0.052ms
[2026-07-19T20:13:47.278+0000][0.112s][info][gc,heap        ] GC(13) PSYoungGen: 20991K(24064K)->20991K(24064K) Eden: 20991K(20992K)->20991K(20992K) From: 0K(3072K)->0K(3072K)
[2026-07-19T20:13:47.278+0000][0.112s][info][gc,heap        ] GC(13) ParOldGen: 54706K(54784K)->54706K(54784K)
[2026-07-19T20:13:47.278+0000][0.112s][info][gc,metaspace   ] GC(13) Metaspace: 616K(768K)->616K(768K) NonClass: 569K(640K)->569K(640K) Class: 47K(128K)->47K(128K)
[2026-07-19T20:13:47.278+0000][0.112s][info][gc             ] GC(13) Pause Full (Ergonomics) 73M->73M(77M) 4.233ms
[2026-07-19T20:13:47.279+0000][0.112s][info][gc,cpu         ] GC(13) User=0.01s Sys=0.00s Real=0.01s
[2026-07-19T20:13:47.279+0000][0.112s][info][gc,start       ] GC(14) Pause Full (Ergonomics)
[2026-07-19T20:13:47.279+0000][0.112s][info][gc,phases,start] GC(14) Marking Phase
[2026-07-19T20:13:47.281+0000][0.114s][info][gc,phases      ] GC(14) Marking Phase 2.566ms
[2026-07-19T20:13:47.281+0000][0.114s][info][gc,phases,start] GC(14) Summary Phase
[2026-07-19T20:13:47.281+0000][0.114s][info][gc,phases      ] GC(14) Summary Phase 0.035ms
[2026-07-19T20:13:47.281+0000][0.114s][info][gc,phases,start] GC(14) Adjust Roots
[2026-07-19T20:13:47.282+0000][0.115s][info][gc,phases      ] GC(14) Adjust Roots 0.168ms
[2026-07-19T20:13:47.282+0000][0.115s][info][gc,phases,start] GC(14) Compaction Phase
[2026-07-19T20:13:47.283+0000][0.116s][info][gc,phases      ] GC(14) Compaction Phase 1.302ms
[2026-07-19T20:13:47.283+0000][0.116s][info][gc,phases,start] GC(14) Post Compact
[2026-07-19T20:13:47.283+0000][0.116s][info][gc,phases      ] GC(14) Post Compact 0.053ms
[2026-07-19T20:13:47.283+0000][0.116s][info][gc,heap        ] GC(14) PSYoungGen: 20991K(24064K)->20991K(24064K) Eden: 20991K(20992K)->20991K(20992K) From: 0K(3072K)->0K(3072K)
[2026-07-19T20:13:47.283+0000][0.116s][info][gc,heap        ] GC(14) ParOldGen: 54739K(54784K)->54739K(54784K)
[2026-07-19T20:13:47.283+0000][0.116s][info][gc,metaspace   ] GC(14) Metaspace: 616K(768K)->616K(768K) NonClass: 569K(640K)->569K(640K) Class: 47K(128K)->47K(128K)
[2026-07-19T20:13:47.283+0000][0.116s][info][gc             ] GC(14) Pause Full (Ergonomics) 73M->73M(77M) 4.477ms
[2026-07-19T20:13:47.283+0000][0.116s][info][gc,cpu         ] GC(14) User=0.01s Sys=0.00s Real=0.00s
[2026-07-19T20:13:47.283+0000][0.116s][info][gc,start       ] GC(15) Pause Full (Ergonomics)
[2026-07-19T20:13:47.283+0000][0.116s][info][gc,phases,start] GC(15) Marking Phase
[2026-07-19T20:13:47.286+0000][0.119s][info][gc,phases      ] GC(15) Marking Phase 2.332ms
[2026-07-19T20:13:47.286+0000][0.119s][info][gc,phases,start] GC(15) Summary Phase
[2026-07-19T20:13:47.286+0000][0.119s][info][gc,phases      ] GC(15) Summary Phase 0.077ms
[2026-07-19T20:13:47.286+0000][0.119s][info][gc,phases,start] GC(15) Adjust Roots
[2026-07-19T20:13:47.286+0000][0.119s][info][gc,phases      ] GC(15) Adjust Roots 0.149ms
[2026-07-19T20:13:47.286+0000][0.119s][info][gc,phases,start] GC(15) Compaction Phase
[2026-07-19T20:13:47.287+0000][0.120s][info][gc,phases      ] GC(15) Compaction Phase 1.138ms
[2026-07-19T20:13:47.287+0000][0.120s][info][gc,phases,start] GC(15) Post Compact
[2026-07-19T20:13:47.287+0000][0.120s][info][gc,phases      ] GC(15) Post Compact 0.070ms
[2026-07-19T20:13:47.287+0000][0.120s][info][gc,heap        ] GC(15) PSYoungGen: 20991K(24064K)->20991K(24064K) Eden: 20991K(20992K)->20991K(20992K) From: 0K(3072K)->0K(3072K)
[2026-07-19T20:13:47.287+0000][0.120s][info][gc,heap        ] GC(15) ParOldGen: 54772K(54784K)->54772K(54784K)
[2026-07-19T20:13:47.287+0000][0.120s][info][gc,metaspace   ] GC(15) Metaspace: 616K(768K)->616K(768K) NonClass: 569K(640K)->569K(640K) Class: 47K(128K)->47K(128K)
[2026-07-19T20:13:47.287+0000][0.120s][info][gc             ] GC(15) Pause Full (Ergonomics) 73M->73M(77M) 4.136ms
[2026-07-19T20:13:47.287+0000][0.121s][info][gc,cpu         ] GC(15) User=0.00s Sys=0.00s Real=0.01s
[2026-07-19T20:13:47.287+0000][0.121s][info][gc,start       ] GC(16) Pause Full (Ergonomics)
[2026-07-19T20:13:47.288+0000][0.121s][info][gc,phases,start] GC(16) Marking Phase
[2026-07-19T20:13:47.290+0000][0.123s][info][gc,phases      ] GC(16) Marking Phase 2.350ms
[2026-07-19T20:13:47.290+0000][0.123s][info][gc,phases,start] GC(16) Summary Phase
[2026-07-19T20:13:47.290+0000][0.123s][info][gc,phases      ] GC(16) Summary Phase 0.031ms
[2026-07-19T20:13:47.290+0000][0.123s][info][gc,phases,start] GC(16) Adjust Roots
[2026-07-19T20:13:47.290+0000][0.123s][info][gc,phases      ] GC(16) Adjust Roots 0.188ms
[2026-07-19T20:13:47.290+0000][0.123s][info][gc,phases,start] GC(16) Compaction Phase
[2026-07-19T20:13:47.292+0000][0.125s][info][gc,phases      ] GC(16) Compaction Phase 1.347ms
[2026-07-19T20:13:47.292+0000][0.125s][info][gc,phases,start] GC(16) Post Compact
[2026-07-19T20:13:47.292+0000][0.125s][info][gc,phases      ] GC(16) Post Compact 0.057ms
[2026-07-19T20:13:47.292+0000][0.125s][info][gc,heap        ] GC(16) PSYoungGen: 20991K(24064K)->20991K(24064K) Eden: 20991K(20992K)->20991K(20992K) From: 0K(3072K)->0K(3072K)
[2026-07-19T20:13:47.292+0000][0.125s][info][gc,heap        ] GC(16) ParOldGen: 54783K(54784K)->54783K(54784K)
[2026-07-19T20:13:47.292+0000][0.125s][info][gc,metaspace   ] GC(16) Metaspace: 616K(768K)->616K(768K) NonClass: 569K(640K)->569K(640K) Class: 47K(128K)->47K(128K)
[2026-07-19T20:13:47.292+0000][0.125s][info][gc             ] GC(16) Pause Full (Ergonomics) 73M->73M(77M) 4.337ms
[2026-07-19T20:13:47.292+0000][0.125s][info][gc,cpu         ] GC(16) User=0.01s Sys=0.00s Real=0.00s
[2026-07-19T20:13:47.292+0000][0.125s][info][gc,start       ] GC(17) Pause Full (Allocation Failure)
[2026-07-19T20:13:47.292+0000][0.125s][info][gc,phases,start] GC(17) Marking Phase
[2026-07-19T20:13:47.294+0000][0.128s][info][gc,phases      ] GC(17) Marking Phase 2.552ms
[2026-07-19T20:13:47.295+0000][0.128s][info][gc,phases,start] GC(17) Summary Phase
[2026-07-19T20:13:47.295+0000][0.128s][info][gc,phases      ] GC(17) Summary Phase 0.032ms
[2026-07-19T20:13:47.295+0000][0.128s][info][gc,phases,start] GC(17) Adjust Roots
[2026-07-19T20:13:47.295+0000][0.128s][info][gc,phases      ] GC(17) Adjust Roots 0.243ms
[2026-07-19T20:13:47.295+0000][0.128s][info][gc,phases,start] GC(17) Compaction Phase
[2026-07-19T20:13:47.297+0000][0.130s][info][gc,phases      ] GC(17) Compaction Phase 2.408ms
[2026-07-19T20:13:47.297+0000][0.130s][info][gc,phases,start] GC(17) Post Compact
[2026-07-19T20:13:47.297+0000][0.130s][info][gc,phases      ] GC(17) Post Compact 0.062ms
[2026-07-19T20:13:47.297+0000][0.131s][info][gc,heap        ] GC(17) PSYoungGen: 20991K(24064K)->20931K(24064K) Eden: 20991K(20992K)->20931K(20992K) From: 0K(3072K)->0K(3072K)
[2026-07-19T20:13:47.297+0000][0.131s][info][gc,heap        ] GC(17) ParOldGen: 54783K(54784K)->54782K(54784K)
[2026-07-19T20:13:47.298+0000][0.131s][info][gc,metaspace   ] GC(17) Metaspace: 616K(768K)->604K(768K) NonClass: 569K(640K)->560K(640K) Class: 47K(128K)->43K(128K)
[2026-07-19T20:13:47.298+0000][0.131s][info][gc             ] GC(17) Pause Full (Allocation Failure) 73M->73M(77M) 5.659ms
[2026-07-19T20:13:47.298+0000][0.131s][info][gc,cpu         ] GC(17) User=0.01s Sys=0.00s Real=0.01s
[2026-07-19T20:13:47.298+0000][0.131s][info][gc,start       ] GC(18) Pause Full (Ergonomics)
[2026-07-19T20:13:47.298+0000][0.131s][info][gc,phases,start] GC(18) Marking Phase
[2026-07-19T20:13:47.301+0000][0.135s][info][gc,phases      ] GC(18) Marking Phase 3.135ms
[2026-07-19T20:13:47.302+0000][0.135s][info][gc,phases,start] GC(18) Summary Phase
[2026-07-19T20:13:47.302+0000][0.135s][info][gc,phases      ] GC(18) Summary Phase 0.036ms
[2026-07-19T20:13:47.302+0000][0.135s][info][gc,phases,start] GC(18) Adjust Roots
[2026-07-19T20:13:47.302+0000][0.135s][info][gc,phases      ] GC(18) Adjust Roots 0.162ms
[2026-07-19T20:13:47.302+0000][0.135s][info][gc,phases,start] GC(18) Compaction Phase
[2026-07-19T20:13:47.303+0000][0.136s][info][gc,phases      ] GC(18) Compaction Phase 1.481ms
[2026-07-19T20:13:47.303+0000][0.136s][info][gc,phases,start] GC(18) Post Compact
[2026-07-19T20:13:47.303+0000][0.137s][info][gc,phases      ] GC(18) Post Compact 0.073ms
[2026-07-19T20:13:47.303+0000][0.137s][info][gc,heap        ] GC(18) PSYoungGen: 20992K(24064K)->20991K(24064K) Eden: 20992K(20992K)->20991K(20992K) From: 0K(3072K)->0K(3072K)
[2026-07-19T20:13:47.303+0000][0.137s][info][gc,heap        ] GC(18) ParOldGen: 54783K(54784K)->54783K(54784K)
[2026-07-19T20:13:47.304+0000][0.137s][info][gc,metaspace   ] GC(18) Metaspace: 604K(768K)->604K(768K) NonClass: 560K(640K)->560K(640K) Class: 43K(128K)->43K(128K)
[2026-07-19T20:13:47.304+0000][0.137s][info][gc             ] GC(18) Pause Full (Ergonomics) 73M->73M(77M) 5.309ms
[2026-07-19T20:13:47.304+0000][0.137s][info][gc,cpu         ] GC(18) User=0.01s Sys=0.00s Real=0.00s
[2026-07-19T20:13:47.304+0000][0.137s][info][gc,start       ] GC(19) Pause Full (Ergonomics)
[2026-07-19T20:13:47.304+0000][0.137s][info][gc,phases,start] GC(19) Marking Phase
[2026-07-19T20:13:47.307+0000][0.140s][info][gc,phases      ] GC(19) Marking Phase 2.303ms
[2026-07-19T20:13:47.307+0000][0.140s][info][gc,phases,start] GC(19) Summary Phase
[2026-07-19T20:13:47.307+0000][0.140s][info][gc,phases      ] GC(19) Summary Phase 0.034ms
[2026-07-19T20:13:47.307+0000][0.140s][info][gc,phases,start] GC(19) Adjust Roots
[2026-07-19T20:13:47.307+0000][0.140s][info][gc,phases      ] GC(19) Adjust Roots 0.173ms
[2026-07-19T20:13:47.307+0000][0.140s][info][gc,phases,start] GC(19) Compaction Phase
[2026-07-19T20:13:47.308+0000][0.141s][info][gc,phases      ] GC(19) Compaction Phase 1.296ms
[2026-07-19T20:13:47.308+0000][0.141s][info][gc,phases,start] GC(19) Post Compact
[2026-07-19T20:13:47.308+0000][0.141s][info][gc,phases      ] GC(19) Post Compact 0.070ms
[2026-07-19T20:13:47.308+0000][0.141s][info][gc,heap        ] GC(19) PSYoungGen: 20991K(24064K)->20991K(24064K) Eden: 20991K(20992K)->20991K(20992K) From: 0K(3072K)->0K(3072K)
[2026-07-19T20:13:47.308+0000][0.142s][info][gc,heap        ] GC(19) ParOldGen: 54783K(54784K)->54783K(54784K)
[2026-07-19T20:13:47.308+0000][0.142s][info][gc,metaspace   ] GC(19) Metaspace: 604K(768K)->604K(768K) NonClass: 560K(640K)->560K(640K) Class: 43K(128K)->43K(128K)
[2026-07-19T20:13:47.309+0000][0.142s][info][gc             ] GC(19) Pause Full (Ergonomics) 73M->73M(77M) 4.273ms
[2026-07-19T20:13:47.309+0000][0.142s][info][gc,cpu         ] GC(19) User=0.01s Sys=0.00s Real=0.01s
[2026-07-19T20:13:47.309+0000][0.142s][info][gc,start       ] GC(20) Pause Full (Allocation Failure)
[2026-07-19T20:13:47.309+0000][0.142s][info][gc,phases,start] GC(20) Marking Phase
[2026-07-19T20:13:47.311+0000][0.144s][info][gc,phases      ] GC(20) Marking Phase 2.402ms
[2026-07-19T20:13:47.311+0000][0.144s][info][gc,phases,start] GC(20) Summary Phase
[2026-07-19T20:13:47.311+0000][0.144s][info][gc,phases      ] GC(20) Summary Phase 0.076ms
[2026-07-19T20:13:47.311+0000][0.144s][info][gc,phases,start] GC(20) Adjust Roots
[2026-07-19T20:13:47.311+0000][0.144s][info][gc,phases      ] GC(20) Adjust Roots 0.160ms
[2026-07-19T20:13:47.311+0000][0.145s][info][gc,phases,start] GC(20) Compaction Phase
[2026-07-19T20:13:47.313+0000][0.146s][info][gc,phases      ] GC(20) Compaction Phase 1.293ms
[2026-07-19T20:13:47.313+0000][0.146s][info][gc,phases,start] GC(20) Post Compact
[2026-07-19T20:13:47.313+0000][0.146s][info][gc,phases      ] GC(20) Post Compact 0.051ms
[2026-07-19T20:13:47.313+0000][0.146s][info][gc,heap        ] GC(20) PSYoungGen: 20991K(24064K)->20991K(24064K) Eden: 20991K(20992K)->20991K(20992K) From: 0K(3072K)->0K(3072K)
[2026-07-19T20:13:47.313+0000][0.146s][info][gc,heap        ] GC(20) ParOldGen: 54783K(54784K)->54783K(54784K)
[2026-07-19T20:13:47.313+0000][0.146s][info][gc,metaspace   ] GC(20) Metaspace: 604K(768K)->604K(768K) NonClass: 560K(640K)->560K(640K) Class: 43K(128K)->43K(128K)
[2026-07-19T20:13:47.313+0000][0.146s][info][gc             ] GC(20) Pause Full (Allocation Failure) 73M->73M(77M) 4.305ms
[2026-07-19T20:13:47.313+0000][0.146s][info][gc,cpu         ] GC(20) User=0.00s Sys=0.00s Real=0.00s
[2026-07-19T20:13:47.313+0000][0.146s][info][gc,start       ] GC(21) Pause Full (Ergonomics)
[2026-07-19T20:13:47.313+0000][0.146s][info][gc,phases,start] GC(21) Marking Phase
[2026-07-19T20:13:47.315+0000][0.149s][info][gc,phases      ] GC(21) Marking Phase 2.328ms
[2026-07-19T20:13:47.315+0000][0.149s][info][gc,phases,start] GC(21) Summary Phase
[2026-07-19T20:13:47.316+0000][0.149s][info][gc,phases      ] GC(21) Summary Phase 0.033ms
[2026-07-19T20:13:47.316+0000][0.149s][info][gc,phases,start] GC(21) Adjust Roots
[2026-07-19T20:13:47.316+0000][0.149s][info][gc,phases      ] GC(21) Adjust Roots 0.183ms
[2026-07-19T20:13:47.316+0000][0.149s][info][gc,phases,start] GC(21) Compaction Phase
[2026-07-19T20:13:47.318+0000][0.151s][info][gc,phases      ] GC(21) Compaction Phase 2.432ms
[2026-07-19T20:13:47.318+0000][0.151s][info][gc,phases,start] GC(21) Post Compact
[2026-07-19T20:13:47.318+0000][0.151s][info][gc,phases      ] GC(21) Post Compact 0.058ms
[2026-07-19T20:13:47.318+0000][0.151s][info][gc,heap        ] GC(21) PSYoungGen: 20991K(24064K)->13311K(24064K) Eden: 20991K(20992K)->13311K(20992K) From: 0K(3072K)->0K(3072K)
[2026-07-19T20:13:47.318+0000][0.152s][info][gc,heap        ] GC(21) ParOldGen: 54783K(54784K)->54272K(54784K)
[2026-07-19T20:13:47.318+0000][0.152s][info][gc,metaspace   ] GC(21) Metaspace: 604K(768K)->604K(768K) NonClass: 561K(640K)->561K(640K) Class: 43K(128K)->43K(128K)
[2026-07-19T20:13:47.318+0000][0.152s][info][gc             ] GC(21) Pause Full (Ergonomics) 73M->65M(77M) 5.361ms
[2026-07-19T20:13:47.318+0000][0.152s][info][gc,cpu         ] GC(21) User=0.01s Sys=0.00s Real=0.01s
[2026-07-19T20:13:47.322+0000][0.155s][info][gc,heap,exit   ] Heap
[2026-07-19T20:13:47.322+0000][0.155s][info][gc,heap,exit   ]  PSYoungGen      total 24064K, used 13465K [0x00000000fe580000, 0x0000000100000000, 0x0000000100000000)
[2026-07-19T20:13:47.322+0000][0.155s][info][gc,heap,exit   ]   eden space 20992K, 64% used [0x00000000fe580000,0x00000000ff2a6738,0x00000000ffa00000)
[2026-07-19T20:13:47.322+0000][0.155s][info][gc,heap,exit   ]   from space 3072K, 0% used [0x00000000ffd00000,0x00000000ffd00000,0x0000000100000000)
[2026-07-19T20:13:47.322+0000][0.155s][info][gc,heap,exit   ]   to   space 3072K, 0% used [0x00000000ffa00000,0x00000000ffa00000,0x00000000ffd00000)
[2026-07-19T20:13:47.322+0000][0.155s][info][gc,heap,exit   ]  ParOldGen       total 54784K, used 54272K [0x00000000fb000000, 0x00000000fe580000, 0x00000000fe580000)
[2026-07-19T20:13:47.322+0000][0.155s][info][gc,heap,exit   ]   object space 54784K, 99% used [0x00000000fb000000,0x00000000fe500170,0x00000000fe580000)
[2026-07-19T20:13:47.322+0000][0.155s][info][gc,heap,exit   ]  Metaspace       used 721K, committed 832K, reserved 1114112K
[2026-07-19T20:13:47.322+0000][0.155s][info][gc,heap,exit   ]   class space    used 57K, committed 128K, reserved 1048576K
