[2026-07-19T20:13:44.633+0000][0.005s][info][gc,init] CardTable entry size: 512
[2026-07-19T20:13:44.633+0000][0.005s][info][gc     ] Using Parallel
[2026-07-19T20:13:44.634+0000][0.006s][info][gc,init] Version: 21.0.11+10-LTS (release)
[2026-07-19T20:13:44.634+0000][0.006s][info][gc,init] CPUs: 10 total, 10 available
[2026-07-19T20:13:44.634+0000][0.006s][info][gc,init] Memory: 7837M
[2026-07-19T20:13:44.634+0000][0.006s][info][gc,init] Large Page Support: Disabled
[2026-07-19T20:13:44.634+0000][0.006s][info][gc,init] NUMA Support: Disabled
[2026-07-19T20:13:44.634+0000][0.006s][info][gc,init] Compressed Oops: Enabled (32-bit)
[2026-07-19T20:13:44.634+0000][0.006s][info][gc,init] Alignments: Space 512K, Generation 512K, Heap 2M
[2026-07-19T20:13:44.634+0000][0.006s][info][gc,init] Heap Min Capacity: 8M
[2026-07-19T20:13:44.634+0000][0.007s][info][gc,init] Heap Initial Capacity: 80M
[2026-07-19T20:13:44.634+0000][0.007s][info][gc,init] Heap Max Capacity: 80M
[2026-07-19T20:13:44.634+0000][0.007s][info][gc,init] Pre-touch: Disabled
[2026-07-19T20:13:44.635+0000][0.007s][info][gc,init] Parallel Workers: 9
[2026-07-19T20:13:44.639+0000][0.011s][info][gc,metaspace] CDS archive(s) mapped at: [0x0000000200000000-0x0000000200cb0000-0x0000000200cb0000), size 13303808, SharedBaseAddress: 0x0000000200000000, ArchiveRelocationMode: 1.
[2026-07-19T20:13:44.639+0000][0.011s][info][gc,metaspace] Compressed class space mapped at: 0x0000000201000000-0x0000000241000000, reserved size: 1073741824
[2026-07-19T20:13:44.639+0000][0.011s][info][gc,metaspace] Narrow klass base: 0x0000000200000000, Narrow klass shift: 0, Narrow klass range: 0x100000000
[2026-07-19T20:13:44.664+0000][0.036s][info][gc,start    ] GC(0) Pause Young (Allocation Failure)
[2026-07-19T20:13:44.665+0000][0.038s][info][gc,heap     ] GC(0) PSYoungGen: 20992K(24064K)->3066K(24064K) Eden: 20992K(20992K)->0K(20992K) From: 0K(3072K)->3066K(3072K)
[2026-07-19T20:13:44.666+0000][0.038s][info][gc,heap     ] GC(0) ParOldGen: 1073K(54784K)->17097K(54784K)
[2026-07-19T20:13:44.666+0000][0.038s][info][gc,metaspace] GC(0) Metaspace: 607K(768K)->607K(768K) NonClass: 560K(640K)->560K(640K) Class: 47K(128K)->47K(128K)
[2026-07-19T20:13:44.666+0000][0.038s][info][gc          ] GC(0) Pause Young (Allocation Failure) 21M->19M(77M) 1.538ms
[2026-07-19T20:13:44.666+0000][0.038s][info][gc,cpu      ] GC(0) User=0.00s Sys=0.00s Real=0.00s
[2026-07-19T20:13:44.668+0000][0.041s][info][gc,start    ] GC(1) Pause Young (Allocation Failure)
[2026-07-19T20:13:44.670+0000][0.043s][info][gc,heap     ] GC(1) PSYoungGen: 24058K(24064K)->3050K(24064K) Eden: 20992K(20992K)->0K(20992K) From: 3066K(3072K)->3050K(3072K)
[2026-07-19T20:13:44.670+0000][0.043s][info][gc,heap     ] GC(1) ParOldGen: 17097K(54784K)->38809K(54784K)
[2026-07-19T20:13:44.670+0000][0.043s][info][gc,metaspace] GC(1) Metaspace: 607K(768K)->607K(768K) NonClass: 560K(640K)->560K(640K) Class: 47K(128K)->47K(128K)
[2026-07-19T20:13:44.670+0000][0.043s][info][gc          ] GC(1) Pause Young (Allocation Failure) 40M->40M(77M) 2.012ms
[2026-07-19T20:13:44.670+0000][0.043s][info][gc,cpu      ] GC(1) User=0.00s Sys=0.00s Real=0.00s
[2026-07-19T20:13:44.672+0000][0.045s][info][gc,start    ] GC(2) Pause Full (Ergonomics)
[2026-07-19T20:13:44.672+0000][0.045s][info][gc,phases,start] GC(2) Marking Phase
[2026-07-19T20:13:44.675+0000][0.048s][info][gc,phases      ] GC(2) Marking Phase 2.812ms
[2026-07-19T20:13:44.675+0000][0.048s][info][gc,phases,start] GC(2) Summary Phase
[2026-07-19T20:13:44.675+0000][0.048s][info][gc,phases      ] GC(2) Summary Phase 0.027ms
[2026-07-19T20:13:44.675+0000][0.048s][info][gc,phases,start] GC(2) Adjust Roots
[2026-07-19T20:13:44.676+0000][0.048s][info][gc,phases      ] GC(2) Adjust Roots 0.370ms
[2026-07-19T20:13:44.676+0000][0.048s][info][gc,phases,start] GC(2) Compaction Phase
[2026-07-19T20:13:44.680+0000][0.052s][info][gc,phases      ] GC(2) Compaction Phase 4.019ms
[2026-07-19T20:13:44.680+0000][0.052s][info][gc,phases,start] GC(2) Post Compact
[2026-07-19T20:13:44.680+0000][0.052s][info][gc,phases      ] GC(2) Post Compact 0.114ms
[2026-07-19T20:13:44.680+0000][0.052s][info][gc,heap        ] GC(2) PSYoungGen: 24042K(24064K)->7126K(24064K) Eden: 20992K(20992K)->7126K(20992K) From: 3050K(3072K)->0K(3072K)
[2026-07-19T20:13:44.680+0000][0.052s][info][gc,heap        ] GC(2) ParOldGen: 38809K(54784K)->54458K(54784K)
[2026-07-19T20:13:44.680+0000][0.052s][info][gc,metaspace   ] GC(2) Metaspace: 616K(768K)->616K(768K) NonClass: 569K(640K)->569K(640K) Class: 47K(128K)->47K(128K)
[2026-07-19T20:13:44.680+0000][0.052s][info][gc             ] GC(2) Pause Full (Ergonomics) 61M->60M(77M) 7.724ms
[2026-07-19T20:13:44.680+0000][0.053s][info][gc,cpu         ] GC(2) User=0.02s Sys=0.01s Real=0.01s
[2026-07-19T20:13:44.681+0000][0.054s][info][gc,start       ] GC(3) Pause Full (Ergonomics)
[2026-07-19T20:13:44.681+0000][0.054s][info][gc,phases,start] GC(3) Marking Phase
[2026-07-19T20:13:44.685+0000][0.057s][info][gc,phases      ] GC(3) Marking Phase 3.367ms
[2026-07-19T20:13:44.685+0000][0.057s][info][gc,phases,start] GC(3) Summary Phase
[2026-07-19T20:13:44.685+0000][0.057s][info][gc,phases      ] GC(3) Summary Phase 0.029ms
[2026-07-19T20:13:44.685+0000][0.057s][info][gc,phases,start] GC(3) Adjust Roots
[2026-07-19T20:13:44.685+0000][0.057s][info][gc,phases      ] GC(3) Adjust Roots 0.204ms
[2026-07-19T20:13:44.685+0000][0.058s][info][gc,phases,start] GC(3) Compaction Phase
[2026-07-19T20:13:44.687+0000][0.059s][info][gc,phases      ] GC(3) Compaction Phase 1.912ms
[2026-07-19T20:13:44.687+0000][0.060s][info][gc,phases,start] GC(3) Post Compact
[2026-07-19T20:13:44.687+0000][0.060s][info][gc,phases      ] GC(3) Post Compact 0.063ms
[2026-07-19T20:13:44.687+0000][0.060s][info][gc,heap        ] GC(3) PSYoungGen: 20992K(24064K)->20962K(24064K) Eden: 20992K(20992K)->20962K(20992K) From: 0K(3072K)->0K(3072K)
[2026-07-19T20:13:44.687+0000][0.060s][info][gc,heap        ] GC(3) ParOldGen: 54458K(54784K)->54458K(54784K)
[2026-07-19T20:13:44.687+0000][0.060s][info][gc,metaspace   ] GC(3) Metaspace: 616K(768K)->616K(768K) NonClass: 569K(640K)->569K(640K) Class: 47K(128K)->47K(128K)
[2026-07-19T20:13:44.687+0000][0.060s][info][gc             ] GC(3) Pause Full (Ergonomics) 73M->73M(77M) 5.930ms
[2026-07-19T20:13:44.687+0000][0.060s][info][gc,cpu         ] GC(3) User=0.01s Sys=0.00s Real=0.01s
[2026-07-19T20:13:44.687+0000][0.060s][info][gc,start       ] GC(4) Pause Full (Ergonomics)
[2026-07-19T20:13:44.687+0000][0.060s][info][gc,phases,start] GC(4) Marking Phase
[2026-07-19T20:13:44.690+0000][0.063s][info][gc,phases      ] GC(4) Marking Phase 2.815ms
[2026-07-19T20:13:44.690+0000][0.063s][info][gc,phases,start] GC(4) Summary Phase
[2026-07-19T20:13:44.690+0000][0.063s][info][gc,phases      ] GC(4) Summary Phase 0.027ms
[2026-07-19T20:13:44.690+0000][0.063s][info][gc,phases,start] GC(4) Adjust Roots
[2026-07-19T20:13:44.690+0000][0.063s][info][gc,phases      ] GC(4) Adjust Roots 0.156ms
[2026-07-19T20:13:44.690+0000][0.063s][info][gc,phases,start] GC(4) Compaction Phase
[2026-07-19T20:13:44.692+0000][0.064s][info][gc,phases      ] GC(4) Compaction Phase 1.414ms
[2026-07-19T20:13:44.692+0000][0.064s][info][gc,phases,start] GC(4) Post Compact
[2026-07-19T20:13:44.692+0000][0.064s][info][gc,phases      ] GC(4) Post Compact 0.052ms
[2026-07-19T20:13:44.692+0000][0.064s][info][gc,heap        ] GC(4) PSYoungGen: 20992K(24064K)->20991K(24064K) Eden: 20992K(20992K)->20991K(20992K) From: 0K(3072K)->0K(3072K)
[2026-07-19T20:13:44.692+0000][0.064s][info][gc,heap        ] GC(4) ParOldGen: 54458K(54784K)->54458K(54784K)
[2026-07-19T20:13:44.692+0000][0.064s][info][gc,metaspace   ] GC(4) Metaspace: 616K(768K)->616K(768K) NonClass: 569K(640K)->569K(640K) Class: 47K(128K)->47K(128K)
[2026-07-19T20:13:44.692+0000][0.065s][info][gc             ] GC(4) Pause Full (Ergonomics) 73M->73M(77M) 4.755ms
[2026-07-19T20:13:44.692+0000][0.065s][info][gc,cpu         ] GC(4) User=0.01s Sys=0.00s Real=0.00s
[2026-07-19T20:13:44.693+0000][0.066s][info][gc,start       ] GC(5) Pause Full (Ergonomics)
[2026-07-19T20:13:44.693+0000][0.066s][info][gc,phases,start] GC(5) Marking Phase
[2026-07-19T20:13:44.696+0000][0.068s][info][gc,phases      ] GC(5) Marking Phase 2.601ms
[2026-07-19T20:13:44.696+0000][0.068s][info][gc,phases,start] GC(5) Summary Phase
[2026-07-19T20:13:44.696+0000][0.068s][info][gc,phases      ] GC(5) Summary Phase 0.037ms
[2026-07-19T20:13:44.696+0000][0.068s][info][gc,phases,start] GC(5) Adjust Roots
[2026-07-19T20:13:44.696+0000][0.069s][info][gc,phases      ] GC(5) Adjust Roots 0.172ms
[2026-07-19T20:13:44.696+0000][0.069s][info][gc,phases,start] GC(5) Compaction Phase
[2026-07-19T20:13:44.697+0000][0.070s][info][gc,phases      ] GC(5) Compaction Phase 1.237ms
[2026-07-19T20:13:44.697+0000][0.070s][info][gc,phases,start] GC(5) Post Compact
[2026-07-19T20:13:44.698+0000][0.070s][info][gc,phases      ] GC(5) Post Compact 0.046ms
[2026-07-19T20:13:44.698+0000][0.070s][info][gc,heap        ] GC(5) PSYoungGen: 20991K(24064K)->20991K(24064K) Eden: 20991K(20992K)->20991K(20992K) From: 0K(3072K)->0K(3072K)
[2026-07-19T20:13:44.698+0000][0.070s][info][gc,heap        ] GC(5) ParOldGen: 54458K(54784K)->54458K(54784K)
[2026-07-19T20:13:44.698+0000][0.070s][info][gc,metaspace   ] GC(5) Metaspace: 616K(768K)->616K(768K) NonClass: 569K(640K)->569K(640K) Class: 47K(128K)->47K(128K)
[2026-07-19T20:13:44.698+0000][0.070s][info][gc             ] GC(5) Pause Full (Ergonomics) 73M->73M(77M) 4.417ms
[2026-07-19T20:13:44.698+0000][0.070s][info][gc,cpu         ] GC(5) User=0.00s Sys=0.00s Real=0.01s
[2026-07-19T20:13:44.698+0000][0.070s][info][gc,start       ] GC(6) Pause Full (Ergonomics)
[2026-07-19T20:13:44.698+0000][0.070s][info][gc,phases,start] GC(6) Marking Phase
[2026-07-19T20:13:44.700+0000][0.072s][info][gc,phases      ] GC(6) Marking Phase 2.269ms
[2026-07-19T20:13:44.700+0000][0.072s][info][gc,phases,start] GC(6) Summary Phase
[2026-07-19T20:13:44.700+0000][0.073s][info][gc,phases      ] GC(6) Summary Phase 0.029ms
[2026-07-19T20:13:44.700+0000][0.073s][info][gc,phases,start] GC(6) Adjust Roots
[2026-07-19T20:13:44.700+0000][0.073s][info][gc,phases      ] GC(6) Adjust Roots 0.144ms
[2026-07-19T20:13:44.700+0000][0.073s][info][gc,phases,start] GC(6) Compaction Phase
[2026-07-19T20:13:44.701+0000][0.074s][info][gc,phases      ] GC(6) Compaction Phase 1.168ms
[2026-07-19T20:13:44.702+0000][0.074s][info][gc,phases,start] GC(6) Post Compact
[2026-07-19T20:13:44.702+0000][0.074s][info][gc,phases      ] GC(6) Post Compact 0.064ms
[2026-07-19T20:13:44.702+0000][0.074s][info][gc,heap        ] GC(6) PSYoungGen: 20991K(24064K)->20991K(24064K) Eden: 20991K(20992K)->20991K(20992K) From: 0K(3072K)->0K(3072K)
[2026-07-19T20:13:44.702+0000][0.074s][info][gc,heap        ] GC(6) ParOldGen: 54491K(54784K)->54491K(54784K)
[2026-07-19T20:13:44.702+0000][0.074s][info][gc,metaspace   ] GC(6) Metaspace: 616K(768K)->616K(768K) NonClass: 569K(640K)->569K(640K) Class: 47K(128K)->47K(128K)
[2026-07-19T20:13:44.702+0000][0.074s][info][gc             ] GC(6) Pause Full (Ergonomics) 73M->73M(77M) 3.983ms
[2026-07-19T20:13:44.702+0000][0.074s][info][gc,cpu         ] GC(6) User=0.01s Sys=0.00s Real=0.00s
[2026-07-19T20:13:44.702+0000][0.074s][info][gc,start       ] GC(7) Pause Full (Ergonomics)
[2026-07-19T20:13:44.702+0000][0.074s][info][gc,phases,start] GC(7) Marking Phase
[2026-07-19T20:13:44.705+0000][0.077s][info][gc,phases      ] GC(7) Marking Phase 2.898ms
[2026-07-19T20:13:44.705+0000][0.077s][info][gc,phases,start] GC(7) Summary Phase
[2026-07-19T20:13:44.705+0000][0.077s][info][gc,phases      ] GC(7) Summary Phase 0.026ms
[2026-07-19T20:13:44.705+0000][0.077s][info][gc,phases,start] GC(7) Adjust Roots
[2026-07-19T20:13:44.705+0000][0.077s][info][gc,phases      ] GC(7) Adjust Roots 0.160ms
[2026-07-19T20:13:44.705+0000][0.077s][info][gc,phases,start] GC(7) Compaction Phase
[2026-07-19T20:13:44.706+0000][0.079s][info][gc,phases      ] GC(7) Compaction Phase 1.397ms
[2026-07-19T20:13:44.706+0000][0.079s][info][gc,phases,start] GC(7) Post Compact
[2026-07-19T20:13:44.707+0000][0.079s][info][gc,phases      ] GC(7) Post Compact 0.049ms
[2026-07-19T20:13:44.707+0000][0.079s][info][gc,heap        ] GC(7) PSYoungGen: 20991K(24064K)->20991K(24064K) Eden: 20991K(20992K)->20991K(20992K) From: 0K(3072K)->0K(3072K)
[2026-07-19T20:13:44.707+0000][0.079s][info][gc,heap        ] GC(7) ParOldGen: 54524K(54784K)->54524K(54784K)
[2026-07-19T20:13:44.707+0000][0.079s][info][gc,metaspace   ] GC(7) Metaspace: 616K(768K)->616K(768K) NonClass: 569K(640K)->569K(640K) Class: 47K(128K)->47K(128K)
[2026-07-19T20:13:44.707+0000][0.079s][info][gc             ] GC(7) Pause Full (Ergonomics) 73M->73M(77M) 4.840ms
[2026-07-19T20:13:44.707+0000][0.079s][info][gc,cpu         ] GC(7) User=0.01s Sys=0.00s Real=0.00s
[2026-07-19T20:13:44.707+0000][0.080s][info][gc,start       ] GC(8) Pause Full (Ergonomics)
[2026-07-19T20:13:44.707+0000][0.080s][info][gc,phases,start] GC(8) Marking Phase
[2026-07-19T20:13:44.710+0000][0.082s][info][gc,phases      ] GC(8) Marking Phase 2.555ms
[2026-07-19T20:13:44.710+0000][0.082s][info][gc,phases,start] GC(8) Summary Phase
[2026-07-19T20:13:44.710+0000][0.082s][info][gc,phases      ] GC(8) Summary Phase 0.027ms
[2026-07-19T20:13:44.710+0000][0.082s][info][gc,phases,start] GC(8) Adjust Roots
[2026-07-19T20:13:44.710+0000][0.083s][info][gc,phases      ] GC(8) Adjust Roots 0.160ms
[2026-07-19T20:13:44.710+0000][0.083s][info][gc,phases,start] GC(8) Compaction Phase
[2026-07-19T20:13:44.712+0000][0.084s][info][gc,phases      ] GC(8) Compaction Phase 1.341ms
[2026-07-19T20:13:44.712+0000][0.084s][info][gc,phases,start] GC(8) Post Compact
[2026-07-19T20:13:44.712+0000][0.084s][info][gc,phases      ] GC(8) Post Compact 0.048ms
[2026-07-19T20:13:44.712+0000][0.084s][info][gc,heap        ] GC(8) PSYoungGen: 20991K(24064K)->20991K(24064K) Eden: 20991K(20992K)->20991K(20992K) From: 0K(3072K)->0K(3072K)
[2026-07-19T20:13:44.712+0000][0.084s][info][gc,heap        ] GC(8) ParOldGen: 54557K(54784K)->54557K(54784K)
[2026-07-19T20:13:44.712+0000][0.084s][info][gc,metaspace   ] GC(8) Metaspace: 616K(768K)->616K(768K) NonClass: 569K(640K)->569K(640K) Class: 47K(128K)->47K(128K)
[2026-07-19T20:13:44.712+0000][0.084s][info][gc             ] GC(8) Pause Full (Ergonomics) 73M->73M(77M) 4.442ms
[2026-07-19T20:13:44.712+0000][0.084s][info][gc,cpu         ] GC(8) User=0.01s Sys=0.00s Real=0.00s
[2026-07-19T20:13:44.712+0000][0.085s][info][gc,start       ] GC(9) Pause Full (Ergonomics)
[2026-07-19T20:13:44.712+0000][0.085s][info][gc,phases,start] GC(9) Marking Phase
[2026-07-19T20:13:44.715+0000][0.088s][info][gc,phases      ] GC(9) Marking Phase 2.943ms
[2026-07-19T20:13:44.715+0000][0.088s][info][gc,phases,start] GC(9) Summary Phase
[2026-07-19T20:13:44.715+0000][0.088s][info][gc,phases      ] GC(9) Summary Phase 0.025ms
[2026-07-19T20:13:44.715+0000][0.088s][info][gc,phases,start] GC(9) Adjust Roots
[2026-07-19T20:13:44.716+0000][0.088s][info][gc,phases      ] GC(9) Adjust Roots 0.150ms
[2026-07-19T20:13:44.716+0000][0.088s][info][gc,phases,start] GC(9) Compaction Phase
[2026-07-19T20:13:44.717+0000][0.089s][info][gc,phases      ] GC(9) Compaction Phase 1.323ms
[2026-07-19T20:13:44.717+0000][0.089s][info][gc,phases,start] GC(9) Post Compact
[2026-07-19T20:13:44.717+0000][0.089s][info][gc,phases      ] GC(9) Post Compact 0.046ms
[2026-07-19T20:13:44.717+0000][0.089s][info][gc,heap        ] GC(9) PSYoungGen: 20991K(24064K)->20991K(24064K) Eden: 20991K(20992K)->20991K(20992K) From: 0K(3072K)->0K(3072K)
[2026-07-19T20:13:44.717+0000][0.089s][info][gc,heap        ] GC(9) ParOldGen: 54590K(54784K)->54590K(54784K)
[2026-07-19T20:13:44.717+0000][0.089s][info][gc,metaspace   ] GC(9) Metaspace: 616K(768K)->616K(768K) NonClass: 569K(640K)->569K(640K) Class: 47K(128K)->47K(128K)
[2026-07-19T20:13:44.717+0000][0.089s][info][gc             ] GC(9) Pause Full (Ergonomics) 73M->73M(77M) 4.780ms
[2026-07-19T20:13:44.717+0000][0.090s][info][gc,cpu         ] GC(9) User=0.00s Sys=0.00s Real=0.00s
[2026-07-19T20:13:44.717+0000][0.090s][info][gc,start       ] GC(10) Pause Full (Ergonomics)
[2026-07-19T20:13:44.717+0000][0.090s][info][gc,phases,start] GC(10) Marking Phase
[2026-07-19T20:13:44.720+0000][0.092s][info][gc,phases      ] GC(10) Marking Phase 2.366ms
[2026-07-19T20:13:44.720+0000][0.092s][info][gc,phases,start] GC(10) Summary Phase
[2026-07-19T20:13:44.720+0000][0.092s][info][gc,phases      ] GC(10) Summary Phase 0.086ms
[2026-07-19T20:13:44.720+0000][0.092s][info][gc,phases,start] GC(10) Adjust Roots
[2026-07-19T20:13:44.720+0000][0.092s][info][gc,phases      ] GC(10) Adjust Roots 0.167ms
[2026-07-19T20:13:44.720+0000][0.092s][info][gc,phases,start] GC(10) Compaction Phase
[2026-07-19T20:13:44.721+0000][0.094s][info][gc,phases      ] GC(10) Compaction Phase 1.315ms
[2026-07-19T20:13:44.721+0000][0.094s][info][gc,phases,start] GC(10) Post Compact
[2026-07-19T20:13:44.721+0000][0.094s][info][gc,phases      ] GC(10) Post Compact 0.046ms
[2026-07-19T20:13:44.721+0000][0.094s][info][gc,heap        ] GC(10) PSYoungGen: 20991K(24064K)->20991K(24064K) Eden: 20991K(20992K)->20991K(20992K) From: 0K(3072K)->0K(3072K)
[2026-07-19T20:13:44.721+0000][0.094s][info][gc,heap        ] GC(10) ParOldGen: 54623K(54784K)->54623K(54784K)
[2026-07-19T20:13:44.721+0000][0.094s][info][gc,metaspace   ] GC(10) Metaspace: 616K(768K)->616K(768K) NonClass: 569K(640K)->569K(640K) Class: 47K(128K)->47K(128K)
[2026-07-19T20:13:44.721+0000][0.094s][info][gc             ] GC(10) Pause Full (Ergonomics) 73M->73M(77M) 4.264ms
[2026-07-19T20:13:44.721+0000][0.094s][info][gc,cpu         ] GC(10) User=0.01s Sys=0.00s Real=0.00s
[2026-07-19T20:13:44.721+0000][0.094s][info][gc,start       ] GC(11) Pause Full (Ergonomics)
[2026-07-19T20:13:44.722+0000][0.094s][info][gc,phases,start] GC(11) Marking Phase
[2026-07-19T20:13:44.724+0000][0.097s][info][gc,phases      ] GC(11) Marking Phase 2.688ms
[2026-07-19T20:13:44.724+0000][0.097s][info][gc,phases,start] GC(11) Summary Phase
[2026-07-19T20:13:44.724+0000][0.097s][info][gc,phases      ] GC(11) Summary Phase 0.026ms
[2026-07-19T20:13:44.724+0000][0.097s][info][gc,phases,start] GC(11) Adjust Roots
[2026-07-19T20:13:44.724+0000][0.097s][info][gc,phases      ] GC(11) Adjust Roots 0.158ms
[2026-07-19T20:13:44.724+0000][0.097s][info][gc,phases,start] GC(11) Compaction Phase
[2026-07-19T20:13:44.726+0000][0.099s][info][gc,phases      ] GC(11) Compaction Phase 1.604ms
[2026-07-19T20:13:44.726+0000][0.099s][info][gc,phases,start] GC(11) Post Compact
[2026-07-19T20:13:44.726+0000][0.099s][info][gc,phases      ] GC(11) Post Compact 0.059ms
[2026-07-19T20:13:44.726+0000][0.099s][info][gc,heap        ] GC(11) PSYoungGen: 20991K(24064K)->20991K(24064K) Eden: 20991K(20992K)->20991K(20992K) From: 0K(3072K)->0K(3072K)
[2026-07-19T20:13:44.726+0000][0.099s][info][gc,heap        ] GC(11) ParOldGen: 54656K(54784K)->54656K(54784K)
[2026-07-19T20:13:44.726+0000][0.099s][info][gc,metaspace   ] GC(11) Metaspace: 616K(768K)->616K(768K) NonClass: 569K(640K)->569K(640K) Class: 47K(128K)->47K(128K)
[2026-07-19T20:13:44.726+0000][0.099s][info][gc             ] GC(11) Pause Full (Ergonomics) 73M->73M(77M) 4.882ms
[2026-07-19T20:13:44.726+0000][0.099s][info][gc,cpu         ] GC(11) User=0.01s Sys=0.00s Real=0.00s
[2026-07-19T20:13:44.726+0000][0.099s][info][gc,start       ] GC(12) Pause Full (Ergonomics)
[2026-07-19T20:13:44.726+0000][0.099s][info][gc,phases,start] GC(12) Marking Phase
[2026-07-19T20:13:44.730+0000][0.102s][info][gc,phases      ] GC(12) Marking Phase 3.165ms
[2026-07-19T20:13:44.730+0000][0.102s][info][gc,phases,start] GC(12) Summary Phase
[2026-07-19T20:13:44.730+0000][0.102s][info][gc,phases      ] GC(12) Summary Phase 0.035ms
[2026-07-19T20:13:44.730+0000][0.102s][info][gc,phases,start] GC(12) Adjust Roots
[2026-07-19T20:13:44.730+0000][0.102s][info][gc,phases      ] GC(12) Adjust Roots 0.199ms
[2026-07-19T20:13:44.730+0000][0.102s][info][gc,phases,start] GC(12) Compaction Phase
[2026-07-19T20:13:44.732+0000][0.104s][info][gc,phases      ] GC(12) Compaction Phase 1.568ms
[2026-07-19T20:13:44.732+0000][0.104s][info][gc,phases,start] GC(12) Post Compact
[2026-07-19T20:13:44.732+0000][0.104s][info][gc,phases      ] GC(12) Post Compact 0.052ms
[2026-07-19T20:13:44.732+0000][0.104s][info][gc,heap        ] GC(12) PSYoungGen: 20991K(24064K)->20991K(24064K) Eden: 20991K(20992K)->20991K(20992K) From: 0K(3072K)->0K(3072K)
[2026-07-19T20:13:44.732+0000][0.104s][info][gc,heap        ] GC(12) ParOldGen: 54689K(54784K)->54689K(54784K)
[2026-07-19T20:13:44.732+0000][0.104s][info][gc,metaspace   ] GC(12) Metaspace: 616K(768K)->616K(768K) NonClass: 569K(640K)->569K(640K) Class: 47K(128K)->47K(128K)
[2026-07-19T20:13:44.732+0000][0.104s][info][gc             ] GC(12) Pause Full (Ergonomics) 73M->73M(77M) 5.376ms
[2026-07-19T20:13:44.732+0000][0.104s][info][gc,cpu         ] GC(12) User=0.01s Sys=0.00s Real=0.01s
[2026-07-19T20:13:44.732+0000][0.104s][info][gc,start       ] GC(13) Pause Full (Ergonomics)
[2026-07-19T20:13:44.732+0000][0.104s][info][gc,phases,start] GC(13) Marking Phase
[2026-07-19T20:13:44.735+0000][0.107s][info][gc,phases      ] GC(13) Marking Phase 2.792ms
[2026-07-19T20:13:44.735+0000][0.107s][info][gc,phases,start] GC(13) Summary Phase
[2026-07-19T20:13:44.735+0000][0.107s][info][gc,phases      ] GC(13) Summary Phase 0.025ms
[2026-07-19T20:13:44.735+0000][0.107s][info][gc,phases,start] GC(13) Adjust Roots
[2026-07-19T20:13:44.735+0000][0.107s][info][gc,phases      ] GC(13) Adjust Roots 0.151ms
[2026-07-19T20:13:44.735+0000][0.107s][info][gc,phases,start] GC(13) Compaction Phase
[2026-07-19T20:13:44.736+0000][0.109s][info][gc,phases      ] GC(13) Compaction Phase 1.320ms
[2026-07-19T20:13:44.736+0000][0.109s][info][gc,phases,start] GC(13) Post Compact
[2026-07-19T20:13:44.736+0000][0.109s][info][gc,phases      ] GC(13) Post Compact 0.058ms
[2026-07-19T20:13:44.736+0000][0.109s][info][gc,heap        ] GC(13) PSYoungGen: 20991K(24064K)->20991K(24064K) Eden: 20991K(20992K)->20991K(20992K) From: 0K(3072K)->0K(3072K)
[2026-07-19T20:13:44.737+0000][0.109s][info][gc,heap        ] GC(13) ParOldGen: 54722K(54784K)->54722K(54784K)
[2026-07-19T20:13:44.737+0000][0.109s][info][gc,metaspace   ] GC(13) Metaspace: 616K(768K)->616K(768K) NonClass: 569K(640K)->569K(640K) Class: 47K(128K)->47K(128K)
[2026-07-19T20:13:44.737+0000][0.109s][info][gc             ] GC(13) Pause Full (Ergonomics) 73M->73M(77M) 4.676ms
[2026-07-19T20:13:44.737+0000][0.109s][info][gc,cpu         ] GC(13) User=0.00s Sys=0.00s Real=0.00s
[2026-07-19T20:13:44.737+0000][0.109s][info][gc,start       ] GC(14) Pause Full (Ergonomics)
[2026-07-19T20:13:44.737+0000][0.109s][info][gc,phases,start] GC(14) Marking Phase
[2026-07-19T20:13:44.739+0000][0.112s][info][gc,phases      ] GC(14) Marking Phase 2.738ms
[2026-07-19T20:13:44.740+0000][0.112s][info][gc,phases,start] GC(14) Summary Phase
[2026-07-19T20:13:44.740+0000][0.112s][info][gc,phases      ] GC(14) Summary Phase 0.034ms
[2026-07-19T20:13:44.740+0000][0.112s][info][gc,phases,start] GC(14) Adjust Roots
[2026-07-19T20:13:44.740+0000][0.112s][info][gc,phases      ] GC(14) Adjust Roots 0.155ms
[2026-07-19T20:13:44.740+0000][0.112s][info][gc,phases,start] GC(14) Compaction Phase
[2026-07-19T20:13:44.741+0000][0.113s][info][gc,phases      ] GC(14) Compaction Phase 1.276ms
[2026-07-19T20:13:44.741+0000][0.114s][info][gc,phases,start] GC(14) Post Compact
[2026-07-19T20:13:44.741+0000][0.114s][info][gc,phases      ] GC(14) Post Compact 0.056ms
[2026-07-19T20:13:44.741+0000][0.114s][info][gc,heap        ] GC(14) PSYoungGen: 20991K(24064K)->20991K(24064K) Eden: 20991K(20992K)->20991K(20992K) From: 0K(3072K)->0K(3072K)
[2026-07-19T20:13:44.741+0000][0.114s][info][gc,heap        ] GC(14) ParOldGen: 54755K(54784K)->54755K(54784K)
[2026-07-19T20:13:44.741+0000][0.114s][info][gc,metaspace   ] GC(14) Metaspace: 616K(768K)->616K(768K) NonClass: 569K(640K)->569K(640K) Class: 47K(128K)->47K(128K)
[2026-07-19T20:13:44.741+0000][0.114s][info][gc             ] GC(14) Pause Full (Ergonomics) 73M->73M(77M) 4.579ms
[2026-07-19T20:13:44.741+0000][0.114s][info][gc,cpu         ] GC(14) User=0.01s Sys=0.00s Real=0.01s
[2026-07-19T20:13:44.741+0000][0.114s][info][gc,start       ] GC(15) Pause Full (Ergonomics)
[2026-07-19T20:13:44.741+0000][0.114s][info][gc,phases,start] GC(15) Marking Phase
[2026-07-19T20:13:44.745+0000][0.117s][info][gc,phases      ] GC(15) Marking Phase 3.656ms
[2026-07-19T20:13:44.745+0000][0.118s][info][gc,phases,start] GC(15) Summary Phase
[2026-07-19T20:13:44.745+0000][0.118s][info][gc,phases      ] GC(15) Summary Phase 0.090ms
[2026-07-19T20:13:44.745+0000][0.118s][info][gc,phases,start] GC(15) Adjust Roots
[2026-07-19T20:13:44.745+0000][0.118s][info][gc,phases      ] GC(15) Adjust Roots 0.207ms
[2026-07-19T20:13:44.746+0000][0.118s][info][gc,phases,start] GC(15) Compaction Phase
[2026-07-19T20:13:44.747+0000][0.119s][info][gc,phases      ] GC(15) Compaction Phase 1.459ms
[2026-07-19T20:13:44.747+0000][0.119s][info][gc,phases,start] GC(15) Post Compact
[2026-07-19T20:13:44.747+0000][0.119s][info][gc,phases      ] GC(15) Post Compact 0.054ms
[2026-07-19T20:13:44.747+0000][0.120s][info][gc,heap        ] GC(15) PSYoungGen: 20991K(24064K)->20991K(24064K) Eden: 20991K(20992K)->20991K(20992K) From: 0K(3072K)->0K(3072K)
[2026-07-19T20:13:44.747+0000][0.120s][info][gc,heap        ] GC(15) ParOldGen: 54783K(54784K)->54783K(54784K)
[2026-07-19T20:13:44.747+0000][0.120s][info][gc,metaspace   ] GC(15) Metaspace: 616K(768K)->616K(768K) NonClass: 569K(640K)->569K(640K) Class: 47K(128K)->47K(128K)
[2026-07-19T20:13:44.747+0000][0.120s][info][gc             ] GC(15) Pause Full (Ergonomics) 73M->73M(77M) 5.825ms
[2026-07-19T20:13:44.747+0000][0.120s][info][gc,cpu         ] GC(15) User=0.01s Sys=0.00s Real=0.01s
[2026-07-19T20:13:44.747+0000][0.120s][info][gc,start       ] GC(16) Pause Full (Allocation Failure)
[2026-07-19T20:13:44.747+0000][0.120s][info][gc,phases,start] GC(16) Marking Phase
[2026-07-19T20:13:44.750+0000][0.123s][info][gc,phases      ] GC(16) Marking Phase 3.094ms
[2026-07-19T20:13:44.750+0000][0.123s][info][gc,phases,start] GC(16) Summary Phase
[2026-07-19T20:13:44.750+0000][0.123s][info][gc,phases      ] GC(16) Summary Phase 0.026ms
[2026-07-19T20:13:44.750+0000][0.123s][info][gc,phases,start] GC(16) Adjust Roots
[2026-07-19T20:13:44.751+0000][0.123s][info][gc,phases      ] GC(16) Adjust Roots 0.217ms
[2026-07-19T20:13:44.751+0000][0.123s][info][gc,phases,start] GC(16) Compaction Phase
[2026-07-19T20:13:44.753+0000][0.126s][info][gc,phases      ] GC(16) Compaction Phase 2.517ms
[2026-07-19T20:13:44.753+0000][0.126s][info][gc,phases,start] GC(16) Post Compact
[2026-07-19T20:13:44.753+0000][0.126s][info][gc,phases      ] GC(16) Post Compact 0.053ms
[2026-07-19T20:13:44.753+0000][0.126s][info][gc,heap        ] GC(16) PSYoungGen: 20991K(24064K)->20931K(24064K) Eden: 20991K(20992K)->20931K(20992K) From: 0K(3072K)->0K(3072K)
[2026-07-19T20:13:44.753+0000][0.126s][info][gc,heap        ] GC(16) ParOldGen: 54783K(54784K)->54782K(54784K)
[2026-07-19T20:13:44.753+0000][0.126s][info][gc,metaspace   ] GC(16) Metaspace: 616K(768K)->604K(768K) NonClass: 569K(640K)->561K(640K) Class: 47K(128K)->43K(128K)
[2026-07-19T20:13:44.753+0000][0.126s][info][gc             ] GC(16) Pause Full (Allocation Failure) 73M->73M(77M) 6.177ms
[2026-07-19T20:13:44.753+0000][0.126s][info][gc,cpu         ] GC(16) User=0.01s Sys=0.00s Real=0.00s
[2026-07-19T20:13:44.754+0000][0.127s][info][gc,start       ] GC(17) Pause Full (Ergonomics)
[2026-07-19T20:13:44.754+0000][0.127s][info][gc,phases,start] GC(17) Marking Phase
[2026-07-19T20:13:44.757+0000][0.130s][info][gc,phases      ] GC(17) Marking Phase 2.953ms
[2026-07-19T20:13:44.757+0000][0.130s][info][gc,phases,start] GC(17) Summary Phase
[2026-07-19T20:13:44.757+0000][0.130s][info][gc,phases      ] GC(17) Summary Phase 0.025ms
[2026-07-19T20:13:44.757+0000][0.130s][info][gc,phases,start] GC(17) Adjust Roots
[2026-07-19T20:13:44.758+0000][0.130s][info][gc,phases      ] GC(17) Adjust Roots 0.150ms
[2026-07-19T20:13:44.758+0000][0.130s][info][gc,phases,start] GC(17) Compaction Phase
[2026-07-19T20:13:44.759+0000][0.132s][info][gc,phases      ] GC(17) Compaction Phase 1.598ms
[2026-07-19T20:13:44.759+0000][0.132s][info][gc,phases,start] GC(17) Post Compact
[2026-07-19T20:13:44.759+0000][0.132s][info][gc,phases      ] GC(17) Post Compact 0.078ms
[2026-07-19T20:13:44.759+0000][0.132s][info][gc,heap        ] GC(17) PSYoungGen: 20992K(24064K)->20991K(24064K) Eden: 20992K(20992K)->20991K(20992K) From: 0K(3072K)->0K(3072K)
[2026-07-19T20:13:44.759+0000][0.132s][info][gc,heap        ] GC(17) ParOldGen: 54783K(54784K)->54783K(54784K)
[2026-07-19T20:13:44.759+0000][0.132s][info][gc,metaspace   ] GC(17) Metaspace: 604K(768K)->604K(768K) NonClass: 561K(640K)->561K(640K) Class: 43K(128K)->43K(128K)
[2026-07-19T20:13:44.760+0000][0.132s][info][gc             ] GC(17) Pause Full (Ergonomics) 73M->73M(77M) 5.201ms
[2026-07-19T20:13:44.760+0000][0.132s][info][gc,cpu         ] GC(17) User=0.01s Sys=0.00s Real=0.01s
[2026-07-19T20:13:44.760+0000][0.133s][info][gc,start       ] GC(18) Pause Full (Ergonomics)
[2026-07-19T20:13:44.760+0000][0.133s][info][gc,phases,start] GC(18) Marking Phase
[2026-07-19T20:13:44.763+0000][0.136s][info][gc,phases      ] GC(18) Marking Phase 2.722ms
[2026-07-19T20:13:44.763+0000][0.136s][info][gc,phases,start] GC(18) Summary Phase
[2026-07-19T20:13:44.763+0000][0.136s][info][gc,phases      ] GC(18) Summary Phase 0.032ms
[2026-07-19T20:13:44.763+0000][0.136s][info][gc,phases,start] GC(18) Adjust Roots
[2026-07-19T20:13:44.763+0000][0.136s][info][gc,phases      ] GC(18) Adjust Roots 0.182ms
[2026-07-19T20:13:44.763+0000][0.136s][info][gc,phases,start] GC(18) Compaction Phase
[2026-07-19T20:13:44.765+0000][0.137s][info][gc,phases      ] GC(18) Compaction Phase 1.495ms
[2026-07-19T20:13:44.765+0000][0.137s][info][gc,phases,start] GC(18) Post Compact
[2026-07-19T20:13:44.765+0000][0.137s][info][gc,phases      ] GC(18) Post Compact 0.049ms
[2026-07-19T20:13:44.765+0000][0.137s][info][gc,heap        ] GC(18) PSYoungGen: 20991K(24064K)->20991K(24064K) Eden: 20991K(20992K)->20991K(20992K) From: 0K(3072K)->0K(3072K)
[2026-07-19T20:13:44.765+0000][0.137s][info][gc,heap        ] GC(18) ParOldGen: 54783K(54784K)->54783K(54784K)
[2026-07-19T20:13:44.765+0000][0.138s][info][gc,metaspace   ] GC(18) Metaspace: 604K(768K)->604K(768K) NonClass: 561K(640K)->561K(640K) Class: 43K(128K)->43K(128K)
[2026-07-19T20:13:44.765+0000][0.138s][info][gc             ] GC(18) Pause Full (Ergonomics) 73M->73M(77M) 4.788ms
[2026-07-19T20:13:44.765+0000][0.138s][info][gc,cpu         ] GC(18) User=0.01s Sys=0.00s Real=0.00s
[2026-07-19T20:13:44.765+0000][0.138s][info][gc,start       ] GC(19) Pause Full (Allocation Failure)
[2026-07-19T20:13:44.765+0000][0.138s][info][gc,phases,start] GC(19) Marking Phase
[2026-07-19T20:13:44.768+0000][0.140s][info][gc,phases      ] GC(19) Marking Phase 2.678ms
[2026-07-19T20:13:44.768+0000][0.140s][info][gc,phases,start] GC(19) Summary Phase
[2026-07-19T20:13:44.768+0000][0.140s][info][gc,phases      ] GC(19) Summary Phase 0.024ms
[2026-07-19T20:13:44.768+0000][0.140s][info][gc,phases,start] GC(19) Adjust Roots
[2026-07-19T20:13:44.768+0000][0.141s][info][gc,phases      ] GC(19) Adjust Roots 0.169ms
[2026-07-19T20:13:44.768+0000][0.141s][info][gc,phases,start] GC(19) Compaction Phase
[2026-07-19T20:13:44.769+0000][0.142s][info][gc,phases      ] GC(19) Compaction Phase 1.238ms
[2026-07-19T20:13:44.769+0000][0.142s][info][gc,phases,start] GC(19) Post Compact
[2026-07-19T20:13:44.769+0000][0.142s][info][gc,phases      ] GC(19) Post Compact 0.046ms
[2026-07-19T20:13:44.770+0000][0.142s][info][gc,heap        ] GC(19) PSYoungGen: 20991K(24064K)->20991K(24064K) Eden: 20991K(20992K)->20991K(20992K) From: 0K(3072K)->0K(3072K)
[2026-07-19T20:13:44.770+0000][0.142s][info][gc,heap        ] GC(19) ParOldGen: 54783K(54784K)->54783K(54784K)
[2026-07-19T20:13:44.770+0000][0.142s][info][gc,metaspace   ] GC(19) Metaspace: 604K(768K)->604K(768K) NonClass: 561K(640K)->561K(640K) Class: 43K(128K)->43K(128K)
[2026-07-19T20:13:44.770+0000][0.142s][info][gc             ] GC(19) Pause Full (Allocation Failure) 73M->73M(77M) 4.400ms
[2026-07-19T20:13:44.770+0000][0.142s][info][gc,cpu         ] GC(19) User=0.01s Sys=0.00s Real=0.01s
[2026-07-19T20:13:44.770+0000][0.143s][info][gc,start       ] GC(20) Pause Full (Ergonomics)
[2026-07-19T20:13:44.770+0000][0.143s][info][gc,phases,start] GC(20) Marking Phase
[2026-07-19T20:13:44.772+0000][0.145s][info][gc,phases      ] GC(20) Marking Phase 2.160ms
[2026-07-19T20:13:44.772+0000][0.145s][info][gc,phases,start] GC(20) Summary Phase
[2026-07-19T20:13:44.773+0000][0.145s][info][gc,phases      ] GC(20) Summary Phase 0.063ms
[2026-07-19T20:13:44.773+0000][0.145s][info][gc,phases,start] GC(20) Adjust Roots
[2026-07-19T20:13:44.773+0000][0.145s][info][gc,phases      ] GC(20) Adjust Roots 0.152ms
[2026-07-19T20:13:44.773+0000][0.145s][info][gc,phases,start] GC(20) Compaction Phase
[2026-07-19T20:13:44.776+0000][0.148s][info][gc,phases      ] GC(20) Compaction Phase 2.968ms
[2026-07-19T20:13:44.776+0000][0.148s][info][gc,phases,start] GC(20) Post Compact
[2026-07-19T20:13:44.776+0000][0.148s][info][gc,phases      ] GC(20) Post Compact 0.062ms
[2026-07-19T20:13:44.776+0000][0.148s][info][gc,heap        ] GC(20) PSYoungGen: 20991K(24064K)->12799K(24064K) Eden: 20991K(20992K)->12799K(20992K) From: 0K(3072K)->0K(3072K)
[2026-07-19T20:13:44.776+0000][0.148s][info][gc,heap        ] GC(20) ParOldGen: 54783K(54784K)->54783K(54784K)
[2026-07-19T20:13:44.776+0000][0.148s][info][gc,metaspace   ] GC(20) Metaspace: 604K(768K)->604K(768K) NonClass: 561K(640K)->561K(640K) Class: 43K(128K)->43K(128K)
[2026-07-19T20:13:44.776+0000][0.148s][info][gc             ] GC(20) Pause Full (Ergonomics) 73M->65M(77M) 5.734ms
[2026-07-19T20:13:44.776+0000][0.148s][info][gc,cpu         ] GC(20) User=0.01s Sys=0.00s Real=0.00s
[2026-07-19T20:13:44.779+0000][0.151s][info][gc,heap,exit   ] Heap
[2026-07-19T20:13:44.779+0000][0.151s][info][gc,heap,exit   ]  PSYoungGen      total 24064K, used 12954K [0x00000000fe580000, 0x0000000100000000, 0x0000000100000000)
[2026-07-19T20:13:44.779+0000][0.151s][info][gc,heap,exit   ]   eden space 20992K, 61% used [0x00000000fe580000,0x00000000ff226940,0x00000000ffa00000)
[2026-07-19T20:13:44.779+0000][0.151s][info][gc,heap,exit   ]   from space 3072K, 0% used [0x00000000ffa00000,0x00000000ffa00000,0x00000000ffd00000)
[2026-07-19T20:13:44.779+0000][0.151s][info][gc,heap,exit   ]   to   space 3072K, 0% used [0x00000000ffd00000,0x00000000ffd00000,0x0000000100000000)
[2026-07-19T20:13:44.779+0000][0.151s][info][gc,heap,exit   ]  ParOldGen       total 54784K, used 54783K [0x00000000fb000000, 0x00000000fe580000, 0x00000000fe580000)
[2026-07-19T20:13:44.779+0000][0.151s][info][gc,heap,exit   ]   object space 54784K, 99% used [0x00000000fb000000,0x00000000fe57ffe0,0x00000000fe580000)
[2026-07-19T20:13:44.779+0000][0.151s][info][gc,heap,exit   ]  Metaspace       used 721K, committed 832K, reserved 1114112K
[2026-07-19T20:13:44.779+0000][0.151s][info][gc,heap,exit   ]   class space    used 57K, committed 128K, reserved 1048576K
