[2026-07-19T20:13:43.387+0000][0.009s][info][gc,init] CardTable entry size: 512
[2026-07-19T20:13:43.387+0000][0.009s][info][gc     ] Using Parallel
[2026-07-19T20:13:43.388+0000][0.010s][info][gc,init] Version: 21.0.11+10-LTS (release)
[2026-07-19T20:13:43.388+0000][0.010s][info][gc,init] CPUs: 10 total, 10 available
[2026-07-19T20:13:43.388+0000][0.010s][info][gc,init] Memory: 7837M
[2026-07-19T20:13:43.388+0000][0.010s][info][gc,init] Large Page Support: Disabled
[2026-07-19T20:13:43.388+0000][0.011s][info][gc,init] NUMA Support: Disabled
[2026-07-19T20:13:43.389+0000][0.011s][info][gc,init] Compressed Oops: Enabled (32-bit)
[2026-07-19T20:13:43.389+0000][0.011s][info][gc,init] Alignments: Space 512K, Generation 512K, Heap 2M
[2026-07-19T20:13:43.389+0000][0.011s][info][gc,init] Heap Min Capacity: 8M
[2026-07-19T20:13:43.389+0000][0.011s][info][gc,init] Heap Initial Capacity: 80M
[2026-07-19T20:13:43.389+0000][0.011s][info][gc,init] Heap Max Capacity: 80M
[2026-07-19T20:13:43.389+0000][0.011s][info][gc,init] Pre-touch: Disabled
[2026-07-19T20:13:43.389+0000][0.011s][info][gc,init] Parallel Workers: 9
[2026-07-19T20:13:43.393+0000][0.015s][info][gc,metaspace] CDS archive(s) mapped at: [0x0000001800000000-0x0000001800cb0000-0x0000001800cb0000), size 13303808, SharedBaseAddress: 0x0000001800000000, ArchiveRelocationMode: 1.
[2026-07-19T20:13:43.393+0000][0.015s][info][gc,metaspace] Compressed class space mapped at: 0x0000001801000000-0x0000001841000000, reserved size: 1073741824
[2026-07-19T20:13:43.393+0000][0.016s][info][gc,metaspace] Narrow klass base: 0x0000001800000000, Narrow klass shift: 0, Narrow klass range: 0x100000000
[2026-07-19T20:13:43.434+0000][0.056s][info][gc,start    ] GC(0) Pause Young (Allocation Failure)
[2026-07-19T20:13:43.435+0000][0.058s][info][gc,heap     ] GC(0) PSYoungGen: 20992K(24064K)->3066K(24064K) Eden: 20992K(20992K)->0K(20992K) From: 0K(3072K)->3066K(3072K)
[2026-07-19T20:13:43.436+0000][0.058s][info][gc,heap     ] GC(0) ParOldGen: 1073K(54784K)->17113K(54784K)
[2026-07-19T20:13:43.436+0000][0.058s][info][gc,metaspace] GC(0) Metaspace: 608K(768K)->608K(768K) NonClass: 561K(640K)->561K(640K) Class: 47K(128K)->47K(128K)
[2026-07-19T20:13:43.436+0000][0.058s][info][gc          ] GC(0) Pause Young (Allocation Failure) 21M->19M(77M) 2.150ms
[2026-07-19T20:13:43.436+0000][0.058s][info][gc,cpu      ] GC(0) User=0.00s Sys=0.00s Real=0.00s
[2026-07-19T20:13:43.443+0000][0.065s][info][gc,start    ] GC(1) Pause Young (Allocation Failure)
[2026-07-19T20:13:43.444+0000][0.066s][info][gc,heap     ] GC(1) PSYoungGen: 24058K(24064K)->3050K(24064K) Eden: 20992K(20992K)->0K(20992K) From: 3066K(3072K)->3050K(3072K)
[2026-07-19T20:13:43.444+0000][0.066s][info][gc,heap     ] GC(1) ParOldGen: 17113K(54784K)->38801K(54784K)
[2026-07-19T20:13:43.444+0000][0.066s][info][gc,metaspace] GC(1) Metaspace: 608K(768K)->608K(768K) NonClass: 561K(640K)->561K(640K) Class: 47K(128K)->47K(128K)
[2026-07-19T20:13:43.444+0000][0.067s][info][gc          ] GC(1) Pause Young (Allocation Failure) 40M->40M(77M) 1.901ms
[2026-07-19T20:13:43.444+0000][0.067s][info][gc,cpu      ] GC(1) User=0.00s Sys=0.00s Real=0.00s
[2026-07-19T20:13:43.446+0000][0.069s][info][gc,start    ] GC(2) Pause Full (Ergonomics)
[2026-07-19T20:13:43.446+0000][0.069s][info][gc,phases,start] GC(2) Marking Phase
[2026-07-19T20:13:43.449+0000][0.071s][info][gc,phases      ] GC(2) Marking Phase 2.718ms
[2026-07-19T20:13:43.449+0000][0.071s][info][gc,phases,start] GC(2) Summary Phase
[2026-07-19T20:13:43.449+0000][0.071s][info][gc,phases      ] GC(2) Summary Phase 0.030ms
[2026-07-19T20:13:43.449+0000][0.071s][info][gc,phases,start] GC(2) Adjust Roots
[2026-07-19T20:13:43.450+0000][0.072s][info][gc,phases      ] GC(2) Adjust Roots 0.328ms
[2026-07-19T20:13:43.450+0000][0.072s][info][gc,phases,start] GC(2) Compaction Phase
[2026-07-19T20:13:43.453+0000][0.076s][info][gc,phases      ] GC(2) Compaction Phase 3.800ms
[2026-07-19T20:13:43.454+0000][0.076s][info][gc,phases,start] GC(2) Post Compact
[2026-07-19T20:13:43.454+0000][0.076s][info][gc,phases      ] GC(2) Post Compact 0.132ms
[2026-07-19T20:13:43.454+0000][0.076s][info][gc,heap        ] GC(2) PSYoungGen: 24042K(24064K)->7126K(24064K) Eden: 20992K(20992K)->7126K(20992K) From: 3050K(3072K)->0K(3072K)
[2026-07-19T20:13:43.454+0000][0.076s][info][gc,heap        ] GC(2) ParOldGen: 38801K(54784K)->54458K(54784K)
[2026-07-19T20:13:43.454+0000][0.076s][info][gc,metaspace   ] GC(2) Metaspace: 617K(768K)->617K(768K) NonClass: 570K(640K)->570K(640K) Class: 47K(128K)->47K(128K)
[2026-07-19T20:13:43.454+0000][0.076s][info][gc             ] GC(2) Pause Full (Ergonomics) 61M->60M(77M) 7.387ms
[2026-07-19T20:13:43.454+0000][0.076s][info][gc,cpu         ] GC(2) User=0.01s Sys=0.00s Real=0.01s
[2026-07-19T20:13:43.455+0000][0.077s][info][gc,start       ] GC(3) Pause Full (Ergonomics)
[2026-07-19T20:13:43.455+0000][0.077s][info][gc,phases,start] GC(3) Marking Phase
[2026-07-19T20:13:43.458+0000][0.080s][info][gc,phases      ] GC(3) Marking Phase 3.220ms
[2026-07-19T20:13:43.458+0000][0.081s][info][gc,phases,start] GC(3) Summary Phase
[2026-07-19T20:13:43.458+0000][0.081s][info][gc,phases      ] GC(3) Summary Phase 0.048ms
[2026-07-19T20:13:43.458+0000][0.081s][info][gc,phases,start] GC(3) Adjust Roots
[2026-07-19T20:13:43.459+0000][0.081s][info][gc,phases      ] GC(3) Adjust Roots 0.175ms
[2026-07-19T20:13:43.459+0000][0.081s][info][gc,phases,start] GC(3) Compaction Phase
[2026-07-19T20:13:43.460+0000][0.083s][info][gc,phases      ] GC(3) Compaction Phase 1.772ms
[2026-07-19T20:13:43.461+0000][0.083s][info][gc,phases,start] GC(3) Post Compact
[2026-07-19T20:13:43.461+0000][0.083s][info][gc,phases      ] GC(3) Post Compact 0.054ms
[2026-07-19T20:13:43.461+0000][0.083s][info][gc,heap        ] GC(3) PSYoungGen: 20992K(24064K)->20962K(24064K) Eden: 20992K(20992K)->20962K(20992K) From: 0K(3072K)->0K(3072K)
[2026-07-19T20:13:43.461+0000][0.083s][info][gc,heap        ] GC(3) ParOldGen: 54458K(54784K)->54458K(54784K)
[2026-07-19T20:13:43.461+0000][0.083s][info][gc,metaspace   ] GC(3) Metaspace: 617K(768K)->617K(768K) NonClass: 570K(640K)->570K(640K) Class: 47K(128K)->47K(128K)
[2026-07-19T20:13:43.461+0000][0.083s][info][gc             ] GC(3) Pause Full (Ergonomics) 73M->73M(77M) 5.607ms
[2026-07-19T20:13:43.461+0000][0.083s][info][gc,cpu         ] GC(3) User=0.01s Sys=0.00s Real=0.01s
[2026-07-19T20:13:43.461+0000][0.083s][info][gc,start       ] GC(4) Pause Full (Ergonomics)
[2026-07-19T20:13:43.461+0000][0.083s][info][gc,phases,start] GC(4) Marking Phase
[2026-07-19T20:13:43.464+0000][0.086s][info][gc,phases      ] GC(4) Marking Phase 2.931ms
[2026-07-19T20:13:43.464+0000][0.086s][info][gc,phases,start] GC(4) Summary Phase
[2026-07-19T20:13:43.464+0000][0.086s][info][gc,phases      ] GC(4) Summary Phase 0.029ms
[2026-07-19T20:13:43.464+0000][0.086s][info][gc,phases,start] GC(4) Adjust Roots
[2026-07-19T20:13:43.464+0000][0.086s][info][gc,phases      ] GC(4) Adjust Roots 0.163ms
[2026-07-19T20:13:43.464+0000][0.086s][info][gc,phases,start] GC(4) Compaction Phase
[2026-07-19T20:13:43.465+0000][0.088s][info][gc,phases      ] GC(4) Compaction Phase 1.335ms
[2026-07-19T20:13:43.465+0000][0.088s][info][gc,phases,start] GC(4) Post Compact
[2026-07-19T20:13:43.465+0000][0.088s][info][gc,phases      ] GC(4) Post Compact 0.049ms
[2026-07-19T20:13:43.466+0000][0.088s][info][gc,heap        ] GC(4) PSYoungGen: 20992K(24064K)->20991K(24064K) Eden: 20992K(20992K)->20991K(20992K) From: 0K(3072K)->0K(3072K)
[2026-07-19T20:13:43.466+0000][0.088s][info][gc,heap        ] GC(4) ParOldGen: 54458K(54784K)->54458K(54784K)
[2026-07-19T20:13:43.466+0000][0.088s][info][gc,metaspace   ] GC(4) Metaspace: 617K(768K)->617K(768K) NonClass: 570K(640K)->570K(640K) Class: 47K(128K)->47K(128K)
[2026-07-19T20:13:43.466+0000][0.088s][info][gc             ] GC(4) Pause Full (Ergonomics) 73M->73M(77M) 4.813ms
[2026-07-19T20:13:43.466+0000][0.088s][info][gc,cpu         ] GC(4) User=0.01s Sys=0.00s Real=0.00s
[2026-07-19T20:13:43.466+0000][0.088s][info][gc,start       ] GC(5) Pause Full (Ergonomics)
[2026-07-19T20:13:43.466+0000][0.088s][info][gc,phases,start] GC(5) Marking Phase
[2026-07-19T20:13:43.469+0000][0.091s][info][gc,phases      ] GC(5) Marking Phase 2.385ms
[2026-07-19T20:13:43.469+0000][0.091s][info][gc,phases,start] GC(5) Summary Phase
[2026-07-19T20:13:43.469+0000][0.091s][info][gc,phases      ] GC(5) Summary Phase 0.027ms
[2026-07-19T20:13:43.469+0000][0.091s][info][gc,phases,start] GC(5) Adjust Roots
[2026-07-19T20:13:43.469+0000][0.091s][info][gc,phases      ] GC(5) Adjust Roots 0.153ms
[2026-07-19T20:13:43.469+0000][0.091s][info][gc,phases,start] GC(5) Compaction Phase
[2026-07-19T20:13:43.470+0000][0.092s][info][gc,phases      ] GC(5) Compaction Phase 1.268ms
[2026-07-19T20:13:43.470+0000][0.093s][info][gc,phases,start] GC(5) Post Compact
[2026-07-19T20:13:43.471+0000][0.093s][info][gc,phases      ] GC(5) Post Compact 0.077ms
[2026-07-19T20:13:43.471+0000][0.093s][info][gc,heap        ] GC(5) PSYoungGen: 20991K(24064K)->20991K(24064K) Eden: 20991K(20992K)->20991K(20992K) From: 0K(3072K)->0K(3072K)
[2026-07-19T20:13:43.471+0000][0.093s][info][gc,heap        ] GC(5) ParOldGen: 54458K(54784K)->54458K(54784K)
[2026-07-19T20:13:43.471+0000][0.093s][info][gc,metaspace   ] GC(5) Metaspace: 617K(768K)->617K(768K) NonClass: 570K(640K)->570K(640K) Class: 47K(128K)->47K(128K)
[2026-07-19T20:13:43.471+0000][0.093s][info][gc             ] GC(5) Pause Full (Ergonomics) 73M->73M(77M) 4.364ms
[2026-07-19T20:13:43.471+0000][0.093s][info][gc,cpu         ] GC(5) User=0.01s Sys=0.00s Real=0.01s
[2026-07-19T20:13:43.471+0000][0.093s][info][gc,start       ] GC(6) Pause Full (Ergonomics)
[2026-07-19T20:13:43.471+0000][0.093s][info][gc,phases,start] GC(6) Marking Phase
[2026-07-19T20:13:43.474+0000][0.096s][info][gc,phases      ] GC(6) Marking Phase 3.019ms
[2026-07-19T20:13:43.474+0000][0.096s][info][gc,phases,start] GC(6) Summary Phase
[2026-07-19T20:13:43.474+0000][0.096s][info][gc,phases      ] GC(6) Summary Phase 0.030ms
[2026-07-19T20:13:43.474+0000][0.096s][info][gc,phases,start] GC(6) Adjust Roots
[2026-07-19T20:13:43.474+0000][0.096s][info][gc,phases      ] GC(6) Adjust Roots 0.157ms
[2026-07-19T20:13:43.474+0000][0.096s][info][gc,phases,start] GC(6) Compaction Phase
[2026-07-19T20:13:43.476+0000][0.098s][info][gc,phases      ] GC(6) Compaction Phase 1.356ms
[2026-07-19T20:13:43.476+0000][0.098s][info][gc,phases,start] GC(6) Post Compact
[2026-07-19T20:13:43.476+0000][0.098s][info][gc,phases      ] GC(6) Post Compact 0.058ms
[2026-07-19T20:13:43.476+0000][0.098s][info][gc,heap        ] GC(6) PSYoungGen: 20991K(24064K)->20991K(24064K) Eden: 20991K(20992K)->20991K(20992K) From: 0K(3072K)->0K(3072K)
[2026-07-19T20:13:43.476+0000][0.098s][info][gc,heap        ] GC(6) ParOldGen: 54491K(54784K)->54491K(54784K)
[2026-07-19T20:13:43.476+0000][0.098s][info][gc,metaspace   ] GC(6) Metaspace: 617K(768K)->617K(768K) NonClass: 570K(640K)->570K(640K) Class: 47K(128K)->47K(128K)
[2026-07-19T20:13:43.476+0000][0.098s][info][gc             ] GC(6) Pause Full (Ergonomics) 73M->73M(77M) 4.910ms
[2026-07-19T20:13:43.476+0000][0.098s][info][gc,cpu         ] GC(6) User=0.01s Sys=0.00s Real=0.00s
[2026-07-19T20:13:43.476+0000][0.098s][info][gc,start       ] GC(7) Pause Full (Ergonomics)
[2026-07-19T20:13:43.476+0000][0.098s][info][gc,phases,start] GC(7) Marking Phase
[2026-07-19T20:13:43.478+0000][0.100s][info][gc,phases      ] GC(7) Marking Phase 2.387ms
[2026-07-19T20:13:43.478+0000][0.100s][info][gc,phases,start] GC(7) Summary Phase
[2026-07-19T20:13:43.478+0000][0.100s][info][gc,phases      ] GC(7) Summary Phase 0.039ms
[2026-07-19T20:13:43.478+0000][0.100s][info][gc,phases,start] GC(7) Adjust Roots
[2026-07-19T20:13:43.479+0000][0.101s][info][gc,phases      ] GC(7) Adjust Roots 0.189ms
[2026-07-19T20:13:43.479+0000][0.101s][info][gc,phases,start] GC(7) Compaction Phase
[2026-07-19T20:13:43.480+0000][0.102s][info][gc,phases      ] GC(7) Compaction Phase 1.327ms
[2026-07-19T20:13:43.480+0000][0.102s][info][gc,phases,start] GC(7) Post Compact
[2026-07-19T20:13:43.480+0000][0.102s][info][gc,phases      ] GC(7) Post Compact 0.048ms
[2026-07-19T20:13:43.480+0000][0.102s][info][gc,heap        ] GC(7) PSYoungGen: 20991K(24064K)->20991K(24064K) Eden: 20991K(20992K)->20991K(20992K) From: 0K(3072K)->0K(3072K)
[2026-07-19T20:13:43.480+0000][0.102s][info][gc,heap        ] GC(7) ParOldGen: 54524K(54784K)->54524K(54784K)
[2026-07-19T20:13:43.480+0000][0.102s][info][gc,metaspace   ] GC(7) Metaspace: 617K(768K)->617K(768K) NonClass: 570K(640K)->570K(640K) Class: 47K(128K)->47K(128K)
[2026-07-19T20:13:43.480+0000][0.102s][info][gc             ] GC(7) Pause Full (Ergonomics) 73M->73M(77M) 4.326ms
[2026-07-19T20:13:43.480+0000][0.102s][info][gc,cpu         ] GC(7) User=0.00s Sys=0.00s Real=0.01s
[2026-07-19T20:13:43.481+0000][0.103s][info][gc,start       ] GC(8) Pause Full (Ergonomics)
[2026-07-19T20:13:43.481+0000][0.104s][info][gc,phases,start] GC(8) Marking Phase
[2026-07-19T20:13:43.484+0000][0.106s][info][gc,phases      ] GC(8) Marking Phase 2.421ms
[2026-07-19T20:13:43.484+0000][0.106s][info][gc,phases,start] GC(8) Summary Phase
[2026-07-19T20:13:43.484+0000][0.106s][info][gc,phases      ] GC(8) Summary Phase 0.031ms
[2026-07-19T20:13:43.484+0000][0.106s][info][gc,phases,start] GC(8) Adjust Roots
[2026-07-19T20:13:43.484+0000][0.106s][info][gc,phases      ] GC(8) Adjust Roots 0.149ms
[2026-07-19T20:13:43.484+0000][0.106s][info][gc,phases,start] GC(8) Compaction Phase
[2026-07-19T20:13:43.485+0000][0.107s][info][gc,phases      ] GC(8) Compaction Phase 1.131ms
[2026-07-19T20:13:43.485+0000][0.107s][info][gc,phases,start] GC(8) Post Compact
[2026-07-19T20:13:43.485+0000][0.107s][info][gc,phases      ] GC(8) Post Compact 0.046ms
[2026-07-19T20:13:43.485+0000][0.107s][info][gc,heap        ] GC(8) PSYoungGen: 20991K(24064K)->20991K(24064K) Eden: 20991K(20992K)->20991K(20992K) From: 0K(3072K)->0K(3072K)
[2026-07-19T20:13:43.485+0000][0.107s][info][gc,heap        ] GC(8) ParOldGen: 54557K(54784K)->54557K(54784K)
[2026-07-19T20:13:43.485+0000][0.108s][info][gc,metaspace   ] GC(8) Metaspace: 617K(768K)->617K(768K) NonClass: 570K(640K)->570K(640K) Class: 47K(128K)->47K(128K)
[2026-07-19T20:13:43.485+0000][0.108s][info][gc             ] GC(8) Pause Full (Ergonomics) 73M->73M(77M) 4.087ms
[2026-07-19T20:13:43.485+0000][0.108s][info][gc,cpu         ] GC(8) User=0.01s Sys=0.00s Real=0.00s
[2026-07-19T20:13:43.486+0000][0.108s][info][gc,start       ] GC(9) Pause Full (Ergonomics)
[2026-07-19T20:13:43.486+0000][0.108s][info][gc,phases,start] GC(9) Marking Phase
[2026-07-19T20:13:43.489+0000][0.111s][info][gc,phases      ] GC(9) Marking Phase 2.991ms
[2026-07-19T20:13:43.489+0000][0.111s][info][gc,phases,start] GC(9) Summary Phase
[2026-07-19T20:13:43.489+0000][0.112s][info][gc,phases      ] GC(9) Summary Phase 0.029ms
[2026-07-19T20:13:43.489+0000][0.112s][info][gc,phases,start] GC(9) Adjust Roots
[2026-07-19T20:13:43.490+0000][0.112s][info][gc,phases      ] GC(9) Adjust Roots 0.158ms
[2026-07-19T20:13:43.490+0000][0.112s][info][gc,phases,start] GC(9) Compaction Phase
[2026-07-19T20:13:43.491+0000][0.113s][info][gc,phases      ] GC(9) Compaction Phase 1.396ms
[2026-07-19T20:13:43.491+0000][0.113s][info][gc,phases,start] GC(9) Post Compact
[2026-07-19T20:13:43.491+0000][0.113s][info][gc,phases      ] GC(9) Post Compact 0.065ms
[2026-07-19T20:13:43.491+0000][0.113s][info][gc,heap        ] GC(9) PSYoungGen: 20991K(24064K)->20991K(24064K) Eden: 20991K(20992K)->20991K(20992K) From: 0K(3072K)->0K(3072K)
[2026-07-19T20:13:43.491+0000][0.113s][info][gc,heap        ] GC(9) ParOldGen: 54590K(54784K)->54590K(54784K)
[2026-07-19T20:13:43.491+0000][0.113s][info][gc,metaspace   ] GC(9) Metaspace: 617K(768K)->617K(768K) NonClass: 570K(640K)->570K(640K) Class: 47K(128K)->47K(128K)
[2026-07-19T20:13:43.491+0000][0.113s][info][gc             ] GC(9) Pause Full (Ergonomics) 73M->73M(77M) 4.960ms
[2026-07-19T20:13:43.491+0000][0.113s][info][gc,cpu         ] GC(9) User=0.01s Sys=0.00s Real=0.01s
[2026-07-19T20:13:43.491+0000][0.113s][info][gc,start       ] GC(10) Pause Full (Ergonomics)
[2026-07-19T20:13:43.491+0000][0.113s][info][gc,phases,start] GC(10) Marking Phase
[2026-07-19T20:13:43.494+0000][0.116s][info][gc,phases      ] GC(10) Marking Phase 2.409ms
[2026-07-19T20:13:43.494+0000][0.116s][info][gc,phases,start] GC(10) Summary Phase
[2026-07-19T20:13:43.494+0000][0.116s][info][gc,phases      ] GC(10) Summary Phase 0.073ms
[2026-07-19T20:13:43.494+0000][0.116s][info][gc,phases,start] GC(10) Adjust Roots
[2026-07-19T20:13:43.494+0000][0.116s][info][gc,phases      ] GC(10) Adjust Roots 0.157ms
[2026-07-19T20:13:43.494+0000][0.116s][info][gc,phases,start] GC(10) Compaction Phase
[2026-07-19T20:13:43.495+0000][0.118s][info][gc,phases      ] GC(10) Compaction Phase 1.285ms
[2026-07-19T20:13:43.495+0000][0.118s][info][gc,phases,start] GC(10) Post Compact
[2026-07-19T20:13:43.496+0000][0.118s][info][gc,phases      ] GC(10) Post Compact 0.049ms
[2026-07-19T20:13:43.496+0000][0.118s][info][gc,heap        ] GC(10) PSYoungGen: 20991K(24064K)->20991K(24064K) Eden: 20991K(20992K)->20991K(20992K) From: 0K(3072K)->0K(3072K)
[2026-07-19T20:13:43.496+0000][0.118s][info][gc,heap        ] GC(10) ParOldGen: 54623K(54784K)->54623K(54784K)
[2026-07-19T20:13:43.496+0000][0.118s][info][gc,metaspace   ] GC(10) Metaspace: 617K(768K)->617K(768K) NonClass: 570K(640K)->570K(640K) Class: 47K(128K)->47K(128K)
[2026-07-19T20:13:43.496+0000][0.118s][info][gc             ] GC(10) Pause Full (Ergonomics) 73M->73M(77M) 4.293ms
[2026-07-19T20:13:43.496+0000][0.118s][info][gc,cpu         ] GC(10) User=0.00s Sys=0.00s Real=0.00s
[2026-07-19T20:13:43.496+0000][0.118s][info][gc,start       ] GC(11) Pause Full (Ergonomics)
[2026-07-19T20:13:43.496+0000][0.118s][info][gc,phases,start] GC(11) Marking Phase
[2026-07-19T20:13:43.498+0000][0.121s][info][gc,phases      ] GC(11) Marking Phase 2.643ms
[2026-07-19T20:13:43.498+0000][0.121s][info][gc,phases,start] GC(11) Summary Phase
[2026-07-19T20:13:43.498+0000][0.121s][info][gc,phases      ] GC(11) Summary Phase 0.030ms
[2026-07-19T20:13:43.498+0000][0.121s][info][gc,phases,start] GC(11) Adjust Roots
[2026-07-19T20:13:43.499+0000][0.121s][info][gc,phases      ] GC(11) Adjust Roots 0.193ms
[2026-07-19T20:13:43.499+0000][0.121s][info][gc,phases,start] GC(11) Compaction Phase
[2026-07-19T20:13:43.500+0000][0.122s][info][gc,phases      ] GC(11) Compaction Phase 1.289ms
[2026-07-19T20:13:43.500+0000][0.122s][info][gc,phases,start] GC(11) Post Compact
[2026-07-19T20:13:43.500+0000][0.122s][info][gc,phases      ] GC(11) Post Compact 0.047ms
[2026-07-19T20:13:43.500+0000][0.122s][info][gc,heap        ] GC(11) PSYoungGen: 20991K(24064K)->20991K(24064K) Eden: 20991K(20992K)->20991K(20992K) From: 0K(3072K)->0K(3072K)
[2026-07-19T20:13:43.500+0000][0.122s][info][gc,heap        ] GC(11) ParOldGen: 54656K(54784K)->54656K(54784K)
[2026-07-19T20:13:43.500+0000][0.122s][info][gc,metaspace   ] GC(11) Metaspace: 617K(768K)->617K(768K) NonClass: 570K(640K)->570K(640K) Class: 47K(128K)->47K(128K)
[2026-07-19T20:13:43.500+0000][0.122s][info][gc             ] GC(11) Pause Full (Ergonomics) 73M->73M(77M) 4.493ms
[2026-07-19T20:13:43.500+0000][0.122s][info][gc,cpu         ] GC(11) User=0.01s Sys=0.00s Real=0.01s
[2026-07-19T20:13:43.500+0000][0.122s][info][gc,start       ] GC(12) Pause Full (Ergonomics)
[2026-07-19T20:13:43.500+0000][0.122s][info][gc,phases,start] GC(12) Marking Phase
[2026-07-19T20:13:43.503+0000][0.125s][info][gc,phases      ] GC(12) Marking Phase 2.398ms
[2026-07-19T20:13:43.503+0000][0.125s][info][gc,phases,start] GC(12) Summary Phase
[2026-07-19T20:13:43.503+0000][0.125s][info][gc,phases      ] GC(12) Summary Phase 0.034ms
[2026-07-19T20:13:43.503+0000][0.125s][info][gc,phases,start] GC(12) Adjust Roots
[2026-07-19T20:13:43.503+0000][0.125s][info][gc,phases      ] GC(12) Adjust Roots 0.174ms
[2026-07-19T20:13:43.503+0000][0.125s][info][gc,phases,start] GC(12) Compaction Phase
[2026-07-19T20:13:43.504+0000][0.127s][info][gc,phases      ] GC(12) Compaction Phase 1.409ms
[2026-07-19T20:13:43.505+0000][0.127s][info][gc,phases,start] GC(12) Post Compact
[2026-07-19T20:13:43.505+0000][0.127s][info][gc,phases      ] GC(12) Post Compact 0.067ms
[2026-07-19T20:13:43.505+0000][0.127s][info][gc,heap        ] GC(12) PSYoungGen: 20991K(24064K)->20991K(24064K) Eden: 20991K(20992K)->20991K(20992K) From: 0K(3072K)->0K(3072K)
[2026-07-19T20:13:43.505+0000][0.127s][info][gc,heap        ] GC(12) ParOldGen: 54689K(54784K)->54689K(54784K)
[2026-07-19T20:13:43.505+0000][0.127s][info][gc,metaspace   ] GC(12) Metaspace: 617K(768K)->617K(768K) NonClass: 570K(640K)->570K(640K) Class: 47K(128K)->47K(128K)
[2026-07-19T20:13:43.505+0000][0.127s][info][gc             ] GC(12) Pause Full (Ergonomics) 73M->73M(77M) 4.426ms
[2026-07-19T20:13:43.505+0000][0.127s][info][gc,cpu         ] GC(12) User=0.01s Sys=0.00s Real=0.00s
[2026-07-19T20:13:43.505+0000][0.127s][info][gc,start       ] GC(13) Pause Full (Ergonomics)
[2026-07-19T20:13:43.505+0000][0.127s][info][gc,phases,start] GC(13) Marking Phase
[2026-07-19T20:13:43.508+0000][0.130s][info][gc,phases      ] GC(13) Marking Phase 2.818ms
[2026-07-19T20:13:43.508+0000][0.130s][info][gc,phases,start] GC(13) Summary Phase
[2026-07-19T20:13:43.508+0000][0.130s][info][gc,phases      ] GC(13) Summary Phase 0.026ms
[2026-07-19T20:13:43.508+0000][0.130s][info][gc,phases,start] GC(13) Adjust Roots
[2026-07-19T20:13:43.508+0000][0.130s][info][gc,phases      ] GC(13) Adjust Roots 0.167ms
[2026-07-19T20:13:43.508+0000][0.130s][info][gc,phases,start] GC(13) Compaction Phase
[2026-07-19T20:13:43.509+0000][0.131s][info][gc,phases      ] GC(13) Compaction Phase 1.348ms
[2026-07-19T20:13:43.509+0000][0.131s][info][gc,phases,start] GC(13) Post Compact
[2026-07-19T20:13:43.509+0000][0.132s][info][gc,phases      ] GC(13) Post Compact 0.047ms
[2026-07-19T20:13:43.509+0000][0.132s][info][gc,heap        ] GC(13) PSYoungGen: 20991K(24064K)->20991K(24064K) Eden: 20991K(20992K)->20991K(20992K) From: 0K(3072K)->0K(3072K)
[2026-07-19T20:13:43.509+0000][0.132s][info][gc,heap        ] GC(13) ParOldGen: 54722K(54784K)->54722K(54784K)
[2026-07-19T20:13:43.509+0000][0.132s][info][gc,metaspace   ] GC(13) Metaspace: 617K(768K)->617K(768K) NonClass: 570K(640K)->570K(640K) Class: 47K(128K)->47K(128K)
[2026-07-19T20:13:43.509+0000][0.132s][info][gc             ] GC(13) Pause Full (Ergonomics) 73M->73M(77M) 4.692ms
[2026-07-19T20:13:43.510+0000][0.132s][info][gc,cpu         ] GC(13) User=0.01s Sys=0.00s Real=0.01s
[2026-07-19T20:13:43.510+0000][0.132s][info][gc,start       ] GC(14) Pause Full (Ergonomics)
[2026-07-19T20:13:43.510+0000][0.132s][info][gc,phases,start] GC(14) Marking Phase
[2026-07-19T20:13:43.512+0000][0.134s][info][gc,phases      ] GC(14) Marking Phase 2.432ms
[2026-07-19T20:13:43.512+0000][0.134s][info][gc,phases,start] GC(14) Summary Phase
[2026-07-19T20:13:43.512+0000][0.134s][info][gc,phases      ] GC(14) Summary Phase 0.027ms
[2026-07-19T20:13:43.512+0000][0.134s][info][gc,phases,start] GC(14) Adjust Roots
[2026-07-19T20:13:43.512+0000][0.134s][info][gc,phases      ] GC(14) Adjust Roots 0.146ms
[2026-07-19T20:13:43.512+0000][0.134s][info][gc,phases,start] GC(14) Compaction Phase
[2026-07-19T20:13:43.514+0000][0.136s][info][gc,phases      ] GC(14) Compaction Phase 1.203ms
[2026-07-19T20:13:43.514+0000][0.136s][info][gc,phases,start] GC(14) Post Compact
[2026-07-19T20:13:43.514+0000][0.136s][info][gc,phases      ] GC(14) Post Compact 0.045ms
[2026-07-19T20:13:43.514+0000][0.136s][info][gc,heap        ] GC(14) PSYoungGen: 20991K(24064K)->20991K(24064K) Eden: 20991K(20992K)->20991K(20992K) From: 0K(3072K)->0K(3072K)
[2026-07-19T20:13:43.514+0000][0.136s][info][gc,heap        ] GC(14) ParOldGen: 54755K(54784K)->54755K(54784K)
[2026-07-19T20:13:43.514+0000][0.136s][info][gc,metaspace   ] GC(14) Metaspace: 617K(768K)->617K(768K) NonClass: 570K(640K)->570K(640K) Class: 47K(128K)->47K(128K)
[2026-07-19T20:13:43.514+0000][0.136s][info][gc             ] GC(14) Pause Full (Ergonomics) 73M->73M(77M) 4.120ms
[2026-07-19T20:13:43.514+0000][0.136s][info][gc,cpu         ] GC(14) User=0.00s Sys=0.00s Real=0.00s
[2026-07-19T20:13:43.514+0000][0.136s][info][gc,start       ] GC(15) Pause Full (Ergonomics)
[2026-07-19T20:13:43.514+0000][0.136s][info][gc,phases,start] GC(15) Marking Phase
[2026-07-19T20:13:43.516+0000][0.138s][info][gc,phases      ] GC(15) Marking Phase 2.084ms
[2026-07-19T20:13:43.516+0000][0.138s][info][gc,phases,start] GC(15) Summary Phase
[2026-07-19T20:13:43.516+0000][0.138s][info][gc,phases      ] GC(15) Summary Phase 0.071ms
[2026-07-19T20:13:43.516+0000][0.138s][info][gc,phases,start] GC(15) Adjust Roots
[2026-07-19T20:13:43.516+0000][0.138s][info][gc,phases      ] GC(15) Adjust Roots 0.165ms
[2026-07-19T20:13:43.516+0000][0.138s][info][gc,phases,start] GC(15) Compaction Phase
[2026-07-19T20:13:43.517+0000][0.139s][info][gc,phases      ] GC(15) Compaction Phase 1.080ms
[2026-07-19T20:13:43.517+0000][0.139s][info][gc,phases,start] GC(15) Post Compact
[2026-07-19T20:13:43.517+0000][0.139s][info][gc,phases      ] GC(15) Post Compact 0.056ms
[2026-07-19T20:13:43.517+0000][0.140s][info][gc,heap        ] GC(15) PSYoungGen: 20991K(24064K)->20991K(24064K) Eden: 20991K(20992K)->20991K(20992K) From: 0K(3072K)->0K(3072K)
[2026-07-19T20:13:43.517+0000][0.140s][info][gc,heap        ] GC(15) ParOldGen: 54784K(54784K)->54784K(54784K)
[2026-07-19T20:13:43.517+0000][0.140s][info][gc,metaspace   ] GC(15) Metaspace: 617K(768K)->617K(768K) NonClass: 570K(640K)->570K(640K) Class: 47K(128K)->47K(128K)
[2026-07-19T20:13:43.517+0000][0.140s][info][gc             ] GC(15) Pause Full (Ergonomics) 73M->73M(77M) 3.727ms
[2026-07-19T20:13:43.518+0000][0.140s][info][gc,cpu         ] GC(15) User=0.01s Sys=0.00s Real=0.01s
[2026-07-19T20:13:43.518+0000][0.140s][info][gc,start       ] GC(16) Pause Full (Allocation Failure)
[2026-07-19T20:13:43.518+0000][0.140s][info][gc,phases,start] GC(16) Marking Phase
[2026-07-19T20:13:43.520+0000][0.142s][info][gc,phases      ] GC(16) Marking Phase 2.400ms
[2026-07-19T20:13:43.520+0000][0.142s][info][gc,phases,start] GC(16) Summary Phase
[2026-07-19T20:13:43.520+0000][0.142s][info][gc,phases      ] GC(16) Summary Phase 0.040ms
[2026-07-19T20:13:43.520+0000][0.142s][info][gc,phases,start] GC(16) Adjust Roots
[2026-07-19T20:13:43.520+0000][0.142s][info][gc,phases      ] GC(16) Adjust Roots 0.195ms
[2026-07-19T20:13:43.520+0000][0.142s][info][gc,phases,start] GC(16) Compaction Phase
[2026-07-19T20:13:43.523+0000][0.145s][info][gc,phases      ] GC(16) Compaction Phase 2.499ms
[2026-07-19T20:13:43.523+0000][0.145s][info][gc,phases,start] GC(16) Post Compact
[2026-07-19T20:13:43.523+0000][0.145s][info][gc,phases      ] GC(16) Post Compact 0.061ms
[2026-07-19T20:13:43.523+0000][0.145s][info][gc,heap        ] GC(16) PSYoungGen: 20991K(24064K)->20931K(24064K) Eden: 20991K(20992K)->20931K(20992K) From: 0K(3072K)->0K(3072K)
[2026-07-19T20:13:43.523+0000][0.145s][info][gc,heap        ] GC(16) ParOldGen: 54784K(54784K)->54783K(54784K)
[2026-07-19T20:13:43.523+0000][0.145s][info][gc,metaspace   ] GC(16) Metaspace: 617K(768K)->605K(768K) NonClass: 570K(640K)->562K(640K) Class: 47K(128K)->43K(128K)
[2026-07-19T20:13:43.523+0000][0.145s][info][gc             ] GC(16) Pause Full (Allocation Failure) 73M->73M(77M) 5.512ms
[2026-07-19T20:13:43.523+0000][0.145s][info][gc,cpu         ] GC(16) User=0.01s Sys=0.00s Real=0.00s
[2026-07-19T20:13:43.524+0000][0.146s][info][gc,start       ] GC(17) Pause Full (Ergonomics)
[2026-07-19T20:13:43.524+0000][0.147s][info][gc,phases,start] GC(17) Marking Phase
[2026-07-19T20:13:43.528+0000][0.150s][info][gc,phases      ] GC(17) Marking Phase 3.861ms
[2026-07-19T20:13:43.528+0000][0.150s][info][gc,phases,start] GC(17) Summary Phase
[2026-07-19T20:13:43.528+0000][0.150s][info][gc,phases      ] GC(17) Summary Phase 0.040ms
[2026-07-19T20:13:43.528+0000][0.151s][info][gc,phases,start] GC(17) Adjust Roots
[2026-07-19T20:13:43.529+0000][0.151s][info][gc,phases      ] GC(17) Adjust Roots 0.155ms
[2026-07-19T20:13:43.529+0000][0.151s][info][gc,phases,start] GC(17) Compaction Phase
[2026-07-19T20:13:43.530+0000][0.152s][info][gc,phases      ] GC(17) Compaction Phase 1.407ms
[2026-07-19T20:13:43.530+0000][0.152s][info][gc,phases,start] GC(17) Post Compact
[2026-07-19T20:13:43.530+0000][0.152s][info][gc,phases      ] GC(17) Post Compact 0.062ms
[2026-07-19T20:13:43.530+0000][0.152s][info][gc,heap        ] GC(17) PSYoungGen: 20992K(24064K)->20991K(24064K) Eden: 20992K(20992K)->20991K(20992K) From: 0K(3072K)->0K(3072K)
[2026-07-19T20:13:43.530+0000][0.152s][info][gc,heap        ] GC(17) ParOldGen: 54783K(54784K)->54783K(54784K)
[2026-07-19T20:13:43.530+0000][0.152s][info][gc,metaspace   ] GC(17) Metaspace: 605K(768K)->605K(768K) NonClass: 562K(640K)->562K(640K) Class: 43K(128K)->43K(128K)
[2026-07-19T20:13:43.530+0000][0.152s][info][gc             ] GC(17) Pause Full (Ergonomics) 73M->73M(77M) 5.908ms
[2026-07-19T20:13:43.530+0000][0.152s][info][gc,cpu         ] GC(17) User=0.01s Sys=0.00s Real=0.01s
[2026-07-19T20:13:43.531+0000][0.154s][info][gc,start       ] GC(18) Pause Full (Ergonomics)
[2026-07-19T20:13:43.531+0000][0.154s][info][gc,phases,start] GC(18) Marking Phase
[2026-07-19T20:13:43.534+0000][0.156s][info][gc,phases      ] GC(18) Marking Phase 2.286ms
[2026-07-19T20:13:43.534+0000][0.156s][info][gc,phases,start] GC(18) Summary Phase
[2026-07-19T20:13:43.534+0000][0.156s][info][gc,phases      ] GC(18) Summary Phase 0.024ms
[2026-07-19T20:13:43.534+0000][0.156s][info][gc,phases,start] GC(18) Adjust Roots
[2026-07-19T20:13:43.534+0000][0.156s][info][gc,phases      ] GC(18) Adjust Roots 0.141ms
[2026-07-19T20:13:43.534+0000][0.156s][info][gc,phases,start] GC(18) Compaction Phase
[2026-07-19T20:13:43.535+0000][0.157s][info][gc,phases      ] GC(18) Compaction Phase 1.291ms
[2026-07-19T20:13:43.535+0000][0.157s][info][gc,phases,start] GC(18) Post Compact
[2026-07-19T20:13:43.535+0000][0.157s][info][gc,phases      ] GC(18) Post Compact 0.064ms
[2026-07-19T20:13:43.535+0000][0.158s][info][gc,heap        ] GC(18) PSYoungGen: 20991K(24064K)->20991K(24064K) Eden: 20991K(20992K)->20991K(20992K) From: 0K(3072K)->0K(3072K)
[2026-07-19T20:13:43.535+0000][0.158s][info][gc,heap        ] GC(18) ParOldGen: 54783K(54784K)->54783K(54784K)
[2026-07-19T20:13:43.535+0000][0.158s][info][gc,metaspace   ] GC(18) Metaspace: 605K(768K)->605K(768K) NonClass: 562K(640K)->562K(640K) Class: 43K(128K)->43K(128K)
[2026-07-19T20:13:43.536+0000][0.158s][info][gc             ] GC(18) Pause Full (Ergonomics) 73M->73M(77M) 4.122ms
[2026-07-19T20:13:43.536+0000][0.158s][info][gc,cpu         ] GC(18) User=0.01s Sys=0.00s Real=0.00s
[2026-07-19T20:13:43.536+0000][0.158s][info][gc,start       ] GC(19) Pause Full (Allocation Failure)
[2026-07-19T20:13:43.536+0000][0.158s][info][gc,phases,start] GC(19) Marking Phase
[2026-07-19T20:13:43.538+0000][0.160s][info][gc,phases      ] GC(19) Marking Phase 2.395ms
[2026-07-19T20:13:43.538+0000][0.160s][info][gc,phases,start] GC(19) Summary Phase
[2026-07-19T20:13:43.538+0000][0.160s][info][gc,phases      ] GC(19) Summary Phase 0.030ms
[2026-07-19T20:13:43.538+0000][0.160s][info][gc,phases,start] GC(19) Adjust Roots
[2026-07-19T20:13:43.538+0000][0.160s][info][gc,phases      ] GC(19) Adjust Roots 0.152ms
[2026-07-19T20:13:43.538+0000][0.160s][info][gc,phases,start] GC(19) Compaction Phase
[2026-07-19T20:13:43.540+0000][0.162s][info][gc,phases      ] GC(19) Compaction Phase 1.261ms
[2026-07-19T20:13:43.540+0000][0.162s][info][gc,phases,start] GC(19) Post Compact
[2026-07-19T20:13:43.540+0000][0.162s][info][gc,phases      ] GC(19) Post Compact 0.047ms
[2026-07-19T20:13:43.540+0000][0.162s][info][gc,heap        ] GC(19) PSYoungGen: 20991K(24064K)->20991K(24064K) Eden: 20991K(20992K)->20991K(20992K) From: 0K(3072K)->0K(3072K)
[2026-07-19T20:13:43.540+0000][0.162s][info][gc,heap        ] GC(19) ParOldGen: 54783K(54784K)->54783K(54784K)
[2026-07-19T20:13:43.540+0000][0.162s][info][gc,metaspace   ] GC(19) Metaspace: 605K(768K)->605K(768K) NonClass: 562K(640K)->562K(640K) Class: 43K(128K)->43K(128K)
[2026-07-19T20:13:43.540+0000][0.162s][info][gc             ] GC(19) Pause Full (Allocation Failure) 73M->73M(77M) 4.151ms
[2026-07-19T20:13:43.540+0000][0.162s][info][gc,cpu         ] GC(19) User=0.00s Sys=0.00s Real=0.01s
[2026-07-19T20:13:43.540+0000][0.162s][info][gc,start       ] GC(20) Pause Full (Ergonomics)
[2026-07-19T20:13:43.540+0000][0.162s][info][gc,phases,start] GC(20) Marking Phase
[2026-07-19T20:13:43.543+0000][0.165s][info][gc,phases      ] GC(20) Marking Phase 2.789ms
[2026-07-19T20:13:43.543+0000][0.165s][info][gc,phases,start] GC(20) Summary Phase
[2026-07-19T20:13:43.543+0000][0.165s][info][gc,phases      ] GC(20) Summary Phase 0.129ms
[2026-07-19T20:13:43.543+0000][0.165s][info][gc,phases,start] GC(20) Adjust Roots
[2026-07-19T20:13:43.543+0000][0.166s][info][gc,phases      ] GC(20) Adjust Roots 0.260ms
[2026-07-19T20:13:43.543+0000][0.166s][info][gc,phases,start] GC(20) Compaction Phase
[2026-07-19T20:13:43.546+0000][0.168s][info][gc,phases      ] GC(20) Compaction Phase 2.544ms
[2026-07-19T20:13:43.546+0000][0.168s][info][gc,phases,start] GC(20) Post Compact
[2026-07-19T20:13:43.546+0000][0.168s][info][gc,phases      ] GC(20) Post Compact 0.059ms
[2026-07-19T20:13:43.546+0000][0.168s][info][gc,heap        ] GC(20) PSYoungGen: 20991K(24064K)->13311K(24064K) Eden: 20991K(20992K)->13311K(20992K) From: 0K(3072K)->0K(3072K)
[2026-07-19T20:13:43.546+0000][0.168s][info][gc,heap        ] GC(20) ParOldGen: 54784K(54784K)->54272K(54784K)
[2026-07-19T20:13:43.546+0000][0.168s][info][gc,metaspace   ] GC(20) Metaspace: 606K(768K)->606K(768K) NonClass: 562K(640K)->562K(640K) Class: 43K(128K)->43K(128K)
[2026-07-19T20:13:43.546+0000][0.168s][info][gc             ] GC(20) Pause Full (Ergonomics) 73M->65M(77M) 6.201ms
[2026-07-19T20:13:43.546+0000][0.168s][info][gc,cpu         ] GC(20) User=0.01s Sys=0.01s Real=0.00s
[2026-07-19T20:13:43.549+0000][0.171s][info][gc,heap,exit   ] Heap
[2026-07-19T20:13:43.549+0000][0.171s][info][gc,heap,exit   ]  PSYoungGen      total 24064K, used 13465K [0x00000000fe580000, 0x0000000100000000, 0x0000000100000000)
[2026-07-19T20:13:43.549+0000][0.171s][info][gc,heap,exit   ]   eden space 20992K, 64% used [0x00000000fe580000,0x00000000ff2a6700,0x00000000ffa00000)
[2026-07-19T20:13:43.549+0000][0.171s][info][gc,heap,exit   ]   from space 3072K, 0% used [0x00000000ffa00000,0x00000000ffa00000,0x00000000ffd00000)
[2026-07-19T20:13:43.549+0000][0.171s][info][gc,heap,exit   ]   to   space 3072K, 0% used [0x00000000ffd00000,0x00000000ffd00000,0x0000000100000000)
[2026-07-19T20:13:43.549+0000][0.171s][info][gc,heap,exit   ]  ParOldGen       total 54784K, used 54272K [0x00000000fb000000, 0x00000000fe580000, 0x00000000fe580000)
[2026-07-19T20:13:43.549+0000][0.171s][info][gc,heap,exit   ]   object space 54784K, 99% used [0x00000000fb000000,0x00000000fe500080,0x00000000fe580000)
[2026-07-19T20:13:43.549+0000][0.171s][info][gc,heap,exit   ]  Metaspace       used 714K, committed 832K, reserved 1114112K
[2026-07-19T20:13:43.549+0000][0.171s][info][gc,heap,exit   ]   class space    used 57K, committed 128K, reserved 1048576K
