[2026-07-19T20:17:38.160+0000][0.005s][info][gc,init] CardTable entry size: 512
[2026-07-19T20:17:38.160+0000][0.005s][info][gc     ] Using G1
[2026-07-19T20:17:38.161+0000][0.006s][info][gc,init] Version: 21.0.11+10-LTS (release)
[2026-07-19T20:17:38.161+0000][0.007s][info][gc,init] CPUs: 10 total, 10 available
[2026-07-19T20:17:38.161+0000][0.007s][info][gc,init] Memory: 7837M
[2026-07-19T20:17:38.161+0000][0.007s][info][gc,init] Large Page Support: Disabled
[2026-07-19T20:17:38.161+0000][0.007s][info][gc,init] NUMA Support: Disabled
[2026-07-19T20:17:38.161+0000][0.007s][info][gc,init] Compressed Oops: Enabled (32-bit)
[2026-07-19T20:17:38.162+0000][0.007s][info][gc,init] Heap Region Size: 1M
[2026-07-19T20:17:38.162+0000][0.007s][info][gc,init] Heap Min Capacity: 8M
[2026-07-19T20:17:38.162+0000][0.007s][info][gc,init] Heap Initial Capacity: 124M
[2026-07-19T20:17:38.162+0000][0.007s][info][gc,init] Heap Max Capacity: 256M
[2026-07-19T20:17:38.162+0000][0.007s][info][gc,init] Pre-touch: Disabled
[2026-07-19T20:17:38.162+0000][0.007s][info][gc,init] Parallel Workers: 9
[2026-07-19T20:17:38.162+0000][0.007s][info][gc,init] Concurrent Workers: 2
[2026-07-19T20:17:38.162+0000][0.007s][info][gc,init] Concurrent Refinement Workers: 9
[2026-07-19T20:17:38.162+0000][0.007s][info][gc,init] Periodic GC: Disabled
[2026-07-19T20:17:38.166+0000][0.012s][info][gc,metaspace] CDS archive(s) mapped at: [0x0000000300000000-0x0000000300cb0000-0x0000000300cb0000), size 13303808, SharedBaseAddress: 0x0000000300000000, ArchiveRelocationMode: 1.
[2026-07-19T20:17:38.167+0000][0.012s][info][gc,metaspace] Compressed class space mapped at: 0x0000000301000000-0x0000000341000000, reserved size: 1073741824
[2026-07-19T20:17:38.167+0000][0.012s][info][gc,metaspace] Narrow klass base: 0x0000000300000000, Narrow klass shift: 0, Narrow klass range: 0x100000000
[2026-07-19T20:17:41.064+0000][2.909s][info][gc,start    ] GC(0) Pause Young (Normal) (G1 Evacuation Pause)
[2026-07-19T20:17:41.065+0000][2.910s][info][gc,task     ] GC(0) Using 3 workers of 9 for evacuation
[2026-07-19T20:17:41.067+0000][2.912s][info][gc,phases   ] GC(0)   Pre Evacuate Collection Set: 0.28ms
[2026-07-19T20:17:41.067+0000][2.912s][info][gc,phases   ] GC(0)   Merge Heap Roots: 0.09ms
[2026-07-19T20:17:41.067+0000][2.912s][info][gc,phases   ] GC(0)   Evacuate Collection Set: 0.79ms
[2026-07-19T20:17:41.067+0000][2.912s][info][gc,phases   ] GC(0)   Post Evacuate Collection Set: 0.45ms
[2026-07-19T20:17:41.067+0000][2.913s][info][gc,phases   ] GC(0)   Other: 1.09ms
[2026-07-19T20:17:41.067+0000][2.913s][info][gc,heap     ] GC(0) Eden regions: 23->0(59)
[2026-07-19T20:17:41.067+0000][2.913s][info][gc,heap     ] GC(0) Survivor regions: 0->1(3)
[2026-07-19T20:17:41.068+0000][2.913s][info][gc,heap     ] GC(0) Old regions: 2->2
[2026-07-19T20:17:41.068+0000][2.913s][info][gc,heap     ] GC(0) Humongous regions: 9->9
[2026-07-19T20:17:41.068+0000][2.913s][info][gc,metaspace] GC(0) Metaspace: 916K(1088K)->916K(1088K) NonClass: 829K(896K)->829K(896K) Class: 87K(192K)->87K(192K)
[2026-07-19T20:17:41.068+0000][2.913s][info][gc          ] GC(0) Pause Young (Normal) (G1 Evacuation Pause) 33M->10M(126M) 4.046ms
[2026-07-19T20:17:41.068+0000][2.913s][info][gc,cpu      ] GC(0) User=0.00s Sys=0.01s Real=0.01s
[2026-07-19T20:17:49.010+0000][10.855s][info][gc,start    ] GC(1) Pause Young (Normal) (G1 Evacuation Pause)
[2026-07-19T20:17:49.010+0000][10.855s][info][gc,task     ] GC(1) Using 3 workers of 9 for evacuation
[2026-07-19T20:17:49.013+0000][10.858s][info][gc,phases   ] GC(1)   Pre Evacuate Collection Set: 0.31ms
[2026-07-19T20:17:49.013+0000][10.858s][info][gc,phases   ] GC(1)   Merge Heap Roots: 0.14ms
[2026-07-19T20:17:49.013+0000][10.858s][info][gc,phases   ] GC(1)   Evacuate Collection Set: 1.23ms
[2026-07-19T20:17:49.013+0000][10.858s][info][gc,phases   ] GC(1)   Post Evacuate Collection Set: 0.52ms
[2026-07-19T20:17:49.013+0000][10.858s][info][gc,phases   ] GC(1)   Other: 0.28ms
[2026-07-19T20:17:49.013+0000][10.858s][info][gc,heap     ] GC(1) Eden regions: 59->0(73)
[2026-07-19T20:17:49.013+0000][10.858s][info][gc,heap     ] GC(1) Survivor regions: 1->1(8)
[2026-07-19T20:17:49.013+0000][10.859s][info][gc,heap     ] GC(1) Old regions: 2->2
[2026-07-19T20:17:49.013+0000][10.859s][info][gc,heap     ] GC(1) Humongous regions: 9->9
[2026-07-19T20:17:49.013+0000][10.859s][info][gc,metaspace] GC(1) Metaspace: 927K(1088K)->927K(1088K) NonClass: 839K(896K)->839K(896K) Class: 87K(192K)->87K(192K)
[2026-07-19T20:17:49.014+0000][10.859s][info][gc          ] GC(1) Pause Young (Normal) (G1 Evacuation Pause) 69M->10M(126M) 4.013ms
[2026-07-19T20:17:49.014+0000][10.859s][info][gc,cpu      ] GC(1) User=0.00s Sys=0.00s Real=0.00s
[2026-07-19T20:17:58.830+0000][20.675s][info][gc,start    ] GC(2) Pause Young (Normal) (G1 Evacuation Pause)
[2026-07-19T20:17:58.830+0000][20.675s][info][gc,task     ] GC(2) Using 3 workers of 9 for evacuation
[2026-07-19T20:17:58.833+0000][20.678s][info][gc,phases   ] GC(2)   Pre Evacuate Collection Set: 0.32ms
[2026-07-19T20:17:58.833+0000][20.678s][info][gc,phases   ] GC(2)   Merge Heap Roots: 0.12ms
[2026-07-19T20:17:58.833+0000][20.678s][info][gc,phases   ] GC(2)   Evacuate Collection Set: 1.39ms
[2026-07-19T20:17:58.833+0000][20.678s][info][gc,phases   ] GC(2)   Post Evacuate Collection Set: 0.54ms
[2026-07-19T20:17:58.833+0000][20.678s][info][gc,phases   ] GC(2)   Other: 0.24ms
[2026-07-19T20:17:58.833+0000][20.678s][info][gc,heap     ] GC(2) Eden regions: 73->0(73)
[2026-07-19T20:17:58.833+0000][20.678s][info][gc,heap     ] GC(2) Survivor regions: 1->1(10)
[2026-07-19T20:17:58.833+0000][20.679s][info][gc,heap     ] GC(2) Old regions: 2->2
[2026-07-19T20:17:58.834+0000][20.679s][info][gc,heap     ] GC(2) Humongous regions: 9->9
[2026-07-19T20:17:58.834+0000][20.679s][info][gc,metaspace] GC(2) Metaspace: 944K(1088K)->944K(1088K) NonClass: 856K(896K)->856K(896K) Class: 87K(192K)->87K(192K)
[2026-07-19T20:17:58.834+0000][20.679s][info][gc          ] GC(2) Pause Young (Normal) (G1 Evacuation Pause) 83M->10M(126M) 3.804ms
[2026-07-19T20:17:58.834+0000][20.679s][info][gc,cpu      ] GC(2) User=0.00s Sys=0.00s Real=0.00s
[2026-07-19T20:18:08.817+0000][30.662s][info][gc,start    ] GC(3) Pause Young (Normal) (G1 Evacuation Pause)
[2026-07-19T20:18:08.817+0000][30.662s][info][gc,task     ] GC(3) Using 3 workers of 9 for evacuation
[2026-07-19T20:18:08.819+0000][30.664s][info][gc,phases   ] GC(3)   Pre Evacuate Collection Set: 0.32ms
[2026-07-19T20:18:08.819+0000][30.665s][info][gc,phases   ] GC(3)   Merge Heap Roots: 0.12ms
[2026-07-19T20:18:08.820+0000][30.665s][info][gc,phases   ] GC(3)   Evacuate Collection Set: 0.96ms
[2026-07-19T20:18:08.820+0000][30.665s][info][gc,phases   ] GC(3)   Post Evacuate Collection Set: 0.50ms
[2026-07-19T20:18:08.820+0000][30.665s][info][gc,phases   ] GC(3)   Other: 0.21ms
[2026-07-19T20:18:08.820+0000][30.665s][info][gc,heap     ] GC(3) Eden regions: 73->0(73)
[2026-07-19T20:18:08.820+0000][30.665s][info][gc,heap     ] GC(3) Survivor regions: 1->1(10)
[2026-07-19T20:18:08.820+0000][30.665s][info][gc,heap     ] GC(3) Old regions: 2->2
[2026-07-19T20:18:08.820+0000][30.665s][info][gc,heap     ] GC(3) Humongous regions: 9->9
[2026-07-19T20:18:08.820+0000][30.665s][info][gc,metaspace] GC(3) Metaspace: 955K(1088K)->955K(1088K) NonClass: 868K(896K)->868K(896K) Class: 87K(192K)->87K(192K)
[2026-07-19T20:18:08.820+0000][30.665s][info][gc          ] GC(3) Pause Young (Normal) (G1 Evacuation Pause) 83M->10M(126M) 3.372ms
[2026-07-19T20:18:08.820+0000][30.665s][info][gc,cpu      ] GC(3) User=0.00s Sys=0.00s Real=0.01s
[2026-07-19T20:18:13.278+0000][35.123s][info][gc,heap,exit] Heap
[2026-07-19T20:18:13.278+0000][35.124s][info][gc,heap,exit]  garbage-first heap   total 129024K, used 44050K [0x00000000f0000000, 0x0000000100000000)
[2026-07-19T20:18:13.279+0000][35.124s][info][gc,heap,exit]   region size 1024K, 34 young (34816K), 1 survivors (1024K)
[2026-07-19T20:18:13.279+0000][35.124s][info][gc,heap,exit]  Metaspace       used 959K, committed 1152K, reserved 1114112K
[2026-07-19T20:18:13.279+0000][35.124s][info][gc,heap,exit]   class space    used 87K, committed 192K, reserved 1048576K
