[2026-07-19T20:10:26.685+0000][0.005s][info][gc,init] CardTable entry size: 512
[2026-07-19T20:10:26.685+0000][0.005s][info][gc     ] Using G1
[2026-07-19T20:10:26.686+0000][0.006s][info][gc,init] Version: 21.0.11+10-LTS (release)
[2026-07-19T20:10:26.686+0000][0.006s][info][gc,init] CPUs: 10 total, 10 available
[2026-07-19T20:10:26.686+0000][0.007s][info][gc,init] Memory: 7837M
[2026-07-19T20:10:26.687+0000][0.007s][info][gc,init] Large Page Support: Disabled
[2026-07-19T20:10:26.687+0000][0.007s][info][gc,init] NUMA Support: Disabled
[2026-07-19T20:10:26.687+0000][0.007s][info][gc,init] Compressed Oops: Enabled (32-bit)
[2026-07-19T20:10:26.687+0000][0.007s][info][gc,init] Heap Region Size: 1M
[2026-07-19T20:10:26.687+0000][0.007s][info][gc,init] Heap Min Capacity: 8M
[2026-07-19T20:10:26.687+0000][0.007s][info][gc,init] Heap Initial Capacity: 124M
[2026-07-19T20:10:26.687+0000][0.007s][info][gc,init] Heap Max Capacity: 256M
[2026-07-19T20:10:26.687+0000][0.007s][info][gc,init] Pre-touch: Disabled
[2026-07-19T20:10:26.687+0000][0.007s][info][gc,init] Parallel Workers: 9
[2026-07-19T20:10:26.687+0000][0.007s][info][gc,init] Concurrent Workers: 2
[2026-07-19T20:10:26.687+0000][0.007s][info][gc,init] Concurrent Refinement Workers: 9
[2026-07-19T20:10:26.687+0000][0.007s][info][gc,init] Periodic GC: Disabled
[2026-07-19T20:10:26.691+0000][0.011s][info][gc,metaspace] CDS archive(s) mapped at: [0x0000004000000000-0x0000004000cb0000-0x0000004000cb0000), size 13303808, SharedBaseAddress: 0x0000004000000000, ArchiveRelocationMode: 1.
[2026-07-19T20:10:26.691+0000][0.011s][info][gc,metaspace] Compressed class space mapped at: 0x0000004001000000-0x0000004041000000, reserved size: 1073741824
[2026-07-19T20:10:26.691+0000][0.011s][info][gc,metaspace] Narrow klass base: 0x0000004000000000, Narrow klass shift: 0, Narrow klass range: 0x100000000
[2026-07-19T20:10:29.570+0000][2.890s][info][gc,start    ] GC(0) Pause Young (Normal) (G1 Evacuation Pause)
[2026-07-19T20:10:29.571+0000][2.891s][info][gc,task     ] GC(0) Using 3 workers of 9 for evacuation
[2026-07-19T20:10:29.573+0000][2.893s][info][gc,phases   ] GC(0)   Pre Evacuate Collection Set: 0.31ms
[2026-07-19T20:10:29.573+0000][2.894s][info][gc,phases   ] GC(0)   Merge Heap Roots: 0.12ms
[2026-07-19T20:10:29.574+0000][2.894s][info][gc,phases   ] GC(0)   Evacuate Collection Set: 0.91ms
[2026-07-19T20:10:29.574+0000][2.894s][info][gc,phases   ] GC(0)   Post Evacuate Collection Set: 0.41ms
[2026-07-19T20:10:29.574+0000][2.894s][info][gc,phases   ] GC(0)   Other: 1.07ms
[2026-07-19T20:10:29.574+0000][2.894s][info][gc,heap     ] GC(0) Eden regions: 23->0(59)
[2026-07-19T20:10:29.574+0000][2.894s][info][gc,heap     ] GC(0) Survivor regions: 0->1(3)
[2026-07-19T20:10:29.574+0000][2.894s][info][gc,heap     ] GC(0) Old regions: 2->2
[2026-07-19T20:10:29.574+0000][2.894s][info][gc,heap     ] GC(0) Humongous regions: 9->9
[2026-07-19T20:10:29.574+0000][2.894s][info][gc,metaspace] GC(0) Metaspace: 917K(1088K)->917K(1088K) NonClass: 830K(896K)->830K(896K) Class: 87K(192K)->87K(192K)
[2026-07-19T20:10:29.574+0000][2.894s][info][gc          ] GC(0) Pause Young (Normal) (G1 Evacuation Pause) 33M->10M(126M) 4.285ms
[2026-07-19T20:10:29.574+0000][2.894s][info][gc,cpu      ] GC(0) User=0.01s Sys=0.00s Real=0.00s
[2026-07-19T20:10:37.640+0000][10.961s][info][gc,start    ] GC(1) Pause Young (Normal) (G1 Evacuation Pause)
[2026-07-19T20:10:37.641+0000][10.961s][info][gc,task     ] GC(1) Using 3 workers of 9 for evacuation
[2026-07-19T20:10:37.642+0000][10.963s][info][gc,phases   ] GC(1)   Pre Evacuate Collection Set: 0.25ms
[2026-07-19T20:10:37.643+0000][10.963s][info][gc,phases   ] GC(1)   Merge Heap Roots: 0.05ms
[2026-07-19T20:10:37.643+0000][10.963s][info][gc,phases   ] GC(1)   Evacuate Collection Set: 0.76ms
[2026-07-19T20:10:37.643+0000][10.963s][info][gc,phases   ] GC(1)   Post Evacuate Collection Set: 0.43ms
[2026-07-19T20:10:37.643+0000][10.963s][info][gc,phases   ] GC(1)   Other: 0.22ms
[2026-07-19T20:10:37.643+0000][10.963s][info][gc,heap     ] GC(1) Eden regions: 59->0(73)
[2026-07-19T20:10:37.643+0000][10.963s][info][gc,heap     ] GC(1) Survivor regions: 1->1(8)
[2026-07-19T20:10:37.643+0000][10.963s][info][gc,heap     ] GC(1) Old regions: 2->2
[2026-07-19T20:10:37.643+0000][10.963s][info][gc,heap     ] GC(1) Humongous regions: 9->9
[2026-07-19T20:10:37.643+0000][10.963s][info][gc,metaspace] GC(1) Metaspace: 928K(1088K)->928K(1088K) NonClass: 840K(896K)->840K(896K) Class: 87K(192K)->87K(192K)
[2026-07-19T20:10:37.643+0000][10.964s][info][gc          ] GC(1) Pause Young (Normal) (G1 Evacuation Pause) 69M->10M(126M) 3.009ms
[2026-07-19T20:10:37.644+0000][10.964s][info][gc,cpu      ] GC(1) User=0.00s Sys=0.00s Real=0.00s
[2026-07-19T20:10:47.593+0000][20.913s][info][gc,start    ] GC(2) Pause Young (Normal) (G1 Evacuation Pause)
[2026-07-19T20:10:47.593+0000][20.913s][info][gc,task     ] GC(2) Using 3 workers of 9 for evacuation
[2026-07-19T20:10:47.595+0000][20.915s][info][gc,phases   ] GC(2)   Pre Evacuate Collection Set: 0.18ms
[2026-07-19T20:10:47.595+0000][20.915s][info][gc,phases   ] GC(2)   Merge Heap Roots: 0.06ms
[2026-07-19T20:10:47.595+0000][20.915s][info][gc,phases   ] GC(2)   Evacuate Collection Set: 0.82ms
[2026-07-19T20:10:47.595+0000][20.915s][info][gc,phases   ] GC(2)   Post Evacuate Collection Set: 0.78ms
[2026-07-19T20:10:47.595+0000][20.915s][info][gc,phases   ] GC(2)   Other: 0.18ms
[2026-07-19T20:10:47.595+0000][20.916s][info][gc,heap     ] GC(2) Eden regions: 73->0(73)
[2026-07-19T20:10:47.596+0000][20.916s][info][gc,heap     ] GC(2) Survivor regions: 1->1(10)
[2026-07-19T20:10:47.596+0000][20.916s][info][gc,heap     ] GC(2) Old regions: 2->2
[2026-07-19T20:10:47.596+0000][20.916s][info][gc,heap     ] GC(2) Humongous regions: 9->9
[2026-07-19T20:10:47.596+0000][20.916s][info][gc,metaspace] GC(2) Metaspace: 944K(1088K)->944K(1088K) NonClass: 856K(896K)->856K(896K) Class: 87K(192K)->87K(192K)
[2026-07-19T20:10:47.596+0000][20.916s][info][gc          ] GC(2) Pause Young (Normal) (G1 Evacuation Pause) 83M->10M(126M) 3.372ms
[2026-07-19T20:10:47.596+0000][20.916s][info][gc,cpu      ] GC(2) User=0.00s Sys=0.01s Real=0.01s
[2026-07-19T20:10:57.461+0000][30.781s][info][gc,start    ] GC(3) Pause Young (Normal) (G1 Evacuation Pause)
[2026-07-19T20:10:57.461+0000][30.781s][info][gc,task     ] GC(3) Using 3 workers of 9 for evacuation
[2026-07-19T20:10:57.463+0000][30.783s][info][gc,phases   ] GC(3)   Pre Evacuate Collection Set: 0.30ms
[2026-07-19T20:10:57.464+0000][30.783s][info][gc,phases   ] GC(3)   Merge Heap Roots: 0.13ms
[2026-07-19T20:10:57.464+0000][30.784s][info][gc,phases   ] GC(3)   Evacuate Collection Set: 1.05ms
[2026-07-19T20:10:57.464+0000][30.784s][info][gc,phases   ] GC(3)   Post Evacuate Collection Set: 0.68ms
[2026-07-19T20:10:57.464+0000][30.784s][info][gc,phases   ] GC(3)   Other: 0.23ms
[2026-07-19T20:10:57.464+0000][30.784s][info][gc,heap     ] GC(3) Eden regions: 73->0(73)
[2026-07-19T20:10:57.464+0000][30.784s][info][gc,heap     ] GC(3) Survivor regions: 1->1(10)
[2026-07-19T20:10:57.464+0000][30.784s][info][gc,heap     ] GC(3) Old regions: 2->2
[2026-07-19T20:10:57.464+0000][30.784s][info][gc,heap     ] GC(3) Humongous regions: 9->9
[2026-07-19T20:10:57.464+0000][30.784s][info][gc,metaspace] GC(3) Metaspace: 955K(1088K)->955K(1088K) NonClass: 868K(896K)->868K(896K) Class: 87K(192K)->87K(192K)
[2026-07-19T20:10:57.464+0000][30.784s][info][gc          ] GC(3) Pause Young (Normal) (G1 Evacuation Pause) 83M->10M(126M) 3.628ms
[2026-07-19T20:10:57.464+0000][30.784s][info][gc,cpu      ] GC(3) User=0.00s Sys=0.00s Real=0.00s
[2026-07-19T20:11:01.847+0000][35.167s][info][gc,heap,exit] Heap
[2026-07-19T20:11:01.847+0000][35.167s][info][gc,heap,exit]  garbage-first heap   total 129024K, used 44046K [0x00000000f0000000, 0x0000000100000000)
[2026-07-19T20:11:01.847+0000][35.167s][info][gc,heap,exit]   region size 1024K, 34 young (34816K), 1 survivors (1024K)
[2026-07-19T20:11:01.847+0000][35.167s][info][gc,heap,exit]  Metaspace       used 960K, committed 1152K, reserved 1114112K
[2026-07-19T20:11:01.848+0000][35.167s][info][gc,heap,exit]   class space    used 87K, committed 192K, reserved 1048576K
