[2026-07-19T20:13:06.880+0000][0.006s][info][gc,init] CardTable entry size: 512
[2026-07-19T20:13:06.880+0000][0.006s][info][gc     ] Using G1
[2026-07-19T20:13:06.882+0000][0.007s][info][gc,init] Version: 21.0.11+10-LTS (release)
[2026-07-19T20:13:06.882+0000][0.007s][info][gc,init] CPUs: 10 total, 10 available
[2026-07-19T20:13:06.882+0000][0.007s][info][gc,init] Memory: 7837M
[2026-07-19T20:13:06.882+0000][0.007s][info][gc,init] Large Page Support: Disabled
[2026-07-19T20:13:06.882+0000][0.007s][info][gc,init] NUMA Support: Disabled
[2026-07-19T20:13:06.882+0000][0.007s][info][gc,init] Compressed Oops: Enabled (32-bit)
[2026-07-19T20:13:06.882+0000][0.007s][info][gc,init] Heap Region Size: 1M
[2026-07-19T20:13:06.882+0000][0.007s][info][gc,init] Heap Min Capacity: 8M
[2026-07-19T20:13:06.882+0000][0.007s][info][gc,init] Heap Initial Capacity: 124M
[2026-07-19T20:13:06.882+0000][0.007s][info][gc,init] Heap Max Capacity: 256M
[2026-07-19T20:13:06.882+0000][0.007s][info][gc,init] Pre-touch: Disabled
[2026-07-19T20:13:06.882+0000][0.007s][info][gc,init] Parallel Workers: 9
[2026-07-19T20:13:06.882+0000][0.008s][info][gc,init] Concurrent Workers: 2
[2026-07-19T20:13:06.882+0000][0.008s][info][gc,init] Concurrent Refinement Workers: 9
[2026-07-19T20:13:06.882+0000][0.008s][info][gc,init] Periodic GC: Disabled
[2026-07-19T20:13:06.886+0000][0.012s][info][gc,metaspace] CDS archive(s) mapped at: [0x000000f000000000-0x000000f000cb0000-0x000000f000cb0000), size 13303808, SharedBaseAddress: 0x000000f000000000, ArchiveRelocationMode: 1.
[2026-07-19T20:13:06.887+0000][0.012s][info][gc,metaspace] Compressed class space mapped at: 0x000000f001000000-0x000000f041000000, reserved size: 1073741824
[2026-07-19T20:13:06.887+0000][0.012s][info][gc,metaspace] Narrow klass base: 0x000000f000000000, Narrow klass shift: 0, Narrow klass range: 0x100000000
[2026-07-19T20:13:09.765+0000][2.890s][info][gc,start    ] GC(0) Pause Young (Normal) (G1 Evacuation Pause)
[2026-07-19T20:13:09.766+0000][2.891s][info][gc,task     ] GC(0) Using 3 workers of 9 for evacuation
[2026-07-19T20:13:09.768+0000][2.894s][info][gc,phases   ] GC(0)   Pre Evacuate Collection Set: 0.21ms
[2026-07-19T20:13:09.769+0000][2.894s][info][gc,phases   ] GC(0)   Merge Heap Roots: 0.12ms
[2026-07-19T20:13:09.769+0000][2.894s][info][gc,phases   ] GC(0)   Evacuate Collection Set: 1.12ms
[2026-07-19T20:13:09.769+0000][2.894s][info][gc,phases   ] GC(0)   Post Evacuate Collection Set: 0.57ms
[2026-07-19T20:13:09.769+0000][2.894s][info][gc,phases   ] GC(0)   Other: 0.81ms
[2026-07-19T20:13:09.769+0000][2.894s][info][gc,heap     ] GC(0) Eden regions: 23->0(58)
[2026-07-19T20:13:09.769+0000][2.894s][info][gc,heap     ] GC(0) Survivor regions: 0->1(3)
[2026-07-19T20:13:09.769+0000][2.894s][info][gc,heap     ] GC(0) Old regions: 2->2
[2026-07-19T20:13:09.769+0000][2.894s][info][gc,heap     ] GC(0) Humongous regions: 9->9
[2026-07-19T20:13:09.769+0000][2.894s][info][gc,metaspace] GC(0) Metaspace: 924K(1088K)->924K(1088K) NonClass: 837K(896K)->837K(896K) Class: 87K(192K)->87K(192K)
[2026-07-19T20:13:09.769+0000][2.895s][info][gc          ] GC(0) Pause Young (Normal) (G1 Evacuation Pause) 33M->10M(126M) 4.170ms
[2026-07-19T20:13:09.769+0000][2.895s][info][gc,cpu      ] GC(0) User=0.01s Sys=0.00s Real=0.01s
[2026-07-19T20:13:17.559+0000][10.684s][info][gc,start    ] GC(1) Pause Young (Normal) (G1 Evacuation Pause)
[2026-07-19T20:13:17.560+0000][10.685s][info][gc,task     ] GC(1) Using 3 workers of 9 for evacuation
[2026-07-19T20:13:17.562+0000][10.687s][info][gc,phases   ] GC(1)   Pre Evacuate Collection Set: 0.31ms
[2026-07-19T20:13:17.562+0000][10.687s][info][gc,phases   ] GC(1)   Merge Heap Roots: 0.12ms
[2026-07-19T20:13:17.562+0000][10.687s][info][gc,phases   ] GC(1)   Evacuate Collection Set: 0.91ms
[2026-07-19T20:13:17.562+0000][10.687s][info][gc,phases   ] GC(1)   Post Evacuate Collection Set: 0.51ms
[2026-07-19T20:13:17.562+0000][10.687s][info][gc,phases   ] GC(1)   Other: 0.23ms
[2026-07-19T20:13:17.562+0000][10.687s][info][gc,heap     ] GC(1) Eden regions: 58->0(73)
[2026-07-19T20:13:17.562+0000][10.687s][info][gc,heap     ] GC(1) Survivor regions: 1->1(8)
[2026-07-19T20:13:17.562+0000][10.688s][info][gc,heap     ] GC(1) Old regions: 2->2
[2026-07-19T20:13:17.562+0000][10.688s][info][gc,heap     ] GC(1) Humongous regions: 9->9
[2026-07-19T20:13:17.563+0000][10.688s][info][gc,metaspace] GC(1) Metaspace: 935K(1088K)->935K(1088K) NonClass: 848K(896K)->848K(896K) Class: 87K(192K)->87K(192K)
[2026-07-19T20:13:17.563+0000][10.688s][info][gc          ] GC(1) Pause Young (Normal) (G1 Evacuation Pause) 68M->10M(126M) 3.462ms
[2026-07-19T20:13:17.563+0000][10.688s][info][gc,cpu      ] GC(1) User=0.00s Sys=0.00s Real=0.00s
[2026-07-19T20:13:27.352+0000][20.478s][info][gc,start    ] GC(2) Pause Young (Normal) (G1 Evacuation Pause)
[2026-07-19T20:13:27.352+0000][20.478s][info][gc,task     ] GC(2) Using 3 workers of 9 for evacuation
[2026-07-19T20:13:27.354+0000][20.479s][info][gc,phases   ] GC(2)   Pre Evacuate Collection Set: 0.28ms
[2026-07-19T20:13:27.354+0000][20.480s][info][gc,phases   ] GC(2)   Merge Heap Roots: 0.13ms
[2026-07-19T20:13:27.354+0000][20.480s][info][gc,phases   ] GC(2)   Evacuate Collection Set: 0.67ms
[2026-07-19T20:13:27.354+0000][20.480s][info][gc,phases   ] GC(2)   Post Evacuate Collection Set: 0.31ms
[2026-07-19T20:13:27.354+0000][20.480s][info][gc,phases   ] GC(2)   Other: 0.20ms
[2026-07-19T20:13:27.355+0000][20.480s][info][gc,heap     ] GC(2) Eden regions: 73->0(73)
[2026-07-19T20:13:27.355+0000][20.480s][info][gc,heap     ] GC(2) Survivor regions: 1->1(10)
[2026-07-19T20:13:27.355+0000][20.480s][info][gc,heap     ] GC(2) Old regions: 2->2
[2026-07-19T20:13:27.355+0000][20.480s][info][gc,heap     ] GC(2) Humongous regions: 9->9
[2026-07-19T20:13:27.355+0000][20.480s][info][gc,metaspace] GC(2) Metaspace: 952K(1088K)->952K(1088K) NonClass: 865K(896K)->865K(896K) Class: 87K(192K)->87K(192K)
[2026-07-19T20:13:27.355+0000][20.480s][info][gc          ] GC(2) Pause Young (Normal) (G1 Evacuation Pause) 83M->10M(126M) 2.652ms
[2026-07-19T20:13:27.355+0000][20.480s][info][gc,cpu      ] GC(2) User=0.00s Sys=0.00s Real=0.00s
[2026-07-19T20:13:37.178+0000][30.303s][info][gc,start    ] GC(3) Pause Young (Normal) (G1 Evacuation Pause)
[2026-07-19T20:13:37.178+0000][30.304s][info][gc,task     ] GC(3) Using 3 workers of 9 for evacuation
[2026-07-19T20:13:37.180+0000][30.305s][info][gc,phases   ] GC(3)   Pre Evacuate Collection Set: 0.19ms
[2026-07-19T20:13:37.180+0000][30.306s][info][gc,phases   ] GC(3)   Merge Heap Roots: 0.07ms
[2026-07-19T20:13:37.180+0000][30.306s][info][gc,phases   ] GC(3)   Evacuate Collection Set: 0.58ms
[2026-07-19T20:13:37.180+0000][30.306s][info][gc,phases   ] GC(3)   Post Evacuate Collection Set: 0.67ms
[2026-07-19T20:13:37.181+0000][30.306s][info][gc,phases   ] GC(3)   Other: 0.17ms
[2026-07-19T20:13:37.181+0000][30.306s][info][gc,heap     ] GC(3) Eden regions: 73->0(73)
[2026-07-19T20:13:37.181+0000][30.306s][info][gc,heap     ] GC(3) Survivor regions: 1->1(10)
[2026-07-19T20:13:37.181+0000][30.306s][info][gc,heap     ] GC(3) Old regions: 2->2
[2026-07-19T20:13:37.181+0000][30.306s][info][gc,heap     ] GC(3) Humongous regions: 9->9
[2026-07-19T20:13:37.181+0000][30.306s][info][gc,metaspace] GC(3) Metaspace: 964K(1152K)->964K(1152K) NonClass: 877K(960K)->877K(960K) Class: 87K(192K)->87K(192K)
[2026-07-19T20:13:37.181+0000][30.306s][info][gc          ] GC(3) Pause Young (Normal) (G1 Evacuation Pause) 83M->10M(126M) 3.099ms
[2026-07-19T20:13:37.181+0000][30.307s][info][gc,cpu      ] GC(3) User=0.01s Sys=0.00s Real=0.00s
[2026-07-19T20:13:41.730+0000][34.855s][info][gc,heap,exit] Heap
[2026-07-19T20:13:41.730+0000][34.856s][info][gc,heap,exit]  garbage-first heap   total 129024K, used 45195K [0x00000000f0000000, 0x0000000100000000)
[2026-07-19T20:13:41.731+0000][34.856s][info][gc,heap,exit]   region size 1024K, 35 young (35840K), 1 survivors (1024K)
[2026-07-19T20:13:41.731+0000][34.856s][info][gc,heap,exit]  Metaspace       used 968K, committed 1152K, reserved 1114112K
[2026-07-19T20:13:41.731+0000][34.856s][info][gc,heap,exit]   class space    used 87K, committed 192K, reserved 1048576K
