[2026-07-20T08:46:15.626+0000][0.006s][info][gc,init] CardTable entry size: 512
[2026-07-20T08:46:15.626+0000][0.007s][info][gc     ] Using G1
[2026-07-20T08:46:15.627+0000][0.008s][info][gc,init] Version: 21.0.11+10-LTS (release)
[2026-07-20T08:46:15.627+0000][0.008s][info][gc,init] CPUs: 10 total, 10 available
[2026-07-20T08:46:15.628+0000][0.009s][info][gc,init] Memory: 7837M
[2026-07-20T08:46:15.628+0000][0.009s][info][gc,init] Large Page Support: Disabled
[2026-07-20T08:46:15.628+0000][0.009s][info][gc,init] NUMA Support: Disabled
[2026-07-20T08:46:15.628+0000][0.009s][info][gc,init] Compressed Oops: Enabled (32-bit)
[2026-07-20T08:46:15.628+0000][0.009s][info][gc,init] Heap Region Size: 1M
[2026-07-20T08:46:15.628+0000][0.009s][info][gc,init] Heap Min Capacity: 8M
[2026-07-20T08:46:15.628+0000][0.009s][info][gc,init] Heap Initial Capacity: 124M
[2026-07-20T08:46:15.628+0000][0.009s][info][gc,init] Heap Max Capacity: 256M
[2026-07-20T08:46:15.628+0000][0.009s][info][gc,init] Pre-touch: Disabled
[2026-07-20T08:46:15.628+0000][0.009s][info][gc,init] Parallel Workers: 9
[2026-07-20T08:46:15.628+0000][0.009s][info][gc,init] Concurrent Workers: 2
[2026-07-20T08:46:15.628+0000][0.009s][info][gc,init] Concurrent Refinement Workers: 9
[2026-07-20T08:46:15.628+0000][0.009s][info][gc,init] Periodic GC: Disabled
[2026-07-20T08:46:15.632+0000][0.013s][info][gc,metaspace] CDS archive(s) mapped at: [0x000000d000000000-0x000000d000cb0000-0x000000d000cb0000), size 13303808, SharedBaseAddress: 0x000000d000000000, ArchiveRelocationMode: 1.
[2026-07-20T08:46:15.632+0000][0.013s][info][gc,metaspace] Compressed class space mapped at: 0x000000d001000000-0x000000d041000000, reserved size: 1073741824
[2026-07-20T08:46:15.632+0000][0.013s][info][gc,metaspace] Narrow klass base: 0x000000d000000000, Narrow klass shift: 0, Narrow klass range: 0x100000000
[2026-07-20T08:46:15.852+0000][0.233s][info][gc,start    ] GC(0) Pause Full (Heap Inspection Initiated GC)
[2026-07-20T08:46:15.853+0000][0.234s][info][gc,task     ] GC(0) Using 3 workers of 9 for full compaction
[2026-07-20T08:46:15.854+0000][0.234s][info][gc,phases,start] GC(0) Phase 1: Mark live objects
[2026-07-20T08:46:15.854+0000][0.235s][info][gc,phases      ] GC(0) Phase 1: Mark live objects 0.793ms
[2026-07-20T08:46:15.854+0000][0.235s][info][gc,phases,start] GC(0) Phase 2: Prepare compaction
[2026-07-20T08:46:15.855+0000][0.235s][info][gc,phases      ] GC(0) Phase 2: Prepare compaction 0.150ms
[2026-07-20T08:46:15.855+0000][0.235s][info][gc,phases,start] GC(0) Phase 3: Adjust pointers
[2026-07-20T08:46:15.855+0000][0.236s][info][gc,phases      ] GC(0) Phase 3: Adjust pointers 0.351ms
[2026-07-20T08:46:15.855+0000][0.236s][info][gc,phases,start] GC(0) Phase 4: Compact heap
[2026-07-20T08:46:15.855+0000][0.236s][info][gc,phases      ] GC(0) Phase 4: Compact heap 0.484ms
[2026-07-20T08:46:15.856+0000][0.236s][info][gc,phases,start] GC(0) Phase 5: Reset Metadata
[2026-07-20T08:46:15.856+0000][0.237s][info][gc,phases      ] GC(0) Phase 5: Reset Metadata 0.248ms
[2026-07-20T08:46:15.856+0000][0.237s][info][gc,heap        ] GC(0) Eden regions: 4->0(16)
[2026-07-20T08:46:15.856+0000][0.237s][info][gc,heap        ] GC(0) Survivor regions: 0->0(0)
[2026-07-20T08:46:15.856+0000][0.237s][info][gc,heap        ] GC(0) Old regions: 2->4
[2026-07-20T08:46:15.856+0000][0.237s][info][gc,heap        ] GC(0) Humongous regions: 9->9
[2026-07-20T08:46:15.856+0000][0.237s][info][gc,metaspace   ] GC(0) Metaspace: 493K(640K)->493K(640K) NonClass: 454K(512K)->454K(512K) Class: 39K(128K)->39K(128K)
[2026-07-20T08:46:15.856+0000][0.237s][info][gc             ] GC(0) Pause Full (Heap Inspection Initiated GC) 13M->11M(44M) 4.451ms
[2026-07-20T08:46:15.856+0000][0.237s][info][gc,cpu         ] GC(0) User=0.01s Sys=0.00s Real=0.00s
[2026-07-20T08:46:17.043+0000][1.424s][info][gc,start       ] GC(1) Pause Full (Heap Inspection Initiated GC)
[2026-07-20T08:46:17.043+0000][1.424s][info][gc,task        ] GC(1) Using 2 workers of 9 for full compaction
[2026-07-20T08:46:17.043+0000][1.424s][info][gc,phases,start] GC(1) Phase 1: Mark live objects
[2026-07-20T08:46:17.044+0000][1.425s][info][gc,phases      ] GC(1) Phase 1: Mark live objects 0.953ms
[2026-07-20T08:46:17.044+0000][1.425s][info][gc,phases,start] GC(1) Phase 2: Prepare compaction
[2026-07-20T08:46:17.045+0000][1.425s][info][gc,phases      ] GC(1) Phase 2: Prepare compaction 0.141ms
[2026-07-20T08:46:17.045+0000][1.425s][info][gc,phases,start] GC(1) Phase 3: Adjust pointers
[2026-07-20T08:46:17.045+0000][1.426s][info][gc,phases      ] GC(1) Phase 3: Adjust pointers 0.343ms
[2026-07-20T08:46:17.045+0000][1.426s][info][gc,phases,start] GC(1) Phase 4: Compact heap
[2026-07-20T08:46:17.046+0000][1.426s][info][gc,phases      ] GC(1) Phase 4: Compact heap 0.632ms
[2026-07-20T08:46:17.046+0000][1.426s][info][gc,phases,start] GC(1) Phase 5: Reset Metadata
[2026-07-20T08:46:17.046+0000][1.427s][info][gc,phases      ] GC(1) Phase 5: Reset Metadata 0.187ms
[2026-07-20T08:46:17.046+0000][1.427s][info][gc,heap        ] GC(1) Eden regions: 10->0(11)
[2026-07-20T08:46:17.046+0000][1.427s][info][gc,heap        ] GC(1) Survivor regions: 0->0(0)
[2026-07-20T08:46:17.046+0000][1.427s][info][gc,heap        ] GC(1) Old regions: 4->13
[2026-07-20T08:46:17.046+0000][1.427s][info][gc,heap        ] GC(1) Humongous regions: 9->9
[2026-07-20T08:46:17.046+0000][1.427s][info][gc,metaspace   ] GC(1) Metaspace: 918K(1088K)->918K(1088K) NonClass: 832K(896K)->832K(896K) Class: 86K(192K)->86K(192K)
[2026-07-20T08:46:17.046+0000][1.427s][info][gc             ] GC(1) Pause Full (Heap Inspection Initiated GC) 20M->20M(44M) 3.267ms
[2026-07-20T08:46:17.046+0000][1.427s][info][gc,cpu         ] GC(1) User=0.01s Sys=0.00s Real=0.00s
[2026-07-20T08:46:18.209+0000][2.589s][info][gc,start       ] GC(2) Pause Full (Heap Inspection Initiated GC)
[2026-07-20T08:46:18.210+0000][2.590s][info][gc,task        ] GC(2) Using 2 workers of 9 for full compaction
[2026-07-20T08:46:18.212+0000][2.593s][info][gc,phases,start] GC(2) Phase 1: Mark live objects
[2026-07-20T08:46:18.214+0000][2.595s][info][gc,phases      ] GC(2) Phase 1: Mark live objects 2.123ms
[2026-07-20T08:46:18.216+0000][2.596s][info][gc,phases,start] GC(2) Phase 2: Prepare compaction
[2026-07-20T08:46:18.216+0000][2.596s][info][gc,phases      ] GC(2) Phase 2: Prepare compaction 0.077ms
[2026-07-20T08:46:18.216+0000][2.596s][info][gc,phases,start] GC(2) Phase 3: Adjust pointers
[2026-07-20T08:46:18.216+0000][2.597s][info][gc,phases      ] GC(2) Phase 3: Adjust pointers 0.359ms
[2026-07-20T08:46:18.216+0000][2.597s][info][gc,phases,start] GC(2) Phase 4: Compact heap
[2026-07-20T08:46:18.216+0000][2.597s][info][gc,phases      ] GC(2) Phase 4: Compact heap 0.170ms
[2026-07-20T08:46:18.216+0000][2.597s][info][gc,phases,start] GC(2) Phase 5: Reset Metadata
[2026-07-20T08:46:18.216+0000][2.597s][info][gc,phases      ] GC(2) Phase 5: Reset Metadata 0.172ms
[2026-07-20T08:46:18.217+0000][2.597s][info][gc,heap        ] GC(2) Eden regions: 9->0(10)
[2026-07-20T08:46:18.217+0000][2.597s][info][gc,heap        ] GC(2) Survivor regions: 0->0(0)
[2026-07-20T08:46:18.217+0000][2.597s][info][gc,heap        ] GC(2) Old regions: 13->21
[2026-07-20T08:46:18.217+0000][2.597s][info][gc,heap        ] GC(2) Humongous regions: 9->9
[2026-07-20T08:46:18.217+0000][2.597s][info][gc,metaspace   ] GC(2) Metaspace: 918K(1088K)->918K(1088K) NonClass: 832K(896K)->832K(896K) Class: 86K(192K)->86K(192K)
[2026-07-20T08:46:18.217+0000][2.598s][info][gc             ] GC(2) Pause Full (Heap Inspection Initiated GC) 29M->29M(50M) 8.046ms
[2026-07-20T08:46:18.217+0000][2.598s][info][gc,cpu         ] GC(2) User=0.00s Sys=0.01s Real=0.00s
[2026-07-20T08:46:19.408+0000][3.789s][info][gc,start       ] GC(3) Pause Full (Heap Inspection Initiated GC)
[2026-07-20T08:46:19.409+0000][3.789s][info][gc,task        ] GC(3) Using 2 workers of 9 for full compaction
[2026-07-20T08:46:19.409+0000][3.790s][info][gc,phases,start] GC(3) Phase 1: Mark live objects
[2026-07-20T08:46:19.410+0000][3.791s][info][gc,phases      ] GC(3) Phase 1: Mark live objects 0.850ms
[2026-07-20T08:46:19.410+0000][3.791s][info][gc,phases,start] GC(3) Phase 2: Prepare compaction
[2026-07-20T08:46:19.410+0000][3.791s][info][gc,phases      ] GC(3) Phase 2: Prepare compaction 0.141ms
[2026-07-20T08:46:19.410+0000][3.791s][info][gc,phases,start] GC(3) Phase 3: Adjust pointers
[2026-07-20T08:46:19.410+0000][3.791s][info][gc,phases      ] GC(3) Phase 3: Adjust pointers 0.314ms
[2026-07-20T08:46:19.410+0000][3.791s][info][gc,phases,start] GC(3) Phase 4: Compact heap
[2026-07-20T08:46:19.410+0000][3.791s][info][gc,phases      ] GC(3) Phase 4: Compact heap 0.093ms
[2026-07-20T08:46:19.410+0000][3.791s][info][gc,phases,start] GC(3) Phase 5: Reset Metadata
[2026-07-20T08:46:19.411+0000][3.791s][info][gc,phases      ] GC(3) Phase 5: Reset Metadata 0.192ms
[2026-07-20T08:46:19.411+0000][3.792s][info][gc,heap        ] GC(3) Eden regions: 10->0(13)
[2026-07-20T08:46:19.411+0000][3.792s][info][gc,heap        ] GC(3) Survivor regions: 0->0(0)
[2026-07-20T08:46:19.411+0000][3.792s][info][gc,heap        ] GC(3) Old regions: 21->30
[2026-07-20T08:46:19.411+0000][3.792s][info][gc,heap        ] GC(3) Humongous regions: 9->9
[2026-07-20T08:46:19.411+0000][3.792s][info][gc,metaspace   ] GC(3) Metaspace: 922K(1088K)->922K(1088K) NonClass: 836K(896K)->836K(896K) Class: 86K(192K)->86K(192K)
[2026-07-20T08:46:19.411+0000][3.792s][info][gc             ] GC(3) Pause Full (Heap Inspection Initiated GC) 38M->38M(65M) 2.409ms
[2026-07-20T08:46:19.411+0000][3.792s][info][gc,cpu         ] GC(3) User=0.00s Sys=0.00s Real=0.00s
[2026-07-20T08:46:20.586+0000][4.967s][info][gc,start       ] GC(4) Pause Full (Heap Inspection Initiated GC)
[2026-07-20T08:46:20.587+0000][4.968s][info][gc,task        ] GC(4) Using 2 workers of 9 for full compaction
[2026-07-20T08:46:20.587+0000][4.968s][info][gc,phases,start] GC(4) Phase 1: Mark live objects
[2026-07-20T08:46:20.588+0000][4.969s][info][gc,phases      ] GC(4) Phase 1: Mark live objects 0.933ms
[2026-07-20T08:46:20.589+0000][4.970s][info][gc,phases,start] GC(4) Phase 2: Prepare compaction
[2026-07-20T08:46:20.590+0000][4.971s][info][gc,phases      ] GC(4) Phase 2: Prepare compaction 1.035ms
[2026-07-20T08:46:20.591+0000][4.971s][info][gc,phases,start] GC(4) Phase 3: Adjust pointers
[2026-07-20T08:46:20.591+0000][4.972s][info][gc,phases      ] GC(4) Phase 3: Adjust pointers 0.501ms
[2026-07-20T08:46:20.592+0000][4.973s][info][gc,phases,start] GC(4) Phase 4: Compact heap
[2026-07-20T08:46:20.594+0000][4.975s][info][gc,phases      ] GC(4) Phase 4: Compact heap 2.006ms
[2026-07-20T08:46:20.594+0000][4.975s][info][gc,phases,start] GC(4) Phase 5: Reset Metadata
[2026-07-20T08:46:20.594+0000][4.975s][info][gc,phases      ] GC(4) Phase 5: Reset Metadata 0.176ms
[2026-07-20T08:46:20.594+0000][4.975s][info][gc,heap        ] GC(4) Eden regions: 9->0(16)
[2026-07-20T08:46:20.594+0000][4.975s][info][gc,heap        ] GC(4) Survivor regions: 0->0(0)
[2026-07-20T08:46:20.594+0000][4.975s][info][gc,heap        ] GC(4) Old regions: 30->39
[2026-07-20T08:46:20.594+0000][4.975s][info][gc,heap        ] GC(4) Humongous regions: 9->9
[2026-07-20T08:46:20.594+0000][4.975s][info][gc,metaspace   ] GC(4) Metaspace: 926K(1088K)->926K(1088K) NonClass: 840K(896K)->840K(896K) Class: 86K(192K)->86K(192K)
[2026-07-20T08:46:20.594+0000][4.975s][info][gc             ] GC(4) Pause Full (Heap Inspection Initiated GC) 47M->47M(80M) 8.271ms
[2026-07-20T08:46:20.594+0000][4.975s][info][gc,cpu         ] GC(4) User=0.00s Sys=0.00s Real=0.01s
[2026-07-20T08:46:21.774+0000][6.155s][info][gc,start       ] GC(5) Pause Full (Heap Inspection Initiated GC)
[2026-07-20T08:46:21.774+0000][6.155s][info][gc,task        ] GC(5) Using 2 workers of 9 for full compaction
[2026-07-20T08:46:21.775+0000][6.156s][info][gc,phases,start] GC(5) Phase 1: Mark live objects
[2026-07-20T08:46:21.776+0000][6.156s][info][gc,phases      ] GC(5) Phase 1: Mark live objects 0.768ms
[2026-07-20T08:46:21.776+0000][6.156s][info][gc,phases,start] GC(5) Phase 2: Prepare compaction
[2026-07-20T08:46:21.776+0000][6.156s][info][gc,phases      ] GC(5) Phase 2: Prepare compaction 0.064ms
[2026-07-20T08:46:21.776+0000][6.157s][info][gc,phases,start] GC(5) Phase 3: Adjust pointers
[2026-07-20T08:46:21.776+0000][6.157s][info][gc,phases      ] GC(5) Phase 3: Adjust pointers 0.358ms
[2026-07-20T08:46:21.776+0000][6.157s][info][gc,phases,start] GC(5) Phase 4: Compact heap
[2026-07-20T08:46:21.776+0000][6.157s][info][gc,phases      ] GC(5) Phase 4: Compact heap 0.138ms
[2026-07-20T08:46:21.776+0000][6.157s][info][gc,phases,start] GC(5) Phase 5: Reset Metadata
[2026-07-20T08:46:21.776+0000][6.157s][info][gc,phases      ] GC(5) Phase 5: Reset Metadata 0.179ms
[2026-07-20T08:46:21.777+0000][6.157s][info][gc,heap        ] GC(5) Eden regions: 9->0(19)
[2026-07-20T08:46:21.777+0000][6.157s][info][gc,heap        ] GC(5) Survivor regions: 0->0(0)
[2026-07-20T08:46:21.777+0000][6.158s][info][gc,heap        ] GC(5) Old regions: 39->48
[2026-07-20T08:46:21.777+0000][6.158s][info][gc,heap        ] GC(5) Humongous regions: 9->9
[2026-07-20T08:46:21.777+0000][6.158s][info][gc,metaspace   ] GC(5) Metaspace: 927K(1088K)->927K(1088K) NonClass: 841K(896K)->841K(896K) Class: 86K(192K)->86K(192K)
[2026-07-20T08:46:21.777+0000][6.158s][info][gc             ] GC(5) Pause Full (Heap Inspection Initiated GC) 56M->56M(95M) 2.451ms
[2026-07-20T08:46:21.777+0000][6.158s][info][gc,cpu         ] GC(5) User=0.01s Sys=0.01s Real=0.00s
[2026-07-20T08:46:22.953+0000][7.334s][info][gc,start       ] GC(6) Pause Full (Heap Inspection Initiated GC)
[2026-07-20T08:46:22.954+0000][7.335s][info][gc,task        ] GC(6) Using 2 workers of 9 for full compaction
[2026-07-20T08:46:22.954+0000][7.335s][info][gc,phases,start] GC(6) Phase 1: Mark live objects
[2026-07-20T08:46:22.955+0000][7.336s][info][gc,phases      ] GC(6) Phase 1: Mark live objects 0.917ms
[2026-07-20T08:46:22.955+0000][7.336s][info][gc,phases,start] GC(6) Phase 2: Prepare compaction
[2026-07-20T08:46:22.955+0000][7.336s][info][gc,phases      ] GC(6) Phase 2: Prepare compaction 0.106ms
[2026-07-20T08:46:22.955+0000][7.336s][info][gc,phases,start] GC(6) Phase 3: Adjust pointers
[2026-07-20T08:46:22.956+0000][7.337s][info][gc,phases      ] GC(6) Phase 3: Adjust pointers 0.358ms
[2026-07-20T08:46:22.956+0000][7.337s][info][gc,phases,start] GC(6) Phase 4: Compact heap
[2026-07-20T08:46:22.956+0000][7.337s][info][gc,phases      ] GC(6) Phase 4: Compact heap 0.133ms
[2026-07-20T08:46:22.956+0000][7.337s][info][gc,phases,start] GC(6) Phase 5: Reset Metadata
[2026-07-20T08:46:22.956+0000][7.337s][info][gc,phases      ] GC(6) Phase 5: Reset Metadata 0.362ms
[2026-07-20T08:46:22.957+0000][7.338s][info][gc,heap        ] GC(6) Eden regions: 9->0(22)
[2026-07-20T08:46:22.957+0000][7.338s][info][gc,heap        ] GC(6) Survivor regions: 0->0(0)
[2026-07-20T08:46:22.957+0000][7.338s][info][gc,heap        ] GC(6) Old regions: 48->57
[2026-07-20T08:46:22.957+0000][7.338s][info][gc,heap        ] GC(6) Humongous regions: 9->9
[2026-07-20T08:46:22.957+0000][7.338s][info][gc,metaspace   ] GC(6) Metaspace: 929K(1088K)->929K(1088K) NonClass: 843K(896K)->843K(896K) Class: 86K(192K)->86K(192K)
[2026-07-20T08:46:22.957+0000][7.338s][info][gc             ] GC(6) Pause Full (Heap Inspection Initiated GC) 64M->64M(110M) 3.734ms
[2026-07-20T08:46:22.957+0000][7.338s][info][gc,cpu         ] GC(6) User=0.00s Sys=0.00s Real=0.00s
[2026-07-20T08:46:24.133+0000][8.514s][info][gc,start       ] GC(7) Pause Full (Heap Inspection Initiated GC)
[2026-07-20T08:46:24.133+0000][8.514s][info][gc,task        ] GC(7) Using 2 workers of 9 for full compaction
[2026-07-20T08:46:24.133+0000][8.514s][info][gc,phases,start] GC(7) Phase 1: Mark live objects
[2026-07-20T08:46:24.134+0000][8.515s][info][gc,phases      ] GC(7) Phase 1: Mark live objects 1.007ms
[2026-07-20T08:46:24.134+0000][8.515s][info][gc,phases,start] GC(7) Phase 2: Prepare compaction
[2026-07-20T08:46:24.134+0000][8.515s][info][gc,phases      ] GC(7) Phase 2: Prepare compaction 0.075ms
[2026-07-20T08:46:24.134+0000][8.515s][info][gc,phases,start] GC(7) Phase 3: Adjust pointers
[2026-07-20T08:46:24.134+0000][8.515s][info][gc,phases      ] GC(7) Phase 3: Adjust pointers 0.372ms
[2026-07-20T08:46:24.135+0000][8.515s][info][gc,phases,start] GC(7) Phase 4: Compact heap
[2026-07-20T08:46:24.135+0000][8.516s][info][gc,phases      ] GC(7) Phase 4: Compact heap 0.161ms
[2026-07-20T08:46:24.135+0000][8.516s][info][gc,phases,start] GC(7) Phase 5: Reset Metadata
[2026-07-20T08:46:24.135+0000][8.516s][info][gc,phases      ] GC(7) Phase 5: Reset Metadata 0.210ms
[2026-07-20T08:46:24.135+0000][8.516s][info][gc,heap        ] GC(7) Eden regions: 9->0(23)
[2026-07-20T08:46:24.135+0000][8.516s][info][gc,heap        ] GC(7) Survivor regions: 0->0(0)
[2026-07-20T08:46:24.135+0000][8.516s][info][gc,heap        ] GC(7) Old regions: 57->65
[2026-07-20T08:46:24.135+0000][8.516s][info][gc,heap        ] GC(7) Humongous regions: 9->9
[2026-07-20T08:46:24.135+0000][8.516s][info][gc,metaspace   ] GC(7) Metaspace: 929K(1088K)->929K(1088K) NonClass: 843K(896K)->843K(896K) Class: 86K(192K)->86K(192K)
[2026-07-20T08:46:24.135+0000][8.516s][info][gc             ] GC(7) Pause Full (Heap Inspection Initiated GC) 73M->73M(124M) 2.551ms
[2026-07-20T08:46:24.135+0000][8.516s][info][gc,cpu         ] GC(7) User=0.01s Sys=0.00s Real=0.00s
[2026-07-20T08:46:25.315+0000][9.696s][info][gc,start       ] GC(8) Pause Full (Heap Inspection Initiated GC)
[2026-07-20T08:46:25.315+0000][9.696s][info][gc,task        ] GC(8) Using 2 workers of 9 for full compaction
[2026-07-20T08:46:25.315+0000][9.696s][info][gc,phases,start] GC(8) Phase 1: Mark live objects
[2026-07-20T08:46:25.316+0000][9.697s][info][gc,phases      ] GC(8) Phase 1: Mark live objects 0.866ms
[2026-07-20T08:46:25.316+0000][9.697s][info][gc,phases,start] GC(8) Phase 2: Prepare compaction
[2026-07-20T08:46:25.316+0000][9.697s][info][gc,phases      ] GC(8) Phase 2: Prepare compaction 0.065ms
[2026-07-20T08:46:25.316+0000][9.697s][info][gc,phases,start] GC(8) Phase 3: Adjust pointers
[2026-07-20T08:46:25.316+0000][9.697s][info][gc,phases      ] GC(8) Phase 3: Adjust pointers 0.353ms
[2026-07-20T08:46:25.316+0000][9.697s][info][gc,phases,start] GC(8) Phase 4: Compact heap
[2026-07-20T08:46:25.316+0000][9.697s][info][gc,phases      ] GC(8) Phase 4: Compact heap 0.109ms
[2026-07-20T08:46:25.316+0000][9.697s][info][gc,phases,start] GC(8) Phase 5: Reset Metadata
[2026-07-20T08:46:25.317+0000][9.698s][info][gc,phases      ] GC(8) Phase 5: Reset Metadata 0.210ms
[2026-07-20T08:46:25.317+0000][9.698s][info][gc,heap        ] GC(8) Eden regions: 9->0(23)
[2026-07-20T08:46:25.317+0000][9.698s][info][gc,heap        ] GC(8) Survivor regions: 0->0(0)
[2026-07-20T08:46:25.317+0000][9.698s][info][gc,heap        ] GC(8) Old regions: 65->74
[2026-07-20T08:46:25.317+0000][9.698s][info][gc,heap        ] GC(8) Humongous regions: 9->9
[2026-07-20T08:46:25.317+0000][9.698s][info][gc,metaspace   ] GC(8) Metaspace: 929K(1088K)->929K(1088K) NonClass: 843K(896K)->843K(896K) Class: 86K(192K)->86K(192K)
[2026-07-20T08:46:25.317+0000][9.698s][info][gc             ] GC(8) Pause Full (Heap Inspection Initiated GC) 82M->82M(139M) 2.362ms
[2026-07-20T08:46:25.317+0000][9.698s][info][gc,cpu         ] GC(8) User=0.00s Sys=0.00s Real=0.00s
[2026-07-20T08:46:26.445+0000][10.826s][info][gc,start       ] GC(9) Pause Full (Heap Inspection Initiated GC)
[2026-07-20T08:46:26.446+0000][10.826s][info][gc,task        ] GC(9) Using 3 workers of 9 for full compaction
[2026-07-20T08:46:26.446+0000][10.827s][info][gc,phases,start] GC(9) Phase 1: Mark live objects
[2026-07-20T08:46:26.447+0000][10.828s][info][gc,phases      ] GC(9) Phase 1: Mark live objects 0.853ms
[2026-07-20T08:46:26.447+0000][10.828s][info][gc,phases,start] GC(9) Phase 2: Prepare compaction
[2026-07-20T08:46:26.447+0000][10.828s][info][gc,phases      ] GC(9) Phase 2: Prepare compaction 0.071ms
[2026-07-20T08:46:26.447+0000][10.828s][info][gc,phases,start] GC(9) Phase 3: Adjust pointers
[2026-07-20T08:46:26.447+0000][10.828s][info][gc,phases      ] GC(9) Phase 3: Adjust pointers 0.293ms
[2026-07-20T08:46:26.447+0000][10.828s][info][gc,phases,start] GC(9) Phase 4: Compact heap
[2026-07-20T08:46:26.447+0000][10.828s][info][gc,phases      ] GC(9) Phase 4: Compact heap 0.071ms
[2026-07-20T08:46:26.447+0000][10.828s][info][gc,phases,start] GC(9) Phase 5: Reset Metadata
[2026-07-20T08:46:26.447+0000][10.828s][info][gc,phases      ] GC(9) Phase 5: Reset Metadata 0.232ms
[2026-07-20T08:46:26.448+0000][10.828s][info][gc,heap        ] GC(9) Eden regions: 9->0(23)
[2026-07-20T08:46:26.448+0000][10.829s][info][gc,heap        ] GC(9) Survivor regions: 0->0(0)
[2026-07-20T08:46:26.448+0000][10.829s][info][gc,heap        ] GC(9) Old regions: 74->83
[2026-07-20T08:46:26.448+0000][10.829s][info][gc,heap        ] GC(9) Humongous regions: 9->9
[2026-07-20T08:46:26.448+0000][10.829s][info][gc,metaspace   ] GC(9) Metaspace: 929K(1088K)->929K(1088K) NonClass: 843K(896K)->843K(896K) Class: 86K(192K)->86K(192K)
[2026-07-20T08:46:26.448+0000][10.829s][info][gc             ] GC(9) Pause Full (Heap Inspection Initiated GC) 91M->91M(154M) 2.256ms
[2026-07-20T08:46:26.448+0000][10.829s][info][gc,cpu         ] GC(9) User=0.00s Sys=0.00s Real=0.01s
[2026-07-20T08:46:27.623+0000][12.004s][info][gc,start       ] GC(10) Pause Full (Heap Inspection Initiated GC)
[2026-07-20T08:46:27.623+0000][12.004s][info][gc,task        ] GC(10) Using 3 workers of 9 for full compaction
[2026-07-20T08:46:27.623+0000][12.004s][info][gc,phases,start] GC(10) Phase 1: Mark live objects
[2026-07-20T08:46:27.624+0000][12.005s][info][gc,phases      ] GC(10) Phase 1: Mark live objects 0.913ms
[2026-07-20T08:46:27.624+0000][12.005s][info][gc,phases,start] GC(10) Phase 2: Prepare compaction
[2026-07-20T08:46:27.624+0000][12.005s][info][gc,phases      ] GC(10) Phase 2: Prepare compaction 0.075ms
[2026-07-20T08:46:27.624+0000][12.005s][info][gc,phases,start] GC(10) Phase 3: Adjust pointers
[2026-07-20T08:46:27.625+0000][12.005s][info][gc,phases      ] GC(10) Phase 3: Adjust pointers 0.297ms
[2026-07-20T08:46:27.625+0000][12.006s][info][gc,phases,start] GC(10) Phase 4: Compact heap
[2026-07-20T08:46:27.625+0000][12.006s][info][gc,phases      ] GC(10) Phase 4: Compact heap 0.390ms
[2026-07-20T08:46:27.625+0000][12.006s][info][gc,phases,start] GC(10) Phase 5: Reset Metadata
[2026-07-20T08:46:27.625+0000][12.006s][info][gc,phases      ] GC(10) Phase 5: Reset Metadata 0.205ms
[2026-07-20T08:46:27.625+0000][12.006s][info][gc,heap        ] GC(10) Eden regions: 10->0(23)
[2026-07-20T08:46:27.625+0000][12.006s][info][gc,heap        ] GC(10) Survivor regions: 0->0(0)
[2026-07-20T08:46:27.626+0000][12.006s][info][gc,heap        ] GC(10) Old regions: 83->93
[2026-07-20T08:46:27.626+0000][12.006s][info][gc,heap        ] GC(10) Humongous regions: 9->9
[2026-07-20T08:46:27.626+0000][12.006s][info][gc,metaspace   ] GC(10) Metaspace: 931K(1088K)->931K(1088K) NonClass: 845K(896K)->845K(896K) Class: 86K(192K)->86K(192K)
[2026-07-20T08:46:27.626+0000][12.006s][info][gc             ] GC(10) Pause Full (Heap Inspection Initiated GC) 100M->100M(170M) 2.541ms
[2026-07-20T08:46:27.626+0000][12.007s][info][gc,cpu         ] GC(10) User=0.00s Sys=0.00s Real=0.00s
[2026-07-20T08:46:28.798+0000][13.179s][info][gc,start       ] GC(11) Pause Full (Heap Inspection Initiated GC)
[2026-07-20T08:46:28.798+0000][13.179s][info][gc,task        ] GC(11) Using 4 workers of 9 for full compaction
[2026-07-20T08:46:28.799+0000][13.180s][info][gc,phases,start] GC(11) Phase 1: Mark live objects
[2026-07-20T08:46:28.800+0000][13.180s][info][gc,phases      ] GC(11) Phase 1: Mark live objects 0.781ms
[2026-07-20T08:46:28.800+0000][13.181s][info][gc,phases,start] GC(11) Phase 2: Prepare compaction
[2026-07-20T08:46:28.800+0000][13.181s][info][gc,phases      ] GC(11) Phase 2: Prepare compaction 0.078ms
[2026-07-20T08:46:28.800+0000][13.181s][info][gc,phases,start] GC(11) Phase 3: Adjust pointers
[2026-07-20T08:46:28.800+0000][13.181s][info][gc,phases      ] GC(11) Phase 3: Adjust pointers 0.333ms
[2026-07-20T08:46:28.800+0000][13.181s][info][gc,phases,start] GC(11) Phase 4: Compact heap
[2026-07-20T08:46:28.800+0000][13.181s][info][gc,phases      ] GC(11) Phase 4: Compact heap 0.085ms
[2026-07-20T08:46:28.800+0000][13.181s][info][gc,phases,start] GC(11) Phase 5: Reset Metadata
[2026-07-20T08:46:28.800+0000][13.181s][info][gc,phases      ] GC(11) Phase 5: Reset Metadata 0.220ms
[2026-07-20T08:46:28.801+0000][13.182s][info][gc,heap        ] GC(11) Eden regions: 9->0(23)
[2026-07-20T08:46:28.801+0000][13.182s][info][gc,heap        ] GC(11) Survivor regions: 0->0(0)
[2026-07-20T08:46:28.801+0000][13.182s][info][gc,heap        ] GC(11) Old regions: 93->102
[2026-07-20T08:46:28.801+0000][13.182s][info][gc,heap        ] GC(11) Humongous regions: 9->9
[2026-07-20T08:46:28.801+0000][13.182s][info][gc,metaspace   ] GC(11) Metaspace: 931K(1088K)->931K(1088K) NonClass: 845K(896K)->845K(896K) Class: 86K(192K)->86K(192K)
[2026-07-20T08:46:28.801+0000][13.182s][info][gc             ] GC(11) Pause Full (Heap Inspection Initiated GC) 109M->109M(185M) 2.942ms
[2026-07-20T08:46:28.801+0000][13.182s][info][gc,cpu         ] GC(11) User=0.00s Sys=0.00s Real=0.00s
[2026-07-20T08:46:29.985+0000][14.366s][info][gc,start       ] GC(12) Pause Full (Heap Inspection Initiated GC)
[2026-07-20T08:46:29.986+0000][14.366s][info][gc,task        ] GC(12) Using 4 workers of 9 for full compaction
[2026-07-20T08:46:29.986+0000][14.366s][info][gc,phases,start] GC(12) Phase 1: Mark live objects
[2026-07-20T08:46:29.986+0000][14.367s][info][gc,phases      ] GC(12) Phase 1: Mark live objects 0.847ms
[2026-07-20T08:46:29.986+0000][14.367s][info][gc,phases,start] GC(12) Phase 2: Prepare compaction
[2026-07-20T08:46:29.987+0000][14.367s][info][gc,phases      ] GC(12) Phase 2: Prepare compaction 0.093ms
[2026-07-20T08:46:29.987+0000][14.367s][info][gc,phases,start] GC(12) Phase 3: Adjust pointers
[2026-07-20T08:46:29.987+0000][14.368s][info][gc,phases      ] GC(12) Phase 3: Adjust pointers 0.356ms
[2026-07-20T08:46:29.987+0000][14.368s][info][gc,phases,start] GC(12) Phase 4: Compact heap
[2026-07-20T08:46:29.987+0000][14.368s][info][gc,phases      ] GC(12) Phase 4: Compact heap 0.318ms
[2026-07-20T08:46:29.987+0000][14.368s][info][gc,phases,start] GC(12) Phase 5: Reset Metadata
[2026-07-20T08:46:29.988+0000][14.368s][info][gc,phases      ] GC(12) Phase 5: Reset Metadata 0.249ms
[2026-07-20T08:46:29.988+0000][14.369s][info][gc,heap        ] GC(12) Eden regions: 9->0(23)
[2026-07-20T08:46:29.988+0000][14.369s][info][gc,heap        ] GC(12) Survivor regions: 0->0(0)
[2026-07-20T08:46:29.988+0000][14.369s][info][gc,heap        ] GC(12) Old regions: 102->111
[2026-07-20T08:46:29.988+0000][14.369s][info][gc,heap        ] GC(12) Humongous regions: 9->9
[2026-07-20T08:46:29.988+0000][14.369s][info][gc,metaspace   ] GC(12) Metaspace: 933K(1088K)->933K(1088K) NonClass: 847K(896K)->847K(896K) Class: 86K(192K)->86K(192K)
[2026-07-20T08:46:29.988+0000][14.369s][info][gc             ] GC(12) Pause Full (Heap Inspection Initiated GC) 118M->118M(200M) 2.555ms
[2026-07-20T08:46:29.988+0000][14.369s][info][gc,cpu         ] GC(12) User=0.00s Sys=0.00s Real=0.01s
[2026-07-20T08:46:31.170+0000][15.551s][info][gc,start       ] GC(13) Pause Full (Heap Inspection Initiated GC)
[2026-07-20T08:46:31.170+0000][15.551s][info][gc,task        ] GC(13) Using 4 workers of 9 for full compaction
[2026-07-20T08:46:31.170+0000][15.551s][info][gc,phases,start] GC(13) Phase 1: Mark live objects
[2026-07-20T08:46:31.171+0000][15.552s][info][gc,phases      ] GC(13) Phase 1: Mark live objects 1.027ms
[2026-07-20T08:46:31.171+0000][15.552s][info][gc,phases,start] GC(13) Phase 2: Prepare compaction
[2026-07-20T08:46:31.171+0000][15.552s][info][gc,phases      ] GC(13) Phase 2: Prepare compaction 0.079ms
[2026-07-20T08:46:31.171+0000][15.552s][info][gc,phases,start] GC(13) Phase 3: Adjust pointers
[2026-07-20T08:46:31.171+0000][15.552s][info][gc,phases      ] GC(13) Phase 3: Adjust pointers 0.346ms
[2026-07-20T08:46:31.171+0000][15.552s][info][gc,phases,start] GC(13) Phase 4: Compact heap
[2026-07-20T08:46:31.172+0000][15.552s][info][gc,phases      ] GC(13) Phase 4: Compact heap 0.201ms
[2026-07-20T08:46:31.172+0000][15.552s][info][gc,phases,start] GC(13) Phase 5: Reset Metadata
[2026-07-20T08:46:31.172+0000][15.553s][info][gc,phases      ] GC(13) Phase 5: Reset Metadata 0.246ms
[2026-07-20T08:46:31.172+0000][15.553s][info][gc,heap        ] GC(13) Eden regions: 9->0(23)
[2026-07-20T08:46:31.172+0000][15.553s][info][gc,heap        ] GC(13) Survivor regions: 0->0(0)
[2026-07-20T08:46:31.172+0000][15.553s][info][gc,heap        ] GC(13) Old regions: 111->120
[2026-07-20T08:46:31.172+0000][15.553s][info][gc,heap        ] GC(13) Humongous regions: 9->9
[2026-07-20T08:46:31.172+0000][15.553s][info][gc,metaspace   ] GC(13) Metaspace: 934K(1088K)->934K(1088K) NonClass: 848K(896K)->848K(896K) Class: 86K(192K)->86K(192K)
[2026-07-20T08:46:31.172+0000][15.553s][info][gc             ] GC(13) Pause Full (Heap Inspection Initiated GC) 127M->127M(215M) 2.605ms
[2026-07-20T08:46:31.172+0000][15.553s][info][gc,cpu         ] GC(13) User=0.01s Sys=0.00s Real=0.00s
[2026-07-20T08:46:32.351+0000][16.732s][info][gc,start       ] GC(14) Pause Full (Heap Inspection Initiated GC)
[2026-07-20T08:46:32.351+0000][16.732s][info][gc,task        ] GC(14) Using 5 workers of 9 for full compaction
[2026-07-20T08:46:32.351+0000][16.732s][info][gc,phases,start] GC(14) Phase 1: Mark live objects
[2026-07-20T08:46:32.352+0000][16.733s][info][gc,phases      ] GC(14) Phase 1: Mark live objects 0.879ms
[2026-07-20T08:46:32.352+0000][16.733s][info][gc,phases,start] GC(14) Phase 2: Prepare compaction
[2026-07-20T08:46:32.352+0000][16.733s][info][gc,phases      ] GC(14) Phase 2: Prepare compaction 0.074ms
[2026-07-20T08:46:32.352+0000][16.733s][info][gc,phases,start] GC(14) Phase 3: Adjust pointers
[2026-07-20T08:46:32.353+0000][16.733s][info][gc,phases      ] GC(14) Phase 3: Adjust pointers 0.354ms
[2026-07-20T08:46:32.353+0000][16.733s][info][gc,phases,start] GC(14) Phase 4: Compact heap
[2026-07-20T08:46:32.353+0000][16.734s][info][gc,phases      ] GC(14) Phase 4: Compact heap 0.215ms
[2026-07-20T08:46:32.353+0000][16.734s][info][gc,phases,start] GC(14) Phase 5: Reset Metadata
[2026-07-20T08:46:32.353+0000][16.734s][info][gc,phases      ] GC(14) Phase 5: Reset Metadata 0.256ms
[2026-07-20T08:46:32.353+0000][16.734s][info][gc,heap        ] GC(14) Eden regions: 9->0(23)
[2026-07-20T08:46:32.353+0000][16.734s][info][gc,heap        ] GC(14) Survivor regions: 0->0(0)
[2026-07-20T08:46:32.353+0000][16.734s][info][gc,heap        ] GC(14) Old regions: 120->129
[2026-07-20T08:46:32.353+0000][16.734s][info][gc,heap        ] GC(14) Humongous regions: 9->9
[2026-07-20T08:46:32.353+0000][16.734s][info][gc,metaspace   ] GC(14) Metaspace: 935K(1088K)->935K(1088K) NonClass: 848K(896K)->848K(896K) Class: 86K(192K)->86K(192K)
[2026-07-20T08:46:32.353+0000][16.734s][info][gc             ] GC(14) Pause Full (Heap Inspection Initiated GC) 135M->135M(230M) 2.806ms
[2026-07-20T08:46:32.353+0000][16.734s][info][gc,cpu         ] GC(14) User=0.00s Sys=0.00s Real=0.00s
[2026-07-20T08:46:33.509+0000][17.890s][info][gc,start       ] GC(15) Pause Full (Heap Inspection Initiated GC)
[2026-07-20T08:46:33.510+0000][17.891s][info][gc,task        ] GC(15) Using 5 workers of 9 for full compaction
[2026-07-20T08:46:33.510+0000][17.891s][info][gc,phases,start] GC(15) Phase 1: Mark live objects
[2026-07-20T08:46:33.511+0000][17.892s][info][gc,phases      ] GC(15) Phase 1: Mark live objects 1.098ms
[2026-07-20T08:46:33.511+0000][17.892s][info][gc,phases,start] GC(15) Phase 2: Prepare compaction
[2026-07-20T08:46:33.511+0000][17.892s][info][gc,phases      ] GC(15) Phase 2: Prepare compaction 0.107ms
[2026-07-20T08:46:33.511+0000][17.892s][info][gc,phases,start] GC(15) Phase 3: Adjust pointers
[2026-07-20T08:46:33.511+0000][17.892s][info][gc,phases      ] GC(15) Phase 3: Adjust pointers 0.402ms
[2026-07-20T08:46:33.512+0000][17.892s][info][gc,phases,start] GC(15) Phase 4: Compact heap
[2026-07-20T08:46:33.512+0000][17.893s][info][gc,phases      ] GC(15) Phase 4: Compact heap 0.242ms
[2026-07-20T08:46:33.512+0000][17.893s][info][gc,phases,start] GC(15) Phase 5: Reset Metadata
[2026-07-20T08:46:33.512+0000][17.893s][info][gc,phases      ] GC(15) Phase 5: Reset Metadata 0.278ms
[2026-07-20T08:46:33.512+0000][17.893s][info][gc,heap        ] GC(15) Eden regions: 9->0(23)
[2026-07-20T08:46:33.512+0000][17.893s][info][gc,heap        ] GC(15) Survivor regions: 0->0(0)
[2026-07-20T08:46:33.512+0000][17.893s][info][gc,heap        ] GC(15) Old regions: 129->138
[2026-07-20T08:46:33.512+0000][17.893s][info][gc,heap        ] GC(15) Humongous regions: 9->9
[2026-07-20T08:46:33.512+0000][17.893s][info][gc,metaspace   ] GC(15) Metaspace: 936K(1088K)->936K(1088K) NonClass: 850K(896K)->850K(896K) Class: 86K(192K)->86K(192K)
[2026-07-20T08:46:33.513+0000][17.893s][info][gc             ] GC(15) Pause Full (Heap Inspection Initiated GC) 144M->144M(245M) 3.043ms
[2026-07-20T08:46:33.513+0000][17.893s][info][gc,cpu         ] GC(15) User=0.00s Sys=0.00s Real=0.00s
[2026-07-20T08:46:34.699+0000][19.080s][info][gc,start       ] GC(16) Pause Full (Heap Inspection Initiated GC)
[2026-07-20T08:46:34.699+0000][19.080s][info][gc,task        ] GC(16) Using 5 workers of 9 for full compaction
[2026-07-20T08:46:34.699+0000][19.080s][info][gc,phases,start] GC(16) Phase 1: Mark live objects
[2026-07-20T08:46:34.700+0000][19.081s][info][gc,phases      ] GC(16) Phase 1: Mark live objects 1.066ms
[2026-07-20T08:46:34.700+0000][19.081s][info][gc,phases,start] GC(16) Phase 2: Prepare compaction
[2026-07-20T08:46:34.700+0000][19.081s][info][gc,phases      ] GC(16) Phase 2: Prepare compaction 0.060ms
[2026-07-20T08:46:34.700+0000][19.081s][info][gc,phases,start] GC(16) Phase 3: Adjust pointers
[2026-07-20T08:46:34.700+0000][19.081s][info][gc,phases      ] GC(16) Phase 3: Adjust pointers 0.333ms
[2026-07-20T08:46:34.701+0000][19.081s][info][gc,phases,start] GC(16) Phase 4: Compact heap
[2026-07-20T08:46:34.701+0000][19.082s][info][gc,phases      ] GC(16) Phase 4: Compact heap 0.114ms
[2026-07-20T08:46:34.701+0000][19.082s][info][gc,phases,start] GC(16) Phase 5: Reset Metadata
[2026-07-20T08:46:34.701+0000][19.082s][info][gc,phases      ] GC(16) Phase 5: Reset Metadata 0.248ms
[2026-07-20T08:46:34.701+0000][19.082s][info][gc,heap        ] GC(16) Eden regions: 9->0(23)
[2026-07-20T08:46:34.701+0000][19.082s][info][gc,heap        ] GC(16) Survivor regions: 0->0(0)
[2026-07-20T08:46:34.701+0000][19.082s][info][gc,heap        ] GC(16) Old regions: 138->146
[2026-07-20T08:46:34.701+0000][19.082s][info][gc,heap        ] GC(16) Humongous regions: 9->9
[2026-07-20T08:46:34.701+0000][19.082s][info][gc,metaspace   ] GC(16) Metaspace: 939K(1088K)->939K(1088K) NonClass: 853K(896K)->853K(896K) Class: 86K(192K)->86K(192K)
[2026-07-20T08:46:34.701+0000][19.082s][info][gc             ] GC(16) Pause Full (Heap Inspection Initiated GC) 153M->153M(256M) 2.531ms
[2026-07-20T08:46:34.701+0000][19.082s][info][gc,cpu         ] GC(16) User=0.00s Sys=0.00s Real=0.00s
[2026-07-20T08:46:35.889+0000][20.270s][info][gc,start       ] GC(17) Pause Full (Heap Inspection Initiated GC)
[2026-07-20T08:46:35.890+0000][20.270s][info][gc,task        ] GC(17) Using 6 workers of 9 for full compaction
[2026-07-20T08:46:35.890+0000][20.271s][info][gc,phases,start] GC(17) Phase 1: Mark live objects
[2026-07-20T08:46:35.891+0000][20.272s][info][gc,phases      ] GC(17) Phase 1: Mark live objects 1.008ms
[2026-07-20T08:46:35.891+0000][20.272s][info][gc,phases,start] GC(17) Phase 2: Prepare compaction
[2026-07-20T08:46:35.891+0000][20.272s][info][gc,phases      ] GC(17) Phase 2: Prepare compaction 0.058ms
[2026-07-20T08:46:35.891+0000][20.272s][info][gc,phases,start] GC(17) Phase 3: Adjust pointers
[2026-07-20T08:46:35.892+0000][20.273s][info][gc,phases      ] GC(17) Phase 3: Adjust pointers 0.375ms
[2026-07-20T08:46:35.892+0000][20.273s][info][gc,phases,start] GC(17) Phase 4: Compact heap
[2026-07-20T08:46:35.892+0000][20.273s][info][gc,phases      ] GC(17) Phase 4: Compact heap 0.116ms
[2026-07-20T08:46:35.892+0000][20.273s][info][gc,phases,start] GC(17) Phase 5: Reset Metadata
[2026-07-20T08:46:35.892+0000][20.273s][info][gc,phases      ] GC(17) Phase 5: Reset Metadata 0.293ms
[2026-07-20T08:46:35.892+0000][20.273s][info][gc,heap        ] GC(17) Eden regions: 9->0(23)
[2026-07-20T08:46:35.893+0000][20.273s][info][gc,heap        ] GC(17) Survivor regions: 0->0(0)
[2026-07-20T08:46:35.893+0000][20.273s][info][gc,heap        ] GC(17) Old regions: 146->155
[2026-07-20T08:46:35.893+0000][20.273s][info][gc,heap        ] GC(17) Humongous regions: 9->9
[2026-07-20T08:46:35.893+0000][20.274s][info][gc,metaspace   ] GC(17) Metaspace: 942K(1088K)->942K(1088K) NonClass: 856K(896K)->856K(896K) Class: 86K(192K)->86K(192K)
[2026-07-20T08:46:35.893+0000][20.274s][info][gc             ] GC(17) Pause Full (Heap Inspection Initiated GC) 162M->162M(256M) 3.506ms
[2026-07-20T08:46:35.893+0000][20.274s][info][gc,cpu         ] GC(17) User=0.01s Sys=0.00s Real=0.00s
[2026-07-20T08:46:37.063+0000][21.444s][info][gc,start       ] GC(18) Pause Full (Heap Inspection Initiated GC)
[2026-07-20T08:46:37.063+0000][21.444s][info][gc,task        ] GC(18) Using 6 workers of 9 for full compaction
[2026-07-20T08:46:37.063+0000][21.444s][info][gc,phases,start] GC(18) Phase 1: Mark live objects
[2026-07-20T08:46:37.064+0000][21.445s][info][gc,phases      ] GC(18) Phase 1: Mark live objects 1.147ms
[2026-07-20T08:46:37.065+0000][21.445s][info][gc,phases,start] GC(18) Phase 2: Prepare compaction
[2026-07-20T08:46:37.065+0000][21.445s][info][gc,phases      ] GC(18) Phase 2: Prepare compaction 0.066ms
[2026-07-20T08:46:37.065+0000][21.446s][info][gc,phases,start] GC(18) Phase 3: Adjust pointers
[2026-07-20T08:46:37.065+0000][21.446s][info][gc,phases      ] GC(18) Phase 3: Adjust pointers 0.396ms
[2026-07-20T08:46:37.065+0000][21.446s][info][gc,phases,start] GC(18) Phase 4: Compact heap
[2026-07-20T08:46:37.065+0000][21.446s][info][gc,phases      ] GC(18) Phase 4: Compact heap 0.149ms
[2026-07-20T08:46:37.065+0000][21.446s][info][gc,phases,start] GC(18) Phase 5: Reset Metadata
[2026-07-20T08:46:37.066+0000][21.446s][info][gc,phases      ] GC(18) Phase 5: Reset Metadata 0.295ms
[2026-07-20T08:46:37.066+0000][21.447s][info][gc,heap        ] GC(18) Eden regions: 9->0(23)
[2026-07-20T08:46:37.066+0000][21.447s][info][gc,heap        ] GC(18) Survivor regions: 0->0(0)
[2026-07-20T08:46:37.066+0000][21.447s][info][gc,heap        ] GC(18) Old regions: 155->163
[2026-07-20T08:46:37.066+0000][21.447s][info][gc,heap        ] GC(18) Humongous regions: 9->9
[2026-07-20T08:46:37.066+0000][21.447s][info][gc,metaspace   ] GC(18) Metaspace: 945K(1088K)->945K(1088K) NonClass: 859K(896K)->859K(896K) Class: 86K(192K)->86K(192K)
[2026-07-20T08:46:37.066+0000][21.447s][info][gc             ] GC(18) Pause Full (Heap Inspection Initiated GC) 170M->170M(256M) 2.769ms
[2026-07-20T08:46:37.066+0000][21.447s][info][gc,cpu         ] GC(18) User=0.01s Sys=0.00s Real=0.00s
[2026-07-20T08:46:38.237+0000][22.618s][info][gc,start       ] GC(19) Pause Full (Heap Inspection Initiated GC)
[2026-07-20T08:46:38.237+0000][22.618s][info][gc,task        ] GC(19) Using 6 workers of 9 for full compaction
[2026-07-20T08:46:38.237+0000][22.618s][info][gc,phases,start] GC(19) Phase 1: Mark live objects
[2026-07-20T08:46:38.238+0000][22.619s][info][gc,phases      ] GC(19) Phase 1: Mark live objects 0.874ms
[2026-07-20T08:46:38.238+0000][22.619s][info][gc,phases,start] GC(19) Phase 2: Prepare compaction
[2026-07-20T08:46:38.238+0000][22.619s][info][gc,phases      ] GC(19) Phase 2: Prepare compaction 0.059ms
[2026-07-20T08:46:38.238+0000][22.619s][info][gc,phases,start] GC(19) Phase 3: Adjust pointers
[2026-07-20T08:46:38.239+0000][22.620s][info][gc,phases      ] GC(19) Phase 3: Adjust pointers 0.395ms
[2026-07-20T08:46:38.239+0000][22.620s][info][gc,phases,start] GC(19) Phase 4: Compact heap
[2026-07-20T08:46:38.239+0000][22.620s][info][gc,phases      ] GC(19) Phase 4: Compact heap 0.194ms
[2026-07-20T08:46:38.239+0000][22.620s][info][gc,phases,start] GC(19) Phase 5: Reset Metadata
[2026-07-20T08:46:38.239+0000][22.620s][info][gc,phases      ] GC(19) Phase 5: Reset Metadata 0.279ms
[2026-07-20T08:46:38.239+0000][22.620s][info][gc,heap        ] GC(19) Eden regions: 9->0(23)
[2026-07-20T08:46:38.240+0000][22.620s][info][gc,heap        ] GC(19) Survivor regions: 0->0(0)
[2026-07-20T08:46:38.240+0000][22.620s][info][gc,heap        ] GC(19) Old regions: 163->172
[2026-07-20T08:46:38.240+0000][22.620s][info][gc,heap        ] GC(19) Humongous regions: 9->9
[2026-07-20T08:46:38.240+0000][22.620s][info][gc,metaspace   ] GC(19) Metaspace: 948K(1088K)->948K(1088K) NonClass: 862K(896K)->862K(896K) Class: 86K(192K)->86K(192K)
[2026-07-20T08:46:38.240+0000][22.621s][info][gc             ] GC(19) Pause Full (Heap Inspection Initiated GC) 179M->179M(256M) 2.749ms
[2026-07-20T08:46:38.240+0000][22.621s][info][gc,cpu         ] GC(19) User=0.00s Sys=0.00s Real=0.01s
[2026-07-20T08:46:39.420+0000][23.801s][info][gc,start       ] GC(20) Pause Full (Heap Inspection Initiated GC)
[2026-07-20T08:46:39.421+0000][23.802s][info][gc,task        ] GC(20) Using 6 workers of 9 for full compaction
[2026-07-20T08:46:39.422+0000][23.803s][info][gc,phases,start] GC(20) Phase 1: Mark live objects
[2026-07-20T08:46:39.425+0000][23.805s][info][gc,phases      ] GC(20) Phase 1: Mark live objects 2.369ms
[2026-07-20T08:46:39.427+0000][23.807s][info][gc,phases,start] GC(20) Phase 2: Prepare compaction
[2026-07-20T08:46:39.428+0000][23.808s][info][gc,phases      ] GC(20) Phase 2: Prepare compaction 1.011ms
[2026-07-20T08:46:39.428+0000][23.808s][info][gc,phases,start] GC(20) Phase 3: Adjust pointers
[2026-07-20T08:46:39.428+0000][23.809s][info][gc,phases      ] GC(20) Phase 3: Adjust pointers 0.331ms
[2026-07-20T08:46:39.428+0000][23.809s][info][gc,phases,start] GC(20) Phase 4: Compact heap
[2026-07-20T08:46:39.428+0000][23.809s][info][gc,phases      ] GC(20) Phase 4: Compact heap 0.289ms
[2026-07-20T08:46:39.428+0000][23.809s][info][gc,phases,start] GC(20) Phase 5: Reset Metadata
[2026-07-20T08:46:39.428+0000][23.809s][info][gc,phases      ] GC(20) Phase 5: Reset Metadata 0.240ms
[2026-07-20T08:46:39.429+0000][23.810s][info][gc,heap        ] GC(20) Eden regions: 9->0(23)
[2026-07-20T08:46:39.429+0000][23.810s][info][gc,heap        ] GC(20) Survivor regions: 0->0(0)
[2026-07-20T08:46:39.429+0000][23.810s][info][gc,heap        ] GC(20) Old regions: 172->181
[2026-07-20T08:46:39.429+0000][23.810s][info][gc,heap        ] GC(20) Humongous regions: 9->9
[2026-07-20T08:46:39.429+0000][23.810s][info][gc,metaspace   ] GC(20) Metaspace: 949K(1088K)->949K(1088K) NonClass: 863K(896K)->863K(896K) Class: 86K(192K)->86K(192K)
[2026-07-20T08:46:39.429+0000][23.810s][info][gc             ] GC(20) Pause Full (Heap Inspection Initiated GC) 188M->188M(256M) 8.919ms
[2026-07-20T08:46:39.429+0000][23.810s][info][gc,cpu         ] GC(20) User=0.00s Sys=0.00s Real=0.01s
[2026-07-20T08:46:40.607+0000][24.988s][info][gc,start       ] GC(21) Pause Full (Heap Inspection Initiated GC)
[2026-07-20T08:46:40.607+0000][24.988s][info][gc,task        ] GC(21) Using 6 workers of 9 for full compaction
[2026-07-20T08:46:40.607+0000][24.988s][info][gc,phases,start] GC(21) Phase 1: Mark live objects
[2026-07-20T08:46:40.608+0000][24.989s][info][gc,phases      ] GC(21) Phase 1: Mark live objects 0.987ms
[2026-07-20T08:46:40.608+0000][24.989s][info][gc,phases,start] GC(21) Phase 2: Prepare compaction
[2026-07-20T08:46:40.608+0000][24.989s][info][gc,phases      ] GC(21) Phase 2: Prepare compaction 0.076ms
[2026-07-20T08:46:40.608+0000][24.989s][info][gc,phases,start] GC(21) Phase 3: Adjust pointers
[2026-07-20T08:46:40.609+0000][24.990s][info][gc,phases      ] GC(21) Phase 3: Adjust pointers 0.386ms
[2026-07-20T08:46:40.609+0000][24.990s][info][gc,phases,start] GC(21) Phase 4: Compact heap
[2026-07-20T08:46:40.609+0000][24.990s][info][gc,phases      ] GC(21) Phase 4: Compact heap 0.146ms
[2026-07-20T08:46:40.609+0000][24.990s][info][gc,phases,start] GC(21) Phase 5: Reset Metadata
[2026-07-20T08:46:40.609+0000][24.990s][info][gc,phases      ] GC(21) Phase 5: Reset Metadata 0.280ms
[2026-07-20T08:46:40.609+0000][24.990s][info][gc,heap        ] GC(21) Eden regions: 9->0(23)
[2026-07-20T08:46:40.609+0000][24.990s][info][gc,heap        ] GC(21) Survivor regions: 0->0(0)
[2026-07-20T08:46:40.609+0000][24.990s][info][gc,heap        ] GC(21) Old regions: 181->190
[2026-07-20T08:46:40.609+0000][24.990s][info][gc,heap        ] GC(21) Humongous regions: 9->9
[2026-07-20T08:46:40.610+0000][24.990s][info][gc,metaspace   ] GC(21) Metaspace: 949K(1088K)->949K(1088K) NonClass: 863K(896K)->863K(896K) Class: 86K(192K)->86K(192K)
[2026-07-20T08:46:40.610+0000][24.990s][info][gc             ] GC(21) Pause Full (Heap Inspection Initiated GC) 197M->197M(256M) 2.615ms
[2026-07-20T08:46:40.610+0000][24.991s][info][gc,cpu         ] GC(21) User=0.01s Sys=0.00s Real=0.01s
[2026-07-20T08:46:41.780+0000][26.160s][info][gc,start       ] GC(22) Pause Full (Heap Inspection Initiated GC)
[2026-07-20T08:46:41.780+0000][26.160s][info][gc,task        ] GC(22) Using 6 workers of 9 for full compaction
[2026-07-20T08:46:41.780+0000][26.160s][info][gc,phases,start] GC(22) Phase 1: Mark live objects
[2026-07-20T08:46:41.781+0000][26.161s][info][gc,phases      ] GC(22) Phase 1: Mark live objects 0.911ms
[2026-07-20T08:46:41.781+0000][26.161s][info][gc,phases,start] GC(22) Phase 2: Prepare compaction
[2026-07-20T08:46:41.781+0000][26.162s][info][gc,phases      ] GC(22) Phase 2: Prepare compaction 0.091ms
[2026-07-20T08:46:41.781+0000][26.162s][info][gc,phases,start] GC(22) Phase 3: Adjust pointers
[2026-07-20T08:46:41.782+0000][26.162s][info][gc,phases      ] GC(22) Phase 3: Adjust pointers 0.380ms
[2026-07-20T08:46:41.782+0000][26.162s][info][gc,phases,start] GC(22) Phase 4: Compact heap
[2026-07-20T08:46:41.782+0000][26.162s][info][gc,phases      ] GC(22) Phase 4: Compact heap 0.244ms
[2026-07-20T08:46:41.782+0000][26.162s][info][gc,phases,start] GC(22) Phase 5: Reset Metadata
[2026-07-20T08:46:41.782+0000][26.163s][info][gc,phases      ] GC(22) Phase 5: Reset Metadata 0.270ms
[2026-07-20T08:46:41.783+0000][26.163s][info][gc,heap        ] GC(22) Eden regions: 9->0(23)
[2026-07-20T08:46:41.783+0000][26.163s][info][gc,heap        ] GC(22) Survivor regions: 0->0(0)
[2026-07-20T08:46:41.783+0000][26.163s][info][gc,heap        ] GC(22) Old regions: 190->199
[2026-07-20T08:46:41.783+0000][26.163s][info][gc,heap        ] GC(22) Humongous regions: 9->9
[2026-07-20T08:46:41.783+0000][26.163s][info][gc,metaspace   ] GC(22) Metaspace: 949K(1088K)->949K(1088K) NonClass: 863K(896K)->863K(896K) Class: 86K(192K)->86K(192K)
[2026-07-20T08:46:41.783+0000][26.163s][info][gc             ] GC(22) Pause Full (Heap Inspection Initiated GC) 205M->205M(256M) 2.626ms
[2026-07-20T08:46:41.783+0000][26.163s][info][gc,cpu         ] GC(22) User=0.00s Sys=0.00s Real=0.00s
[2026-07-20T08:46:42.905+0000][27.285s][info][gc,start       ] GC(23) Pause Full (Heap Inspection Initiated GC)
[2026-07-20T08:46:42.905+0000][27.285s][info][gc,task        ] GC(23) Using 6 workers of 9 for full compaction
[2026-07-20T08:46:42.905+0000][27.285s][info][gc,phases,start] GC(23) Phase 1: Mark live objects
[2026-07-20T08:46:42.906+0000][27.286s][info][gc,phases      ] GC(23) Phase 1: Mark live objects 0.928ms
[2026-07-20T08:46:42.906+0000][27.286s][info][gc,phases,start] GC(23) Phase 2: Prepare compaction
[2026-07-20T08:46:42.906+0000][27.286s][info][gc,phases      ] GC(23) Phase 2: Prepare compaction 0.081ms
[2026-07-20T08:46:42.906+0000][27.286s][info][gc,phases,start] GC(23) Phase 3: Adjust pointers
[2026-07-20T08:46:42.906+0000][27.287s][info][gc,phases      ] GC(23) Phase 3: Adjust pointers 0.384ms
[2026-07-20T08:46:42.906+0000][27.287s][info][gc,phases,start] GC(23) Phase 4: Compact heap
[2026-07-20T08:46:42.907+0000][27.287s][info][gc,phases      ] GC(23) Phase 4: Compact heap 0.108ms
[2026-07-20T08:46:42.907+0000][27.287s][info][gc,phases,start] GC(23) Phase 5: Reset Metadata
[2026-07-20T08:46:42.907+0000][27.287s][info][gc,phases      ] GC(23) Phase 5: Reset Metadata 0.262ms
[2026-07-20T08:46:42.907+0000][27.287s][info][gc,heap        ] GC(23) Eden regions: 9->0(20)
[2026-07-20T08:46:42.907+0000][27.287s][info][gc,heap        ] GC(23) Survivor regions: 0->0(0)
[2026-07-20T08:46:42.907+0000][27.287s][info][gc,heap        ] GC(23) Old regions: 199->208
[2026-07-20T08:46:42.907+0000][27.287s][info][gc,heap        ] GC(23) Humongous regions: 9->9
[2026-07-20T08:46:42.907+0000][27.287s][info][gc,metaspace   ] GC(23) Metaspace: 950K(1088K)->950K(1088K) NonClass: 864K(896K)->864K(896K) Class: 86K(192K)->86K(192K)
[2026-07-20T08:46:42.907+0000][27.287s][info][gc             ] GC(23) Pause Full (Heap Inspection Initiated GC) 214M->214M(256M) 2.522ms
[2026-07-20T08:46:42.907+0000][27.287s][info][gc,cpu         ] GC(23) User=0.01s Sys=0.00s Real=0.00s
[2026-07-20T08:46:44.091+0000][28.471s][info][gc,start       ] GC(24) Pause Full (Heap Inspection Initiated GC)
[2026-07-20T08:46:44.091+0000][28.471s][info][gc,task        ] GC(24) Using 6 workers of 9 for full compaction
[2026-07-20T08:46:44.091+0000][28.471s][info][gc,phases,start] GC(24) Phase 1: Mark live objects
[2026-07-20T08:46:44.092+0000][28.473s][info][gc,phases      ] GC(24) Phase 1: Mark live objects 1.133ms
[2026-07-20T08:46:44.093+0000][28.473s][info][gc,phases,start] GC(24) Phase 2: Prepare compaction
[2026-07-20T08:46:44.093+0000][28.473s][info][gc,phases      ] GC(24) Phase 2: Prepare compaction 0.086ms
[2026-07-20T08:46:44.093+0000][28.473s][info][gc,phases,start] GC(24) Phase 3: Adjust pointers
[2026-07-20T08:46:44.093+0000][28.473s][info][gc,phases      ] GC(24) Phase 3: Adjust pointers 0.376ms
[2026-07-20T08:46:44.093+0000][28.473s][info][gc,phases,start] GC(24) Phase 4: Compact heap
[2026-07-20T08:46:44.093+0000][28.473s][info][gc,phases      ] GC(24) Phase 4: Compact heap 0.161ms
[2026-07-20T08:46:44.093+0000][28.473s][info][gc,phases,start] GC(24) Phase 5: Reset Metadata
[2026-07-20T08:46:44.094+0000][28.474s][info][gc,phases      ] GC(24) Phase 5: Reset Metadata 0.340ms
[2026-07-20T08:46:44.094+0000][28.474s][info][gc,heap        ] GC(24) Eden regions: 9->0(16)
[2026-07-20T08:46:44.094+0000][28.474s][info][gc,heap        ] GC(24) Survivor regions: 0->0(0)
[2026-07-20T08:46:44.094+0000][28.474s][info][gc,heap        ] GC(24) Old regions: 208->216
[2026-07-20T08:46:44.094+0000][28.474s][info][gc,heap        ] GC(24) Humongous regions: 9->9
[2026-07-20T08:46:44.094+0000][28.474s][info][gc,metaspace   ] GC(24) Metaspace: 951K(1088K)->951K(1088K) NonClass: 865K(896K)->865K(896K) Class: 86K(192K)->86K(192K)
[2026-07-20T08:46:44.094+0000][28.474s][info][gc             ] GC(24) Pause Full (Heap Inspection Initiated GC) 223M->223M(256M) 2.964ms
[2026-07-20T08:46:44.094+0000][28.474s][info][gc,cpu         ] GC(24) User=0.00s Sys=0.00s Real=0.00s
[2026-07-20T08:46:45.274+0000][29.654s][info][gc,start       ] GC(25) Pause Full (Heap Inspection Initiated GC)
[2026-07-20T08:46:45.274+0000][29.654s][info][gc,task        ] GC(25) Using 6 workers of 9 for full compaction
[2026-07-20T08:46:45.274+0000][29.654s][info][gc,phases,start] GC(25) Phase 1: Mark live objects
[2026-07-20T08:46:45.275+0000][29.655s][info][gc,phases      ] GC(25) Phase 1: Mark live objects 0.944ms
[2026-07-20T08:46:45.275+0000][29.655s][info][gc,phases,start] GC(25) Phase 2: Prepare compaction
[2026-07-20T08:46:45.275+0000][29.655s][info][gc,phases      ] GC(25) Phase 2: Prepare compaction 0.088ms
[2026-07-20T08:46:45.275+0000][29.655s][info][gc,phases,start] GC(25) Phase 3: Adjust pointers
[2026-07-20T08:46:45.275+0000][29.655s][info][gc,phases      ] GC(25) Phase 3: Adjust pointers 0.388ms
[2026-07-20T08:46:45.275+0000][29.655s][info][gc,phases,start] GC(25) Phase 4: Compact heap
[2026-07-20T08:46:45.275+0000][29.656s][info][gc,phases      ] GC(25) Phase 4: Compact heap 0.126ms
[2026-07-20T08:46:45.276+0000][29.656s][info][gc,phases,start] GC(25) Phase 5: Reset Metadata
[2026-07-20T08:46:45.276+0000][29.656s][info][gc,phases      ] GC(25) Phase 5: Reset Metadata 0.356ms
[2026-07-20T08:46:45.276+0000][29.656s][info][gc,heap        ] GC(25) Eden regions: 9->0(12)
[2026-07-20T08:46:45.276+0000][29.656s][info][gc,heap        ] GC(25) Survivor regions: 0->0(0)
[2026-07-20T08:46:45.276+0000][29.656s][info][gc,heap        ] GC(25) Old regions: 216->225
[2026-07-20T08:46:45.276+0000][29.656s][info][gc,heap        ] GC(25) Humongous regions: 9->9
[2026-07-20T08:46:45.276+0000][29.656s][info][gc,metaspace   ] GC(25) Metaspace: 951K(1088K)->951K(1088K) NonClass: 865K(896K)->865K(896K) Class: 86K(192K)->86K(192K)
[2026-07-20T08:46:45.276+0000][29.656s][info][gc             ] GC(25) Pause Full (Heap Inspection Initiated GC) 232M->232M(256M) 2.645ms
[2026-07-20T08:46:45.276+0000][29.656s][info][gc,cpu         ] GC(25) User=0.01s Sys=0.00s Real=0.00s
[2026-07-20T08:46:46.413+0000][30.793s][info][gc,start       ] GC(26) Pause Full (Heap Inspection Initiated GC)
[2026-07-20T08:46:46.413+0000][30.793s][info][gc,task        ] GC(26) Using 6 workers of 9 for full compaction
[2026-07-20T08:46:46.413+0000][30.794s][info][gc,phases,start] GC(26) Phase 1: Mark live objects
[2026-07-20T08:46:46.415+0000][30.795s][info][gc,phases      ] GC(26) Phase 1: Mark live objects 1.480ms
[2026-07-20T08:46:46.415+0000][30.795s][info][gc,phases,start] GC(26) Phase 2: Prepare compaction
[2026-07-20T08:46:46.416+0000][30.796s][info][gc,phases      ] GC(26) Phase 2: Prepare compaction 1.049ms
[2026-07-20T08:46:46.420+0000][30.800s][info][gc,phases,start] GC(26) Phase 3: Adjust pointers
[2026-07-20T08:46:46.421+0000][30.801s][info][gc,phases      ] GC(26) Phase 3: Adjust pointers 0.435ms
[2026-07-20T08:46:46.421+0000][30.801s][info][gc,phases,start] GC(26) Phase 4: Compact heap
[2026-07-20T08:46:46.421+0000][30.801s][info][gc,phases      ] GC(26) Phase 4: Compact heap 0.098ms
[2026-07-20T08:46:46.421+0000][30.801s][info][gc,phases,start] GC(26) Phase 5: Reset Metadata
[2026-07-20T08:46:46.421+0000][30.801s][info][gc,phases      ] GC(26) Phase 5: Reset Metadata 0.245ms
[2026-07-20T08:46:46.421+0000][30.801s][info][gc,heap        ] GC(26) Eden regions: 9->0(12)
[2026-07-20T08:46:46.421+0000][30.801s][info][gc,heap        ] GC(26) Survivor regions: 0->0(0)
[2026-07-20T08:46:46.421+0000][30.801s][info][gc,heap        ] GC(26) Old regions: 225->234
[2026-07-20T08:46:46.421+0000][30.801s][info][gc,heap        ] GC(26) Humongous regions: 9->9
[2026-07-20T08:46:46.421+0000][30.801s][info][gc,metaspace   ] GC(26) Metaspace: 951K(1088K)->937K(1088K) NonClass: 865K(896K)->855K(896K) Class: 86K(192K)->82K(192K)
[2026-07-20T08:46:46.421+0000][30.801s][info][gc             ] GC(26) Pause Full (Heap Inspection Initiated GC) 240M->240M(256M) 8.498ms
[2026-07-20T08:46:46.421+0000][30.802s][info][gc,cpu         ] GC(26) User=0.01s Sys=0.00s Real=0.01s
[2026-07-20T08:46:47.601+0000][31.981s][info][gc,start       ] GC(27) Pause Full (Heap Inspection Initiated GC)
[2026-07-20T08:46:47.601+0000][31.981s][info][gc,task        ] GC(27) Using 6 workers of 9 for full compaction
[2026-07-20T08:46:47.601+0000][31.981s][info][gc,phases,start] GC(27) Phase 1: Mark live objects
[2026-07-20T08:46:47.602+0000][31.982s][info][gc,phases      ] GC(27) Phase 1: Mark live objects 0.952ms
[2026-07-20T08:46:47.602+0000][31.982s][info][gc,phases,start] GC(27) Phase 2: Prepare compaction
[2026-07-20T08:46:47.602+0000][31.982s][info][gc,phases      ] GC(27) Phase 2: Prepare compaction 0.066ms
[2026-07-20T08:46:47.602+0000][31.982s][info][gc,phases,start] GC(27) Phase 3: Adjust pointers
[2026-07-20T08:46:47.602+0000][31.983s][info][gc,phases      ] GC(27) Phase 3: Adjust pointers 0.406ms
[2026-07-20T08:46:47.603+0000][31.983s][info][gc,phases,start] GC(27) Phase 4: Compact heap
[2026-07-20T08:46:47.603+0000][31.983s][info][gc,phases      ] GC(27) Phase 4: Compact heap 0.088ms
[2026-07-20T08:46:47.603+0000][31.983s][info][gc,phases,start] GC(27) Phase 5: Reset Metadata
[2026-07-20T08:46:47.603+0000][31.983s][info][gc,phases      ] GC(27) Phase 5: Reset Metadata 0.267ms
[2026-07-20T08:46:47.603+0000][31.983s][info][gc,heap        ] GC(27) Eden regions: 9->0(4)
[2026-07-20T08:46:47.603+0000][31.983s][info][gc,heap        ] GC(27) Survivor regions: 0->0(0)
[2026-07-20T08:46:47.603+0000][31.983s][info][gc,heap        ] GC(27) Old regions: 234->243
[2026-07-20T08:46:47.603+0000][31.983s][info][gc,heap        ] GC(27) Humongous regions: 9->9
[2026-07-20T08:46:47.603+0000][31.983s][info][gc,metaspace   ] GC(27) Metaspace: 938K(1088K)->938K(1088K) NonClass: 856K(896K)->856K(896K) Class: 82K(192K)->82K(192K)
[2026-07-20T08:46:47.603+0000][31.983s][info][gc             ] GC(27) Pause Full (Heap Inspection Initiated GC) 249M->249M(256M) 2.435ms
[2026-07-20T08:46:47.603+0000][31.983s][info][gc,cpu         ] GC(27) User=0.00s Sys=0.00s Real=0.00s
[2026-07-20T08:46:48.180+0000][32.561s][info][gc,start       ] GC(28) Pause Young (Concurrent Start) (G1 Evacuation Pause)
[2026-07-20T08:46:48.181+0000][32.561s][info][gc,task        ] GC(28) Using 6 workers of 9 for evacuation
[2026-07-20T08:46:48.182+0000][32.563s][info][gc,phases      ] GC(28)   Pre Evacuate Collection Set: 0.22ms
[2026-07-20T08:46:48.183+0000][32.563s][info][gc,phases      ] GC(28)   Merge Heap Roots: 0.05ms
[2026-07-20T08:46:48.183+0000][32.563s][info][gc,phases      ] GC(28)   Evacuate Collection Set: 0.50ms
[2026-07-20T08:46:48.183+0000][32.563s][info][gc,phases      ] GC(28)   Post Evacuate Collection Set: 0.55ms
[2026-07-20T08:46:48.183+0000][32.563s][info][gc,phases      ] GC(28)   Other: 0.22ms
[2026-07-20T08:46:48.183+0000][32.563s][info][gc,heap        ] GC(28) Eden regions: 4->0(1)
[2026-07-20T08:46:48.183+0000][32.563s][info][gc,heap        ] GC(28) Survivor regions: 0->0(0)
[2026-07-20T08:46:48.183+0000][32.563s][info][gc,heap        ] GC(28) Old regions: 243->247
[2026-07-20T08:46:48.183+0000][32.563s][info][gc,heap        ] GC(28) Humongous regions: 9->9
[2026-07-20T08:46:48.183+0000][32.563s][info][gc,metaspace   ] GC(28) Metaspace: 938K(1088K)->938K(1088K) NonClass: 856K(896K)->856K(896K) Class: 82K(192K)->82K(192K)
[2026-07-20T08:46:48.183+0000][32.563s][info][gc             ] GC(28) Pause Young (Concurrent Start) (G1 Evacuation Pause) (Evacuation Failure) 253M->253M(256M) 2.891ms
[2026-07-20T08:46:48.183+0000][32.564s][info][gc,cpu         ] GC(28) User=0.00s Sys=0.00s Real=0.00s
[2026-07-20T08:46:48.183+0000][32.564s][info][gc,ergo        ] Attempting full compaction
[2026-07-20T08:46:48.184+0000][32.564s][info][gc,start       ] GC(30) Pause Full (G1 Compaction Pause)
[2026-07-20T08:46:48.184+0000][32.564s][info][gc,task        ] GC(30) Using 6 workers of 9 for full compaction
[2026-07-20T08:46:48.183+0000][32.564s][info][gc             ] GC(29) Concurrent Mark Cycle
[2026-07-20T08:46:48.184+0000][32.564s][info][gc,marking     ] GC(29) Concurrent Scan Root Regions
[2026-07-20T08:46:48.184+0000][32.564s][info][gc,marking     ] GC(29) Concurrent Scan Root Regions 0.162ms
[2026-07-20T08:46:48.184+0000][32.564s][info][gc,phases,start] GC(30) Phase 1: Mark live objects
[2026-07-20T08:46:48.187+0000][32.567s][info][gc,phases      ] GC(30) Phase 1: Mark live objects 2.334ms
[2026-07-20T08:46:48.187+0000][32.567s][info][gc,phases,start] GC(30) Phase 2: Prepare compaction
[2026-07-20T08:46:48.187+0000][32.567s][info][gc,phases      ] GC(30) Phase 2: Prepare compaction 0.145ms
[2026-07-20T08:46:48.187+0000][32.567s][info][gc,phases,start] GC(30) Phase 3: Adjust pointers
[2026-07-20T08:46:48.188+0000][32.568s][info][gc,phases      ] GC(30) Phase 3: Adjust pointers 0.738ms
[2026-07-20T08:46:48.188+0000][32.568s][info][gc,phases,start] GC(30) Phase 4: Compact heap
[2026-07-20T08:46:48.188+0000][32.568s][info][gc,phases      ] GC(30) Phase 4: Compact heap 0.405ms
[2026-07-20T08:46:48.188+0000][32.568s][info][gc,phases,start] GC(30) Phase 5: Reset Metadata
[2026-07-20T08:46:48.189+0000][32.569s][info][gc,phases      ] GC(30) Phase 5: Reset Metadata 0.595ms
[2026-07-20T08:46:48.189+0000][32.570s][info][gc,heap        ] GC(30) Eden regions: 0->0(1)
[2026-07-20T08:46:48.190+0000][32.570s][info][gc,heap        ] GC(30) Survivor regions: 0->0(0)
[2026-07-20T08:46:48.190+0000][32.570s][info][gc,heap        ] GC(30) Old regions: 247->246
[2026-07-20T08:46:48.190+0000][32.570s][info][gc,heap        ] GC(30) Humongous regions: 9->9
[2026-07-20T08:46:48.190+0000][32.570s][info][gc,metaspace   ] GC(30) Metaspace: 938K(1088K)->938K(1088K) NonClass: 856K(896K)->856K(896K) Class: 82K(192K)->82K(192K)
[2026-07-20T08:46:48.190+0000][32.570s][info][gc             ] GC(30) Pause Full (G1 Compaction Pause) 253M->253M(256M) 6.238ms
[2026-07-20T08:46:48.190+0000][32.570s][info][gc,cpu         ] GC(30) User=0.01s Sys=0.00s Real=0.01s
[2026-07-20T08:46:48.190+0000][32.570s][info][gc,marking     ] GC(29) Concurrent Mark Abort
[2026-07-20T08:46:48.190+0000][32.570s][info][gc             ] GC(29) Concurrent Mark Cycle 6.663ms
[2026-07-20T08:46:48.321+0000][32.701s][info][gc,start       ] GC(31) Pause Young (Normal) (G1 Evacuation Pause)
[2026-07-20T08:46:48.322+0000][32.702s][info][gc,task        ] GC(31) Using 6 workers of 9 for evacuation
[2026-07-20T08:46:48.323+0000][32.703s][info][gc,phases      ] GC(31)   Pre Evacuate Collection Set: 0.27ms
[2026-07-20T08:46:48.323+0000][32.703s][info][gc,phases      ] GC(31)   Merge Heap Roots: 0.06ms
[2026-07-20T08:46:48.323+0000][32.703s][info][gc,phases      ] GC(31)   Evacuate Collection Set: 0.15ms
[2026-07-20T08:46:48.323+0000][32.703s][info][gc,phases      ] GC(31)   Post Evacuate Collection Set: 0.28ms
[2026-07-20T08:46:48.323+0000][32.703s][info][gc,phases      ] GC(31)   Other: 0.38ms
[2026-07-20T08:46:48.323+0000][32.704s][info][gc,heap        ] GC(31) Eden regions: 1->0(1)
[2026-07-20T08:46:48.324+0000][32.704s][info][gc,heap        ] GC(31) Survivor regions: 0->0(0)
[2026-07-20T08:46:48.324+0000][32.704s][info][gc,heap        ] GC(31) Old regions: 246->247
[2026-07-20T08:46:48.324+0000][32.704s][info][gc,heap        ] GC(31) Humongous regions: 9->9
[2026-07-20T08:46:48.324+0000][32.704s][info][gc,metaspace   ] GC(31) Metaspace: 938K(1088K)->938K(1088K) NonClass: 856K(896K)->856K(896K) Class: 82K(192K)->82K(192K)
[2026-07-20T08:46:48.324+0000][32.704s][info][gc             ] GC(31) Pause Young (Normal) (G1 Evacuation Pause) (Evacuation Failure) 254M->254M(256M) 2.677ms
[2026-07-20T08:46:48.324+0000][32.704s][info][gc,cpu         ] GC(31) User=0.00s Sys=0.00s Real=0.00s
[2026-07-20T08:46:48.324+0000][32.704s][info][gc,ergo        ] Attempting full compaction
[2026-07-20T08:46:48.324+0000][32.704s][info][gc,start       ] GC(32) Pause Full (G1 Compaction Pause)
[2026-07-20T08:46:48.324+0000][32.704s][info][gc,task        ] GC(32) Using 6 workers of 9 for full compaction
[2026-07-20T08:46:48.325+0000][32.705s][info][gc,phases,start] GC(32) Phase 1: Mark live objects
[2026-07-20T08:46:48.327+0000][32.707s][info][gc,phases      ] GC(32) Phase 1: Mark live objects 2.547ms
[2026-07-20T08:46:48.327+0000][32.707s][info][gc,phases,start] GC(32) Phase 2: Prepare compaction
[2026-07-20T08:46:48.327+0000][32.708s][info][gc,phases      ] GC(32) Phase 2: Prepare compaction 0.127ms
[2026-07-20T08:46:48.328+0000][32.708s][info][gc,phases,start] GC(32) Phase 3: Adjust pointers
[2026-07-20T08:46:48.328+0000][32.708s][info][gc,phases      ] GC(32) Phase 3: Adjust pointers 0.802ms
[2026-07-20T08:46:48.329+0000][32.709s][info][gc,phases,start] GC(32) Phase 4: Compact heap
[2026-07-20T08:46:48.329+0000][32.709s][info][gc,phases      ] GC(32) Phase 4: Compact heap 0.135ms
[2026-07-20T08:46:48.329+0000][32.709s][info][gc,phases,start] GC(32) Phase 5: Reset Metadata
[2026-07-20T08:46:48.329+0000][32.710s][info][gc,phases      ] GC(32) Phase 5: Reset Metadata 0.734ms
[2026-07-20T08:46:48.330+0000][32.710s][info][gc,heap        ] GC(32) Eden regions: 0->0(1)
[2026-07-20T08:46:48.330+0000][32.710s][info][gc,heap        ] GC(32) Survivor regions: 0->0(0)
[2026-07-20T08:46:48.330+0000][32.710s][info][gc,heap        ] GC(32) Old regions: 247->247
[2026-07-20T08:46:48.330+0000][32.710s][info][gc,heap        ] GC(32) Humongous regions: 9->9
[2026-07-20T08:46:48.330+0000][32.711s][info][gc,metaspace   ] GC(32) Metaspace: 938K(1088K)->938K(1088K) NonClass: 856K(896K)->856K(896K) Class: 82K(192K)->82K(192K)
[2026-07-20T08:46:48.331+0000][32.711s][info][gc             ] GC(32) Pause Full (G1 Compaction Pause) 254M->254M(256M) 6.401ms
[2026-07-20T08:46:48.331+0000][32.711s][info][gc,cpu         ] GC(32) User=0.01s Sys=0.00s Real=0.01s
[2026-07-20T08:46:48.331+0000][32.711s][info][gc,ergo        ] Attempting maximal full compaction clearing soft references
[2026-07-20T08:46:48.331+0000][32.711s][info][gc,start       ] GC(33) Pause Full (G1 Compaction Pause)
[2026-07-20T08:46:48.331+0000][32.711s][info][gc,task        ] GC(33) Using 6 workers of 9 for full compaction
[2026-07-20T08:46:48.331+0000][32.711s][info][gc,phases,start] GC(33) Phase 1: Mark live objects
[2026-07-20T08:46:48.333+0000][32.713s][info][gc,phases      ] GC(33) Phase 1: Mark live objects 2.033ms
[2026-07-20T08:46:48.334+0000][32.714s][info][gc,phases,start] GC(33) Phase 2: Prepare compaction
[2026-07-20T08:46:48.335+0000][32.715s][info][gc,phases      ] GC(33) Phase 2: Prepare compaction 1.004ms
[2026-07-20T08:46:48.335+0000][32.715s][info][gc,phases,start] GC(33) Phase 3: Adjust pointers
[2026-07-20T08:46:48.336+0000][32.716s][info][gc,phases      ] GC(33) Phase 3: Adjust pointers 1.070ms
[2026-07-20T08:46:48.336+0000][32.716s][info][gc,phases,start] GC(33) Phase 4: Compact heap
[2026-07-20T08:46:48.342+0000][32.722s][info][gc,phases      ] GC(33) Phase 4: Compact heap 5.787ms
[2026-07-20T08:46:48.342+0000][32.722s][info][gc,phases,start] GC(33) Phase 5: Reset Metadata
[2026-07-20T08:46:48.342+0000][32.722s][info][gc,phases      ] GC(33) Phase 5: Reset Metadata 0.325ms
[2026-07-20T08:46:48.343+0000][32.723s][info][gc,heap        ] GC(33) Eden regions: 0->0(1)
[2026-07-20T08:46:48.343+0000][32.723s][info][gc,heap        ] GC(33) Survivor regions: 0->0(0)
[2026-07-20T08:46:48.343+0000][32.723s][info][gc,heap        ] GC(33) Old regions: 247->247
[2026-07-20T08:46:48.343+0000][32.723s][info][gc,heap        ] GC(33) Humongous regions: 9->9
[2026-07-20T08:46:48.343+0000][32.723s][info][gc,metaspace   ] GC(33) Metaspace: 938K(1088K)->938K(1088K) NonClass: 856K(896K)->856K(896K) Class: 82K(192K)->82K(192K)
[2026-07-20T08:46:48.343+0000][32.724s][info][gc             ] GC(33) Pause Full (G1 Compaction Pause) 254M->247M(256M) 12.686ms
[2026-07-20T08:46:48.343+0000][32.724s][info][gc,cpu         ] GC(33) User=0.03s Sys=0.00s Real=0.01s
[2026-07-20T08:46:48.344+0000][32.724s][info][gc,start       ] GC(34) Pause Young (Concurrent Start) (G1 Evacuation Pause)
[2026-07-20T08:46:48.344+0000][32.724s][info][gc,task        ] GC(34) Using 6 workers of 9 for evacuation
[2026-07-20T08:46:48.345+0000][32.725s][info][gc,phases      ] GC(34)   Pre Evacuate Collection Set: 0.18ms
[2026-07-20T08:46:48.345+0000][32.725s][info][gc,phases      ] GC(34)   Merge Heap Roots: 0.04ms
[2026-07-20T08:46:48.345+0000][32.725s][info][gc,phases      ] GC(34)   Evacuate Collection Set: 0.26ms
[2026-07-20T08:46:48.345+0000][32.725s][info][gc,phases      ] GC(34)   Post Evacuate Collection Set: 0.27ms
[2026-07-20T08:46:48.345+0000][32.725s][info][gc,phases      ] GC(34)   Other: 0.13ms
[2026-07-20T08:46:48.345+0000][32.725s][info][gc,heap        ] GC(34) Eden regions: 0->0(1)
[2026-07-20T08:46:48.345+0000][32.725s][info][gc,heap        ] GC(34) Survivor regions: 0->0(0)
[2026-07-20T08:46:48.345+0000][32.725s][info][gc,heap        ] GC(34) Old regions: 247->247
[2026-07-20T08:46:48.345+0000][32.725s][info][gc,heap        ] GC(34) Humongous regions: 9->9
[2026-07-20T08:46:48.345+0000][32.725s][info][gc,metaspace   ] GC(34) Metaspace: 938K(1088K)->938K(1088K) NonClass: 856K(896K)->856K(896K) Class: 82K(192K)->82K(192K)
[2026-07-20T08:46:48.345+0000][32.725s][info][gc             ] GC(34) Pause Young (Concurrent Start) (G1 Evacuation Pause) 247M->247M(256M) 1.517ms
[2026-07-20T08:46:48.345+0000][32.725s][info][gc,cpu         ] GC(34) User=0.00s Sys=0.00s Real=0.00s
[2026-07-20T08:46:48.345+0000][32.726s][info][gc,ergo        ] Attempting full compaction
[2026-07-20T08:46:48.345+0000][32.726s][info][gc,start       ] GC(36) Pause Full (G1 Compaction Pause)
[2026-07-20T08:46:48.346+0000][32.726s][info][gc,task        ] GC(36) Using 6 workers of 9 for full compaction
[2026-07-20T08:46:48.345+0000][32.725s][info][gc             ] GC(35) Concurrent Mark Cycle
[2026-07-20T08:46:48.346+0000][32.726s][info][gc,marking     ] GC(35) Concurrent Scan Root Regions
[2026-07-20T08:46:48.346+0000][32.726s][info][gc,marking     ] GC(35) Concurrent Scan Root Regions 0.231ms
[2026-07-20T08:46:48.346+0000][32.726s][info][gc,phases,start] GC(36) Phase 1: Mark live objects
[2026-07-20T08:46:48.348+0000][32.728s][info][gc,phases      ] GC(36) Phase 1: Mark live objects 1.642ms
[2026-07-20T08:46:48.348+0000][32.728s][info][gc,phases,start] GC(36) Phase 2: Prepare compaction
[2026-07-20T08:46:48.348+0000][32.728s][info][gc,phases      ] GC(36) Phase 2: Prepare compaction 0.097ms
[2026-07-20T08:46:48.348+0000][32.728s][info][gc,phases,start] GC(36) Phase 3: Adjust pointers
[2026-07-20T08:46:48.349+0000][32.729s][info][gc,phases      ] GC(36) Phase 3: Adjust pointers 0.678ms
[2026-07-20T08:46:48.349+0000][32.729s][info][gc,phases,start] GC(36) Phase 4: Compact heap
[2026-07-20T08:46:48.349+0000][32.729s][info][gc,phases      ] GC(36) Phase 4: Compact heap 0.159ms
[2026-07-20T08:46:48.349+0000][32.729s][info][gc,phases,start] GC(36) Phase 5: Reset Metadata
[2026-07-20T08:46:48.350+0000][32.730s][info][gc,phases      ] GC(36) Phase 5: Reset Metadata 0.606ms
[2026-07-20T08:46:48.350+0000][32.730s][info][gc,heap        ] GC(36) Eden regions: 0->0(9)
[2026-07-20T08:46:48.350+0000][32.730s][info][gc,heap        ] GC(36) Survivor regions: 0->0(0)
[2026-07-20T08:46:48.350+0000][32.730s][info][gc,heap        ] GC(36) Old regions: 247->247
[2026-07-20T08:46:48.350+0000][32.730s][info][gc,heap        ] GC(36) Humongous regions: 9->0
[2026-07-20T08:46:48.350+0000][32.730s][info][gc,metaspace   ] GC(36) Metaspace: 938K(1088K)->938K(1088K) NonClass: 856K(896K)->856K(896K) Class: 82K(192K)->82K(192K)
[2026-07-20T08:46:48.350+0000][32.730s][info][gc             ] GC(36) Pause Full (G1 Compaction Pause) 247M->238M(256M) 4.772ms
[2026-07-20T08:46:48.350+0000][32.730s][info][gc,cpu         ] GC(36) User=0.01s Sys=0.00s Real=0.01s
[2026-07-20T08:46:48.350+0000][32.730s][info][gc,marking     ] GC(35) Concurrent Mark Abort
[2026-07-20T08:46:48.353+0000][32.733s][info][gc             ] GC(35) Concurrent Mark Cycle 7.786ms
[2026-07-20T08:46:48.355+0000][32.735s][info][gc,heap,exit   ] Heap
[2026-07-20T08:46:48.355+0000][32.735s][info][gc,heap,exit   ]  garbage-first heap   total 262144K, used 244442K [0x00000000f0000000, 0x0000000100000000)
[2026-07-20T08:46:48.355+0000][32.735s][info][gc,heap,exit   ]   region size 1024K, 1 young (1024K), 0 survivors (0K)
[2026-07-20T08:46:48.355+0000][32.735s][info][gc,heap,exit   ]  Metaspace       used 1042K, committed 1216K, reserved 1114112K
[2026-07-20T08:46:48.355+0000][32.735s][info][gc,heap,exit   ]   class space    used 96K, committed 192K, reserved 1048576K
