[2026-07-19T20:12:32.538+0000][0.005s][info][gc,init] CardTable entry size: 512
[2026-07-19T20:12:32.538+0000][0.005s][info][gc     ] Using G1
[2026-07-19T20:12:32.539+0000][0.006s][info][gc,init] Version: 21.0.11+10-LTS (release)
[2026-07-19T20:12:32.539+0000][0.006s][info][gc,init] CPUs: 10 total, 10 available
[2026-07-19T20:12:32.539+0000][0.006s][info][gc,init] Memory: 7837M
[2026-07-19T20:12:32.539+0000][0.006s][info][gc,init] Large Page Support: Disabled
[2026-07-19T20:12:32.539+0000][0.006s][info][gc,init] NUMA Support: Disabled
[2026-07-19T20:12:32.539+0000][0.006s][info][gc,init] Compressed Oops: Enabled (32-bit)
[2026-07-19T20:12:32.539+0000][0.006s][info][gc,init] Heap Region Size: 1M
[2026-07-19T20:12:32.539+0000][0.006s][info][gc,init] Heap Min Capacity: 8M
[2026-07-19T20:12:32.539+0000][0.006s][info][gc,init] Heap Initial Capacity: 124M
[2026-07-19T20:12:32.539+0000][0.006s][info][gc,init] Heap Max Capacity: 256M
[2026-07-19T20:12:32.539+0000][0.006s][info][gc,init] Pre-touch: Disabled
[2026-07-19T20:12:32.540+0000][0.006s][info][gc,init] Parallel Workers: 9
[2026-07-19T20:12:32.540+0000][0.006s][info][gc,init] Concurrent Workers: 2
[2026-07-19T20:12:32.540+0000][0.006s][info][gc,init] Concurrent Refinement Workers: 9
[2026-07-19T20:12:32.540+0000][0.006s][info][gc,init] Periodic GC: Disabled
[2026-07-19T20:12:32.543+0000][0.010s][info][gc,metaspace] CDS archive(s) mapped at: [0x000000f000000000-0x000000f000cb0000-0x000000f000cb0000), size 13303808, SharedBaseAddress: 0x000000f000000000, ArchiveRelocationMode: 1.
[2026-07-19T20:12:32.543+0000][0.010s][info][gc,metaspace] Compressed class space mapped at: 0x000000f001000000-0x000000f041000000, reserved size: 1073741824
[2026-07-19T20:12:32.543+0000][0.010s][info][gc,metaspace] Narrow klass base: 0x000000f000000000, Narrow klass shift: 0, Narrow klass range: 0x100000000
[2026-07-19T20:12:32.749+0000][0.216s][info][gc,start    ] GC(0) Pause Full (Heap Inspection Initiated GC)
[2026-07-19T20:12:32.749+0000][0.216s][info][gc,task     ] GC(0) Using 3 workers of 9 for full compaction
[2026-07-19T20:12:32.749+0000][0.216s][info][gc,phases,start] GC(0) Phase 1: Mark live objects
[2026-07-19T20:12:32.750+0000][0.217s][info][gc,phases      ] GC(0) Phase 1: Mark live objects 0.610ms
[2026-07-19T20:12:32.750+0000][0.217s][info][gc,phases,start] GC(0) Phase 2: Prepare compaction
[2026-07-19T20:12:32.750+0000][0.217s][info][gc,phases      ] GC(0) Phase 2: Prepare compaction 0.145ms
[2026-07-19T20:12:32.750+0000][0.217s][info][gc,phases,start] GC(0) Phase 3: Adjust pointers
[2026-07-19T20:12:32.751+0000][0.217s][info][gc,phases      ] GC(0) Phase 3: Adjust pointers 0.272ms
[2026-07-19T20:12:32.751+0000][0.217s][info][gc,phases,start] GC(0) Phase 4: Compact heap
[2026-07-19T20:12:32.751+0000][0.217s][info][gc,phases      ] GC(0) Phase 4: Compact heap 0.162ms
[2026-07-19T20:12:32.751+0000][0.218s][info][gc,phases,start] GC(0) Phase 5: Reset Metadata
[2026-07-19T20:12:32.751+0000][0.218s][info][gc,phases      ] GC(0) Phase 5: Reset Metadata 0.197ms
[2026-07-19T20:12:32.751+0000][0.218s][info][gc,heap        ] GC(0) Eden regions: 4->0(17)
[2026-07-19T20:12:32.751+0000][0.218s][info][gc,heap        ] GC(0) Survivor regions: 0->0(0)
[2026-07-19T20:12:32.751+0000][0.218s][info][gc,heap        ] GC(0) Old regions: 2->5
[2026-07-19T20:12:32.751+0000][0.218s][info][gc,heap        ] GC(0) Humongous regions: 9->9
[2026-07-19T20:12:32.751+0000][0.218s][info][gc,metaspace   ] GC(0) Metaspace: 490K(640K)->490K(640K) NonClass: 451K(512K)->451K(512K) Class: 38K(128K)->38K(128K)
[2026-07-19T20:12:32.751+0000][0.218s][info][gc             ] GC(0) Pause Full (Heap Inspection Initiated GC) 13M->11M(47M) 2.544ms
[2026-07-19T20:12:32.751+0000][0.218s][info][gc,cpu         ] GC(0) User=0.00s Sys=0.01s Real=0.00s
[2026-07-19T20:12:33.940+0000][1.407s][info][gc,start       ] GC(1) Pause Full (Heap Inspection Initiated GC)
[2026-07-19T20:12:33.941+0000][1.408s][info][gc,task        ] GC(1) Using 2 workers of 9 for full compaction
[2026-07-19T20:12:33.941+0000][1.408s][info][gc,phases,start] GC(1) Phase 1: Mark live objects
[2026-07-19T20:12:33.942+0000][1.409s][info][gc,phases      ] GC(1) Phase 1: Mark live objects 0.795ms
[2026-07-19T20:12:33.942+0000][1.409s][info][gc,phases,start] GC(1) Phase 2: Prepare compaction
[2026-07-19T20:12:33.942+0000][1.409s][info][gc,phases      ] GC(1) Phase 2: Prepare compaction 0.124ms
[2026-07-19T20:12:33.942+0000][1.409s][info][gc,phases,start] GC(1) Phase 3: Adjust pointers
[2026-07-19T20:12:33.943+0000][1.409s][info][gc,phases      ] GC(1) Phase 3: Adjust pointers 0.363ms
[2026-07-19T20:12:33.943+0000][1.409s][info][gc,phases,start] GC(1) Phase 4: Compact heap
[2026-07-19T20:12:33.943+0000][1.410s][info][gc,phases      ] GC(1) Phase 4: Compact heap 0.217ms
[2026-07-19T20:12:33.943+0000][1.410s][info][gc,phases,start] GC(1) Phase 5: Reset Metadata
[2026-07-19T20:12:33.943+0000][1.410s][info][gc,phases      ] GC(1) Phase 5: Reset Metadata 0.183ms
[2026-07-19T20:12:33.943+0000][1.410s][info][gc,heap        ] GC(1) Eden regions: 10->0(12)
[2026-07-19T20:12:33.943+0000][1.410s][info][gc,heap        ] GC(1) Survivor regions: 0->0(0)
[2026-07-19T20:12:33.943+0000][1.410s][info][gc,heap        ] GC(1) Old regions: 5->13
[2026-07-19T20:12:33.943+0000][1.410s][info][gc,heap        ] GC(1) Humongous regions: 9->9
[2026-07-19T20:12:33.943+0000][1.410s][info][gc,metaspace   ] GC(1) Metaspace: 903K(1088K)->903K(1088K) NonClass: 817K(896K)->817K(896K) Class: 86K(192K)->86K(192K)
[2026-07-19T20:12:33.943+0000][1.410s][info][gc             ] GC(1) Pause Full (Heap Inspection Initiated GC) 21M->21M(47M) 3.223ms
[2026-07-19T20:12:33.943+0000][1.410s][info][gc,cpu         ] GC(1) User=0.00s Sys=0.00s Real=0.00s
[2026-07-19T20:12:35.099+0000][2.565s][info][gc,start       ] GC(2) Pause Full (Heap Inspection Initiated GC)
[2026-07-19T20:12:35.099+0000][2.565s][info][gc,task        ] GC(2) Using 2 workers of 9 for full compaction
[2026-07-19T20:12:35.099+0000][2.565s][info][gc,phases,start] GC(2) Phase 1: Mark live objects
[2026-07-19T20:12:35.100+0000][2.566s][info][gc,phases      ] GC(2) Phase 1: Mark live objects 0.832ms
[2026-07-19T20:12:35.100+0000][2.566s][info][gc,phases,start] GC(2) Phase 2: Prepare compaction
[2026-07-19T20:12:35.100+0000][2.566s][info][gc,phases      ] GC(2) Phase 2: Prepare compaction 0.105ms
[2026-07-19T20:12:35.100+0000][2.566s][info][gc,phases,start] GC(2) Phase 3: Adjust pointers
[2026-07-19T20:12:35.100+0000][2.567s][info][gc,phases      ] GC(2) Phase 3: Adjust pointers 0.311ms
[2026-07-19T20:12:35.100+0000][2.567s][info][gc,phases,start] GC(2) Phase 4: Compact heap
[2026-07-19T20:12:35.100+0000][2.567s][info][gc,phases      ] GC(2) Phase 4: Compact heap 0.133ms
[2026-07-19T20:12:35.100+0000][2.567s][info][gc,phases,start] GC(2) Phase 5: Reset Metadata
[2026-07-19T20:12:35.100+0000][2.567s][info][gc,phases      ] GC(2) Phase 5: Reset Metadata 0.193ms
[2026-07-19T20:12:35.101+0000][2.567s][info][gc,heap        ] GC(2) Eden regions: 9->0(10)
[2026-07-19T20:12:35.101+0000][2.567s][info][gc,heap        ] GC(2) Survivor regions: 0->0(0)
[2026-07-19T20:12:35.101+0000][2.567s][info][gc,heap        ] GC(2) Old regions: 13->21
[2026-07-19T20:12:35.101+0000][2.567s][info][gc,heap        ] GC(2) Humongous regions: 9->9
[2026-07-19T20:12:35.101+0000][2.567s][info][gc,metaspace   ] GC(2) Metaspace: 904K(1088K)->904K(1088K) NonClass: 817K(896K)->817K(896K) Class: 86K(192K)->86K(192K)
[2026-07-19T20:12:35.101+0000][2.568s][info][gc             ] GC(2) Pause Full (Heap Inspection Initiated GC) 29M->29M(50M) 2.254ms
[2026-07-19T20:12:35.101+0000][2.568s][info][gc,cpu         ] GC(2) User=0.00s Sys=0.00s Real=0.00s
[2026-07-19T20:12:36.271+0000][3.738s][info][gc,start       ] GC(3) Pause Full (Heap Inspection Initiated GC)
[2026-07-19T20:12:36.271+0000][3.738s][info][gc,task        ] GC(3) Using 2 workers of 9 for full compaction
[2026-07-19T20:12:36.271+0000][3.738s][info][gc,phases,start] GC(3) Phase 1: Mark live objects
[2026-07-19T20:12:36.272+0000][3.739s][info][gc,phases      ] GC(3) Phase 1: Mark live objects 0.823ms
[2026-07-19T20:12:36.272+0000][3.739s][info][gc,phases,start] GC(3) Phase 2: Prepare compaction
[2026-07-19T20:12:36.273+0000][3.739s][info][gc,phases      ] GC(3) Phase 2: Prepare compaction 0.132ms
[2026-07-19T20:12:36.273+0000][3.739s][info][gc,phases,start] GC(3) Phase 3: Adjust pointers
[2026-07-19T20:12:36.273+0000][3.740s][info][gc,phases      ] GC(3) Phase 3: Adjust pointers 0.374ms
[2026-07-19T20:12:36.273+0000][3.740s][info][gc,phases,start] GC(3) Phase 4: Compact heap
[2026-07-19T20:12:36.273+0000][3.740s][info][gc,phases      ] GC(3) Phase 4: Compact heap 0.082ms
[2026-07-19T20:12:36.273+0000][3.740s][info][gc,phases,start] GC(3) Phase 5: Reset Metadata
[2026-07-19T20:12:36.273+0000][3.740s][info][gc,phases      ] GC(3) Phase 5: Reset Metadata 0.179ms
[2026-07-19T20:12:36.273+0000][3.740s][info][gc,heap        ] GC(3) Eden regions: 9->0(13)
[2026-07-19T20:12:36.273+0000][3.740s][info][gc,heap        ] GC(3) Survivor regions: 0->0(0)
[2026-07-19T20:12:36.273+0000][3.740s][info][gc,heap        ] GC(3) Old regions: 21->30
[2026-07-19T20:12:36.273+0000][3.740s][info][gc,heap        ] GC(3) Humongous regions: 9->9
[2026-07-19T20:12:36.274+0000][3.740s][info][gc,metaspace   ] GC(3) Metaspace: 907K(1088K)->907K(1088K) NonClass: 821K(896K)->821K(896K) Class: 86K(192K)->86K(192K)
[2026-07-19T20:12:36.274+0000][3.740s][info][gc             ] GC(3) Pause Full (Heap Inspection Initiated GC) 38M->38M(65M) 2.362ms
[2026-07-19T20:12:36.274+0000][3.740s][info][gc,cpu         ] GC(3) User=0.00s Sys=0.00s Real=0.00s
[2026-07-19T20:12:37.424+0000][4.891s][info][gc,start       ] GC(4) Pause Full (Heap Inspection Initiated GC)
[2026-07-19T20:12:37.425+0000][4.891s][info][gc,task        ] GC(4) Using 2 workers of 9 for full compaction
[2026-07-19T20:12:37.425+0000][4.892s][info][gc,phases,start] GC(4) Phase 1: Mark live objects
[2026-07-19T20:12:37.426+0000][4.893s][info][gc,phases      ] GC(4) Phase 1: Mark live objects 1.619ms
[2026-07-19T20:12:37.427+0000][4.893s][info][gc,phases,start] GC(4) Phase 2: Prepare compaction
[2026-07-19T20:12:37.427+0000][4.893s][info][gc,phases      ] GC(4) Phase 2: Prepare compaction 0.097ms
[2026-07-19T20:12:37.427+0000][4.893s][info][gc,phases,start] GC(4) Phase 3: Adjust pointers
[2026-07-19T20:12:37.427+0000][4.894s][info][gc,phases      ] GC(4) Phase 3: Adjust pointers 0.423ms
[2026-07-19T20:12:37.427+0000][4.894s][info][gc,phases,start] GC(4) Phase 4: Compact heap
[2026-07-19T20:12:37.427+0000][4.894s][info][gc,phases      ] GC(4) Phase 4: Compact heap 0.126ms
[2026-07-19T20:12:37.427+0000][4.894s][info][gc,phases,start] GC(4) Phase 5: Reset Metadata
[2026-07-19T20:12:37.428+0000][4.894s][info][gc,phases      ] GC(4) Phase 5: Reset Metadata 0.182ms
[2026-07-19T20:12:37.428+0000][4.894s][info][gc,heap        ] GC(4) Eden regions: 9->0(16)
[2026-07-19T20:12:37.428+0000][4.894s][info][gc,heap        ] GC(4) Survivor regions: 0->0(0)
[2026-07-19T20:12:37.428+0000][4.895s][info][gc,heap        ] GC(4) Old regions: 30->39
[2026-07-19T20:12:37.428+0000][4.895s][info][gc,heap        ] GC(4) Humongous regions: 9->9
[2026-07-19T20:12:37.428+0000][4.895s][info][gc,metaspace   ] GC(4) Metaspace: 911K(1088K)->911K(1088K) NonClass: 825K(896K)->825K(896K) Class: 86K(192K)->86K(192K)
[2026-07-19T20:12:37.428+0000][4.895s][info][gc             ] GC(4) Pause Full (Heap Inspection Initiated GC) 46M->46M(80M) 3.586ms
[2026-07-19T20:12:37.428+0000][4.895s][info][gc,cpu         ] GC(4) User=0.00s Sys=0.00s Real=0.01s
[2026-07-19T20:12:38.589+0000][6.056s][info][gc,start       ] GC(5) Pause Full (Heap Inspection Initiated GC)
[2026-07-19T20:12:38.592+0000][6.059s][info][gc,task        ] GC(5) Using 2 workers of 9 for full compaction
[2026-07-19T20:12:38.592+0000][6.059s][info][gc,phases,start] GC(5) Phase 1: Mark live objects
[2026-07-19T20:12:38.593+0000][6.060s][info][gc,phases      ] GC(5) Phase 1: Mark live objects 0.742ms
[2026-07-19T20:12:38.593+0000][6.060s][info][gc,phases,start] GC(5) Phase 2: Prepare compaction
[2026-07-19T20:12:38.595+0000][6.061s][info][gc,phases      ] GC(5) Phase 2: Prepare compaction 1.252ms
[2026-07-19T20:12:38.596+0000][6.063s][info][gc,phases,start] GC(5) Phase 3: Adjust pointers
[2026-07-19T20:12:38.597+0000][6.064s][info][gc,phases      ] GC(5) Phase 3: Adjust pointers 0.586ms
[2026-07-19T20:12:38.597+0000][6.064s][info][gc,phases,start] GC(5) Phase 4: Compact heap
[2026-07-19T20:12:38.597+0000][6.064s][info][gc,phases      ] GC(5) Phase 4: Compact heap 0.081ms
[2026-07-19T20:12:38.597+0000][6.064s][info][gc,phases,start] GC(5) Phase 5: Reset Metadata
[2026-07-19T20:12:38.597+0000][6.064s][info][gc,phases      ] GC(5) Phase 5: Reset Metadata 0.178ms
[2026-07-19T20:12:38.597+0000][6.064s][info][gc,heap        ] GC(5) Eden regions: 9->0(19)
[2026-07-19T20:12:38.597+0000][6.064s][info][gc,heap        ] GC(5) Survivor regions: 0->0(0)
[2026-07-19T20:12:38.597+0000][6.064s][info][gc,heap        ] GC(5) Old regions: 39->48
[2026-07-19T20:12:38.597+0000][6.064s][info][gc,heap        ] GC(5) Humongous regions: 9->9
[2026-07-19T20:12:38.597+0000][6.064s][info][gc,metaspace   ] GC(5) Metaspace: 912K(1088K)->912K(1088K) NonClass: 826K(896K)->826K(896K) Class: 86K(192K)->86K(192K)
[2026-07-19T20:12:38.598+0000][6.064s][info][gc             ] GC(5) Pause Full (Heap Inspection Initiated GC) 55M->55M(95M) 8.706ms
[2026-07-19T20:12:38.598+0000][6.064s][info][gc,cpu         ] GC(5) User=0.00s Sys=0.00s Real=0.01s
[2026-07-19T20:12:39.781+0000][7.248s][info][gc,start       ] GC(6) Pause Full (Heap Inspection Initiated GC)
[2026-07-19T20:12:39.781+0000][7.248s][info][gc,task        ] GC(6) Using 2 workers of 9 for full compaction
[2026-07-19T20:12:39.781+0000][7.248s][info][gc,phases,start] GC(6) Phase 1: Mark live objects
[2026-07-19T20:12:39.782+0000][7.249s][info][gc,phases      ] GC(6) Phase 1: Mark live objects 0.824ms
[2026-07-19T20:12:39.782+0000][7.249s][info][gc,phases,start] GC(6) Phase 2: Prepare compaction
[2026-07-19T20:12:39.782+0000][7.249s][info][gc,phases      ] GC(6) Phase 2: Prepare compaction 0.083ms
[2026-07-19T20:12:39.782+0000][7.249s][info][gc,phases,start] GC(6) Phase 3: Adjust pointers
[2026-07-19T20:12:39.782+0000][7.249s][info][gc,phases      ] GC(6) Phase 3: Adjust pointers 0.376ms
[2026-07-19T20:12:39.782+0000][7.249s][info][gc,phases,start] GC(6) Phase 4: Compact heap
[2026-07-19T20:12:39.782+0000][7.249s][info][gc,phases      ] GC(6) Phase 4: Compact heap 0.052ms
[2026-07-19T20:12:39.782+0000][7.249s][info][gc,phases,start] GC(6) Phase 5: Reset Metadata
[2026-07-19T20:12:39.783+0000][7.249s][info][gc,phases      ] GC(6) Phase 5: Reset Metadata 0.193ms
[2026-07-19T20:12:39.783+0000][7.250s][info][gc,heap        ] GC(6) Eden regions: 10->0(22)
[2026-07-19T20:12:39.783+0000][7.250s][info][gc,heap        ] GC(6) Survivor regions: 0->0(0)
[2026-07-19T20:12:39.783+0000][7.250s][info][gc,heap        ] GC(6) Old regions: 48->57
[2026-07-19T20:12:39.783+0000][7.250s][info][gc,heap        ] GC(6) Humongous regions: 9->9
[2026-07-19T20:12:39.783+0000][7.250s][info][gc,metaspace   ] GC(6) Metaspace: 914K(1088K)->914K(1088K) NonClass: 828K(896K)->828K(896K) Class: 86K(192K)->86K(192K)
[2026-07-19T20:12:39.783+0000][7.250s][info][gc             ] GC(6) Pause Full (Heap Inspection Initiated GC) 64M->64M(110M) 2.227ms
[2026-07-19T20:12:39.783+0000][7.250s][info][gc,cpu         ] GC(6) User=0.00s Sys=0.00s Real=0.00s
[2026-07-19T20:12:40.960+0000][8.427s][info][gc,start       ] GC(7) Pause Full (Heap Inspection Initiated GC)
[2026-07-19T20:12:40.960+0000][8.427s][info][gc,task        ] GC(7) Using 2 workers of 9 for full compaction
[2026-07-19T20:12:40.961+0000][8.427s][info][gc,phases,start] GC(7) Phase 1: Mark live objects
[2026-07-19T20:12:40.961+0000][8.428s][info][gc,phases      ] GC(7) Phase 1: Mark live objects 0.872ms
[2026-07-19T20:12:40.961+0000][8.428s][info][gc,phases,start] GC(7) Phase 2: Prepare compaction
[2026-07-19T20:12:40.962+0000][8.428s][info][gc,phases      ] GC(7) Phase 2: Prepare compaction 0.068ms
[2026-07-19T20:12:40.962+0000][8.428s][info][gc,phases,start] GC(7) Phase 3: Adjust pointers
[2026-07-19T20:12:40.962+0000][8.429s][info][gc,phases      ] GC(7) Phase 3: Adjust pointers 0.348ms
[2026-07-19T20:12:40.962+0000][8.429s][info][gc,phases,start] GC(7) Phase 4: Compact heap
[2026-07-19T20:12:40.962+0000][8.429s][info][gc,phases      ] GC(7) Phase 4: Compact heap 0.119ms
[2026-07-19T20:12:40.962+0000][8.429s][info][gc,phases,start] GC(7) Phase 5: Reset Metadata
[2026-07-19T20:12:40.962+0000][8.429s][info][gc,phases      ] GC(7) Phase 5: Reset Metadata 0.197ms
[2026-07-19T20:12:40.962+0000][8.429s][info][gc,heap        ] GC(7) Eden regions: 9->0(23)
[2026-07-19T20:12:40.963+0000][8.429s][info][gc,heap        ] GC(7) Survivor regions: 0->0(0)
[2026-07-19T20:12:40.963+0000][8.429s][info][gc,heap        ] GC(7) Old regions: 57->65
[2026-07-19T20:12:40.963+0000][8.429s][info][gc,heap        ] GC(7) Humongous regions: 9->9
[2026-07-19T20:12:40.963+0000][8.429s][info][gc,metaspace   ] GC(7) Metaspace: 914K(1088K)->914K(1088K) NonClass: 828K(896K)->828K(896K) Class: 86K(192K)->86K(192K)
[2026-07-19T20:12:40.963+0000][8.429s][info][gc             ] GC(7) Pause Full (Heap Inspection Initiated GC) 73M->73M(124M) 2.323ms
[2026-07-19T20:12:40.963+0000][8.429s][info][gc,cpu         ] GC(7) User=0.00s Sys=0.00s Real=0.00s
[2026-07-19T20:12:42.140+0000][9.606s][info][gc,start       ] GC(8) Pause Full (Heap Inspection Initiated GC)
[2026-07-19T20:12:42.140+0000][9.606s][info][gc,task        ] GC(8) Using 2 workers of 9 for full compaction
[2026-07-19T20:12:42.140+0000][9.607s][info][gc,phases,start] GC(8) Phase 1: Mark live objects
[2026-07-19T20:12:42.141+0000][9.608s][info][gc,phases      ] GC(8) Phase 1: Mark live objects 1.038ms
[2026-07-19T20:12:42.141+0000][9.608s][info][gc,phases,start] GC(8) Phase 2: Prepare compaction
[2026-07-19T20:12:42.141+0000][9.608s][info][gc,phases      ] GC(8) Phase 2: Prepare compaction 0.077ms
[2026-07-19T20:12:42.141+0000][9.608s][info][gc,phases,start] GC(8) Phase 3: Adjust pointers
[2026-07-19T20:12:42.141+0000][9.608s][info][gc,phases      ] GC(8) Phase 3: Adjust pointers 0.402ms
[2026-07-19T20:12:42.141+0000][9.608s][info][gc,phases,start] GC(8) Phase 4: Compact heap
[2026-07-19T20:12:42.142+0000][9.608s][info][gc,phases      ] GC(8) Phase 4: Compact heap 0.110ms
[2026-07-19T20:12:42.142+0000][9.608s][info][gc,phases,start] GC(8) Phase 5: Reset Metadata
[2026-07-19T20:12:42.142+0000][9.609s][info][gc,phases      ] GC(8) Phase 5: Reset Metadata 0.221ms
[2026-07-19T20:12:42.142+0000][9.609s][info][gc,heap        ] GC(8) Eden regions: 9->0(23)
[2026-07-19T20:12:42.142+0000][9.609s][info][gc,heap        ] GC(8) Survivor regions: 0->0(0)
[2026-07-19T20:12:42.142+0000][9.609s][info][gc,heap        ] GC(8) Old regions: 65->74
[2026-07-19T20:12:42.142+0000][9.609s][info][gc,heap        ] GC(8) Humongous regions: 9->9
[2026-07-19T20:12:42.142+0000][9.609s][info][gc,metaspace   ] GC(8) Metaspace: 914K(1088K)->914K(1088K) NonClass: 828K(896K)->828K(896K) Class: 86K(192K)->86K(192K)
[2026-07-19T20:12:42.142+0000][9.609s][info][gc             ] GC(8) Pause Full (Heap Inspection Initiated GC) 82M->82M(139M) 2.623ms
[2026-07-19T20:12:42.142+0000][9.609s][info][gc,cpu         ] GC(8) User=0.00s Sys=0.00s Real=0.00s
[2026-07-19T20:12:43.306+0000][10.772s][info][gc,start       ] GC(9) Pause Full (Heap Inspection Initiated GC)
[2026-07-19T20:12:43.306+0000][10.773s][info][gc,task        ] GC(9) Using 3 workers of 9 for full compaction
[2026-07-19T20:12:43.311+0000][10.777s][info][gc,phases,start] GC(9) Phase 1: Mark live objects
[2026-07-19T20:12:43.312+0000][10.779s][info][gc,phases      ] GC(9) Phase 1: Mark live objects 1.456ms
[2026-07-19T20:12:43.312+0000][10.779s][info][gc,phases,start] GC(9) Phase 2: Prepare compaction
[2026-07-19T20:12:43.315+0000][10.782s][info][gc,phases      ] GC(9) Phase 2: Prepare compaction 2.872ms
[2026-07-19T20:12:43.315+0000][10.782s][info][gc,phases,start] GC(9) Phase 3: Adjust pointers
[2026-07-19T20:12:43.316+0000][10.782s][info][gc,phases      ] GC(9) Phase 3: Adjust pointers 0.361ms
[2026-07-19T20:12:43.316+0000][10.782s][info][gc,phases,start] GC(9) Phase 4: Compact heap
[2026-07-19T20:12:43.316+0000][10.783s][info][gc,phases      ] GC(9) Phase 4: Compact heap 0.108ms
[2026-07-19T20:12:43.316+0000][10.783s][info][gc,phases,start] GC(9) Phase 5: Reset Metadata
[2026-07-19T20:12:43.316+0000][10.783s][info][gc,phases      ] GC(9) Phase 5: Reset Metadata 0.246ms
[2026-07-19T20:12:43.316+0000][10.783s][info][gc,heap        ] GC(9) Eden regions: 9->0(23)
[2026-07-19T20:12:43.316+0000][10.783s][info][gc,heap        ] GC(9) Survivor regions: 0->0(0)
[2026-07-19T20:12:43.316+0000][10.783s][info][gc,heap        ] GC(9) Old regions: 74->83
[2026-07-19T20:12:43.316+0000][10.783s][info][gc,heap        ] GC(9) Humongous regions: 9->9
[2026-07-19T20:12:43.316+0000][10.783s][info][gc,metaspace   ] GC(9) Metaspace: 914K(1088K)->914K(1088K) NonClass: 828K(896K)->828K(896K) Class: 86K(192K)->86K(192K)
[2026-07-19T20:12:43.316+0000][10.783s][info][gc             ] GC(9) Pause Full (Heap Inspection Initiated GC) 90M->90M(154M) 10.745ms
[2026-07-19T20:12:43.317+0000][10.783s][info][gc,cpu         ] GC(9) User=0.00s Sys=0.00s Real=0.02s
[2026-07-19T20:12:44.487+0000][11.954s][info][gc,start       ] GC(10) Pause Full (Heap Inspection Initiated GC)
[2026-07-19T20:12:44.487+0000][11.954s][info][gc,task        ] GC(10) Using 3 workers of 9 for full compaction
[2026-07-19T20:12:44.487+0000][11.954s][info][gc,phases,start] GC(10) Phase 1: Mark live objects
[2026-07-19T20:12:44.488+0000][11.955s][info][gc,phases      ] GC(10) Phase 1: Mark live objects 0.973ms
[2026-07-19T20:12:44.488+0000][11.955s][info][gc,phases,start] GC(10) Phase 2: Prepare compaction
[2026-07-19T20:12:44.488+0000][11.955s][info][gc,phases      ] GC(10) Phase 2: Prepare compaction 0.076ms
[2026-07-19T20:12:44.488+0000][11.955s][info][gc,phases,start] GC(10) Phase 3: Adjust pointers
[2026-07-19T20:12:44.489+0000][11.956s][info][gc,phases      ] GC(10) Phase 3: Adjust pointers 0.303ms
[2026-07-19T20:12:44.489+0000][11.956s][info][gc,phases,start] GC(10) Phase 4: Compact heap
[2026-07-19T20:12:44.489+0000][11.956s][info][gc,phases      ] GC(10) Phase 4: Compact heap 0.115ms
[2026-07-19T20:12:44.489+0000][11.956s][info][gc,phases,start] GC(10) Phase 5: Reset Metadata
[2026-07-19T20:12:44.489+0000][11.956s][info][gc,phases      ] GC(10) Phase 5: Reset Metadata 0.196ms
[2026-07-19T20:12:44.489+0000][11.956s][info][gc,heap        ] GC(10) Eden regions: 9->0(23)
[2026-07-19T20:12:44.489+0000][11.956s][info][gc,heap        ] GC(10) Survivor regions: 0->0(0)
[2026-07-19T20:12:44.489+0000][11.956s][info][gc,heap        ] GC(10) Old regions: 83->92
[2026-07-19T20:12:44.489+0000][11.956s][info][gc,heap        ] GC(10) Humongous regions: 9->9
[2026-07-19T20:12:44.490+0000][11.956s][info][gc,metaspace   ] GC(10) Metaspace: 915K(1088K)->915K(1088K) NonClass: 829K(896K)->829K(896K) Class: 86K(192K)->86K(192K)
[2026-07-19T20:12:44.490+0000][11.956s][info][gc             ] GC(10) Pause Full (Heap Inspection Initiated GC) 99M->99M(169M) 2.405ms
[2026-07-19T20:12:44.490+0000][11.956s][info][gc,cpu         ] GC(10) User=0.00s Sys=0.00s Real=0.00s
[2026-07-19T20:12:45.672+0000][13.138s][info][gc,start       ] GC(11) Pause Full (Heap Inspection Initiated GC)
[2026-07-19T20:12:45.672+0000][13.139s][info][gc,task        ] GC(11) Using 4 workers of 9 for full compaction
[2026-07-19T20:12:45.672+0000][13.139s][info][gc,phases,start] GC(11) Phase 1: Mark live objects
[2026-07-19T20:12:45.673+0000][13.140s][info][gc,phases      ] GC(11) Phase 1: Mark live objects 0.855ms
[2026-07-19T20:12:45.673+0000][13.140s][info][gc,phases,start] GC(11) Phase 2: Prepare compaction
[2026-07-19T20:12:45.673+0000][13.140s][info][gc,phases      ] GC(11) Phase 2: Prepare compaction 0.067ms
[2026-07-19T20:12:45.673+0000][13.140s][info][gc,phases,start] GC(11) Phase 3: Adjust pointers
[2026-07-19T20:12:45.673+0000][13.140s][info][gc,phases      ] GC(11) Phase 3: Adjust pointers 0.349ms
[2026-07-19T20:12:45.673+0000][13.140s][info][gc,phases,start] GC(11) Phase 4: Compact heap
[2026-07-19T20:12:45.673+0000][13.140s][info][gc,phases      ] GC(11) Phase 4: Compact heap 0.110ms
[2026-07-19T20:12:45.674+0000][13.140s][info][gc,phases,start] GC(11) Phase 5: Reset Metadata
[2026-07-19T20:12:45.674+0000][13.141s][info][gc,phases      ] GC(11) Phase 5: Reset Metadata 0.226ms
[2026-07-19T20:12:45.674+0000][13.141s][info][gc,heap        ] GC(11) Eden regions: 9->0(23)
[2026-07-19T20:12:45.674+0000][13.141s][info][gc,heap        ] GC(11) Survivor regions: 0->0(0)
[2026-07-19T20:12:45.674+0000][13.141s][info][gc,heap        ] GC(11) Old regions: 92->100
[2026-07-19T20:12:45.674+0000][13.141s][info][gc,heap        ] GC(11) Humongous regions: 9->9
[2026-07-19T20:12:45.674+0000][13.141s][info][gc,metaspace   ] GC(11) Metaspace: 915K(1088K)->915K(1088K) NonClass: 829K(896K)->829K(896K) Class: 86K(192K)->86K(192K)
[2026-07-19T20:12:45.674+0000][13.141s][info][gc             ] GC(11) Pause Full (Heap Inspection Initiated GC) 107M->107M(182M) 2.398ms
[2026-07-19T20:12:45.674+0000][13.141s][info][gc,cpu         ] GC(11) User=0.00s Sys=0.00s Real=0.00s
[2026-07-19T20:12:46.838+0000][14.304s][info][gc,start       ] GC(12) Pause Full (Heap Inspection Initiated GC)
[2026-07-19T20:12:46.838+0000][14.304s][info][gc,task        ] GC(12) Using 4 workers of 9 for full compaction
[2026-07-19T20:12:46.838+0000][14.304s][info][gc,phases,start] GC(12) Phase 1: Mark live objects
[2026-07-19T20:12:46.839+0000][14.305s][info][gc,phases      ] GC(12) Phase 1: Mark live objects 0.912ms
[2026-07-19T20:12:46.839+0000][14.305s][info][gc,phases,start] GC(12) Phase 2: Prepare compaction
[2026-07-19T20:12:46.839+0000][14.306s][info][gc,phases      ] GC(12) Phase 2: Prepare compaction 0.094ms
[2026-07-19T20:12:46.839+0000][14.306s][info][gc,phases,start] GC(12) Phase 3: Adjust pointers
[2026-07-19T20:12:46.839+0000][14.306s][info][gc,phases      ] GC(12) Phase 3: Adjust pointers 0.333ms
[2026-07-19T20:12:46.839+0000][14.306s][info][gc,phases,start] GC(12) Phase 4: Compact heap
[2026-07-19T20:12:46.839+0000][14.306s][info][gc,phases      ] GC(12) Phase 4: Compact heap 0.076ms
[2026-07-19T20:12:46.839+0000][14.306s][info][gc,phases,start] GC(12) Phase 5: Reset Metadata
[2026-07-19T20:12:46.839+0000][14.306s][info][gc,phases      ] GC(12) Phase 5: Reset Metadata 0.235ms
[2026-07-19T20:12:46.840+0000][14.306s][info][gc,heap        ] GC(12) Eden regions: 9->0(23)
[2026-07-19T20:12:46.840+0000][14.306s][info][gc,heap        ] GC(12) Survivor regions: 0->0(0)
[2026-07-19T20:12:46.840+0000][14.306s][info][gc,heap        ] GC(12) Old regions: 100->109
[2026-07-19T20:12:46.840+0000][14.307s][info][gc,heap        ] GC(12) Humongous regions: 9->9
[2026-07-19T20:12:46.840+0000][14.307s][info][gc,metaspace   ] GC(12) Metaspace: 918K(1088K)->918K(1088K) NonClass: 832K(896K)->832K(896K) Class: 86K(192K)->86K(192K)
[2026-07-19T20:12:46.840+0000][14.307s][info][gc             ] GC(12) Pause Full (Heap Inspection Initiated GC) 116M->116M(197M) 2.277ms
[2026-07-19T20:12:46.840+0000][14.307s][info][gc,cpu         ] GC(12) User=0.00s Sys=0.00s Real=0.00s
[2026-07-19T20:12:48.015+0000][15.482s][info][gc,start       ] GC(13) Pause Full (Heap Inspection Initiated GC)
[2026-07-19T20:12:48.016+0000][15.482s][info][gc,task        ] GC(13) Using 4 workers of 9 for full compaction
[2026-07-19T20:12:48.016+0000][15.482s][info][gc,phases,start] GC(13) Phase 1: Mark live objects
[2026-07-19T20:12:48.017+0000][15.483s][info][gc,phases      ] GC(13) Phase 1: Mark live objects 0.889ms
[2026-07-19T20:12:48.017+0000][15.483s][info][gc,phases,start] GC(13) Phase 2: Prepare compaction
[2026-07-19T20:12:48.017+0000][15.483s][info][gc,phases      ] GC(13) Phase 2: Prepare compaction 0.070ms
[2026-07-19T20:12:48.017+0000][15.483s][info][gc,phases,start] GC(13) Phase 3: Adjust pointers
[2026-07-19T20:12:48.017+0000][15.484s][info][gc,phases      ] GC(13) Phase 3: Adjust pointers 0.353ms
[2026-07-19T20:12:48.017+0000][15.484s][info][gc,phases,start] GC(13) Phase 4: Compact heap
[2026-07-19T20:12:48.017+0000][15.484s][info][gc,phases      ] GC(13) Phase 4: Compact heap 0.097ms
[2026-07-19T20:12:48.017+0000][15.484s][info][gc,phases,start] GC(13) Phase 5: Reset Metadata
[2026-07-19T20:12:48.017+0000][15.484s][info][gc,phases      ] GC(13) Phase 5: Reset Metadata 0.250ms
[2026-07-19T20:12:48.018+0000][15.484s][info][gc,heap        ] GC(13) Eden regions: 9->0(23)
[2026-07-19T20:12:48.018+0000][15.484s][info][gc,heap        ] GC(13) Survivor regions: 0->0(0)
[2026-07-19T20:12:48.018+0000][15.485s][info][gc,heap        ] GC(13) Old regions: 109->118
[2026-07-19T20:12:48.018+0000][15.485s][info][gc,heap        ] GC(13) Humongous regions: 9->9
[2026-07-19T20:12:48.018+0000][15.485s][info][gc,metaspace   ] GC(13) Metaspace: 918K(1088K)->918K(1088K) NonClass: 832K(896K)->832K(896K) Class: 86K(192K)->86K(192K)
[2026-07-19T20:12:48.018+0000][15.485s][info][gc             ] GC(13) Pause Full (Heap Inspection Initiated GC) 124M->124M(212M) 2.375ms
[2026-07-19T20:12:48.018+0000][15.485s][info][gc,cpu         ] GC(13) User=0.01s Sys=0.00s Real=0.01s
[2026-07-19T20:12:49.178+0000][16.645s][info][gc,start       ] GC(14) Pause Full (Heap Inspection Initiated GC)
[2026-07-19T20:12:49.178+0000][16.645s][info][gc,task        ] GC(14) Using 5 workers of 9 for full compaction
[2026-07-19T20:12:49.179+0000][16.646s][info][gc,phases,start] GC(14) Phase 1: Mark live objects
[2026-07-19T20:12:49.181+0000][16.647s][info][gc,phases      ] GC(14) Phase 1: Mark live objects 1.246ms
[2026-07-19T20:12:49.181+0000][16.648s][info][gc,phases,start] GC(14) Phase 2: Prepare compaction
[2026-07-19T20:12:49.182+0000][16.648s][info][gc,phases      ] GC(14) Phase 2: Prepare compaction 0.186ms
[2026-07-19T20:12:49.183+0000][16.650s][info][gc,phases,start] GC(14) Phase 3: Adjust pointers
[2026-07-19T20:12:49.184+0000][16.650s][info][gc,phases      ] GC(14) Phase 3: Adjust pointers 0.394ms
[2026-07-19T20:12:49.184+0000][16.651s][info][gc,phases,start] GC(14) Phase 4: Compact heap
[2026-07-19T20:12:49.185+0000][16.652s][info][gc,phases      ] GC(14) Phase 4: Compact heap 1.029ms
[2026-07-19T20:12:49.185+0000][16.652s][info][gc,phases,start] GC(14) Phase 5: Reset Metadata
[2026-07-19T20:12:49.186+0000][16.652s][info][gc,phases      ] GC(14) Phase 5: Reset Metadata 0.251ms
[2026-07-19T20:12:49.186+0000][16.653s][info][gc,heap        ] GC(14) Eden regions: 9->0(23)
[2026-07-19T20:12:49.186+0000][16.653s][info][gc,heap        ] GC(14) Survivor regions: 0->0(0)
[2026-07-19T20:12:49.186+0000][16.653s][info][gc,heap        ] GC(14) Old regions: 118->126
[2026-07-19T20:12:49.186+0000][16.653s][info][gc,heap        ] GC(14) Humongous regions: 9->9
[2026-07-19T20:12:49.186+0000][16.653s][info][gc,metaspace   ] GC(14) Metaspace: 919K(1088K)->919K(1088K) NonClass: 833K(896K)->833K(896K) Class: 86K(192K)->86K(192K)
[2026-07-19T20:12:49.186+0000][16.653s][info][gc             ] GC(14) Pause Full (Heap Inspection Initiated GC) 133M->133M(225M) 7.823ms
[2026-07-19T20:12:49.186+0000][16.653s][info][gc,cpu         ] GC(14) User=0.01s Sys=0.00s Real=0.00s
[2026-07-19T20:12:50.381+0000][17.846s][info][gc,start       ] GC(15) Pause Full (Heap Inspection Initiated GC)
[2026-07-19T20:12:50.381+0000][17.847s][info][gc,task        ] GC(15) Using 5 workers of 9 for full compaction
[2026-07-19T20:12:50.381+0000][17.847s][info][gc,phases,start] GC(15) Phase 1: Mark live objects
[2026-07-19T20:12:50.382+0000][17.848s][info][gc,phases      ] GC(15) Phase 1: Mark live objects 0.901ms
[2026-07-19T20:12:50.382+0000][17.848s][info][gc,phases,start] GC(15) Phase 2: Prepare compaction
[2026-07-19T20:12:50.382+0000][17.848s][info][gc,phases      ] GC(15) Phase 2: Prepare compaction 0.091ms
[2026-07-19T20:12:50.382+0000][17.848s][info][gc,phases,start] GC(15) Phase 3: Adjust pointers
[2026-07-19T20:12:50.382+0000][17.848s][info][gc,phases      ] GC(15) Phase 3: Adjust pointers 0.368ms
[2026-07-19T20:12:50.382+0000][17.848s][info][gc,phases,start] GC(15) Phase 4: Compact heap
[2026-07-19T20:12:50.382+0000][17.848s][info][gc,phases      ] GC(15) Phase 4: Compact heap 0.123ms
[2026-07-19T20:12:50.382+0000][17.848s][info][gc,phases,start] GC(15) Phase 5: Reset Metadata
[2026-07-19T20:12:50.383+0000][17.849s][info][gc,phases      ] GC(15) Phase 5: Reset Metadata 0.269ms
[2026-07-19T20:12:50.383+0000][17.849s][info][gc,heap        ] GC(15) Eden regions: 9->0(23)
[2026-07-19T20:12:50.383+0000][17.849s][info][gc,heap        ] GC(15) Survivor regions: 0->0(0)
[2026-07-19T20:12:50.383+0000][17.849s][info][gc,heap        ] GC(15) Old regions: 126->135
[2026-07-19T20:12:50.383+0000][17.849s][info][gc,heap        ] GC(15) Humongous regions: 9->9
[2026-07-19T20:12:50.383+0000][17.849s][info][gc,metaspace   ] GC(15) Metaspace: 921K(1088K)->921K(1088K) NonClass: 835K(896K)->835K(896K) Class: 86K(192K)->86K(192K)
[2026-07-19T20:12:50.383+0000][17.849s][info][gc             ] GC(15) Pause Full (Heap Inspection Initiated GC) 142M->142M(240M) 2.493ms
[2026-07-19T20:12:50.383+0000][17.849s][info][gc,cpu         ] GC(15) User=0.00s Sys=0.00s Real=0.00s
[2026-07-19T20:12:51.553+0000][19.018s][info][gc,start       ] GC(16) Pause Full (Heap Inspection Initiated GC)
[2026-07-19T20:12:51.553+0000][19.018s][info][gc,task        ] GC(16) Using 5 workers of 9 for full compaction
[2026-07-19T20:12:51.553+0000][19.019s][info][gc,phases,start] GC(16) Phase 1: Mark live objects
[2026-07-19T20:12:51.554+0000][19.019s][info][gc,phases      ] GC(16) Phase 1: Mark live objects 0.915ms
[2026-07-19T20:12:51.554+0000][19.020s][info][gc,phases,start] GC(16) Phase 2: Prepare compaction
[2026-07-19T20:12:51.554+0000][19.020s][info][gc,phases      ] GC(16) Phase 2: Prepare compaction 0.072ms
[2026-07-19T20:12:51.554+0000][19.020s][info][gc,phases,start] GC(16) Phase 3: Adjust pointers
[2026-07-19T20:12:51.554+0000][19.020s][info][gc,phases      ] GC(16) Phase 3: Adjust pointers 0.341ms
[2026-07-19T20:12:51.554+0000][19.020s][info][gc,phases,start] GC(16) Phase 4: Compact heap
[2026-07-19T20:12:51.554+0000][19.020s][info][gc,phases      ] GC(16) Phase 4: Compact heap 0.158ms
[2026-07-19T20:12:51.554+0000][19.020s][info][gc,phases,start] GC(16) Phase 5: Reset Metadata
[2026-07-19T20:12:51.555+0000][19.020s][info][gc,phases      ] GC(16) Phase 5: Reset Metadata 0.284ms
[2026-07-19T20:12:51.555+0000][19.021s][info][gc,heap        ] GC(16) Eden regions: 9->0(23)
[2026-07-19T20:12:51.555+0000][19.021s][info][gc,heap        ] GC(16) Survivor regions: 0->0(0)
[2026-07-19T20:12:51.555+0000][19.021s][info][gc,heap        ] GC(16) Old regions: 135->144
[2026-07-19T20:12:51.555+0000][19.021s][info][gc,heap        ] GC(16) Humongous regions: 9->9
[2026-07-19T20:12:51.555+0000][19.021s][info][gc,metaspace   ] GC(16) Metaspace: 923K(1088K)->923K(1088K) NonClass: 836K(896K)->836K(896K) Class: 86K(192K)->86K(192K)
[2026-07-19T20:12:51.555+0000][19.021s][info][gc             ] GC(16) Pause Full (Heap Inspection Initiated GC) 150M->150M(255M) 2.530ms
[2026-07-19T20:12:51.555+0000][19.021s][info][gc,cpu         ] GC(16) User=0.01s Sys=0.00s Real=0.00s
[2026-07-19T20:12:52.732+0000][20.197s][info][gc,start       ] GC(17) Pause Full (Heap Inspection Initiated GC)
[2026-07-19T20:12:52.732+0000][20.198s][info][gc,task        ] GC(17) Using 6 workers of 9 for full compaction
[2026-07-19T20:12:52.732+0000][20.198s][info][gc,phases,start] GC(17) Phase 1: Mark live objects
[2026-07-19T20:12:52.733+0000][20.199s][info][gc,phases      ] GC(17) Phase 1: Mark live objects 0.929ms
[2026-07-19T20:12:52.733+0000][20.199s][info][gc,phases,start] GC(17) Phase 2: Prepare compaction
[2026-07-19T20:12:52.733+0000][20.199s][info][gc,phases      ] GC(17) Phase 2: Prepare compaction 0.051ms
[2026-07-19T20:12:52.733+0000][20.199s][info][gc,phases,start] GC(17) Phase 3: Adjust pointers
[2026-07-19T20:12:52.733+0000][20.199s][info][gc,phases      ] GC(17) Phase 3: Adjust pointers 0.331ms
[2026-07-19T20:12:52.733+0000][20.199s][info][gc,phases,start] GC(17) Phase 4: Compact heap
[2026-07-19T20:12:52.733+0000][20.199s][info][gc,phases      ] GC(17) Phase 4: Compact heap 0.089ms
[2026-07-19T20:12:52.733+0000][20.199s][info][gc,phases,start] GC(17) Phase 5: Reset Metadata
[2026-07-19T20:12:52.734+0000][20.200s][info][gc,phases      ] GC(17) Phase 5: Reset Metadata 0.324ms
[2026-07-19T20:12:52.734+0000][20.200s][info][gc,heap        ] GC(17) Eden regions: 9->0(23)
[2026-07-19T20:12:52.734+0000][20.200s][info][gc,heap        ] GC(17) Survivor regions: 0->0(0)
[2026-07-19T20:12:52.734+0000][20.200s][info][gc,heap        ] GC(17) Old regions: 144->153
[2026-07-19T20:12:52.734+0000][20.200s][info][gc,heap        ] GC(17) Humongous regions: 9->9
[2026-07-19T20:12:52.734+0000][20.200s][info][gc,metaspace   ] GC(17) Metaspace: 926K(1088K)->926K(1088K) NonClass: 840K(896K)->840K(896K) Class: 86K(192K)->86K(192K)
[2026-07-19T20:12:52.734+0000][20.200s][info][gc             ] GC(17) Pause Full (Heap Inspection Initiated GC) 159M->159M(256M) 2.678ms
[2026-07-19T20:12:52.734+0000][20.200s][info][gc,cpu         ] GC(17) User=0.00s Sys=0.00s Real=0.00s
[2026-07-19T20:12:53.903+0000][21.369s][info][gc,start       ] GC(18) Pause Full (Heap Inspection Initiated GC)
[2026-07-19T20:12:53.903+0000][21.369s][info][gc,task        ] GC(18) Using 6 workers of 9 for full compaction
[2026-07-19T20:12:53.903+0000][21.369s][info][gc,phases,start] GC(18) Phase 1: Mark live objects
[2026-07-19T20:12:53.904+0000][21.370s][info][gc,phases      ] GC(18) Phase 1: Mark live objects 0.943ms
[2026-07-19T20:12:53.904+0000][21.370s][info][gc,phases,start] GC(18) Phase 2: Prepare compaction
[2026-07-19T20:12:53.904+0000][21.370s][info][gc,phases      ] GC(18) Phase 2: Prepare compaction 0.065ms
[2026-07-19T20:12:53.904+0000][21.370s][info][gc,phases,start] GC(18) Phase 3: Adjust pointers
[2026-07-19T20:12:53.905+0000][21.371s][info][gc,phases      ] GC(18) Phase 3: Adjust pointers 0.401ms
[2026-07-19T20:12:53.905+0000][21.371s][info][gc,phases,start] GC(18) Phase 4: Compact heap
[2026-07-19T20:12:53.905+0000][21.371s][info][gc,phases      ] GC(18) Phase 4: Compact heap 0.090ms
[2026-07-19T20:12:53.905+0000][21.371s][info][gc,phases,start] GC(18) Phase 5: Reset Metadata
[2026-07-19T20:12:53.905+0000][21.371s][info][gc,phases      ] GC(18) Phase 5: Reset Metadata 0.264ms
[2026-07-19T20:12:53.905+0000][21.371s][info][gc,heap        ] GC(18) Eden regions: 9->0(23)
[2026-07-19T20:12:53.905+0000][21.371s][info][gc,heap        ] GC(18) Survivor regions: 0->0(0)
[2026-07-19T20:12:53.905+0000][21.371s][info][gc,heap        ] GC(18) Old regions: 153->162
[2026-07-19T20:12:53.905+0000][21.371s][info][gc,heap        ] GC(18) Humongous regions: 9->9
[2026-07-19T20:12:53.905+0000][21.371s][info][gc,metaspace   ] GC(18) Metaspace: 930K(1088K)->930K(1088K) NonClass: 844K(896K)->844K(896K) Class: 86K(192K)->86K(192K)
[2026-07-19T20:12:53.906+0000][21.371s][info][gc             ] GC(18) Pause Full (Heap Inspection Initiated GC) 168M->168M(256M) 2.599ms
[2026-07-19T20:12:53.906+0000][21.371s][info][gc,cpu         ] GC(18) User=0.01s Sys=0.01s Real=0.00s
[2026-07-19T20:12:55.084+0000][22.550s][info][gc,start       ] GC(19) Pause Full (Heap Inspection Initiated GC)
[2026-07-19T20:12:55.084+0000][22.550s][info][gc,task        ] GC(19) Using 6 workers of 9 for full compaction
[2026-07-19T20:12:55.084+0000][22.550s][info][gc,phases,start] GC(19) Phase 1: Mark live objects
[2026-07-19T20:12:55.085+0000][22.551s][info][gc,phases      ] GC(19) Phase 1: Mark live objects 1.053ms
[2026-07-19T20:12:55.085+0000][22.551s][info][gc,phases,start] GC(19) Phase 2: Prepare compaction
[2026-07-19T20:12:55.085+0000][22.551s][info][gc,phases      ] GC(19) Phase 2: Prepare compaction 0.070ms
[2026-07-19T20:12:55.085+0000][22.551s][info][gc,phases,start] GC(19) Phase 3: Adjust pointers
[2026-07-19T20:12:55.085+0000][22.551s][info][gc,phases      ] GC(19) Phase 3: Adjust pointers 0.352ms
[2026-07-19T20:12:55.086+0000][22.551s][info][gc,phases,start] GC(19) Phase 4: Compact heap
[2026-07-19T20:12:55.086+0000][22.551s][info][gc,phases      ] GC(19) Phase 4: Compact heap 0.105ms
[2026-07-19T20:12:55.086+0000][22.551s][info][gc,phases,start] GC(19) Phase 5: Reset Metadata
[2026-07-19T20:12:55.086+0000][22.552s][info][gc,phases      ] GC(19) Phase 5: Reset Metadata 0.252ms
[2026-07-19T20:12:55.086+0000][22.552s][info][gc,heap        ] GC(19) Eden regions: 9->0(23)
[2026-07-19T20:12:55.086+0000][22.552s][info][gc,heap        ] GC(19) Survivor regions: 0->0(0)
[2026-07-19T20:12:55.086+0000][22.552s][info][gc,heap        ] GC(19) Old regions: 162->171
[2026-07-19T20:12:55.086+0000][22.552s][info][gc,heap        ] GC(19) Humongous regions: 9->9
[2026-07-19T20:12:55.086+0000][22.552s][info][gc,metaspace   ] GC(19) Metaspace: 931K(1088K)->931K(1088K) NonClass: 845K(896K)->845K(896K) Class: 86K(192K)->86K(192K)
[2026-07-19T20:12:55.086+0000][22.552s][info][gc             ] GC(19) Pause Full (Heap Inspection Initiated GC) 177M->177M(256M) 2.565ms
[2026-07-19T20:12:55.086+0000][22.552s][info][gc,cpu         ] GC(19) User=0.01s Sys=0.00s Real=0.00s
[2026-07-19T20:12:56.249+0000][23.715s][info][gc,start       ] GC(20) Pause Full (Heap Inspection Initiated GC)
[2026-07-19T20:12:56.249+0000][23.715s][info][gc,task        ] GC(20) Using 6 workers of 9 for full compaction
[2026-07-19T20:12:56.249+0000][23.715s][info][gc,phases,start] GC(20) Phase 1: Mark live objects
[2026-07-19T20:12:56.250+0000][23.716s][info][gc,phases      ] GC(20) Phase 1: Mark live objects 0.897ms
[2026-07-19T20:12:56.250+0000][23.716s][info][gc,phases,start] GC(20) Phase 2: Prepare compaction
[2026-07-19T20:12:56.250+0000][23.716s][info][gc,phases      ] GC(20) Phase 2: Prepare compaction 0.074ms
[2026-07-19T20:12:56.250+0000][23.716s][info][gc,phases,start] GC(20) Phase 3: Adjust pointers
[2026-07-19T20:12:56.251+0000][23.717s][info][gc,phases      ] GC(20) Phase 3: Adjust pointers 0.373ms
[2026-07-19T20:12:56.251+0000][23.717s][info][gc,phases,start] GC(20) Phase 4: Compact heap
[2026-07-19T20:12:56.251+0000][23.717s][info][gc,phases      ] GC(20) Phase 4: Compact heap 0.091ms
[2026-07-19T20:12:56.251+0000][23.717s][info][gc,phases,start] GC(20) Phase 5: Reset Metadata
[2026-07-19T20:12:56.251+0000][23.717s][info][gc,phases      ] GC(20) Phase 5: Reset Metadata 0.322ms
[2026-07-19T20:12:56.251+0000][23.717s][info][gc,heap        ] GC(20) Eden regions: 9->0(23)
[2026-07-19T20:12:56.252+0000][23.717s][info][gc,heap        ] GC(20) Survivor regions: 0->0(0)
[2026-07-19T20:12:56.252+0000][23.717s][info][gc,heap        ] GC(20) Old regions: 171->180
[2026-07-19T20:12:56.252+0000][23.717s][info][gc,heap        ] GC(20) Humongous regions: 9->9
[2026-07-19T20:12:56.252+0000][23.717s][info][gc,metaspace   ] GC(20) Metaspace: 934K(1088K)->934K(1088K) NonClass: 848K(896K)->848K(896K) Class: 86K(192K)->86K(192K)
[2026-07-19T20:12:56.252+0000][23.718s][info][gc             ] GC(20) Pause Full (Heap Inspection Initiated GC) 185M->185M(256M) 2.756ms
[2026-07-19T20:12:56.252+0000][23.718s][info][gc,cpu         ] GC(20) User=0.00s Sys=0.01s Real=0.00s
[2026-07-19T20:12:57.428+0000][24.894s][info][gc,start       ] GC(21) Pause Full (Heap Inspection Initiated GC)
[2026-07-19T20:12:57.428+0000][24.894s][info][gc,task        ] GC(21) Using 6 workers of 9 for full compaction
[2026-07-19T20:12:57.428+0000][24.894s][info][gc,phases,start] GC(21) Phase 1: Mark live objects
[2026-07-19T20:12:57.429+0000][24.895s][info][gc,phases      ] GC(21) Phase 1: Mark live objects 0.916ms
[2026-07-19T20:12:57.429+0000][24.895s][info][gc,phases,start] GC(21) Phase 2: Prepare compaction
[2026-07-19T20:12:57.429+0000][24.895s][info][gc,phases      ] GC(21) Phase 2: Prepare compaction 0.070ms
[2026-07-19T20:12:57.430+0000][24.895s][info][gc,phases,start] GC(21) Phase 3: Adjust pointers
[2026-07-19T20:12:57.430+0000][24.896s][info][gc,phases      ] GC(21) Phase 3: Adjust pointers 0.354ms
[2026-07-19T20:12:57.430+0000][24.896s][info][gc,phases,start] GC(21) Phase 4: Compact heap
[2026-07-19T20:12:57.430+0000][24.896s][info][gc,phases      ] GC(21) Phase 4: Compact heap 0.139ms
[2026-07-19T20:12:57.430+0000][24.896s][info][gc,phases,start] GC(21) Phase 5: Reset Metadata
[2026-07-19T20:12:57.430+0000][24.896s][info][gc,phases      ] GC(21) Phase 5: Reset Metadata 0.289ms
[2026-07-19T20:12:57.431+0000][24.896s][info][gc,heap        ] GC(21) Eden regions: 9->0(23)
[2026-07-19T20:12:57.431+0000][24.896s][info][gc,heap        ] GC(21) Survivor regions: 0->0(0)
[2026-07-19T20:12:57.431+0000][24.896s][info][gc,heap        ] GC(21) Old regions: 180->189
[2026-07-19T20:12:57.431+0000][24.896s][info][gc,heap        ] GC(21) Humongous regions: 9->9
[2026-07-19T20:12:57.431+0000][24.896s][info][gc,metaspace   ] GC(21) Metaspace: 934K(1088K)->934K(1088K) NonClass: 848K(896K)->848K(896K) Class: 86K(192K)->86K(192K)
[2026-07-19T20:12:57.431+0000][24.897s][info][gc             ] GC(21) Pause Full (Heap Inspection Initiated GC) 194M->194M(256M) 2.540ms
[2026-07-19T20:12:57.431+0000][24.897s][info][gc,cpu         ] GC(21) User=0.00s Sys=0.00s Real=0.00s
[2026-07-19T20:12:58.617+0000][26.082s][info][gc,start       ] GC(22) Pause Full (Heap Inspection Initiated GC)
[2026-07-19T20:12:58.617+0000][26.082s][info][gc,task        ] GC(22) Using 6 workers of 9 for full compaction
[2026-07-19T20:12:58.617+0000][26.083s][info][gc,phases,start] GC(22) Phase 1: Mark live objects
[2026-07-19T20:12:58.618+0000][26.084s][info][gc,phases      ] GC(22) Phase 1: Mark live objects 0.948ms
[2026-07-19T20:12:58.618+0000][26.084s][info][gc,phases,start] GC(22) Phase 2: Prepare compaction
[2026-07-19T20:12:58.618+0000][26.084s][info][gc,phases      ] GC(22) Phase 2: Prepare compaction 0.062ms
[2026-07-19T20:12:58.618+0000][26.084s][info][gc,phases,start] GC(22) Phase 3: Adjust pointers
[2026-07-19T20:12:58.618+0000][26.084s][info][gc,phases      ] GC(22) Phase 3: Adjust pointers 0.372ms
[2026-07-19T20:12:58.618+0000][26.084s][info][gc,phases,start] GC(22) Phase 4: Compact heap
[2026-07-19T20:12:58.618+0000][26.084s][info][gc,phases      ] GC(22) Phase 4: Compact heap 0.096ms
[2026-07-19T20:12:58.618+0000][26.084s][info][gc,phases,start] GC(22) Phase 5: Reset Metadata
[2026-07-19T20:12:58.619+0000][26.085s][info][gc,phases      ] GC(22) Phase 5: Reset Metadata 0.270ms
[2026-07-19T20:12:58.619+0000][26.085s][info][gc,heap        ] GC(22) Eden regions: 9->0(23)
[2026-07-19T20:12:58.619+0000][26.085s][info][gc,heap        ] GC(22) Survivor regions: 0->0(0)
[2026-07-19T20:12:58.619+0000][26.085s][info][gc,heap        ] GC(22) Old regions: 189->197
[2026-07-19T20:12:58.619+0000][26.085s][info][gc,heap        ] GC(22) Humongous regions: 9->9
[2026-07-19T20:12:58.619+0000][26.085s][info][gc,metaspace   ] GC(22) Metaspace: 934K(1088K)->934K(1088K) NonClass: 848K(896K)->848K(896K) Class: 86K(192K)->86K(192K)
[2026-07-19T20:12:58.619+0000][26.085s][info][gc             ] GC(22) Pause Full (Heap Inspection Initiated GC) 202M->202M(256M) 2.428ms
[2026-07-19T20:12:58.619+0000][26.085s][info][gc,cpu         ] GC(22) User=0.00s Sys=0.00s Real=0.01s
[2026-07-19T20:12:59.804+0000][27.270s][info][gc,start       ] GC(23) Pause Full (Heap Inspection Initiated GC)
[2026-07-19T20:12:59.805+0000][27.270s][info][gc,task        ] GC(23) Using 6 workers of 9 for full compaction
[2026-07-19T20:12:59.805+0000][27.271s][info][gc,phases,start] GC(23) Phase 1: Mark live objects
[2026-07-19T20:12:59.806+0000][27.271s][info][gc,phases      ] GC(23) Phase 1: Mark live objects 0.963ms
[2026-07-19T20:12:59.806+0000][27.272s][info][gc,phases,start] GC(23) Phase 2: Prepare compaction
[2026-07-19T20:12:59.806+0000][27.272s][info][gc,phases      ] GC(23) Phase 2: Prepare compaction 0.063ms
[2026-07-19T20:12:59.806+0000][27.272s][info][gc,phases,start] GC(23) Phase 3: Adjust pointers
[2026-07-19T20:12:59.806+0000][27.272s][info][gc,phases      ] GC(23) Phase 3: Adjust pointers 0.354ms
[2026-07-19T20:12:59.806+0000][27.272s][info][gc,phases,start] GC(23) Phase 4: Compact heap
[2026-07-19T20:12:59.806+0000][27.272s][info][gc,phases      ] GC(23) Phase 4: Compact heap 0.110ms
[2026-07-19T20:12:59.806+0000][27.272s][info][gc,phases,start] GC(23) Phase 5: Reset Metadata
[2026-07-19T20:12:59.807+0000][27.272s][info][gc,phases      ] GC(23) Phase 5: Reset Metadata 0.273ms
[2026-07-19T20:12:59.807+0000][27.273s][info][gc,heap        ] GC(23) Eden regions: 9->0(21)
[2026-07-19T20:12:59.807+0000][27.273s][info][gc,heap        ] GC(23) Survivor regions: 0->0(0)
[2026-07-19T20:12:59.807+0000][27.273s][info][gc,heap        ] GC(23) Old regions: 197->206
[2026-07-19T20:12:59.807+0000][27.273s][info][gc,heap        ] GC(23) Humongous regions: 9->9
[2026-07-19T20:12:59.807+0000][27.273s][info][gc,metaspace   ] GC(23) Metaspace: 935K(1088K)->935K(1088K) NonClass: 849K(896K)->849K(896K) Class: 86K(192K)->86K(192K)
[2026-07-19T20:12:59.807+0000][27.273s][info][gc             ] GC(23) Pause Full (Heap Inspection Initiated GC) 211M->211M(256M) 2.441ms
[2026-07-19T20:12:59.807+0000][27.273s][info][gc,cpu         ] GC(23) User=0.01s Sys=0.00s Real=0.00s
[2026-07-19T20:13:00.967+0000][28.433s][info][gc,start       ] GC(24) Pause Full (Heap Inspection Initiated GC)
[2026-07-19T20:13:00.968+0000][28.433s][info][gc,task        ] GC(24) Using 6 workers of 9 for full compaction
[2026-07-19T20:13:00.968+0000][28.434s][info][gc,phases,start] GC(24) Phase 1: Mark live objects
[2026-07-19T20:13:00.969+0000][28.435s][info][gc,phases      ] GC(24) Phase 1: Mark live objects 0.935ms
[2026-07-19T20:13:00.969+0000][28.435s][info][gc,phases,start] GC(24) Phase 2: Prepare compaction
[2026-07-19T20:13:00.969+0000][28.435s][info][gc,phases      ] GC(24) Phase 2: Prepare compaction 0.067ms
[2026-07-19T20:13:00.969+0000][28.435s][info][gc,phases,start] GC(24) Phase 3: Adjust pointers
[2026-07-19T20:13:00.969+0000][28.435s][info][gc,phases      ] GC(24) Phase 3: Adjust pointers 0.410ms
[2026-07-19T20:13:00.969+0000][28.435s][info][gc,phases,start] GC(24) Phase 4: Compact heap
[2026-07-19T20:13:00.969+0000][28.435s][info][gc,phases      ] GC(24) Phase 4: Compact heap 0.083ms
[2026-07-19T20:13:00.970+0000][28.435s][info][gc,phases,start] GC(24) Phase 5: Reset Metadata
[2026-07-19T20:13:00.970+0000][28.436s][info][gc,phases      ] GC(24) Phase 5: Reset Metadata 0.266ms
[2026-07-19T20:13:00.970+0000][28.436s][info][gc,heap        ] GC(24) Eden regions: 9->0(17)
[2026-07-19T20:13:00.970+0000][28.436s][info][gc,heap        ] GC(24) Survivor regions: 0->0(0)
[2026-07-19T20:13:00.970+0000][28.436s][info][gc,heap        ] GC(24) Old regions: 206->214
[2026-07-19T20:13:00.970+0000][28.436s][info][gc,heap        ] GC(24) Humongous regions: 9->9
[2026-07-19T20:13:00.970+0000][28.436s][info][gc,metaspace   ] GC(24) Metaspace: 935K(1088K)->935K(1088K) NonClass: 849K(896K)->849K(896K) Class: 86K(192K)->86K(192K)
[2026-07-19T20:13:00.970+0000][28.436s][info][gc             ] GC(24) Pause Full (Heap Inspection Initiated GC) 220M->220M(256M) 3.337ms
[2026-07-19T20:13:00.970+0000][28.436s][info][gc,cpu         ] GC(24) User=0.01s Sys=0.00s Real=0.01s
[2026-07-19T20:13:02.151+0000][29.617s][info][gc,start       ] GC(25) Pause Full (Heap Inspection Initiated GC)
[2026-07-19T20:13:02.151+0000][29.617s][info][gc,task        ] GC(25) Using 6 workers of 9 for full compaction
[2026-07-19T20:13:02.151+0000][29.617s][info][gc,phases,start] GC(25) Phase 1: Mark live objects
[2026-07-19T20:13:02.152+0000][29.618s][info][gc,phases      ] GC(25) Phase 1: Mark live objects 1.016ms
[2026-07-19T20:13:02.152+0000][29.618s][info][gc,phases,start] GC(25) Phase 2: Prepare compaction
[2026-07-19T20:13:02.152+0000][29.618s][info][gc,phases      ] GC(25) Phase 2: Prepare compaction 0.081ms
[2026-07-19T20:13:02.152+0000][29.618s][info][gc,phases,start] GC(25) Phase 3: Adjust pointers
[2026-07-19T20:13:02.153+0000][29.619s][info][gc,phases      ] GC(25) Phase 3: Adjust pointers 0.356ms
[2026-07-19T20:13:02.153+0000][29.619s][info][gc,phases,start] GC(25) Phase 4: Compact heap
[2026-07-19T20:13:02.153+0000][29.619s][info][gc,phases      ] GC(25) Phase 4: Compact heap 0.069ms
[2026-07-19T20:13:02.153+0000][29.619s][info][gc,phases,start] GC(25) Phase 5: Reset Metadata
[2026-07-19T20:13:02.153+0000][29.619s][info][gc,phases      ] GC(25) Phase 5: Reset Metadata 0.277ms
[2026-07-19T20:13:02.153+0000][29.619s][info][gc,heap        ] GC(25) Eden regions: 10->0(12)
[2026-07-19T20:13:02.153+0000][29.619s][info][gc,heap        ] GC(25) Survivor regions: 0->0(0)
[2026-07-19T20:13:02.154+0000][29.619s][info][gc,heap        ] GC(25) Old regions: 214->224
[2026-07-19T20:13:02.154+0000][29.619s][info][gc,heap        ] GC(25) Humongous regions: 9->9
[2026-07-19T20:13:02.154+0000][29.619s][info][gc,metaspace   ] GC(25) Metaspace: 936K(1088K)->936K(1088K) NonClass: 850K(896K)->850K(896K) Class: 86K(192K)->86K(192K)
[2026-07-19T20:13:02.154+0000][29.619s][info][gc             ] GC(25) Pause Full (Heap Inspection Initiated GC) 229M->229M(256M) 2.500ms
[2026-07-19T20:13:02.154+0000][29.619s][info][gc,cpu         ] GC(25) User=0.00s Sys=0.00s Real=0.00s
[2026-07-19T20:13:03.325+0000][30.791s][info][gc,start       ] GC(26) Pause Full (Heap Inspection Initiated GC)
[2026-07-19T20:13:03.325+0000][30.791s][info][gc,task        ] GC(26) Using 6 workers of 9 for full compaction
[2026-07-19T20:13:03.325+0000][30.791s][info][gc,phases,start] GC(26) Phase 1: Mark live objects
[2026-07-19T20:13:03.327+0000][30.792s][info][gc,phases      ] GC(26) Phase 1: Mark live objects 1.311ms
[2026-07-19T20:13:03.327+0000][30.793s][info][gc,phases,start] GC(26) Phase 2: Prepare compaction
[2026-07-19T20:13:03.327+0000][30.793s][info][gc,phases      ] GC(26) Phase 2: Prepare compaction 0.122ms
[2026-07-19T20:13:03.327+0000][30.793s][info][gc,phases,start] GC(26) Phase 3: Adjust pointers
[2026-07-19T20:13:03.327+0000][30.793s][info][gc,phases      ] GC(26) Phase 3: Adjust pointers 0.464ms
[2026-07-19T20:13:03.327+0000][30.793s][info][gc,phases,start] GC(26) Phase 4: Compact heap
[2026-07-19T20:13:03.328+0000][30.793s][info][gc,phases      ] GC(26) Phase 4: Compact heap 0.123ms
[2026-07-19T20:13:03.328+0000][30.793s][info][gc,phases,start] GC(26) Phase 5: Reset Metadata
[2026-07-19T20:13:03.328+0000][30.794s][info][gc,phases      ] GC(26) Phase 5: Reset Metadata 0.294ms
[2026-07-19T20:13:03.328+0000][30.794s][info][gc,heap        ] GC(26) Eden regions: 9->0(12)
[2026-07-19T20:13:03.328+0000][30.794s][info][gc,heap        ] GC(26) Survivor regions: 0->0(0)
[2026-07-19T20:13:03.328+0000][30.794s][info][gc,heap        ] GC(26) Old regions: 224->233
[2026-07-19T20:13:03.328+0000][30.794s][info][gc,heap        ] GC(26) Humongous regions: 9->9
[2026-07-19T20:13:03.328+0000][30.794s][info][gc,metaspace   ] GC(26) Metaspace: 936K(1088K)->922K(1088K) NonClass: 850K(896K)->840K(896K) Class: 86K(192K)->82K(192K)
[2026-07-19T20:13:03.328+0000][30.794s][info][gc             ] GC(26) Pause Full (Heap Inspection Initiated GC) 238M->238M(256M) 3.242ms
[2026-07-19T20:13:03.328+0000][30.794s][info][gc,cpu         ] GC(26) User=0.01s Sys=0.00s Real=0.01s
[2026-07-19T20:13:04.456+0000][31.922s][info][gc,start       ] GC(27) Pause Full (Heap Inspection Initiated GC)
[2026-07-19T20:13:04.456+0000][31.922s][info][gc,task        ] GC(27) Using 6 workers of 9 for full compaction
[2026-07-19T20:13:04.456+0000][31.922s][info][gc,phases,start] GC(27) Phase 1: Mark live objects
[2026-07-19T20:13:04.457+0000][31.923s][info][gc,phases      ] GC(27) Phase 1: Mark live objects 0.928ms
[2026-07-19T20:13:04.457+0000][31.923s][info][gc,phases,start] GC(27) Phase 2: Prepare compaction
[2026-07-19T20:13:04.457+0000][31.923s][info][gc,phases      ] GC(27) Phase 2: Prepare compaction 0.119ms
[2026-07-19T20:13:04.457+0000][31.923s][info][gc,phases,start] GC(27) Phase 3: Adjust pointers
[2026-07-19T20:13:04.458+0000][31.923s][info][gc,phases      ] GC(27) Phase 3: Adjust pointers 0.356ms
[2026-07-19T20:13:04.458+0000][31.923s][info][gc,phases,start] GC(27) Phase 4: Compact heap
[2026-07-19T20:13:04.458+0000][31.924s][info][gc,phases      ] GC(27) Phase 4: Compact heap 0.115ms
[2026-07-19T20:13:04.458+0000][31.924s][info][gc,phases,start] GC(27) Phase 5: Reset Metadata
[2026-07-19T20:13:04.458+0000][31.924s][info][gc,phases      ] GC(27) Phase 5: Reset Metadata 0.302ms
[2026-07-19T20:13:04.458+0000][31.924s][info][gc,heap        ] GC(27) Eden regions: 9->0(5)
[2026-07-19T20:13:04.458+0000][31.924s][info][gc,heap        ] GC(27) Survivor regions: 0->0(0)
[2026-07-19T20:13:04.458+0000][31.924s][info][gc,heap        ] GC(27) Old regions: 233->242
[2026-07-19T20:13:04.458+0000][31.924s][info][gc,heap        ] GC(27) Humongous regions: 9->9
[2026-07-19T20:13:04.458+0000][31.924s][info][gc,metaspace   ] GC(27) Metaspace: 922K(1088K)->922K(1088K) NonClass: 840K(896K)->840K(896K) Class: 82K(192K)->82K(192K)
[2026-07-19T20:13:04.458+0000][31.924s][info][gc             ] GC(27) Pause Full (Heap Inspection Initiated GC) 246M->246M(256M) 2.756ms
[2026-07-19T20:13:04.459+0000][31.924s][info][gc,cpu         ] GC(27) User=0.00s Sys=0.00s Real=0.01s
[2026-07-19T20:13:05.133+0000][32.599s][info][gc,start       ] GC(28) Pause Young (Concurrent Start) (G1 Evacuation Pause)
[2026-07-19T20:13:05.134+0000][32.600s][info][gc,task        ] GC(28) Using 6 workers of 9 for evacuation
[2026-07-19T20:13:05.136+0000][32.601s][info][gc,phases      ] GC(28)   Pre Evacuate Collection Set: 0.57ms
[2026-07-19T20:13:05.136+0000][32.602s][info][gc,phases      ] GC(28)   Merge Heap Roots: 0.07ms
[2026-07-19T20:13:05.136+0000][32.602s][info][gc,phases      ] GC(28)   Evacuate Collection Set: 0.56ms
[2026-07-19T20:13:05.136+0000][32.602s][info][gc,phases      ] GC(28)   Post Evacuate Collection Set: 0.36ms
[2026-07-19T20:13:05.136+0000][32.602s][info][gc,phases      ] GC(28)   Other: 0.30ms
[2026-07-19T20:13:05.136+0000][32.602s][info][gc,heap        ] GC(28) Eden regions: 5->0(1)
[2026-07-19T20:13:05.136+0000][32.602s][info][gc,heap        ] GC(28) Survivor regions: 0->0(0)
[2026-07-19T20:13:05.136+0000][32.602s][info][gc,heap        ] GC(28) Old regions: 242->247
[2026-07-19T20:13:05.136+0000][32.602s][info][gc,heap        ] GC(28) Humongous regions: 9->9
[2026-07-19T20:13:05.136+0000][32.602s][info][gc,metaspace   ] GC(28) Metaspace: 923K(1088K)->923K(1088K) NonClass: 841K(896K)->841K(896K) Class: 82K(192K)->82K(192K)
[2026-07-19T20:13:05.136+0000][32.602s][info][gc             ] GC(28) Pause Young (Concurrent Start) (G1 Evacuation Pause) (Evacuation Failure) 251M->251M(256M) 3.280ms
[2026-07-19T20:13:05.137+0000][32.602s][info][gc,cpu         ] GC(28) User=0.00s Sys=0.01s Real=0.00s
[2026-07-19T20:13:05.137+0000][32.602s][info][gc,ergo        ] Attempting full compaction
[2026-07-19T20:13:05.137+0000][32.603s][info][gc,start       ] GC(30) Pause Full (G1 Compaction Pause)
[2026-07-19T20:13:05.137+0000][32.603s][info][gc,task        ] GC(30) Using 6 workers of 9 for full compaction
[2026-07-19T20:13:05.137+0000][32.602s][info][gc             ] GC(29) Concurrent Mark Cycle
[2026-07-19T20:13:05.137+0000][32.603s][info][gc,marking     ] GC(29) Concurrent Scan Root Regions
[2026-07-19T20:13:05.137+0000][32.603s][info][gc,marking     ] GC(29) Concurrent Scan Root Regions 0.155ms
[2026-07-19T20:13:05.137+0000][32.603s][info][gc,phases,start] GC(30) Phase 1: Mark live objects
[2026-07-19T20:13:05.140+0000][32.606s][info][gc,phases      ] GC(30) Phase 1: Mark live objects 2.327ms
[2026-07-19T20:13:05.140+0000][32.606s][info][gc,phases,start] GC(30) Phase 2: Prepare compaction
[2026-07-19T20:13:05.140+0000][32.606s][info][gc,phases      ] GC(30) Phase 2: Prepare compaction 0.196ms
[2026-07-19T20:13:05.140+0000][32.606s][info][gc,phases,start] GC(30) Phase 3: Adjust pointers
[2026-07-19T20:13:05.141+0000][32.607s][info][gc,phases      ] GC(30) Phase 3: Adjust pointers 0.708ms
[2026-07-19T20:13:05.141+0000][32.607s][info][gc,phases,start] GC(30) Phase 4: Compact heap
[2026-07-19T20:13:05.141+0000][32.607s][info][gc,phases      ] GC(30) Phase 4: Compact heap 0.281ms
[2026-07-19T20:13:05.141+0000][32.607s][info][gc,phases,start] GC(30) Phase 5: Reset Metadata
[2026-07-19T20:13:05.142+0000][32.608s][info][gc,phases      ] GC(30) Phase 5: Reset Metadata 0.590ms
[2026-07-19T20:13:05.142+0000][32.608s][info][gc,heap        ] GC(30) Eden regions: 0->0(4)
[2026-07-19T20:13:05.143+0000][32.608s][info][gc,heap        ] GC(30) Survivor regions: 0->0(0)
[2026-07-19T20:13:05.143+0000][32.608s][info][gc,heap        ] GC(30) Old regions: 247->243
[2026-07-19T20:13:05.143+0000][32.609s][info][gc,heap        ] GC(30) Humongous regions: 9->9
[2026-07-19T20:13:05.143+0000][32.609s][info][gc,metaspace   ] GC(30) Metaspace: 923K(1088K)->923K(1088K) NonClass: 841K(896K)->841K(896K) Class: 82K(192K)->82K(192K)
[2026-07-19T20:13:05.143+0000][32.609s][info][gc             ] GC(30) Pause Full (G1 Compaction Pause) 251M->251M(256M) 6.125ms
[2026-07-19T20:13:05.143+0000][32.609s][info][gc,cpu         ] GC(30) User=0.01s Sys=0.00s Real=0.01s
[2026-07-19T20:13:05.143+0000][32.609s][info][gc,marking     ] GC(29) Concurrent Mark Abort
[2026-07-19T20:13:05.143+0000][32.609s][info][gc             ] GC(29) Concurrent Mark Cycle 6.652ms
[2026-07-19T20:13:05.639+0000][33.105s][info][gc,start       ] GC(31) Pause Full (Heap Inspection Initiated GC)
[2026-07-19T20:13:05.640+0000][33.105s][info][gc,task        ] GC(31) Using 6 workers of 9 for full compaction
[2026-07-19T20:13:05.640+0000][33.105s][info][gc,phases,start] GC(31) Phase 1: Mark live objects
[2026-07-19T20:13:05.641+0000][33.106s][info][gc,phases      ] GC(31) Phase 1: Mark live objects 0.958ms
[2026-07-19T20:13:05.641+0000][33.106s][info][gc,phases,start] GC(31) Phase 2: Prepare compaction
[2026-07-19T20:13:05.641+0000][33.107s][info][gc,phases      ] GC(31) Phase 2: Prepare compaction 0.069ms
[2026-07-19T20:13:05.641+0000][33.107s][info][gc,phases,start] GC(31) Phase 3: Adjust pointers
[2026-07-19T20:13:05.641+0000][33.107s][info][gc,phases      ] GC(31) Phase 3: Adjust pointers 0.362ms
[2026-07-19T20:13:05.641+0000][33.107s][info][gc,phases,start] GC(31) Phase 4: Compact heap
[2026-07-19T20:13:05.641+0000][33.107s][info][gc,phases      ] GC(31) Phase 4: Compact heap 0.100ms
[2026-07-19T20:13:05.641+0000][33.107s][info][gc,phases,start] GC(31) Phase 5: Reset Metadata
[2026-07-19T20:13:05.642+0000][33.107s][info][gc,phases      ] GC(31) Phase 5: Reset Metadata 0.279ms
[2026-07-19T20:13:05.642+0000][33.108s][info][gc,heap        ] GC(31) Eden regions: 4->0(1)
[2026-07-19T20:13:05.642+0000][33.108s][info][gc,heap        ] GC(31) Survivor regions: 0->0(0)
[2026-07-19T20:13:05.642+0000][33.108s][info][gc,heap        ] GC(31) Old regions: 243->247
[2026-07-19T20:13:05.642+0000][33.108s][info][gc,heap        ] GC(31) Humongous regions: 9->9
[2026-07-19T20:13:05.642+0000][33.108s][info][gc,metaspace   ] GC(31) Metaspace: 923K(1088K)->923K(1088K) NonClass: 841K(896K)->841K(896K) Class: 82K(192K)->82K(192K)
[2026-07-19T20:13:05.642+0000][33.108s][info][gc             ] GC(31) Pause Full (Heap Inspection Initiated GC) 255M->255M(256M) 2.475ms
[2026-07-19T20:13:05.642+0000][33.108s][info][gc,cpu         ] GC(31) User=0.01s Sys=0.00s Real=0.00s
[2026-07-19T20:13:05.643+0000][33.109s][info][gc,start       ] GC(32) Pause Young (Concurrent Start) (G1 Evacuation Pause)
[2026-07-19T20:13:05.643+0000][33.109s][info][gc,task        ] GC(32) Using 6 workers of 9 for evacuation
[2026-07-19T20:13:05.644+0000][33.110s][info][gc,phases      ] GC(32)   Pre Evacuate Collection Set: 0.08ms
[2026-07-19T20:13:05.644+0000][33.110s][info][gc,phases      ] GC(32)   Merge Heap Roots: 0.07ms
[2026-07-19T20:13:05.644+0000][33.110s][info][gc,phases      ] GC(32)   Evacuate Collection Set: 0.49ms
[2026-07-19T20:13:05.645+0000][33.110s][info][gc,phases      ] GC(32)   Post Evacuate Collection Set: 0.45ms
[2026-07-19T20:13:05.645+0000][33.111s][info][gc,phases      ] GC(32)   Other: 0.11ms
[2026-07-19T20:13:05.645+0000][33.111s][info][gc,heap        ] GC(32) Eden regions: 0->0(1)
[2026-07-19T20:13:05.645+0000][33.111s][info][gc,heap        ] GC(32) Survivor regions: 0->0(0)
[2026-07-19T20:13:05.645+0000][33.111s][info][gc,heap        ] GC(32) Old regions: 247->247
[2026-07-19T20:13:05.645+0000][33.111s][info][gc,heap        ] GC(32) Humongous regions: 9->9
[2026-07-19T20:13:05.645+0000][33.111s][info][gc,metaspace   ] GC(32) Metaspace: 923K(1088K)->923K(1088K) NonClass: 841K(896K)->841K(896K) Class: 82K(192K)->82K(192K)
[2026-07-19T20:13:05.646+0000][33.111s][info][gc             ] GC(32) Pause Young (Concurrent Start) (G1 Evacuation Pause) 255M->255M(256M) 2.782ms
[2026-07-19T20:13:05.646+0000][33.111s][info][gc             ] GC(33) Concurrent Mark Cycle
[2026-07-19T20:13:05.646+0000][33.112s][info][gc,marking     ] GC(33) Concurrent Scan Root Regions
[2026-07-19T20:13:05.646+0000][33.112s][info][gc,marking     ] GC(33) Concurrent Scan Root Regions 0.112ms
[2026-07-19T20:13:05.646+0000][33.112s][info][gc,marking     ] GC(33) Concurrent Mark
[2026-07-19T20:13:05.646+0000][33.112s][info][gc,marking     ] GC(33) Concurrent Mark From Roots
[2026-07-19T20:13:05.646+0000][33.111s][info][gc,cpu         ] GC(32) User=0.00s Sys=0.01s Real=0.00s
[2026-07-19T20:13:05.647+0000][33.112s][info][gc,ergo        ] Attempting full compaction
[2026-07-19T20:13:05.647+0000][33.113s][info][gc,start       ] GC(34) Pause Full (G1 Compaction Pause)
[2026-07-19T20:13:05.647+0000][33.113s][info][gc,task        ] GC(34) Using 6 workers of 9 for full compaction
[2026-07-19T20:13:05.647+0000][33.113s][info][gc,task        ] GC(33) Using 2 workers of 2 for marking
[2026-07-19T20:13:05.647+0000][33.113s][info][gc,phases,start] GC(34) Phase 1: Mark live objects
[2026-07-19T20:13:05.648+0000][33.114s][info][gc,phases      ] GC(34) Phase 1: Mark live objects 0.971ms
[2026-07-19T20:13:05.648+0000][33.114s][info][gc,phases,start] GC(34) Phase 2: Prepare compaction
[2026-07-19T20:13:05.648+0000][33.114s][info][gc,phases      ] GC(34) Phase 2: Prepare compaction 0.091ms
[2026-07-19T20:13:05.648+0000][33.114s][info][gc,phases,start] GC(34) Phase 3: Adjust pointers
[2026-07-19T20:13:05.649+0000][33.115s][info][gc,phases      ] GC(34) Phase 3: Adjust pointers 0.413ms
[2026-07-19T20:13:05.649+0000][33.115s][info][gc,phases,start] GC(34) Phase 4: Compact heap
[2026-07-19T20:13:05.649+0000][33.115s][info][gc,phases      ] GC(34) Phase 4: Compact heap 0.054ms
[2026-07-19T20:13:05.649+0000][33.115s][info][gc,phases,start] GC(34) Phase 5: Reset Metadata
[2026-07-19T20:13:05.649+0000][33.115s][info][gc,phases      ] GC(34) Phase 5: Reset Metadata 0.287ms
[2026-07-19T20:13:05.649+0000][33.115s][info][gc,heap        ] GC(34) Eden regions: 0->0(1)
[2026-07-19T20:13:05.649+0000][33.115s][info][gc,heap        ] GC(34) Survivor regions: 0->0(0)
[2026-07-19T20:13:05.649+0000][33.115s][info][gc,heap        ] GC(34) Old regions: 247->247
[2026-07-19T20:13:05.649+0000][33.115s][info][gc,heap        ] GC(34) Humongous regions: 9->9
[2026-07-19T20:13:05.649+0000][33.115s][info][gc,metaspace   ] GC(34) Metaspace: 923K(1088K)->923K(1088K) NonClass: 841K(896K)->841K(896K) Class: 82K(192K)->82K(192K)
[2026-07-19T20:13:05.650+0000][33.115s][info][gc             ] GC(34) Pause Full (G1 Compaction Pause) 255M->255M(256M) 2.752ms
[2026-07-19T20:13:05.650+0000][33.115s][info][gc,cpu         ] GC(34) User=0.00s Sys=0.00s Real=0.01s
[2026-07-19T20:13:05.650+0000][33.115s][info][gc,ergo        ] Attempting maximal full compaction clearing soft references
[2026-07-19T20:13:05.650+0000][33.115s][info][gc,start       ] GC(35) Pause Full (G1 Compaction Pause)
[2026-07-19T20:13:05.650+0000][33.115s][info][gc,task        ] GC(35) Using 6 workers of 9 for full compaction
[2026-07-19T20:13:05.650+0000][33.116s][info][gc,phases,start] GC(35) Phase 1: Mark live objects
[2026-07-19T20:13:05.651+0000][33.117s][info][gc,phases      ] GC(35) Phase 1: Mark live objects 1.194ms
[2026-07-19T20:13:05.651+0000][33.117s][info][gc,phases,start] GC(35) Phase 2: Prepare compaction
[2026-07-19T20:13:05.652+0000][33.118s][info][gc,phases      ] GC(35) Phase 2: Prepare compaction 0.683ms
[2026-07-19T20:13:05.652+0000][33.118s][info][gc,phases,start] GC(35) Phase 3: Adjust pointers
[2026-07-19T20:13:05.652+0000][33.118s][info][gc,phases      ] GC(35) Phase 3: Adjust pointers 0.382ms
[2026-07-19T20:13:05.652+0000][33.118s][info][gc,phases,start] GC(35) Phase 4: Compact heap
[2026-07-19T20:13:05.655+0000][33.120s][info][gc,phases      ] GC(35) Phase 4: Compact heap 2.478ms
[2026-07-19T20:13:05.655+0000][33.121s][info][gc,phases,start] GC(35) Phase 5: Reset Metadata
[2026-07-19T20:13:05.655+0000][33.121s][info][gc,phases      ] GC(35) Phase 5: Reset Metadata 0.111ms
[2026-07-19T20:13:05.655+0000][33.121s][info][gc,heap        ] GC(35) Eden regions: 0->0(1)
[2026-07-19T20:13:05.655+0000][33.121s][info][gc,heap        ] GC(35) Survivor regions: 0->0(0)
[2026-07-19T20:13:05.655+0000][33.121s][info][gc,heap        ] GC(35) Old regions: 247->247
[2026-07-19T20:13:05.655+0000][33.121s][info][gc,heap        ] GC(35) Humongous regions: 9->9
[2026-07-19T20:13:05.655+0000][33.121s][info][gc,metaspace   ] GC(35) Metaspace: 923K(1088K)->923K(1088K) NonClass: 841K(896K)->841K(896K) Class: 82K(192K)->82K(192K)
[2026-07-19T20:13:05.655+0000][33.121s][info][gc             ] GC(35) Pause Full (G1 Compaction Pause) 255M->248M(256M) 5.640ms
[2026-07-19T20:13:05.655+0000][33.121s][info][gc,cpu         ] GC(35) User=0.02s Sys=0.00s Real=0.00s
[2026-07-19T20:13:05.655+0000][33.121s][info][gc,marking     ] GC(33) Concurrent Mark From Roots 9.112ms
[2026-07-19T20:13:05.655+0000][33.121s][info][gc,start       ] GC(36) Pause Young (Normal) (G1 Evacuation Pause)
[2026-07-19T20:13:05.655+0000][33.121s][info][gc,task        ] GC(36) Using 6 workers of 9 for evacuation
[2026-07-19T20:13:05.656+0000][33.122s][info][gc,phases      ] GC(36)   Pre Evacuate Collection Set: 0.08ms
[2026-07-19T20:13:05.656+0000][33.122s][info][gc,phases      ] GC(36)   Merge Heap Roots: 0.04ms
[2026-07-19T20:13:05.656+0000][33.122s][info][gc,phases      ] GC(36)   Evacuate Collection Set: 0.11ms
[2026-07-19T20:13:05.656+0000][33.122s][info][gc,phases      ] GC(36)   Post Evacuate Collection Set: 0.14ms
[2026-07-19T20:13:05.656+0000][33.122s][info][gc,phases      ] GC(36)   Other: 0.04ms
[2026-07-19T20:13:05.656+0000][33.122s][info][gc,heap        ] GC(36) Eden regions: 0->0(1)
[2026-07-19T20:13:05.656+0000][33.122s][info][gc,heap        ] GC(36) Survivor regions: 0->0(0)
[2026-07-19T20:13:05.656+0000][33.122s][info][gc,heap        ] GC(36) Old regions: 247->247
[2026-07-19T20:13:05.656+0000][33.122s][info][gc,heap        ] GC(36) Humongous regions: 9->9
[2026-07-19T20:13:05.656+0000][33.122s][info][gc,metaspace   ] GC(36) Metaspace: 923K(1088K)->923K(1088K) NonClass: 841K(896K)->841K(896K) Class: 82K(192K)->82K(192K)
[2026-07-19T20:13:05.656+0000][33.122s][info][gc             ] GC(36) Pause Young (Normal) (G1 Evacuation Pause) 248M->248M(256M) 0.740ms
[2026-07-19T20:13:05.656+0000][33.122s][info][gc,cpu         ] GC(36) User=0.00s Sys=0.00s Real=0.00s
[2026-07-19T20:13:05.656+0000][33.122s][info][gc,ergo        ] Attempting full compaction
[2026-07-19T20:13:05.656+0000][33.122s][info][gc,start       ] GC(37) Pause Full (G1 Compaction Pause)
[2026-07-19T20:13:05.656+0000][33.122s][info][gc,task        ] GC(37) Using 6 workers of 9 for full compaction
[2026-07-19T20:13:05.656+0000][33.122s][info][gc,phases,start] GC(37) Phase 1: Mark live objects
[2026-07-19T20:13:05.657+0000][33.123s][info][gc,phases      ] GC(37) Phase 1: Mark live objects 0.786ms
[2026-07-19T20:13:05.657+0000][33.123s][info][gc,phases,start] GC(37) Phase 2: Prepare compaction
[2026-07-19T20:13:05.657+0000][33.123s][info][gc,phases      ] GC(37) Phase 2: Prepare compaction 0.053ms
[2026-07-19T20:13:05.657+0000][33.123s][info][gc,phases,start] GC(37) Phase 3: Adjust pointers
[2026-07-19T20:13:05.658+0000][33.124s][info][gc,phases      ] GC(37) Phase 3: Adjust pointers 0.373ms
[2026-07-19T20:13:05.658+0000][33.124s][info][gc,phases,start] GC(37) Phase 4: Compact heap
[2026-07-19T20:13:05.658+0000][33.124s][info][gc,phases      ] GC(37) Phase 4: Compact heap 0.073ms
[2026-07-19T20:13:05.658+0000][33.124s][info][gc,phases,start] GC(37) Phase 5: Reset Metadata
[2026-07-19T20:13:05.658+0000][33.124s][info][gc,phases      ] GC(37) Phase 5: Reset Metadata 0.235ms
[2026-07-19T20:13:05.658+0000][33.124s][info][gc,heap        ] GC(37) Eden regions: 0->0(9)
[2026-07-19T20:13:05.658+0000][33.124s][info][gc,heap        ] GC(37) Survivor regions: 0->0(0)
[2026-07-19T20:13:05.658+0000][33.124s][info][gc,heap        ] GC(37) Old regions: 247->247
[2026-07-19T20:13:05.658+0000][33.124s][info][gc,heap        ] GC(37) Humongous regions: 9->0
[2026-07-19T20:13:05.658+0000][33.124s][info][gc,metaspace   ] GC(37) Metaspace: 923K(1088K)->923K(1088K) NonClass: 841K(896K)->841K(896K) Class: 82K(192K)->82K(192K)
[2026-07-19T20:13:05.658+0000][33.124s][info][gc             ] GC(37) Pause Full (G1 Compaction Pause) 248M->239M(256M) 2.145ms
[2026-07-19T20:13:05.658+0000][33.124s][info][gc,cpu         ] GC(37) User=0.00s Sys=0.00s Real=0.01s
[2026-07-19T20:13:05.658+0000][33.124s][info][gc,marking     ] GC(33) Concurrent Mark Abort
[2026-07-19T20:13:05.659+0000][33.125s][info][gc             ] GC(33) Concurrent Mark Cycle 13.860ms
[2026-07-19T20:13:05.661+0000][33.127s][info][gc,heap,exit   ] Heap
[2026-07-19T20:13:05.661+0000][33.127s][info][gc,heap,exit   ]  garbage-first heap   total 262144K, used 245050K [0x00000000f0000000, 0x0000000100000000)
[2026-07-19T20:13:05.661+0000][33.127s][info][gc,heap,exit   ]   region size 1024K, 1 young (1024K), 0 survivors (0K)
[2026-07-19T20:13:05.661+0000][33.127s][info][gc,heap,exit   ]  Metaspace       used 1042K, committed 1216K, reserved 1114112K
[2026-07-19T20:13:05.661+0000][33.127s][info][gc,heap,exit   ]   class space    used 96K, committed 192K, reserved 1048576K
